[INFO] Scanning for projects...
[INFO] 
[INFO] ------------------------< com.mangala:showroom >------------------------
[INFO] Building showroom 0.0.1-SNAPSHOT
[INFO]   from pom.xml
[INFO] --------------------------------[ jar ]---------------------------------
[INFO] 
[INFO] --- resources:3.3.1:resources (default-resources) @ showroom ---
[INFO] Copying 1 resource from src\main\resources to target\classes
[INFO] Copying 1 resource from src\main\resources to target\classes
[INFO] 
[INFO] --- compiler:3.13.0:compile (default-compile) @ showroom ---
[INFO] Nothing to compile - all classes are up to date.
[INFO] 
[INFO] --- resources:3.3.1:testResources (default-testResources) @ showroom ---
[INFO] skip non existing resourceDirectory C:\Users\asus\Desktop\stitch\backend\src\test\resources
[INFO] 
[INFO] --- compiler:3.13.0:testCompile (default-testCompile) @ showroom ---
[INFO] Nothing to compile - all classes are up to date.
[INFO] 
[INFO] --- surefire:3.2.5:test (default-test) @ showroom ---
[INFO] Using auto detected provider org.apache.maven.surefire.junitplatform.JUnitPlatformProvider
Downloading from central: https://repo.maven.apache.org/maven2/org/apache/maven/surefire/surefire-junit-platform/3.2.5/surefire-junit-platform-3.2.5.pom
Progress (1): 846 B
Progress (1): 2.6 kB
Progress (1): 4.7 kB
                    
Downloaded from central: https://repo.maven.apache.org/maven2/org/apache/maven/surefire/surefire-junit-platform/3.2.5/surefire-junit-platform-3.2.5.pom (4.7 kB at 4.4 kB/s)
Downloading from central: https://repo.maven.apache.org/maven2/org/apache/maven/surefire/surefire-providers/3.2.5/surefire-providers-3.2.5.pom
Progress (1): 849 B
Progress (1): 2.2 kB
Progress (1): 2.6 kB
                    
Downloaded from central: https://repo.maven.apache.org/maven2/org/apache/maven/surefire/surefire-providers/3.2.5/surefire-providers-3.2.5.pom (2.6 kB at 24 kB/s)
Downloading from central: https://repo.maven.apache.org/maven2/org/apache/maven/surefire/common-java5/3.2.5/common-java5-3.2.5.pom
Progress (1): 849 B
Progress (1): 2.0 kB
Progress (1): 2.8 kB
                    
Downloaded from central: https://repo.maven.apache.org/maven2/org/apache/maven/surefire/common-java5/3.2.5/common-java5-3.2.5.pom (2.8 kB at 23 kB/s)
Downloading from central: https://repo.maven.apache.org/maven2/org/junit/platform/junit-platform-launcher/1.9.3/junit-platform-launcher-1.9.3.pom
Progress (1): 966 B
Progress (1): 2.5 kB
Progress (1): 3.0 kB
                    
Downloaded from central: https://repo.maven.apache.org/maven2/org/junit/platform/junit-platform-launcher/1.9.3/junit-platform-launcher-1.9.3.pom (3.0 kB at 22 kB/s)
Downloading from central: https://repo.maven.apache.org/maven2/org/junit/platform/junit-platform-engine/1.9.3/junit-platform-engine-1.9.3.pom
Progress (1): 957 B
Progress (1): 2.5 kB
Progress (1): 3.2 kB
                    
Downloaded from central: https://repo.maven.apache.org/maven2/org/junit/platform/junit-platform-engine/1.9.3/junit-platform-engine-1.9.3.pom (3.2 kB at 34 kB/s)
Downloading from central: https://repo.maven.apache.org/maven2/org/opentest4j/opentest4j/1.2.0/opentest4j-1.2.0.pom
Progress (1): 1.2 kB
Progress (1): 1.7 kB
                    
Downloaded from central: https://repo.maven.apache.org/maven2/org/opentest4j/opentest4j/1.2.0/opentest4j-1.2.0.pom (1.7 kB at 16 kB/s)
Downloading from central: https://repo.maven.apache.org/maven2/org/junit/platform/junit-platform-commons/1.9.3/junit-platform-commons-1.9.3.pom
Progress (1): 971 B
Progress (1): 2.5 kB
Progress (1): 2.8 kB
                    
Downloaded from central: https://repo.maven.apache.org/maven2/org/junit/platform/junit-platform-commons/1.9.3/junit-platform-commons-1.9.3.pom (2.8 kB at 9.1 kB/s)
Downloading from central: https://repo.maven.apache.org/maven2/org/apache/maven/surefire/surefire-junit-platform/3.2.5/surefire-junit-platform-3.2.5.jar
Progress (1): 0.9/27 kB
Progress (1): 2.3/27 kB
Progress (1): 3.6/27 kB
Progress (1): 5.0/27 kB
Progress (1): 6.4/27 kB
Progress (1): 7.7/27 kB
Progress (1): 8.2/27 kB
Progress (1): 9.6/27 kB
Progress (1): 11/27 kB 
Progress (1): 12/27 kB
Progress (1): 14/27 kB
Progress (1): 15/27 kB
Progress (1): 16/27 kB
Progress (1): 18/27 kB
Progress (1): 19/27 kB
Progress (1): 21/27 kB
Progress (1): 22/27 kB
Progress (1): 23/27 kB
Progress (1): 25/27 kB
Progress (1): 26/27 kB
Progress (1): 27 kB   
                   
Downloaded from central: https://repo.maven.apache.org/maven2/org/apache/maven/surefire/surefire-junit-platform/3.2.5/surefire-junit-platform-3.2.5.jar (27 kB at 42 kB/s)
Downloading from central: https://repo.maven.apache.org/maven2/org/apache/maven/surefire/common-java5/3.2.5/common-java5-3.2.5.jar
Downloading from central: https://repo.maven.apache.org/maven2/org/junit/platform/junit-platform-launcher/1.9.3/junit-platform-launcher-1.9.3.jar
Downloading from central: https://repo.maven.apache.org/maven2/org/opentest4j/opentest4j/1.2.0/opentest4j-1.2.0.jar
Downloading from central: https://repo.maven.apache.org/maven2/org/junit/platform/junit-platform-commons/1.9.3/junit-platform-commons-1.9.3.jar
Downloading from central: https://repo.maven.apache.org/maven2/org/junit/platform/junit-platform-engine/1.9.3/junit-platform-engine-1.9.3.jar
Progress (1): 0.9/169 kB
Progress (1): 5.1/169 kB
Progress (1): 9.3/169 kB
Progress (1): 14/169 kB 
Progress (1): 18/169 kB
Progress (1): 22/169 kB
Progress (1): 26/169 kB
Progress (1): 30/169 kB
Progress (1): 35/169 kB
Progress (1): 39/169 kB
Progress (1): 43/169 kB
Progress (1): 47/169 kB
Progress (1): 52/169 kB
Progress (1): 56/169 kB
Progress (1): 60/169 kB
Progress (1): 64/169 kB
Progress (2): 64/169 kB | 0.9/103 kB
Progress (2): 64/169 kB | 2.3/103 kB
Progress (2): 64/169 kB | 3.6/103 kB
Progress (2): 64/169 kB | 5.0/103 kB
Progress (2): 64/169 kB | 6.4/103 kB
Progress (2): 64/169 kB | 7.7/103 kB
Progress (2): 64/169 kB | 8.2/103 kB
Progress (2): 64/169 kB | 9.6/103 kB
Progress (2): 69/169 kB | 9.6/103 kB
Progress (2): 69/169 kB | 11/103 kB 
Progress (2): 69/169 kB | 12/103 kB
Progress (2): 73/169 kB | 12/103 kB
Progress (2): 77/169 kB | 12/103 kB
Progress (2): 77/169 kB | 14/103 kB
Progress (2): 77/169 kB | 15/103 kB
Progress (2): 77/169 kB | 16/103 kB
Progress (2): 77/169 kB | 18/103 kB
Progress (2): 77/169 kB | 19/103 kB
Progress (2): 77/169 kB | 21/103 kB
Progress (2): 77/169 kB | 22/103 kB
Progress (2): 77/169 kB | 23/103 kB
Progress (2): 77/169 kB | 25/103 kB
Progress (2): 77/169 kB | 26/103 kB
Progress (2): 77/169 kB | 27/103 kB
Progress (2): 77/169 kB | 29/103 kB
Progress (2): 77/169 kB | 30/103 kB
Progress (2): 77/169 kB | 31/103 kB
Progress (2): 77/169 kB | 33/103 kB
Progress (2): 77/169 kB | 34/103 kB
Progress (2): 77/169 kB | 36/103 kB
Progress (2): 77/169 kB | 37/103 kB
Progress (2): 77/169 kB | 38/103 kB
Progress (2): 77/169 kB | 40/103 kB
Progress (2): 77/169 kB | 41/103 kB
Progress (2): 77/169 kB | 42/103 kB
Progress (2): 77/169 kB | 44/103 kB
Progress (2): 77/169 kB | 45/103 kB
Progress (2): 77/169 kB | 46/103 kB
Progress (2): 77/169 kB | 48/103 kB
Progress (2): 77/169 kB | 49/103 kB
Progress (2): 77/169 kB | 51/103 kB
Progress (2): 77/169 kB | 52/103 kB
Progress (2): 77/169 kB | 53/103 kB
Progress (2): 77/169 kB | 55/103 kB
Progress (2): 77/169 kB | 59/103 kB
Progress (2): 81/169 kB | 59/103 kB
Progress (2): 81/169 kB | 63/103 kB
Progress (3): 81/169 kB | 63/103 kB | 0.9/18 kB
Progress (3): 81/169 kB | 63/103 kB | 2.3/18 kB
Progress (3): 81/169 kB | 63/103 kB | 3.6/18 kB
Progress (3): 81/169 kB | 63/103 kB | 5.0/18 kB
Progress (3): 81/169 kB | 63/103 kB | 6.4/18 kB
Progress (3): 81/169 kB | 63/103 kB | 7.7/18 kB
Progress (3): 81/169 kB | 63/103 kB | 9.1/18 kB
Progress (3): 81/169 kB | 63/103 kB | 10/18 kB 
Progress (3): 81/169 kB | 63/103 kB | 12/18 kB
Progress (3): 81/169 kB | 63/103 kB | 13/18 kB
Progress (3): 81/169 kB | 63/103 kB | 15/18 kB
Progress (3): 81/169 kB | 63/103 kB | 16/18 kB
Progress (3): 81/169 kB | 63/103 kB | 17/18 kB
Progress (3): 81/169 kB | 63/103 kB | 18 kB   
Progress (3): 85/169 kB | 63/103 kB | 18 kB
Progress (3): 90/169 kB | 63/103 kB | 18 kB
                                           
Downloaded from central: https://repo.maven.apache.org/maven2/org/apache/maven/surefire/common-java5/3.2.5/common-java5-3.2.5.jar (18 kB at 20 kB/s)
Progress (2): 94/169 kB | 63/103 kB
Progress (2): 98/169 kB | 63/103 kB
Progress (2): 102/169 kB | 63/103 kB
Progress (2): 107/169 kB | 63/103 kB
Progress (2): 111/169 kB | 63/103 kB
Progress (2): 115/169 kB | 63/103 kB
Progress (2): 119/169 kB | 63/103 kB
Progress (2): 119/169 kB | 67/103 kB
Progress (2): 119/169 kB | 72/103 kB
Progress (2): 124/169 kB | 72/103 kB
Progress (2): 128/169 kB | 72/103 kB
Progress (2): 131/169 kB | 72/103 kB
Progress (2): 135/169 kB | 72/103 kB
Progress (2): 135/169 kB | 76/103 kB
Progress (3): 135/169 kB | 76/103 kB | 0.9/7.7 kB
Progress (3): 135/169 kB | 76/103 kB | 2.3/7.7 kB
Progress (3): 135/169 kB | 76/103 kB | 3.6/7.7 kB
Progress (3): 135/169 kB | 76/103 kB | 5.0/7.7 kB
Progress (3): 135/169 kB | 76/103 kB | 6.4/7.7 kB
Progress (3): 135/169 kB | 76/103 kB | 7.7 kB    
Progress (4): 135/169 kB | 76/103 kB | 7.7 kB | 0.9/189 kB
Progress (4): 135/169 kB | 76/103 kB | 7.7 kB | 2.3/189 kB
Progress (4): 135/169 kB | 76/103 kB | 7.7 kB | 3.6/189 kB
Progress (4): 135/169 kB | 76/103 kB | 7.7 kB | 5.0/189 kB
Progress (4): 135/169 kB | 76/103 kB | 7.7 kB | 6.4/189 kB
Progress (4): 135/169 kB | 76/103 kB | 7.7 kB | 7.7/189 kB
Progress (4): 135/169 kB | 76/103 kB | 7.7 kB | 8.2/189 kB
                                                          
Downloaded from central: https://repo.maven.apache.org/maven2/org/opentest4j/opentest4j/1.2.0/opentest4j-1.2.0.jar (7.7 kB at 7.2 kB/s)
Progress (3): 135/169 kB | 76/103 kB | 9.6/189 kB
Progress (3): 135/169 kB | 76/103 kB | 11/189 kB 
Progress (3): 135/169 kB | 76/103 kB | 12/189 kB
Progress (3): 135/169 kB | 76/103 kB | 14/189 kB
Progress (3): 135/169 kB | 76/103 kB | 15/189 kB
Progress (3): 135/169 kB | 76/103 kB | 16/189 kB
Progress (3): 135/169 kB | 76/103 kB | 18/189 kB
Progress (3): 135/169 kB | 76/103 kB | 19/189 kB
Progress (3): 135/169 kB | 76/103 kB | 21/189 kB
Progress (3): 135/169 kB | 76/103 kB | 22/189 kB
Progress (3): 135/169 kB | 76/103 kB | 23/189 kB
Progress (3): 135/169 kB | 76/103 kB | 25/189 kB
Progress (3): 135/169 kB | 76/103 kB | 26/189 kB
Progress (3): 135/169 kB | 76/103 kB | 27/189 kB
Progress (3): 135/169 kB | 76/103 kB | 29/189 kB
Progress (3): 135/169 kB | 76/103 kB | 30/189 kB
Progress (3): 135/169 kB | 76/103 kB | 31/189 kB
Progress (3): 135/169 kB | 76/103 kB | 33/189 kB
Progress (3): 135/169 kB | 76/103 kB | 34/189 kB
Progress (3): 135/169 kB | 76/103 kB | 36/189 kB
Progress (3): 135/169 kB | 76/103 kB | 37/189 kB
Progress (3): 135/169 kB | 76/103 kB | 38/189 kB
Progress (3): 135/169 kB | 76/103 kB | 40/189 kB
Progress (3): 135/169 kB | 76/103 kB | 41/189 kB
Progress (3): 135/169 kB | 76/103 kB | 42/189 kB
Progress (3): 135/169 kB | 80/103 kB | 42/189 kB
Progress (3): 135/169 kB | 80/103 kB | 44/189 kB
Progress (3): 135/169 kB | 80/103 kB | 45/189 kB
Progress (3): 135/169 kB | 80/103 kB | 47/189 kB
Progress (3): 135/169 kB | 80/103 kB | 48/189 kB
Progress (3): 135/169 kB | 80/103 kB | 49/189 kB
Progress (3): 135/169 kB | 84/103 kB | 49/189 kB
Progress (3): 135/169 kB | 84/103 kB | 51/189 kB
Progress (3): 135/169 kB | 84/103 kB | 52/189 kB
Progress (3): 135/169 kB | 84/103 kB | 53/189 kB
Progress (3): 135/169 kB | 84/103 kB | 55/189 kB
Progress (3): 135/169 kB | 84/103 kB | 59/189 kB
Progress (3): 135/169 kB | 89/103 kB | 59/189 kB
Progress (3): 139/169 kB | 89/103 kB | 59/189 kB
Progress (3): 139/169 kB | 93/103 kB | 59/189 kB
Progress (3): 139/169 kB | 97/103 kB | 59/189 kB
Progress (3): 139/169 kB | 101/103 kB | 59/189 kB
Progress (3): 139/169 kB | 103 kB | 59/189 kB    
Progress (3): 143/169 kB | 103 kB | 59/189 kB
Progress (3): 147/169 kB | 103 kB | 59/189 kB
Progress (3): 152/169 kB | 103 kB | 59/189 kB
Progress (3): 156/169 kB | 103 kB | 59/189 kB
Progress (3): 160/169 kB | 103 kB | 59/189 kB
Progress (3): 164/169 kB | 103 kB | 59/189 kB
Progress (3): 169/169 kB | 103 kB | 59/189 kB
Progress (3): 169 kB | 103 kB | 59/189 kB    
Progress (3): 169 kB | 103 kB | 63/189 kB
Progress (3): 169 kB | 103 kB | 67/189 kB
Progress (3): 169 kB | 103 kB | 72/189 kB
Progress (3): 169 kB | 103 kB | 76/189 kB
Progress (3): 169 kB | 103 kB | 80/189 kB
                                         
Downloaded from central: https://repo.maven.apache.org/maven2/org/junit/platform/junit-platform-commons/1.9.3/junit-platform-commons-1.9.3.jar (103 kB at 72 kB/s)
Progress (2): 169 kB | 84/189 kB
Progress (2): 169 kB | 89/189 kB
Progress (2): 169 kB | 93/189 kB
Progress (2): 169 kB | 97/189 kB
Progress (2): 169 kB | 101/189 kB
Progress (2): 169 kB | 105/189 kB
Progress (2): 169 kB | 110/189 kB
Progress (2): 169 kB | 114/189 kB
Progress (2): 169 kB | 118/189 kB
Progress (2): 169 kB | 122/189 kB
Progress (2): 169 kB | 123/189 kB
Progress (2): 169 kB | 127/189 kB
Progress (2): 169 kB | 131/189 kB
Progress (2): 169 kB | 136/189 kB
                                 
Downloaded from central: https://repo.maven.apache.org/maven2/org/junit/platform/junit-platform-launcher/1.9.3/junit-platform-launcher-1.9.3.jar (169 kB at 104 kB/s)
Progress (1): 140/189 kB
Progress (1): 144/189 kB
Progress (1): 148/189 kB
Progress (1): 152/189 kB
Progress (1): 157/189 kB
Progress (1): 161/189 kB
Progress (1): 165/189 kB
Progress (1): 169/189 kB
Progress (1): 174/189 kB
Progress (1): 178/189 kB
Progress (1): 182/189 kB
Progress (1): 186/189 kB
Progress (1): 189 kB    
                    
Downloaded from central: https://repo.maven.apache.org/maven2/org/junit/platform/junit-platform-engine/1.9.3/junit-platform-engine-1.9.3.jar (189 kB at 93 kB/s)
Downloading from central: https://repo.maven.apache.org/maven2/org/junit/platform/junit-platform-launcher/1.10.5/junit-platform-launcher-1.10.5.pom
Progress (1): 967 B
Progress (1): 3.0 kB
                    
Downloaded from central: https://repo.maven.apache.org/maven2/org/junit/platform/junit-platform-launcher/1.10.5/junit-platform-launcher-1.10.5.pom (3.0 kB at 36 kB/s)
Downloading from central: https://repo.maven.apache.org/maven2/org/junit/platform/junit-platform-launcher/1.10.5/junit-platform-launcher-1.10.5.jar
Progress (1): 3.8/184 kB
Progress (1): 8.0/184 kB
Progress (1): 12/184 kB 
Progress (1): 16/184 kB
Progress (1): 21/184 kB
Progress (1): 37/184 kB
Progress (1): 53/184 kB
Progress (1): 57/184 kB
Progress (1): 74/184 kB
Progress (1): 90/184 kB
Progress (1): 106/184 kB
Progress (1): 123/184 kB
Progress (1): 139/184 kB
Progress (1): 156/184 kB
Progress (1): 172/184 kB
Progress (1): 184 kB    
                    
Downloaded from central: https://repo.maven.apache.org/maven2/org/junit/platform/junit-platform-launcher/1.10.5/junit-platform-launcher-1.10.5.jar (184 kB at 196 kB/s)
[INFO] 
[INFO] -------------------------------------------------------
[INFO]  T E S T S
[INFO] -------------------------------------------------------
[INFO] Running com.mangala.showroom.controller.AuthControllerTest
20:09:23.068 [main] INFO org.springframework.test.context.support.AnnotationConfigContextLoaderUtils -- Could not detect default configuration classes for test class [com.mangala.showroom.controller.AuthControllerTest]: AuthControllerTest does not declare any static, non-private, non-final, nested classes annotated with @Configuration.
20:09:23.456 [main] INFO org.springframework.boot.test.context.SpringBootTestContextBootstrapper -- Found @SpringBootConfiguration com.mangala.showroom.ShowroomApplication for test class com.mangala.showroom.controller.AuthControllerTest

  .   ____          _            __ _ _
 /\\ / ___'_ __ _ _(_)_ __  __ _ \ \ \ \
( ( )\___ | '_ | '_| | '_ \/ _` | \ \ \ \
 \\/  ___)| |_)| | | | | || (_| |  ) ) ) )
  '  |____| .__|_| |_|_| |_\__, | / / / /
 =========|_|==============|___/=/_/_/_/

 :: Spring Boot ::                (v3.3.5)

2026-03-30T20:09:24.725+05:30  INFO 12784 --- [           main] c.m.s.controller.AuthControllerTest      : Starting AuthControllerTest using Java 17.0.18 with PID 12784 (started by asus in C:\Users\asus\Desktop\stitch\backend)
2026-03-30T20:09:24.729+05:30  INFO 12784 --- [           main] c.m.s.controller.AuthControllerTest      : No active profile set, falling back to 1 default profile: "default"
2026-03-30T20:09:26.966+05:30  INFO 12784 --- [           main] .s.d.r.c.RepositoryConfigurationDelegate : Bootstrapping Spring Data JPA repositories in DEFAULT mode.
2026-03-30T20:09:27.176+05:30  INFO 12784 --- [           main] .s.d.r.c.RepositoryConfigurationDelegate : Finished Spring Data repository scanning in 188 ms. Found 4 JPA repository interfaces.
.\mvnw.cmd : OpenJDK 
64-Bit Server VM warning: 
Sharing is only supported 
for boot loader classes 
because bootstrap 
classpath has been appended
At line:1 char:1
+ .\mvnw.cmd test > 
test_output.txt 2>&1
+ ~~~~~~~~~~~~~~~~~~~~~~~~~
~~~~~~~~~~~~~
    + CategoryInfo         
     : NotSpecified: (Ope  
  nJDK 64-Bit ...s been    
 appended:String) [], R    
emoteException
    + FullyQualifiedErrorI 
   d : NativeCommandError
 
2026-03-30T20:09:33.994+05:30  INFO 12784 --- [           main] o.hibernate.jpa.internal.util.LogHelper  : HHH000204: Processing PersistenceUnitInfo [name: default]
2026-03-30T20:09:34.544+05:30  INFO 12784 --- [           main] org.hibernate.Version                    : HHH000412: Hibernate ORM core version 6.5.3.Final
2026-03-30T20:09:34.671+05:30  INFO 12784 --- [           main] o.h.c.internal.RegionFactoryInitiator    : HHH000026: Second-level cache disabled
2026-03-30T20:09:35.263+05:30  INFO 12784 --- [           main] o.s.o.j.p.SpringPersistenceUnitInfo      : No LoadTimeWeaver setup: ignoring JPA class transformer
2026-03-30T20:09:35.511+05:30  INFO 12784 --- [           main] com.zaxxer.hikari.HikariDataSource       : HikariPool-1 - Starting...
2026-03-30T20:09:36.862+05:30  WARN 12784 --- [           main] o.h.engine.jdbc.spi.SqlExceptionHelper   : SQL Error: 0, SQLState: 08S01
2026-03-30T20:09:36.862+05:30 ERROR 12784 --- [           main] o.h.engine.jdbc.spi.SqlExceptionHelper   : Communications link failure

The last packet sent successfully to the server was 0 milliseconds ago. The driver has not received any packets from the server.
2026-03-30T20:09:36.866+05:30  WARN 12784 --- [           main] o.h.e.j.e.i.JdbcEnvironmentInitiator     : HHH000342: Could not obtain connection to query metadata

org.hibernate.exception.JDBCConnectionException: unable to obtain isolated JDBC connection [Communications link failure

The last packet sent successfully to the server was 0 milliseconds ago. The driver has not received any packets from the server.] [n/a]
	at org.hibernate.exception.internal.SQLStateConversionDelegate.convert(SQLStateConversionDelegate.java:100) ~[hibernate-core-6.5.3.Final.jar:6.5.3.Final]
	at org.hibernate.exception.internal.StandardSQLExceptionConverter.convert(StandardSQLExceptionConverter.java:58) ~[hibernate-core-6.5.3.Final.jar:6.5.3.Final]
	at org.hibernate.engine.jdbc.spi.SqlExceptionHelper.convert(SqlExceptionHelper.java:108) ~[hibernate-core-6.5.3.Final.jar:6.5.3.Final]
	at org.hibernate.engine.jdbc.spi.SqlExceptionHelper.convert(SqlExceptionHelper.java:94) ~[hibernate-core-6.5.3.Final.jar:6.5.3.Final]
	at org.hibernate.resource.transaction.backend.jdbc.internal.JdbcIsolationDelegate.delegateWork(JdbcIsolationDelegate.java:116) ~[hibernate-core-6.5.3.Final.jar:6.5.3.Final]
	at org.hibernate.engine.jdbc.env.internal.JdbcEnvironmentInitiator.getJdbcEnvironmentUsingJdbcMetadata(JdbcEnvironmentInitiator.java:292) ~[hibernate-core-6.5.3.Final.jar:6.5.3.Final]
	at org.hibernate.engine.jdbc.env.internal.JdbcEnvironmentInitiator.initiateService(JdbcEnvironmentInitiator.java:124) ~[hibernate-core-6.5.3.Final.jar:6.5.3.Final]
	at org.hibernate.engine.jdbc.env.internal.JdbcEnvironmentInitiator.initiateService(JdbcEnvironmentInitiator.java:78) ~[hibernate-core-6.5.3.Final.jar:6.5.3.Final]
	at org.hibernate.boot.registry.internal.StandardServiceRegistryImpl.initiateService(StandardServiceRegistryImpl.java:130) ~[hibernate-core-6.5.3.Final.jar:6.5.3.Final]
	at org.hibernate.service.internal.AbstractServiceRegistryImpl.createService(AbstractServiceRegistryImpl.java:263) ~[hibernate-core-6.5.3.Final.jar:6.5.3.Final]
	at org.hibernate.service.internal.AbstractServiceRegistryImpl.initializeService(AbstractServiceRegistryImpl.java:238) ~[hibernate-core-6.5.3.Final.jar:6.5.3.Final]
	at org.hibernate.service.internal.AbstractServiceRegistryImpl.getService(AbstractServiceRegistryImpl.java:215) ~[hibernate-core-6.5.3.Final.jar:6.5.3.Final]
	at org.hibernate.boot.model.relational.Database.<init>(Database.java:45) ~[hibernate-core-6.5.3.Final.jar:6.5.3.Final]
	at org.hibernate.boot.internal.InFlightMetadataCollectorImpl.getDatabase(InFlightMetadataCollectorImpl.java:221) ~[hibernate-core-6.5.3.Final.jar:6.5.3.Final]
	at org.hibernate.boot.internal.InFlightMetadataCollectorImpl.<init>(InFlightMetadataCollectorImpl.java:189) ~[hibernate-core-6.5.3.Final.jar:6.5.3.Final]
	at org.hibernate.boot.model.process.spi.MetadataBuildingProcess.complete(MetadataBuildingProcess.java:171) ~[hibernate-core-6.5.3.Final.jar:6.5.3.Final]
	at org.hibernate.jpa.boot.internal.EntityManagerFactoryBuilderImpl.metadata(EntityManagerFactoryBuilderImpl.java:1431) ~[hibernate-core-6.5.3.Final.jar:6.5.3.Final]
	at org.hibernate.jpa.boot.internal.EntityManagerFactoryBuilderImpl.build(EntityManagerFactoryBuilderImpl.java:1502) ~[hibernate-core-6.5.3.Final.jar:6.5.3.Final]
	at org.springframework.orm.jpa.vendor.SpringHibernateJpaPersistenceProvider.createContainerEntityManagerFactory(SpringHibernateJpaPersistenceProvider.java:75) ~[spring-orm-6.1.14.jar:6.1.14]
	at org.springframework.orm.jpa.LocalContainerEntityManagerFactoryBean.createNativeEntityManagerFactory(LocalContainerEntityManagerFactoryBean.java:390) ~[spring-orm-6.1.14.jar:6.1.14]
	at org.springframework.orm.jpa.AbstractEntityManagerFactoryBean.buildNativeEntityManagerFactory(AbstractEntityManagerFactoryBean.java:409) ~[spring-orm-6.1.14.jar:6.1.14]
	at org.springframework.orm.jpa.AbstractEntityManagerFactoryBean.afterPropertiesSet(AbstractEntityManagerFactoryBean.java:396) ~[spring-orm-6.1.14.jar:6.1.14]
	at org.springframework.orm.jpa.LocalContainerEntityManagerFactoryBean.afterPropertiesSet(LocalContainerEntityManagerFactoryBean.java:366) ~[spring-orm-6.1.14.jar:6.1.14]
	at org.springframework.beans.factory.support.AbstractAutowireCapableBeanFactory.invokeInitMethods(AbstractAutowireCapableBeanFactory.java:1853) ~[spring-beans-6.1.14.jar:6.1.14]
	at org.springframework.beans.factory.support.AbstractAutowireCapableBeanFactory.initializeBean(AbstractAutowireCapableBeanFactory.java:1802) ~[spring-beans-6.1.14.jar:6.1.14]
	at org.springframework.beans.factory.support.AbstractAutowireCapableBeanFactory.doCreateBean(AbstractAutowireCapableBeanFactory.java:600) ~[spring-beans-6.1.14.jar:6.1.14]
	at org.springframework.beans.factory.support.AbstractAutowireCapableBeanFactory.createBean(AbstractAutowireCapableBeanFactory.java:522) ~[spring-beans-6.1.14.jar:6.1.14]
	at org.springframework.beans.factory.support.AbstractBeanFactory.lambda$doGetBean$0(AbstractBeanFactory.java:337) ~[spring-beans-6.1.14.jar:6.1.14]
	at org.springframework.beans.factory.support.DefaultSingletonBeanRegistry.getSingleton(DefaultSingletonBeanRegistry.java:234) ~[spring-beans-6.1.14.jar:6.1.14]
	at org.springframework.beans.factory.support.AbstractBeanFactory.doGetBean(AbstractBeanFactory.java:335) ~[spring-beans-6.1.14.jar:6.1.14]
	at org.springframework.beans.factory.support.AbstractBeanFactory.getBean(AbstractBeanFactory.java:205) ~[spring-beans-6.1.14.jar:6.1.14]
	at org.springframework.context.support.AbstractApplicationContext.finishBeanFactoryInitialization(AbstractApplicationContext.java:954) ~[spring-context-6.1.14.jar:6.1.14]
	at org.springframework.context.support.AbstractApplicationContext.refresh(AbstractApplicationContext.java:625) ~[spring-context-6.1.14.jar:6.1.14]
	at org.springframework.boot.SpringApplication.refresh(SpringApplication.java:754) ~[spring-boot-3.3.5.jar:3.3.5]
	at org.springframework.boot.SpringApplication.refreshContext(SpringApplication.java:456) ~[spring-boot-3.3.5.jar:3.3.5]
	at org.springframework.boot.SpringApplication.run(SpringApplication.java:335) ~[spring-boot-3.3.5.jar:3.3.5]
	at org.springframework.boot.test.context.SpringBootContextLoader.lambda$loadContext$3(SpringBootContextLoader.java:137) ~[spring-boot-test-3.3.5.jar:3.3.5]
	at org.springframework.util.function.ThrowingSupplier.get(ThrowingSupplier.java:58) ~[spring-core-6.1.14.jar:6.1.14]
	at org.springframework.util.function.ThrowingSupplier.get(ThrowingSupplier.java:46) ~[spring-core-6.1.14.jar:6.1.14]
	at org.springframework.boot.SpringApplication.withHook(SpringApplication.java:1463) ~[spring-boot-3.3.5.jar:3.3.5]
	at org.springframework.boot.test.context.SpringBootContextLoader$ContextLoaderHook.run(SpringBootContextLoader.java:553) ~[spring-boot-test-3.3.5.jar:3.3.5]
	at org.springframework.boot.test.context.SpringBootContextLoader.loadContext(SpringBootContextLoader.java:137) ~[spring-boot-test-3.3.5.jar:3.3.5]
	at org.springframework.boot.test.context.SpringBootContextLoader.loadContext(SpringBootContextLoader.java:108) ~[spring-boot-test-3.3.5.jar:3.3.5]
	at org.springframework.test.context.cache.DefaultCacheAwareContextLoaderDelegate.loadContextInternal(DefaultCacheAwareContextLoaderDelegate.java:225) ~[spring-test-6.1.14.jar:6.1.14]
	at org.springframework.test.context.cache.DefaultCacheAwareContextLoaderDelegate.loadContext(DefaultCacheAwareContextLoaderDelegate.java:152) ~[spring-test-6.1.14.jar:6.1.14]
	at org.springframework.test.context.support.DefaultTestContext.getApplicationContext(DefaultTestContext.java:130) ~[spring-test-6.1.14.jar:6.1.14]
	at org.springframework.test.context.web.ServletTestExecutionListener.setUpRequestContextIfNecessary(ServletTestExecutionListener.java:191) ~[spring-test-6.1.14.jar:6.1.14]
	at org.springframework.test.context.web.ServletTestExecutionListener.prepareTestInstance(ServletTestExecutionListener.java:130) ~[spring-test-6.1.14.jar:6.1.14]
	at org.springframework.test.context.TestContextManager.prepareTestInstance(TestContextManager.java:260) ~[spring-test-6.1.14.jar:6.1.14]
	at org.springframework.test.context.junit.jupiter.SpringExtension.postProcessTestInstance(SpringExtension.java:163) ~[spring-test-6.1.14.jar:6.1.14]
	at org.junit.jupiter.engine.descriptor.ClassBasedTestDescriptor.lambda$invokeTestInstancePostProcessors$10(ClassBasedTestDescriptor.java:378) ~[junit-jupiter-engine-5.10.5.jar:5.10.5]
	at org.junit.jupiter.engine.descriptor.ClassBasedTestDescriptor.executeAndMaskThrowable(ClassBasedTestDescriptor.java:383) ~[junit-jupiter-engine-5.10.5.jar:5.10.5]
	at org.junit.jupiter.engine.descriptor.ClassBasedTestDescriptor.lambda$invokeTestInstancePostProcessors$11(ClassBasedTestDescriptor.java:378) ~[junit-jupiter-engine-5.10.5.jar:5.10.5]
	at java.base/java.util.stream.ReferencePipeline$3$1.accept(ReferencePipeline.java:197) ~[na:na]
	at java.base/java.util.stream.ReferencePipeline$2$1.accept(ReferencePipeline.java:179) ~[na:na]
	at java.base/java.util.ArrayList$ArrayListSpliterator.forEachRemaining(ArrayList.java:1625) ~[na:na]
	at java.base/java.util.stream.AbstractPipeline.copyInto(AbstractPipeline.java:509) ~[na:na]
	at java.base/java.util.stream.AbstractPipeline.wrapAndCopyInto(AbstractPipeline.java:499) ~[na:na]
	at java.base/java.util.stream.StreamSpliterators$WrappingSpliterator.forEachRemaining(StreamSpliterators.java:310) ~[na:na]
	at java.base/java.util.stream.Streams$ConcatSpliterator.forEachRemaining(Streams.java:735) ~[na:na]
	at java.base/java.util.stream.Streams$ConcatSpliterator.forEachRemaining(Streams.java:734) ~[na:na]
	at java.base/java.util.stream.ReferencePipeline$Head.forEach(ReferencePipeline.java:762) ~[na:na]
	at org.junit.jupiter.engine.descriptor.ClassBasedTestDescriptor.invokeTestInstancePostProcessors(ClassBasedTestDescriptor.java:377) ~[junit-jupiter-engine-5.10.5.jar:5.10.5]
	at org.junit.jupiter.engine.descriptor.ClassBasedTestDescriptor.lambda$instantiateAndPostProcessTestInstance$6(ClassBasedTestDescriptor.java:290) ~[junit-jupiter-engine-5.10.5.jar:5.10.5]
	at org.junit.platform.engine.support.hierarchical.ThrowableCollector.execute(ThrowableCollector.java:73) ~[junit-platform-engine-1.10.5.jar:1.10.5]
	at org.junit.jupiter.engine.descriptor.ClassBasedTestDescriptor.instantiateAndPostProcessTestInstance(ClassBasedTestDescriptor.java:289) ~[junit-jupiter-engine-5.10.5.jar:5.10.5]
	at org.junit.jupiter.engine.descriptor.ClassBasedTestDescriptor.lambda$testInstancesProvider$4(ClassBasedTestDescriptor.java:279) ~[junit-jupiter-engine-5.10.5.jar:5.10.5]
	at java.base/java.util.Optional.orElseGet(Optional.java:364) ~[na:na]
	at org.junit.jupiter.engine.descriptor.ClassBasedTestDescriptor.lambda$testInstancesProvider$5(ClassBasedTestDescriptor.java:278) ~[junit-jupiter-engine-5.10.5.jar:5.10.5]
	at org.junit.jupiter.engine.execution.TestInstancesProvider.getTestInstances(TestInstancesProvider.java:31) ~[junit-jupiter-engine-5.10.5.jar:5.10.5]
	at org.junit.jupiter.engine.descriptor.TestMethodTestDescriptor.lambda$prepare$0(TestMethodTestDescriptor.java:106) ~[junit-jupiter-engine-5.10.5.jar:5.10.5]
	at org.junit.platform.engine.support.hierarchical.ThrowableCollector.execute(ThrowableCollector.java:73) ~[junit-platform-engine-1.10.5.jar:1.10.5]
	at org.junit.jupiter.engine.descriptor.TestMethodTestDescriptor.prepare(TestMethodTestDescriptor.java:105) ~[junit-jupiter-engine-5.10.5.jar:5.10.5]
	at org.junit.jupiter.engine.descriptor.TestMethodTestDescriptor.prepare(TestMethodTestDescriptor.java:69) ~[junit-jupiter-engine-5.10.5.jar:5.10.5]
	at org.junit.platform.engine.support.hierarchical.NodeTestTask.lambda$prepare$2(NodeTestTask.java:128) ~[junit-platform-engine-1.10.5.jar:1.10.5]
	at org.junit.platform.engine.support.hierarchical.ThrowableCollector.execute(ThrowableCollector.java:73) ~[junit-platform-engine-1.10.5.jar:1.10.5]
	at org.junit.platform.engine.support.hierarchical.NodeTestTask.prepare(NodeTestTask.java:128) ~[junit-platform-engine-1.10.5.jar:1.10.5]
	at org.junit.platform.engine.support.hierarchical.NodeTestTask.execute(NodeTestTask.java:95) ~[junit-platform-engine-1.10.5.jar:1.10.5]
	at java.base/java.util.ArrayList.forEach(ArrayList.java:1511) ~[na:na]
	at org.junit.platform.engine.support.hierarchical.SameThreadHierarchicalTestExecutorService.invokeAll(SameThreadHierarchicalTestExecutorService.java:41) ~[junit-platform-engine-1.10.5.jar:1.10.5]
	at org.junit.platform.engine.support.hierarchical.NodeTestTask.lambda$executeRecursively$6(NodeTestTask.java:160) ~[junit-platform-engine-1.10.5.jar:1.10.5]
	at org.junit.platform.engine.support.hierarchical.ThrowableCollector.execute(ThrowableCollector.java:73) ~[junit-platform-engine-1.10.5.jar:1.10.5]
	at org.junit.platform.engine.support.hierarchical.NodeTestTask.lambda$executeRecursively$8(NodeTestTask.java:146) ~[junit-platform-engine-1.10.5.jar:1.10.5]
	at org.junit.platform.engine.support.hierarchical.Node.around(Node.java:137) ~[junit-platform-engine-1.10.5.jar:1.10.5]
	at org.junit.platform.engine.support.hierarchical.NodeTestTask.lambda$executeRecursively$9(NodeTestTask.java:144) ~[junit-platform-engine-1.10.5.jar:1.10.5]
	at org.junit.platform.engine.support.hierarchical.ThrowableCollector.execute(ThrowableCollector.java:73) ~[junit-platform-engine-1.10.5.jar:1.10.5]
	at org.junit.platform.engine.support.hierarchical.NodeTestTask.executeRecursively(NodeTestTask.java:143) ~[junit-platform-engine-1.10.5.jar:1.10.5]
	at org.junit.platform.engine.support.hierarchical.NodeTestTask.execute(NodeTestTask.java:100) ~[junit-platform-engine-1.10.5.jar:1.10.5]
	at java.base/java.util.ArrayList.forEach(ArrayList.java:1511) ~[na:na]
	at org.junit.platform.engine.support.hierarchical.SameThreadHierarchicalTestExecutorService.invokeAll(SameThreadHierarchicalTestExecutorService.java:41) ~[junit-platform-engine-1.10.5.jar:1.10.5]
	at org.junit.platform.engine.support.hierarchical.NodeTestTask.lambda$executeRecursively$6(NodeTestTask.java:160) ~[junit-platform-engine-1.10.5.jar:1.10.5]
	at org.junit.platform.engine.support.hierarchical.ThrowableCollector.execute(ThrowableCollector.java:73) ~[junit-platform-engine-1.10.5.jar:1.10.5]
	at org.junit.platform.engine.support.hierarchical.NodeTestTask.lambda$executeRecursively$8(NodeTestTask.java:146) ~[junit-platform-engine-1.10.5.jar:1.10.5]
	at org.junit.platform.engine.support.hierarchical.Node.around(Node.java:137) ~[junit-platform-engine-1.10.5.jar:1.10.5]
	at org.junit.platform.engine.support.hierarchical.NodeTestTask.lambda$executeRecursively$9(NodeTestTask.java:144) ~[junit-platform-engine-1.10.5.jar:1.10.5]
	at org.junit.platform.engine.support.hierarchical.ThrowableCollector.execute(ThrowableCollector.java:73) ~[junit-platform-engine-1.10.5.jar:1.10.5]
	at org.junit.platform.engine.support.hierarchical.NodeTestTask.executeRecursively(NodeTestTask.java:143) ~[junit-platform-engine-1.10.5.jar:1.10.5]
	at org.junit.platform.engine.support.hierarchical.NodeTestTask.execute(NodeTestTask.java:100) ~[junit-platform-engine-1.10.5.jar:1.10.5]
	at org.junit.platform.engine.support.hierarchical.SameThreadHierarchicalTestExecutorService.submit(SameThreadHierarchicalTestExecutorService.java:35) ~[junit-platform-engine-1.10.5.jar:1.10.5]
	at org.junit.platform.engine.support.hierarchical.HierarchicalTestExecutor.execute(HierarchicalTestExecutor.java:57) ~[junit-platform-engine-1.10.5.jar:1.10.5]
	at org.junit.platform.engine.support.hierarchical.HierarchicalTestEngine.execute(HierarchicalTestEngine.java:54) ~[junit-platform-engine-1.10.5.jar:1.10.5]
	at org.junit.platform.launcher.core.EngineExecutionOrchestrator.execute(EngineExecutionOrchestrator.java:198) ~[junit-platform-launcher-1.10.5.jar:1.10.5]
	at org.junit.platform.launcher.core.EngineExecutionOrchestrator.execute(EngineExecutionOrchestrator.java:169) ~[junit-platform-launcher-1.10.5.jar:1.10.5]
	at org.junit.platform.launcher.core.EngineExecutionOrchestrator.execute(EngineExecutionOrchestrator.java:93) ~[junit-platform-launcher-1.10.5.jar:1.10.5]
	at org.junit.platform.launcher.core.EngineExecutionOrchestrator.lambda$execute$0(EngineExecutionOrchestrator.java:58) ~[junit-platform-launcher-1.10.5.jar:1.10.5]
	at org.junit.platform.launcher.core.EngineExecutionOrchestrator.withInterceptedStreams(EngineExecutionOrchestrator.java:141) ~[junit-platform-launcher-1.10.5.jar:1.10.5]
	at org.junit.platform.launcher.core.EngineExecutionOrchestrator.execute(EngineExecutionOrchestrator.java:57) ~[junit-platform-launcher-1.10.5.jar:1.10.5]
	at org.junit.platform.launcher.core.DefaultLauncher.execute(DefaultLauncher.java:103) ~[junit-platform-launcher-1.10.5.jar:1.10.5]
	at org.junit.platform.launcher.core.DefaultLauncher.execute(DefaultLauncher.java:85) ~[junit-platform-launcher-1.10.5.jar:1.10.5]
	at org.junit.platform.launcher.core.DelegatingLauncher.execute(DelegatingLauncher.java:47) ~[junit-platform-launcher-1.10.5.jar:1.10.5]
	at org.apache.maven.surefire.junitplatform.LazyLauncher.execute(LazyLauncher.java:56) ~[surefire-junit-platform-3.2.5.jar:3.2.5]
	at org.apache.maven.surefire.junitplatform.JUnitPlatformProvider.execute(JUnitPlatformProvider.java:184) ~[surefire-junit-platform-3.2.5.jar:3.2.5]
	at org.apache.maven.surefire.junitplatform.JUnitPlatformProvider.invokeAllTests(JUnitPlatformProvider.java:148) ~[surefire-junit-platform-3.2.5.jar:3.2.5]
	at org.apache.maven.surefire.junitplatform.JUnitPlatformProvider.invoke(JUnitPlatformProvider.java:122) ~[surefire-junit-platform-3.2.5.jar:3.2.5]
	at org.apache.maven.surefire.booter.ForkedBooter.runSuitesInProcess(ForkedBooter.java:385) ~[surefire-booter-3.2.5.jar:3.2.5]
	at org.apache.maven.surefire.booter.ForkedBooter.execute(ForkedBooter.java:162) ~[surefire-booter-3.2.5.jar:3.2.5]
	at org.apache.maven.surefire.booter.ForkedBooter.run(ForkedBooter.java:507) ~[surefire-booter-3.2.5.jar:3.2.5]
	at org.apache.maven.surefire.booter.ForkedBooter.main(ForkedBooter.java:495) ~[surefire-booter-3.2.5.jar:3.2.5]
Caused by: com.mysql.cj.jdbc.exceptions.CommunicationsException: Communications link failure

The last packet sent successfully to the server was 0 milliseconds ago. The driver has not received any packets from the server.
	at com.mysql.cj.jdbc.exceptions.SQLError.createCommunicationsException(SQLError.java:174) ~[mysql-connector-j-8.3.0.jar:8.3.0]
	at com.mysql.cj.jdbc.exceptions.SQLExceptionsMapping.translateException(SQLExceptionsMapping.java:64) ~[mysql-connector-j-8.3.0.jar:8.3.0]
	at com.mysql.cj.jdbc.ConnectionImpl.createNewIO(ConnectionImpl.java:815) ~[mysql-connector-j-8.3.0.jar:8.3.0]
	at com.mysql.cj.jdbc.ConnectionImpl.<init>(ConnectionImpl.java:438) ~[mysql-connector-j-8.3.0.jar:8.3.0]
	at com.mysql.cj.jdbc.ConnectionImpl.getInstance(ConnectionImpl.java:241) ~[mysql-connector-j-8.3.0.jar:8.3.0]
	at com.mysql.cj.jdbc.NonRegisteringDriver.connect(NonRegisteringDriver.java:189) ~[mysql-connector-j-8.3.0.jar:8.3.0]
	at com.zaxxer.hikari.util.DriverDataSource.getConnection(DriverDataSource.java:137) ~[HikariCP-5.1.0.jar:na]
	at com.zaxxer.hikari.pool.PoolBase.newConnection(PoolBase.java:360) ~[HikariCP-5.1.0.jar:na]
	at com.zaxxer.hikari.pool.PoolBase.newPoolEntry(PoolBase.java:202) ~[HikariCP-5.1.0.jar:na]
	at com.zaxxer.hikari.pool.HikariPool.createPoolEntry(HikariPool.java:461) ~[HikariCP-5.1.0.jar:na]
	at com.zaxxer.hikari.pool.HikariPool.checkFailFast(HikariPool.java:550) ~[HikariCP-5.1.0.jar:na]
	at com.zaxxer.hikari.pool.HikariPool.<init>(HikariPool.java:98) ~[HikariCP-5.1.0.jar:na]
	at com.zaxxer.hikari.HikariDataSource.getConnection(HikariDataSource.java:111) ~[HikariCP-5.1.0.jar:na]
	at org.hibernate.engine.jdbc.connections.internal.DatasourceConnectionProviderImpl.getConnection(DatasourceConnectionProviderImpl.java:122) ~[hibernate-core-6.5.3.Final.jar:6.5.3.Final]
	at org.hibernate.engine.jdbc.env.internal.JdbcEnvironmentInitiator$ConnectionProviderJdbcConnectionAccess.obtainConnection(JdbcEnvironmentInitiator.java:439) ~[hibernate-core-6.5.3.Final.jar:6.5.3.Final]
	at org.hibernate.resource.transaction.backend.jdbc.internal.JdbcIsolationDelegate.delegateWork(JdbcIsolationDelegate.java:61) ~[hibernate-core-6.5.3.Final.jar:6.5.3.Final]
	... 113 common frames omitted
Caused by: com.mysql.cj.exceptions.CJCommunicationsException: Communications link failure

The last packet sent successfully to the server was 0 milliseconds ago. The driver has not received any packets from the server.
	at java.base/jdk.internal.reflect.NativeConstructorAccessorImpl.newInstance0(Native Method) ~[na:na]
	at java.base/jdk.internal.reflect.NativeConstructorAccessorImpl.newInstance(NativeConstructorAccessorImpl.java:77) ~[na:na]
	at java.base/jdk.internal.reflect.DelegatingConstructorAccessorImpl.newInstance(DelegatingConstructorAccessorImpl.java:45) ~[na:na]
	at java.base/java.lang.reflect.Constructor.newInstanceWithCaller(Constructor.java:500) ~[na:na]
	at java.base/java.lang.reflect.Constructor.newInstance(Constructor.java:481) ~[na:na]
	at com.mysql.cj.exceptions.ExceptionFactory.createException(ExceptionFactory.java:61) ~[mysql-connector-j-8.3.0.jar:8.3.0]
	at com.mysql.cj.exceptions.ExceptionFactory.createException(ExceptionFactory.java:104) ~[mysql-connector-j-8.3.0.jar:8.3.0]
	at com.mysql.cj.exceptions.ExceptionFactory.createException(ExceptionFactory.java:149) ~[mysql-connector-j-8.3.0.jar:8.3.0]
	at com.mysql.cj.exceptions.ExceptionFactory.createCommunicationsException(ExceptionFactory.java:165) ~[mysql-connector-j-8.3.0.jar:8.3.0]
	at com.mysql.cj.protocol.a.NativeSocketConnection.connect(NativeSocketConnection.java:88) ~[mysql-connector-j-8.3.0.jar:8.3.0]
	at com.mysql.cj.NativeSession.connect(NativeSession.java:120) ~[mysql-connector-j-8.3.0.jar:8.3.0]
	at com.mysql.cj.jdbc.ConnectionImpl.connectOneTryOnly(ConnectionImpl.java:935) ~[mysql-connector-j-8.3.0.jar:8.3.0]
	at com.mysql.cj.jdbc.ConnectionImpl.createNewIO(ConnectionImpl.java:805) ~[mysql-connector-j-8.3.0.jar:8.3.0]
	... 126 common frames omitted
Caused by: java.net.ConnectException: Connection refused: getsockopt
	at java.base/sun.nio.ch.Net.pollConnect(Native Method) ~[na:na]
	at java.base/sun.nio.ch.Net.pollConnectNow(Net.java:684) ~[na:na]
	at java.base/sun.nio.ch.NioSocketImpl.timedFinishConnect(NioSocketImpl.java:547) ~[na:na]
	at java.base/sun.nio.ch.NioSocketImpl.connect(NioSocketImpl.java:602) ~[na:na]
	at java.base/java.net.SocksSocketImpl.connect(SocksSocketImpl.java:327) ~[na:na]
	at java.base/java.net.Socket.connect(Socket.java:633) ~[na:na]
	at com.mysql.cj.protocol.StandardSocketFactory.connect(StandardSocketFactory.java:153) ~[mysql-connector-j-8.3.0.jar:8.3.0]
	at com.mysql.cj.protocol.a.NativeSocketConnection.connect(NativeSocketConnection.java:62) ~[mysql-connector-j-8.3.0.jar:8.3.0]
	... 129 common frames omitted

2026-03-30T20:09:36.886+05:30 ERROR 12784 --- [           main] j.LocalContainerEntityManagerFactoryBean : Failed to initialize JPA EntityManagerFactory: Unable to create requested service [org.hibernate.engine.jdbc.env.spi.JdbcEnvironment] due to: Unable to determine Dialect without JDBC metadata (please set 'jakarta.persistence.jdbc.url' for common cases or 'hibernate.dialect' when a custom Dialect implementation must be provided)
2026-03-30T20:09:36.887+05:30  WARN 12784 --- [           main] o.s.w.c.s.GenericWebApplicationContext   : Exception encountered during context initialization - cancelling refresh attempt: org.springframework.beans.factory.BeanCreationException: Error creating bean with name 'entityManagerFactory' defined in class path resource [org/springframework/boot/autoconfigure/orm/jpa/HibernateJpaConfiguration.class]: Unable to create requested service [org.hibernate.engine.jdbc.env.spi.JdbcEnvironment] due to: Unable to determine Dialect without JDBC metadata (please set 'jakarta.persistence.jdbc.url' for common cases or 'hibernate.dialect' when a custom Dialect implementation must be provided)



===========================
=
CONDITIONS EVALUATION 
REPORT
===========================
=


Positive matches:
-----------------

   AopAutoConfiguration 
matched:
      - 
@ConditionalOnProperty 
(spring.aop.auto=true) 
matched 
(OnPropertyCondition)

   AopAutoConfiguration.Asp
ectJAutoProxyingConfigurati
on matched:
      - 
@ConditionalOnClass found 
required class 'org.aspectj
.weaver.Advice' 
(OnClassCondition)

   AopAutoConfiguration.Asp
ectJAutoProxyingConfigurati
on.CglibAutoProxyConfigurat
ion matched:
      - 
@ConditionalOnProperty (spr
ing.aop.proxy-target-class=
true) matched 
(OnPropertyCondition)

   ApplicationAvailabilityA
utoConfiguration#applicatio
nAvailability matched:
      - 
@ConditionalOnMissingBean 
(types: org.springframework
.boot.availability.Applicat
ionAvailability; 
SearchStrategy: all) did 
not find any beans 
(OnBeanCondition)

   DataSourceAutoConfigurat
ion matched:
      - 
@ConditionalOnClass found 
required classes 
'javax.sql.DataSource', 'or
g.springframework.jdbc.data
source.embedded.EmbeddedDat
abaseType' 
(OnClassCondition)
      - 
@ConditionalOnMissingBean 
(types: io.r2dbc.spi.Connec
tionFactory; 
SearchStrategy: all) did 
not find any beans 
(OnBeanCondition)

   DataSourceAutoConfigurat
ion.PooledDataSourceConfigu
ration matched:
      - AnyNestedCondition 
1 matched 1 did not; 
NestedCondition on DataSour
ceAutoConfiguration.PooledD
ataSourceCondition.PooledDa
taSourceAvailable 
PooledDataSource found 
supported DataSource; 
NestedCondition on DataSour
ceAutoConfiguration.PooledD
ataSourceCondition.Explicit
Type 
@ConditionalOnProperty 
(spring.datasource.type) 
did not find property 
'type' (DataSourceAutoConfi
guration.PooledDataSourceCo
ndition)
      - 
@ConditionalOnMissingBean 
(types: javax.sql.DataSourc
e,javax.sql.XADataSource; 
SearchStrategy: all) did 
not find any beans 
(OnBeanCondition)

   DataSourceAutoConfigurat
ion.PooledDataSourceConfigu
ration#jdbcConnectionDetail
s matched:
      - 
@ConditionalOnMissingBean 
(types: org.springframework
.boot.autoconfigure.jdbc.Jd
bcConnectionDetails; 
SearchStrategy: all) did 
not find any beans 
(OnBeanCondition)

   DataSourceConfiguration.
Hikari matched:
      - 
@ConditionalOnClass found 
required class 'com.zaxxer.
hikari.HikariDataSource' 
(OnClassCondition)
      - 
@ConditionalOnProperty (spr
ing.datasource.type=com.zax
xer.hikari.HikariDataSource
) matched 
(OnPropertyCondition)
      - 
@ConditionalOnMissingBean 
(types: 
javax.sql.DataSource; 
SearchStrategy: all) did 
not find any beans 
(OnBeanCondition)

   DataSourceInitialization
Configuration matched:
      - 
@ConditionalOnClass found 
required class 'org.springf
ramework.jdbc.datasource.in
it.DatabasePopulator' 
(OnClassCondition)
      - @ConditionalOnSingl
eCandidate (types: 
javax.sql.DataSource; 
SearchStrategy: all) found 
a single bean 
'dataSource'; 
@ConditionalOnMissingBean 
(types: org.springframework
.boot.autoconfigure.sql.ini
t.SqlDataSourceScriptDataba
seInitializer,org.springfra
mework.boot.autoconfigure.s
ql.init.SqlR2dbcScriptDatab
aseInitializer; 
SearchStrategy: all) did 
not find any beans 
(OnBeanCondition)

   DataSourcePoolMetadataPr
ovidersConfiguration.Hikari
PoolDataSourceMetadataProvi
derConfiguration matched:
      - 
@ConditionalOnClass found 
required class 'com.zaxxer.
hikari.HikariDataSource' 
(OnClassCondition)

   DataSourceTransactionMan
agerAutoConfiguration 
matched:
      - 
@ConditionalOnClass found 
required classes 
'javax.sql.DataSource', 'or
g.springframework.jdbc.core
.JdbcTemplate', 'org.spring
framework.transaction.Trans
actionManager' 
(OnClassCondition)

   DataSourceTransactionMan
agerAutoConfiguration.JdbcT
ransactionManagerConfigurat
ion matched:
      - @ConditionalOnSingl
eCandidate (types: 
javax.sql.DataSource; 
SearchStrategy: all) found 
a single bean 'dataSource' 
(OnBeanCondition)

   DispatcherServletAutoCon
figuration matched:
      - 
@ConditionalOnClass found 
required class 'org.springf
ramework.web.servlet.Dispat
cherServlet' 
(OnClassCondition)
      - found 'session' 
scope 
(OnWebApplicationCondition)

   DispatcherServletAutoCon
figuration.DispatcherServle
tConfiguration matched:
      - 
@ConditionalOnClass found 
required class 'jakarta.ser
vlet.ServletRegistration' 
(OnClassCondition)
      - Default 
DispatcherServlet did not 
find dispatcher servlet 
beans (DispatcherServletAut
oConfiguration.DefaultDispa
tcherServletCondition)

   DispatcherServletAutoCon
figuration.DispatcherServle
tRegistrationConfiguration 
matched:
      - 
@ConditionalOnClass found 
required class 'jakarta.ser
vlet.ServletRegistration' 
(OnClassCondition)
      - DispatcherServlet 
Registration did not find 
servlet registration bean (
DispatcherServletAutoConfig
uration.DispatcherServletRe
gistrationCondition)

   DispatcherServletAutoCon
figuration.DispatcherServle
tRegistrationConfiguration#
dispatcherServletRegistrati
on matched:
      - @ConditionalOnBean 
(names: dispatcherServlet 
types: org.springframework.
web.servlet.DispatcherServl
et; SearchStrategy: all) 
found bean 
'dispatcherServlet' 
(OnBeanCondition)

   
ErrorMvcAutoConfiguration 
matched:
      - 
@ConditionalOnClass found 
required classes 
'jakarta.servlet.Servlet', 
'org.springframework.web.se
rvlet.DispatcherServlet' 
(OnClassCondition)
      - found 'session' 
scope 
(OnWebApplicationCondition)

   ErrorMvcAutoConfiguratio
n#basicErrorController 
matched:
      - 
@ConditionalOnMissingBean 
(types: org.springframework
.boot.web.servlet.error.Err
orController; 
SearchStrategy: current) 
did not find any beans 
(OnBeanCondition)

   ErrorMvcAutoConfiguratio
n#errorAttributes matched:
      - 
@ConditionalOnMissingBean 
(types: org.springframework
.boot.web.servlet.error.Err
orAttributes; 
SearchStrategy: current) 
did not find any beans 
(OnBeanCondition)

   ErrorMvcAutoConfiguratio
n.DefaultErrorViewResolverC
onfiguration#conventionErro
rViewResolver matched:
      - @ConditionalOnBean 
(types: org.springframework
.web.servlet.DispatcherServ
let; SearchStrategy: all) 
found bean 
'dispatcherServlet'; 
@ConditionalOnMissingBean 
(types: org.springframework
.boot.autoconfigure.web.ser
vlet.error.ErrorViewResolve
r; SearchStrategy: all) 
did not find any beans 
(OnBeanCondition)

   ErrorMvcAutoConfiguratio
n.WhitelabelErrorViewConfig
uration matched:
      - 
@ConditionalOnProperty (ser
ver.error.whitelabel.enable
d) matched 
(OnPropertyCondition)
      - ErrorTemplate 
Missing did not find error 
template view (ErrorMvcAuto
Configuration.ErrorTemplate
MissingCondition)

   ErrorMvcAutoConfiguratio
n.WhitelabelErrorViewConfig
uration#beanNameViewResolve
r matched:
      - 
@ConditionalOnMissingBean 
(types: org.springframework
.web.servlet.view.BeanNameV
iewResolver; 
SearchStrategy: all) did 
not find any beans 
(OnBeanCondition)

   ErrorMvcAutoConfiguratio
n.WhitelabelErrorViewConfig
uration#defaultErrorView 
matched:
      - 
@ConditionalOnMissingBean 
(names: error; 
SearchStrategy: all) did 
not find any beans 
(OnBeanCondition)

   
GenericCacheConfiguration 
matched:
      - Cache org.springfra
mework.boot.autoconfigure.c
ache.GenericCacheConfigurat
ion automatic cache type 
(CacheCondition)

   HibernateJpaAutoConfigur
ation matched:
      - 
@ConditionalOnClass found 
required classes 'org.sprin
gframework.orm.jpa.LocalCon
tainerEntityManagerFactoryB
ean', 'jakarta.persistence.
EntityManager', 'org.hibern
ate.engine.spi.SessionImple
mentor' (OnClassCondition)

   
HibernateJpaConfiguration 
matched:
      - @ConditionalOnSingl
eCandidate (types: 
javax.sql.DataSource; 
SearchStrategy: all) found 
a single bean 'dataSource' 
(OnBeanCondition)

   HttpEncodingAutoConfigur
ation matched:
      - 
@ConditionalOnClass found 
required class 'org.springf
ramework.web.filter.Charact
erEncodingFilter' 
(OnClassCondition)
      - found 'session' 
scope 
(OnWebApplicationCondition)
      - 
@ConditionalOnProperty (ser
ver.servlet.encoding.enable
d) matched 
(OnPropertyCondition)

   HttpEncodingAutoConfigur
ation#characterEncodingFilt
er matched:
      - 
@ConditionalOnMissingBean 
(types: org.springframework
.web.filter.CharacterEncodi
ngFilter; SearchStrategy: 
all) did not find any 
beans (OnBeanCondition)

   HttpMessageConvertersAut
oConfiguration matched:
      - 
@ConditionalOnClass found 
required class 'org.springf
ramework.http.converter.Htt
pMessageConverter' 
(OnClassCondition)
      - 
NoneNestedConditions 0 
matched 1 did not; 
NestedCondition on HttpMess
ageConvertersAutoConfigurat
ion.NotReactiveWebApplicati
onCondition.ReactiveWebAppl
ication did not find 
reactive web application 
classes (HttpMessageConvert
ersAutoConfiguration.NotRea
ctiveWebApplicationConditio
n)

   HttpMessageConvertersAut
oConfiguration#messageConve
rters matched:
      - 
@ConditionalOnMissingBean 
(types: org.springframework
.boot.autoconfigure.http.Ht
tpMessageConverters; 
SearchStrategy: all) did 
not find any beans 
(OnBeanCondition)

   HttpMessageConvertersAut
oConfiguration.StringHttpMe
ssageConverterConfiguration
 matched:
      - 
@ConditionalOnClass found 
required class 'org.springf
ramework.http.converter.Str
ingHttpMessageConverter' 
(OnClassCondition)

   HttpMessageConvertersAut
oConfiguration.StringHttpMe
ssageConverterConfiguration
#stringHttpMessageConverter
 matched:
      - 
@ConditionalOnMissingBean 
(types: org.springframework
.http.converter.StringHttpM
essageConverter; 
SearchStrategy: all) did 
not find any beans 
(OnBeanCondition)

   
JacksonAutoConfiguration 
matched:
      - 
@ConditionalOnClass found 
required class 'com.fasterx
ml.jackson.databind.ObjectM
apper' (OnClassCondition)

   JacksonAutoConfiguration
.Jackson2ObjectMapperBuilde
rCustomizerConfiguration 
matched:
      - 
@ConditionalOnClass found 
required class 'org.springf
ramework.http.converter.jso
n.Jackson2ObjectMapperBuild
er' (OnClassCondition)

   JacksonAutoConfiguration
.JacksonObjectMapperBuilder
Configuration matched:
      - 
@ConditionalOnClass found 
required class 'org.springf
ramework.http.converter.jso
n.Jackson2ObjectMapperBuild
er' (OnClassCondition)

   JacksonAutoConfiguration
.JacksonObjectMapperBuilder
Configuration#jacksonObject
MapperBuilder matched:
      - 
@ConditionalOnMissingBean 
(types: org.springframework
.http.converter.json.Jackso
n2ObjectMapperBuilder; 
SearchStrategy: all) did 
not find any beans 
(OnBeanCondition)

   JacksonAutoConfiguration
.JacksonObjectMapperConfigu
ration matched:
      - 
@ConditionalOnClass found 
required class 'org.springf
ramework.http.converter.jso
n.Jackson2ObjectMapperBuild
er' (OnClassCondition)

   JacksonAutoConfiguration
.JacksonObjectMapperConfigu
ration#jacksonObjectMapper 
matched:
      - 
@ConditionalOnMissingBean 
(types: com.fasterxml.jacks
on.databind.ObjectMapper; 
SearchStrategy: all) did 
not find any beans 
(OnBeanCondition)

   JacksonAutoConfiguration
.ParameterNamesModuleConfig
uration matched:
      - 
@ConditionalOnClass found 
required class 'com.fasterx
ml.jackson.module.paramname
s.ParameterNamesModule' 
(OnClassCondition)

   JacksonAutoConfiguration
.ParameterNamesModuleConfig
uration#parameterNamesModul
e matched:
      - 
@ConditionalOnMissingBean 
(types: com.fasterxml.jacks
on.module.paramnames.Parame
terNamesModule; 
SearchStrategy: all) did 
not find any beans 
(OnBeanCondition)

   JacksonHttpMessageConver
tersConfiguration.MappingJa
ckson2HttpMessageConverterC
onfiguration matched:
      - 
@ConditionalOnClass found 
required class 'com.fasterx
ml.jackson.databind.ObjectM
apper' (OnClassCondition)
      - 
@ConditionalOnProperty (spr
ing.mvc.converters.preferre
d-json-mapper=jackson) 
matched 
(OnPropertyCondition)
      - @ConditionalOnBean 
(types: com.fasterxml.jacks
on.databind.ObjectMapper; 
SearchStrategy: all) found 
bean 'jacksonObjectMapper' 
(OnBeanCondition)

   JacksonHttpMessageConver
tersConfiguration.MappingJa
ckson2HttpMessageConverterC
onfiguration#mappingJackson
2HttpMessageConverter 
matched:
      - 
@ConditionalOnMissingBean 
(types: org.springframework
.http.converter.json.Mappin
gJackson2HttpMessageConvert
er ignored: org.springframe
work.hateoas.server.mvc.Typ
eConstrainedMappingJackson2
HttpMessageConverter,org.sp
ringframework.data.rest.web
mvc.alps.AlpsJsonHttpMessag
eConverter; 
SearchStrategy: all) did 
not find any beans 
(OnBeanCondition)

   JdbcClientAutoConfigurat
ion matched:
      - @ConditionalOnSingl
eCandidate (types: org.spri
ngframework.jdbc.core.named
param.NamedParameterJdbcTem
plate; SearchStrategy: 
all) found a single bean 'n
amedParameterJdbcTemplate';
 @ConditionalOnMissingBean 
(types: org.springframework
.jdbc.core.simple.JdbcClien
t; SearchStrategy: all) 
did not find any beans 
(OnBeanCondition)

   JdbcTemplateAutoConfigur
ation matched:
      - 
@ConditionalOnClass found 
required classes 
'javax.sql.DataSource', 'or
g.springframework.jdbc.core
.JdbcTemplate' 
(OnClassCondition)
      - @ConditionalOnSingl
eCandidate (types: 
javax.sql.DataSource; 
SearchStrategy: all) found 
a single bean 'dataSource' 
(OnBeanCondition)

   
JdbcTemplateConfiguration 
matched:
      - 
@ConditionalOnMissingBean 
(types: org.springframework
.jdbc.core.JdbcOperations; 
SearchStrategy: all) did 
not find any beans 
(OnBeanCondition)

   JpaBaseConfiguration#ent
ityManagerFactory matched:
      - 
@ConditionalOnMissingBean 
(types: org.springframework
.orm.jpa.LocalContainerEnti
tyManagerFactoryBean,jakart
a.persistence.EntityManager
Factory; SearchStrategy: 
all) did not find any 
beans (OnBeanCondition)

   JpaBaseConfiguration#ent
ityManagerFactoryBuilder 
matched:
      - 
@ConditionalOnMissingBean 
(types: org.springframework
.boot.orm.jpa.EntityManager
FactoryBuilder; 
SearchStrategy: all) did 
not find any beans 
(OnBeanCondition)

   JpaBaseConfiguration#jpa
VendorAdapter matched:
      - 
@ConditionalOnMissingBean 
(types: org.springframework
.orm.jpa.JpaVendorAdapter; 
SearchStrategy: all) did 
not find any beans 
(OnBeanCondition)

   JpaBaseConfiguration#tra
nsactionManager matched:
      - 
@ConditionalOnMissingBean 
(types: org.springframework
.transaction.TransactionMan
ager; SearchStrategy: all) 
did not find any beans 
(OnBeanCondition)

   JpaBaseConfiguration.Jpa
WebConfiguration matched:
      - 
@ConditionalOnClass found 
required class 'org.springf
ramework.web.servlet.config
.annotation.WebMvcConfigure
r' (OnClassCondition)
      - found 'session' 
scope 
(OnWebApplicationCondition)
      - 
@ConditionalOnProperty (spr
ing.jpa.open-in-view=true) 
matched 
(OnPropertyCondition)
      - 
@ConditionalOnMissingBean 
(types: org.springframework
.orm.jpa.support.OpenEntity
ManagerInViewInterceptor,or
g.springframework.orm.jpa.s
upport.OpenEntityManagerInV
iewFilter; SearchStrategy: 
all) did not find any 
beans (OnBeanCondition)

   JpaBaseConfiguration.Per
sistenceManagedTypesConfigu
ration matched:
      - 
@ConditionalOnMissingBean 
(types: org.springframework
.orm.jpa.LocalContainerEnti
tyManagerFactoryBean,jakart
a.persistence.EntityManager
Factory; SearchStrategy: 
all) did not find any 
beans (OnBeanCondition)

   JpaBaseConfiguration.Per
sistenceManagedTypesConfigu
ration#persistenceManagedTy
pes matched:
      - 
@ConditionalOnMissingBean 
(types: org.springframework
.orm.jpa.persistenceunit.Pe
rsistenceManagedTypes; 
SearchStrategy: all) did 
not find any beans 
(OnBeanCondition)

   JpaRepositoriesAutoConfi
guration matched:
      - 
@ConditionalOnClass found 
required class 'org.springf
ramework.data.jpa.repositor
y.JpaRepository' 
(OnClassCondition)
      - 
@ConditionalOnProperty (spr
ing.data.jpa.repositories.e
nabled=true) matched 
(OnPropertyCondition)
      - @ConditionalOnBean 
(types: 
javax.sql.DataSource; 
SearchStrategy: all) found 
bean 'dataSource'; 
@ConditionalOnMissingBean 
(types: org.springframework
.data.jpa.repository.suppor
t.JpaRepositoryFactoryBean,
org.springframework.data.jp
a.repository.config.JpaRepo
sitoryConfigExtension; 
SearchStrategy: all) did 
not find any beans 
(OnBeanCondition)

   JtaAutoConfiguration 
matched:
      - 
@ConditionalOnClass found 
required class 'jakarta.tra
nsaction.Transaction' 
(OnClassCondition)
      - 
@ConditionalOnProperty 
(spring.jta.enabled) 
matched 
(OnPropertyCondition)

   LifecycleAutoConfigurati
on#defaultLifecycleProcesso
r matched:
      - 
@ConditionalOnMissingBean 
(names: 
lifecycleProcessor; 
SearchStrategy: current) 
did not find any beans 
(OnBeanCondition)

   
MockMvcAutoConfiguration 
matched:
      - found 'session' 
scope 
(OnWebApplicationCondition)

   MockMvcAutoConfiguration
#mockMvc matched:
      - 
@ConditionalOnMissingBean 
(types: org.springframework
.test.web.servlet.MockMvc; 
SearchStrategy: all) did 
not find any beans 
(OnBeanCondition)

   MockMvcAutoConfiguration
#mockMvcBuilder matched:
      - 
@ConditionalOnMissingBean 
(types: org.springframework
.test.web.servlet.MockMvcBu
ilder; SearchStrategy: 
all) did not find any 
beans (OnBeanCondition)

   
MultipartAutoConfiguration 
matched:
      - 
@ConditionalOnClass found 
required classes 
'jakarta.servlet.Servlet', 
'org.springframework.web.mu
ltipart.support.StandardSer
vletMultipartResolver', 'ja
karta.servlet.MultipartConf
igElement' 
(OnClassCondition)
      - found 'session' 
scope 
(OnWebApplicationCondition)
      - 
@ConditionalOnProperty (spr
ing.servlet.multipart.enabl
ed) matched 
(OnPropertyCondition)

   MultipartAutoConfigurati
on#multipartConfigElement 
matched:
      - 
@ConditionalOnMissingBean 
(types: jakarta.servlet.Mul
tipartConfigElement; 
SearchStrategy: all) did 
not find any beans 
(OnBeanCondition)

   MultipartAutoConfigurati
on#multipartResolver 
matched:
      - 
@ConditionalOnMissingBean 
(types: org.springframework
.web.multipart.MultipartRes
olver; SearchStrategy: 
all) did not find any 
beans (OnBeanCondition)

   NamedParameterJdbcTempla
teConfiguration matched:
      - @ConditionalOnSingl
eCandidate (types: org.spri
ngframework.jdbc.core.JdbcT
emplate; SearchStrategy: 
all) found a single bean 
'jdbcTemplate'; 
@ConditionalOnMissingBean 
(types: org.springframework
.jdbc.core.namedparam.Named
ParameterJdbcOperations; 
SearchStrategy: all) did 
not find any beans 
(OnBeanCondition)

   NoOpCacheConfiguration 
matched:
      - Cache org.springfra
mework.boot.autoconfigure.c
ache.NoOpCacheConfiguration
 automatic cache type 
(CacheCondition)

   PersistenceExceptionTran
slationAutoConfiguration 
matched:
      - 
@ConditionalOnClass found 
required class 'org.springf
ramework.dao.annotation.Per
sistenceExceptionTranslatio
nPostProcessor' 
(OnClassCondition)

   PersistenceExceptionTran
slationAutoConfiguration#pe
rsistenceExceptionTranslati
onPostProcessor matched:
      - 
@ConditionalOnProperty (spr
ing.dao.exceptiontranslatio
n.enabled) matched 
(OnPropertyCondition)
      - 
@ConditionalOnMissingBean 
(types: org.springframework
.dao.annotation.Persistence
ExceptionTranslationPostPro
cessor; SearchStrategy: 
all) did not find any 
beans (OnBeanCondition)

   PropertyPlaceholderAutoC
onfiguration#propertySource
sPlaceholderConfigurer 
matched:
      - 
@ConditionalOnMissingBean 
(types: org.springframework
.context.support.PropertySo
urcesPlaceholderConfigurer;
 SearchStrategy: current) 
did not find any beans 
(OnBeanCondition)

   RestClientAutoConfigurat
ion matched:
      - 
@ConditionalOnClass found 
required class 'org.springf
ramework.web.client.RestCli
ent' (OnClassCondition)
      - 
NoneNestedConditions 0 
matched 1 did not; 
NestedCondition on NotReact
iveWebApplicationCondition.
ReactiveWebApplication did 
not find reactive web 
application classes (NotRea
ctiveWebApplicationConditio
n)

   RestClientAutoConfigurat
ion#httpMessageConvertersRe
stClientCustomizer matched:
      - 
@ConditionalOnMissingBean 
(types: org.springframework
.boot.autoconfigure.web.cli
ent.HttpMessageConvertersRe
stClientCustomizer; 
SearchStrategy: all) did 
not find any beans 
(OnBeanCondition)

   RestClientAutoConfigurat
ion#restClientBuilder 
matched:
      - 
@ConditionalOnMissingBean 
(types: org.springframework
.web.client.RestClient$Buil
der; SearchStrategy: all) 
did not find any beans 
(OnBeanCondition)

   RestClientAutoConfigurat
ion#restClientBuilderConfig
urer matched:
      - 
@ConditionalOnMissingBean 
(types: org.springframework
.boot.autoconfigure.web.cli
ent.RestClientBuilderConfig
urer; SearchStrategy: all) 
did not find any beans 
(OnBeanCondition)

   RestClientAutoConfigurat
ion#restClientSsl matched:
      - @ConditionalOnBean 
(types: org.springframework
.boot.ssl.SslBundles; 
SearchStrategy: all) found 
bean 'sslBundleRegistry'; 
@ConditionalOnMissingBean 
(types: org.springframework
.boot.autoconfigure.web.cli
ent.RestClientSsl; 
SearchStrategy: all) did 
not find any beans 
(OnBeanCondition)

   RestTemplateAutoConfigur
ation matched:
      - 
@ConditionalOnClass found 
required class 'org.springf
ramework.web.client.RestTem
plate' (OnClassCondition)
      - 
NoneNestedConditions 0 
matched 1 did not; 
NestedCondition on NotReact
iveWebApplicationCondition.
ReactiveWebApplication did 
not find reactive web 
application classes (NotRea
ctiveWebApplicationConditio
n)

   RestTemplateAutoConfigur
ation#restTemplateBuilder 
matched:
      - 
@ConditionalOnMissingBean 
(types: org.springframework
.boot.web.client.RestTempla
teBuilder; SearchStrategy: 
all) did not find any 
beans (OnBeanCondition)

   
SecurityAutoConfiguration 
matched:
      - 
@ConditionalOnClass found 
required class 'org.springf
ramework.security.authentic
ation.DefaultAuthentication
EventPublisher' 
(OnClassCondition)

   SecurityAutoConfiguratio
n#authenticationEventPublis
her matched:
      - 
@ConditionalOnMissingBean 
(types: org.springframework
.security.authentication.Au
thenticationEventPublisher;
 SearchStrategy: all) did 
not find any beans 
(OnBeanCondition)

   SecurityFilterAutoConfig
uration matched:
      - 
@ConditionalOnClass found 
required classes 'org.sprin
gframework.security.web.con
text.AbstractSecurityWebApp
licationInitializer', 'org.
springframework.security.co
nfig.http.SessionCreationPo
licy' (OnClassCondition)
      - found 'session' 
scope 
(OnWebApplicationCondition)

   SecurityFilterAutoConfig
uration#securityFilterChain
Registration matched:
      - @ConditionalOnBean 
(names: 
springSecurityFilterChain; 
SearchStrategy: all) found 
bean 'springSecurityFilterC
hain' (OnBeanCondition)

   ServletWebServerFactoryA
utoConfiguration matched:
      - 
@ConditionalOnClass found 
required class 'jakarta.ser
vlet.ServletRequest' 
(OnClassCondition)
      - found 'session' 
scope 
(OnWebApplicationCondition)

   ServletWebServerFactoryA
utoConfiguration#tomcatServ
letWebServerFactoryCustomiz
er matched:
      - 
@ConditionalOnClass found 
required class 'org.apache.
catalina.startup.Tomcat' 
(OnClassCondition)

   ServletWebServerFactoryC
onfiguration.EmbeddedTomcat
 matched:
      - 
@ConditionalOnClass found 
required classes 
'jakarta.servlet.Servlet', 
'org.apache.catalina.startu
p.Tomcat', 'org.apache.coyo
te.UpgradeProtocol' 
(OnClassCondition)
      - 
@ConditionalOnMissingBean 
(types: org.springframework
.boot.web.servlet.server.Se
rvletWebServerFactory; 
SearchStrategy: current) 
did not find any beans 
(OnBeanCondition)

   
SimpleCacheConfiguration 
matched:
      - Cache org.springfra
mework.boot.autoconfigure.c
ache.SimpleCacheConfigurati
on automatic cache type 
(CacheCondition)

   SpringBootWebSecurityCon
figuration matched:
      - found 'session' 
scope 
(OnWebApplicationCondition)

   SpringBootWebSecurityCon
figuration.WebSecurityEnabl
erConfiguration matched:
      - 
@ConditionalOnClass found 
required class 'org.springf
ramework.security.config.an
notation.web.configuration.
EnableWebSecurity' 
(OnClassCondition)
      - 
@ConditionalOnMissingBean 
(names: 
springSecurityFilterChain; 
SearchStrategy: all) did 
not find any beans 
(OnBeanCondition)

   SpringDataWebAutoConfigu
ration matched:
      - 
@ConditionalOnClass found 
required classes 'org.sprin
gframework.data.web.Pageabl
eHandlerMethodArgumentResol
ver', 'org.springframework.
web.servlet.config.annotati
on.WebMvcConfigurer' 
(OnClassCondition)
      - found 'session' 
scope 
(OnWebApplicationCondition)
      - 
@ConditionalOnMissingBean 
(types: org.springframework
.data.web.PageableHandlerMe
thodArgumentResolver; 
SearchStrategy: all) did 
not find any beans 
(OnBeanCondition)

   SpringDataWebAutoConfigu
ration#pageableCustomizer 
matched:
      - 
@ConditionalOnMissingBean 
(types: org.springframework
.data.web.config.PageableHa
ndlerMethodArgumentResolver
Customizer; 
SearchStrategy: all) did 
not find any beans 
(OnBeanCondition)

   SpringDataWebAutoConfigu
ration#sortCustomizer 
matched:
      - 
@ConditionalOnMissingBean 
(types: org.springframework
.data.web.config.SortHandle
rMethodArgumentResolverCust
omizer; SearchStrategy: 
all) did not find any 
beans (OnBeanCondition)

   SqlInitializationAutoCon
figuration matched:
      - 
@ConditionalOnProperty 
(spring.sql.init.enabled) 
matched 
(OnPropertyCondition)
      - 
NoneNestedConditions 0 
matched 1 did not; 
NestedCondition on SqlIniti
alizationAutoConfiguration.
SqlInitializationModeCondit
ion.ModeIsNever 
@ConditionalOnProperty (spr
ing.sql.init.mode=never) 
did not find property 
'mode' (SqlInitializationAu
toConfiguration.SqlInitiali
zationModeCondition)

   SslAutoConfiguration#ssl
BundleRegistry matched:
      - 
@ConditionalOnMissingBean 
(types: org.springframework
.boot.ssl.SslBundleRegistry
,org.springframework.boot.s
sl.SslBundles; 
SearchStrategy: all) did 
not find any beans 
(OnBeanCondition)

   TaskExecutionAutoConfigu
ration matched:
      - 
@ConditionalOnClass found 
required class 'org.springf
ramework.scheduling.concurr
ent.ThreadPoolTaskExecutor'
 (OnClassCondition)

   TaskExecutorConfiguratio
ns.SimpleAsyncTaskExecutorB
uilderConfiguration#simpleA
syncTaskExecutorBuilder 
matched:
      - 
@ConditionalOnMissingBean 
(types: org.springframework
.boot.task.SimpleAsyncTaskE
xecutorBuilder; 
SearchStrategy: all) did 
not find any beans 
(OnBeanCondition)
      - 
@ConditionalOnThreading 
found PLATFORM 
(OnThreadingCondition)

   TaskExecutorConfiguratio
ns.TaskExecutorBuilderConfi
guration#taskExecutorBuilde
r matched:
      - 
@ConditionalOnMissingBean 
(types: org.springframework
.boot.task.TaskExecutorBuil
der; SearchStrategy: all) 
did not find any beans 
(OnBeanCondition)

   TaskExecutorConfiguratio
ns.TaskExecutorConfiguratio
n matched:
      - 
@ConditionalOnMissingBean 
(types: java.util.concurren
t.Executor; 
SearchStrategy: all) did 
not find any beans 
(OnBeanCondition)

   TaskExecutorConfiguratio
ns.TaskExecutorConfiguratio
n#applicationTaskExecutor 
matched:
      - 
@ConditionalOnThreading 
found PLATFORM 
(OnThreadingCondition)

   TaskExecutorConfiguratio
ns.ThreadPoolTaskExecutorBu
ilderConfiguration#threadPo
olTaskExecutorBuilder 
matched:
      - 
@ConditionalOnMissingBean 
(types: org.springframework
.boot.task.TaskExecutorBuil
der,org.springframework.boo
t.task.ThreadPoolTaskExecut
orBuilder; SearchStrategy: 
all) did not find any 
beans (OnBeanCondition)

   TaskSchedulingAutoConfig
uration matched:
      - 
@ConditionalOnClass found 
required class 'org.springf
ramework.scheduling.concurr
ent.ThreadPoolTaskScheduler
' (OnClassCondition)

   TaskSchedulingConfigurat
ions.SimpleAsyncTaskSchedul
erBuilderConfiguration#simp
leAsyncTaskSchedulerBuilder
 matched:
      - 
@ConditionalOnMissingBean 
(types: org.springframework
.boot.task.SimpleAsyncTaskS
chedulerBuilder; 
SearchStrategy: all) did 
not find any beans 
(OnBeanCondition)
      - 
@ConditionalOnThreading 
found PLATFORM 
(OnThreadingCondition)

   TaskSchedulingConfigurat
ions.TaskSchedulerBuilderCo
nfiguration#taskSchedulerBu
ilder matched:
      - 
@ConditionalOnMissingBean 
(types: org.springframework
.boot.task.TaskSchedulerBui
lder; SearchStrategy: all) 
did not find any beans 
(OnBeanCondition)

   TaskSchedulingConfigurat
ions.ThreadPoolTaskSchedule
rBuilderConfiguration#threa
dPoolTaskSchedulerBuilder 
matched:
      - 
@ConditionalOnMissingBean 
(types: org.springframework
.boot.task.TaskSchedulerBui
lder,org.springframework.bo
ot.task.ThreadPoolTaskSched
ulerBuilder; 
SearchStrategy: all) did 
not find any beans 
(OnBeanCondition)

   TransactionAutoConfigura
tion matched:
      - 
@ConditionalOnClass found 
required class 'org.springf
ramework.transaction.Platfo
rmTransactionManager' 
(OnClassCondition)

   TransactionAutoConfigura
tion.EnableTransactionManag
ementConfiguration matched:
      - @ConditionalOnBean 
(types: org.springframework
.transaction.TransactionMan
ager; SearchStrategy: all) 
found bean 
'transactionManager'; 
@ConditionalOnMissingBean 
(types: org.springframework
.transaction.annotation.Abs
tractTransactionManagementC
onfiguration; 
SearchStrategy: all) did 
not find any beans 
(OnBeanCondition)

   TransactionAutoConfigura
tion.EnableTransactionManag
ementConfiguration.CglibAut
oProxyConfiguration 
matched:
      - 
@ConditionalOnProperty (spr
ing.aop.proxy-target-class=
true) matched 
(OnPropertyCondition)

   TransactionAutoConfigura
tion.TransactionTemplateCon
figuration matched:
      - @ConditionalOnSingl
eCandidate (types: org.spri
ngframework.transaction.Pla
tformTransactionManager; 
SearchStrategy: all) found 
a single bean 
'transactionManager' 
(OnBeanCondition)

   TransactionAutoConfigura
tion.TransactionTemplateCon
figuration#transactionTempl
ate matched:
      - 
@ConditionalOnMissingBean 
(types: org.springframework
.transaction.support.Transa
ctionOperations; 
SearchStrategy: all) did 
not find any beans 
(OnBeanCondition)

   TransactionManagerCustom
izationAutoConfiguration 
matched:
      - 
@ConditionalOnClass found 
required class 'org.springf
ramework.transaction.Platfo
rmTransactionManager' 
(OnClassCondition)

   TransactionManagerCustom
izationAutoConfiguration#pl
atformTransactionManagerCus
tomizers matched:
      - 
@ConditionalOnMissingBean 
(types: org.springframework
.boot.autoconfigure.transac
tion.TransactionManagerCust
omizers; SearchStrategy: 
all) did not find any 
beans (OnBeanCondition)

   ValidationAutoConfigurat
ion matched:
      - 
@ConditionalOnClass found 
required class 'jakarta.val
idation.executable.Executab
leValidator' 
(OnClassCondition)
      - 
@ConditionalOnResource 
found location classpath:ME
TA-INF/services/jakarta.val
idation.spi.ValidationProvi
der (OnResourceCondition)

   ValidationAutoConfigurat
ion#defaultValidator 
matched:
      - 
@ConditionalOnMissingBean 
(types: jakarta.validation.
Validator; SearchStrategy: 
all) did not find any 
beans (OnBeanCondition)

   ValidationAutoConfigurat
ion#methodValidationPostPro
cessor matched:
      - 
@ConditionalOnMissingBean 
(types: org.springframework
.validation.beanvalidation.
MethodValidationPostProcess
or; SearchStrategy: 
current) did not find any 
beans (OnBeanCondition)

   WebMvcAutoConfiguration 
matched:
      - 
@ConditionalOnClass found 
required classes 
'jakarta.servlet.Servlet', 
'org.springframework.web.se
rvlet.DispatcherServlet', '
org.springframework.web.ser
vlet.config.annotation.WebM
vcConfigurer' 
(OnClassCondition)
      - found 'session' 
scope 
(OnWebApplicationCondition)
      - 
@ConditionalOnMissingBean 
(types: org.springframework
.web.servlet.config.annotat
ion.WebMvcConfigurationSupp
ort; SearchStrategy: all) 
did not find any beans 
(OnBeanCondition)

   WebMvcAutoConfiguration#
formContentFilter matched:
      - 
@ConditionalOnProperty (spr
ing.mvc.formcontent.filter.
enabled) matched 
(OnPropertyCondition)
      - 
@ConditionalOnMissingBean 
(types: org.springframework
.web.filter.FormContentFilt
er; SearchStrategy: all) 
did not find any beans 
(OnBeanCondition)

   WebMvcAutoConfiguration.
EnableWebMvcConfiguration#f
lashMapManager matched:
      - 
@ConditionalOnMissingBean 
(names: flashMapManager; 
SearchStrategy: all) did 
not find any beans 
(OnBeanCondition)

   WebMvcAutoConfiguration.
EnableWebMvcConfiguration#l
ocaleResolver matched:
      - 
@ConditionalOnMissingBean 
(names: localeResolver; 
SearchStrategy: all) did 
not find any beans 
(OnBeanCondition)

   WebMvcAutoConfiguration.
EnableWebMvcConfiguration#t
hemeResolver matched:
      - 
@ConditionalOnMissingBean 
(names: themeResolver; 
SearchStrategy: all) did 
not find any beans 
(OnBeanCondition)

   WebMvcAutoConfiguration.
WebMvcAutoConfigurationAdap
ter#defaultViewResolver 
matched:
      - 
@ConditionalOnMissingBean 
(types: org.springframework
.web.servlet.view.InternalR
esourceViewResolver; 
SearchStrategy: all) did 
not find any beans 
(OnBeanCondition)

   WebMvcAutoConfiguration.
WebMvcAutoConfigurationAdap
ter#requestContextFilter 
matched:
      - 
@ConditionalOnMissingBean 
(types: org.springframework
.web.context.request.Reques
tContextListener,org.spring
framework.web.filter.Reques
tContextFilter; 
SearchStrategy: all) did 
not find any beans 
(OnBeanCondition)

   WebMvcAutoConfiguration.
WebMvcAutoConfigurationAdap
ter#viewResolver matched:
      - @ConditionalOnBean 
(types: org.springframework
.web.servlet.ViewResolver; 
SearchStrategy: all) found 
beans 
'defaultViewResolver', 
'beanNameViewResolver', 
'mvcViewResolver'; 
@ConditionalOnMissingBean 
(names: viewResolver 
types: org.springframework.
web.servlet.view.ContentNeg
otiatingViewResolver; 
SearchStrategy: all) did 
not find any beans 
(OnBeanCondition)

   WebSocketServletAutoConf
iguration matched:
      - 
@ConditionalOnClass found 
required classes 
'jakarta.servlet.Servlet', 
'jakarta.websocket.server.S
erverContainer' 
(OnClassCondition)
      - found 'session' 
scope 
(OnWebApplicationCondition)

   WebSocketServletAutoConf
iguration.TomcatWebSocketCo
nfiguration matched:
      - 
@ConditionalOnClass found 
required classes 'org.apach
e.catalina.startup.Tomcat',
 'org.apache.tomcat.websock
et.server.WsSci' 
(OnClassCondition)

   WebSocketServletAutoConf
iguration.TomcatWebSocketCo
nfiguration#websocketServle
tWebServerCustomizer 
matched:
      - 
@ConditionalOnMissingBean 
(names: websocketServletWeb
ServerCustomizer; 
SearchStrategy: all) did 
not find any beans 
(OnBeanCondition)


Negative matches:
-----------------

   
ActiveMQAutoConfiguration:
      Did not match:
         - 
@ConditionalOnClass did 
not find required class 'ja
karta.jms.ConnectionFactory
' (OnClassCondition)

   AopAutoConfiguration.Asp
ectJAutoProxyingConfigurati
on.JdkDynamicAutoProxyConfi
guration:
      Did not match:
         - 
@ConditionalOnProperty (spr
ing.aop.proxy-target-class=
false) did not find 
property 
'proxy-target-class' 
(OnPropertyCondition)

   AopAutoConfiguration.Cla
ssProxyingConfiguration:
      Did not match:
         - 
@ConditionalOnMissingClass 
found unwanted class 'org.a
spectj.weaver.Advice' 
(OnClassCondition)

   
ArtemisAutoConfiguration:
      Did not match:
         - 
@ConditionalOnClass did 
not find required class 'ja
karta.jms.ConnectionFactory
' (OnClassCondition)

   BatchAutoConfiguration:
      Did not match:
         - 
@ConditionalOnClass did 
not find required class 'or
g.springframework.batch.cor
e.launch.JobLauncher' 
(OnClassCondition)

   
Cache2kCacheConfiguration:
      Did not match:
         - 
@ConditionalOnClass did 
not find required class 'or
g.cache2k.Cache2kBuilder' 
(OnClassCondition)

   CacheAutoConfiguration:
      Did not match:
         - 
@ConditionalOnBean (types: 
org.springframework.cache.i
nterceptor.CacheAspectSuppo
rt; SearchStrategy: all) 
did not find any beans of 
type org.springframework.ca
che.interceptor.CacheAspect
Support (OnBeanCondition)
      Matched:
         - 
@ConditionalOnClass found 
required class 'org.springf
ramework.cache.CacheManager
' (OnClassCondition)

   CacheAutoConfiguration.C
acheManagerEntityManagerFac
toryDependsOnPostProcessor:
      Did not match:
         - Ancestor org.spr
ingframework.boot.autoconfi
gure.cache.CacheAutoConfigu
ration did not match (Condi
tionEvaluationReport.Ancest
orsMatchedCondition)
      Matched:
         - 
@ConditionalOnClass found 
required class 'org.springf
ramework.orm.jpa.LocalConta
inerEntityManagerFactoryBea
n' (OnClassCondition)

   
CaffeineCacheConfiguration:
      Did not match:
         - 
@ConditionalOnClass did 
not find required class 'co
m.github.benmanes.caffeine.
cache.Caffeine' 
(OnClassCondition)

   
CassandraAutoConfiguration:
      Did not match:
         - 
@ConditionalOnClass did 
not find required class 'co
m.datastax.oss.driver.api.c
ore.CqlSession' 
(OnClassCondition)

   CassandraDataAutoConfigu
ration:
      Did not match:
         - 
@ConditionalOnClass did 
not find required class 'co
m.datastax.oss.driver.api.c
ore.CqlSession' 
(OnClassCondition)

   CassandraReactiveDataAut
oConfiguration:
      Did not match:
         - 
@ConditionalOnClass did 
not find required class 'co
m.datastax.oss.driver.api.c
ore.CqlSession' 
(OnClassCondition)

   CassandraReactiveReposit
oriesAutoConfiguration:
      Did not match:
         - 
@ConditionalOnClass did 
not find required class 'or
g.springframework.data.cass
andra.ReactiveSession' 
(OnClassCondition)

   CassandraRepositoriesAut
oConfiguration:
      Did not match:
         - 
@ConditionalOnClass did 
not find required class 'co
m.datastax.oss.driver.api.c
ore.CqlSession' 
(OnClassCondition)

   ClientHttpConnectorAutoC
onfiguration:
      Did not match:
         - 
@ConditionalOnClass did 
not find required class 'or
g.springframework.web.react
ive.function.client.WebClie
nt' (OnClassCondition)

   CodecsAutoConfiguration:
      Did not match:
         - 
@ConditionalOnClass did 
not find required class 'or
g.springframework.web.react
ive.function.client.WebClie
nt' (OnClassCondition)

   
CouchbaseAutoConfiguration:
      Did not match:
         - 
@ConditionalOnClass did 
not find required class 'co
m.couchbase.client.java.Clu
ster' (OnClassCondition)

   CouchbaseCacheConfigurat
ion:
      Did not match:
         - 
@ConditionalOnClass did 
not find required class 'co
m.couchbase.client.java.Clu
ster' (OnClassCondition)

   CouchbaseDataAutoConfigu
ration:
      Did not match:
         - 
@ConditionalOnClass did 
not find required class 'co
m.couchbase.client.java.Buc
ket' (OnClassCondition)

   CouchbaseReactiveDataAut
oConfiguration:
      Did not match:
         - 
@ConditionalOnClass did 
not find required class 'co
m.couchbase.client.java.Clu
ster' (OnClassCondition)

   CouchbaseReactiveReposit
oriesAutoConfiguration:
      Did not match:
         - 
@ConditionalOnClass did 
not find required class 'co
m.couchbase.client.java.Clu
ster' (OnClassCondition)

   CouchbaseRepositoriesAut
oConfiguration:
      Did not match:
         - 
@ConditionalOnClass did 
not find required class 'co
m.couchbase.client.java.Buc
ket' (OnClassCondition)

   DataSourceAutoConfigurat
ion.EmbeddedDatabaseConfigu
ration:
      Did not match:
         - 
EmbeddedDataSource 
spring.datasource.url is 
set (DataSourceAutoConfigur
ation.EmbeddedDatabaseCondi
tion)

   DataSourceCheckpointRest
oreConfiguration:
      Did not match:
         - 
@ConditionalOnClass did 
not find required class 
'org.crac.Resource' 
(OnClassCondition)

   DataSourceConfiguration.
Dbcp2:
      Did not match:
         - 
@ConditionalOnClass did 
not find required class 'or
g.apache.commons.dbcp2.Basi
cDataSource' 
(OnClassCondition)

   DataSourceConfiguration.
Generic:
      Did not match:
         - 
@ConditionalOnProperty 
(spring.datasource.type) 
did not find property 
'spring.datasource.type' 
(OnPropertyCondition)

   DataSourceConfiguration.
OracleUcp:
      Did not match:
         - 
@ConditionalOnClass did 
not find required classes '
oracle.ucp.jdbc.PoolDataSou
rceImpl', 'oracle.jdbc.Orac
leConnection' 
(OnClassCondition)

   DataSourceConfiguration.
Tomcat:
      Did not match:
         - 
@ConditionalOnClass did 
not find required class 'or
g.apache.tomcat.jdbc.pool.D
ataSource' 
(OnClassCondition)

   
DataSourceJmxConfiguration:
      Did not match:
         - 
@ConditionalOnProperty 
(spring.jmx.enabled=true) 
found different value in 
property 'enabled' 
(OnPropertyCondition)

   DataSourcePoolMetadataPr
ovidersConfiguration.Common
sDbcp2PoolDataSourceMetadat
aProviderConfiguration:
      Did not match:
         - 
@ConditionalOnClass did 
not find required class 'or
g.apache.commons.dbcp2.Basi
cDataSource' 
(OnClassCondition)

   DataSourcePoolMetadataPr
ovidersConfiguration.Oracle
UcpPoolDataSourceMetadataPr
oviderConfiguration:
      Did not match:
         - 
@ConditionalOnClass did 
not find required classes '
oracle.ucp.jdbc.PoolDataSou
rce', 'oracle.jdbc.OracleCo
nnection' 
(OnClassCondition)

   DataSourcePoolMetadataPr
ovidersConfiguration.Tomcat
DataSourcePoolMetadataProvi
derConfiguration:
      Did not match:
         - 
@ConditionalOnClass did 
not find required class 'or
g.apache.tomcat.jdbc.pool.D
ataSource' 
(OnClassCondition)

   DataSourceTransactionMan
agerAutoConfiguration.JdbcT
ransactionManagerConfigurat
ion#transactionManager:
      Did not match:
         - 
@ConditionalOnMissingBean 
(types: org.springframework
.transaction.TransactionMan
ager; SearchStrategy: all) 
found beans of type 'org.sp
ringframework.transaction.T
ransactionManager' 
transactionManager 
(OnBeanCondition)

   DispatcherServletAutoCon
figuration.DispatcherServle
tConfiguration#multipartRes
olver:
      Did not match:
         - 
@ConditionalOnBean (types: 
org.springframework.web.mul
tipart.MultipartResolver; 
SearchStrategy: all) did 
not find any beans of type 
org.springframework.web.mul
tipart.MultipartResolver 
(OnBeanCondition)

   ElasticsearchClientAutoC
onfiguration:
      Did not match:
         - 
@ConditionalOnClass did 
not find required class 'co
.elastic.clients.elasticsea
rch.ElasticsearchClient' 
(OnClassCondition)

   ElasticsearchDataAutoCon
figuration:
      Did not match:
         - 
@ConditionalOnClass did 
not find required class 'or
g.springframework.data.elas
ticsearch.client.elc.Elasti
csearchTemplate' 
(OnClassCondition)

   ElasticsearchRepositorie
sAutoConfiguration:
      Did not match:
         - 
@ConditionalOnClass did 
not find required class 'or
g.springframework.data.elas
ticsearch.repository.Elasti
csearchRepository' 
(OnClassCondition)

   ElasticsearchRestClientA
utoConfiguration:
      Did not match:
         - 
@ConditionalOnClass did 
not find required class 'or
g.elasticsearch.client.Rest
ClientBuilder' 
(OnClassCondition)

   EmbeddedLdapAutoConfigur
ation:
      Did not match:
         - 
@ConditionalOnClass did 
not find required class 'co
m.unboundid.ldap.listener.I
nMemoryDirectoryServer' 
(OnClassCondition)

   EmbeddedWebServerFactory
CustomizerAutoConfiguration
:
      Did not match:
         - Application is 
deployed as a WAR file. 
(OnWarDeploymentCondition)
      Matched:
         - @ConditionalOnWe
bApplication (required) 
found 'session' scope 
(OnWebApplicationCondition)

   ErrorWebFluxAutoConfigur
ation:
      Did not match:
         - 
@ConditionalOnClass did 
not find required class 'or
g.springframework.web.react
ive.config.WebFluxConfigure
r' (OnClassCondition)

   FlywayAutoConfiguration:
      Did not match:
         - 
@ConditionalOnClass did 
not find required class 
'org.flywaydb.core.Flyway' 
(OnClassCondition)

   FreeMarkerAutoConfigurat
ion:
      Did not match:
         - 
@ConditionalOnClass did 
not find required class 'fr
eemarker.template.Configura
tion' (OnClassCondition)

   
GraphQlAutoConfiguration:
      Did not match:
         - 
@ConditionalOnClass did 
not find required class 
'graphql.GraphQL' 
(OnClassCondition)

   GraphQlQueryByExampleAut
oConfiguration:
      Did not match:
         - 
@ConditionalOnClass did 
not find required class 
'graphql.GraphQL' 
(OnClassCondition)

   GraphQlQuerydslAutoConfi
guration:
      Did not match:
         - 
@ConditionalOnClass did 
not find required class 
'com.querydsl.core.Query' 
(OnClassCondition)

   GraphQlRSocketAutoConfig
uration:
      Did not match:
         - 
@ConditionalOnClass did 
not find required class 
'graphql.GraphQL' 
(OnClassCondition)

   GraphQlReactiveQueryByEx
ampleAutoConfiguration:
      Did not match:
         - 
@ConditionalOnClass did 
not find required class 
'graphql.GraphQL' 
(OnClassCondition)

   GraphQlReactiveQuerydslA
utoConfiguration:
      Did not match:
         - 
@ConditionalOnClass did 
not find required class 
'com.querydsl.core.Query' 
(OnClassCondition)

   GraphQlWebFluxAutoConfig
uration:
      Did not match:
         - 
@ConditionalOnClass did 
not find required class 
'graphql.GraphQL' 
(OnClassCondition)

   GraphQlWebFluxSecurityAu
toConfiguration:
      Did not match:
         - 
@ConditionalOnClass did 
not find required class 
'graphql.GraphQL' 
(OnClassCondition)

   GraphQlWebMvcAutoConfigu
ration:
      Did not match:
         - 
@ConditionalOnClass did 
not find required class 
'graphql.GraphQL' 
(OnClassCondition)

   GraphQlWebMvcSecurityAut
oConfiguration:
      Did not match:
         - 
@ConditionalOnClass did 
not find required class 
'graphql.GraphQL' 
(OnClassCondition)

   GroovyTemplateAutoConfig
uration:
      Did not match:
         - 
@ConditionalOnClass did 
not find required class 'gr
oovy.text.markup.MarkupTemp
lateEngine' 
(OnClassCondition)

   GsonAutoConfiguration:
      Did not match:
         - 
@ConditionalOnClass did 
not find required class 
'com.google.gson.Gson' 
(OnClassCondition)

   GsonHttpMessageConverter
sConfiguration:
      Did not match:
         - 
@ConditionalOnClass did 
not find required class 
'com.google.gson.Gson' 
(OnClassCondition)

   
H2ConsoleAutoConfiguration:
      Did not match:
         - 
@ConditionalOnClass did 
not find required class 'or
g.h2.server.web.JakartaWebS
ervlet' (OnClassCondition)

   
HazelcastAutoConfiguration:
      Did not match:
         - 
@ConditionalOnClass did 
not find required class 'co
m.hazelcast.core.HazelcastI
nstance' (OnClassCondition)

   HazelcastCacheConfigurat
ion:
      Did not match:
         - 
@ConditionalOnClass did 
not find required class 'co
m.hazelcast.core.HazelcastI
nstance' (OnClassCondition)

   HazelcastJpaDependencyAu
toConfiguration:
      Did not match:
         - 
@ConditionalOnClass did 
not find required class 'co
m.hazelcast.core.HazelcastI
nstance' (OnClassCondition)

   HttpHandlerAutoConfigura
tion:
      Did not match:
         - 
@ConditionalOnClass did 
not find required class 'or
g.springframework.web.react
ive.DispatcherHandler' 
(OnClassCondition)

   HypermediaAutoConfigurat
ion:
      Did not match:
         - 
@ConditionalOnClass did 
not find required class 'or
g.springframework.hateoas.E
ntityModel' 
(OnClassCondition)

   InfinispanCacheConfigura
tion:
      Did not match:
         - 
@ConditionalOnClass did 
not find required class 'or
g.infinispan.spring.embedde
d.provider.SpringEmbeddedCa
cheManager' 
(OnClassCondition)

   
InfluxDbAutoConfiguration:
      Did not match:
         - 
@ConditionalOnClass did 
not find required class 
'org.influxdb.InfluxDB' 
(OnClassCondition)

   IntegrationAutoConfigura
tion:
      Did not match:
         - 
@ConditionalOnClass did 
not find required class 'or
g.springframework.integrati
on.config.EnableIntegration
' (OnClassCondition)

   
JCacheCacheConfiguration:
      Did not match:
         - 
@ConditionalOnClass did 
not find required class 
'javax.cache.Caching' 
(OnClassCondition)

   JacksonHttpMessageConver
tersConfiguration.MappingJa
ckson2XmlHttpMessageConvert
erConfiguration:
      Did not match:
         - 
@ConditionalOnClass did 
not find required class 'co
m.fasterxml.jackson.datafor
mat.xml.XmlMapper' 
(OnClassCondition)

   JdbcRepositoriesAutoConf
iguration:
      Did not match:
         - 
@ConditionalOnClass did 
not find required class 'or
g.springframework.data.jdbc
.repository.config.Abstract
JdbcConfiguration' 
(OnClassCondition)

   JerseyAutoConfiguration:
      Did not match:
         - 
@ConditionalOnClass did 
not find required class 'or
g.glassfish.jersey.server.s
pring.SpringComponentProvid
er' (OnClassCondition)

   JmsAutoConfiguration:
      Did not match:
         - 
@ConditionalOnClass did 
not find required class 
'jakarta.jms.Message' 
(OnClassCondition)

   JmxAutoConfiguration:
      Did not match:
         - 
@ConditionalOnProperty 
(spring.jmx.enabled=true) 
found different value in 
property 'enabled' 
(OnPropertyCondition)
      Matched:
         - 
@ConditionalOnClass found 
required class 'org.springf
ramework.jmx.export.MBeanEx
porter' (OnClassCondition)

   JndiConnectionFactoryAut
oConfiguration:
      Did not match:
         - 
@ConditionalOnClass did 
not find required class 'or
g.springframework.jms.core.
JmsTemplate' 
(OnClassCondition)

   JndiDataSourceAutoConfig
uration:
      Did not match:
         - 
@ConditionalOnProperty (spr
ing.datasource.jndi-name) 
did not find property 
'jndi-name' 
(OnPropertyCondition)
      Matched:
         - 
@ConditionalOnClass found 
required classes 
'javax.sql.DataSource', 'or
g.springframework.jdbc.data
source.embedded.EmbeddedDat
abaseType' 
(OnClassCondition)

   JndiJtaConfiguration:
      Did not match:
         - 
@ConditionalOnJndi JNDI 
environment is not 
available (OnJndiCondition)
      Matched:
         - 
@ConditionalOnClass found 
required class 'org.springf
ramework.transaction.jta.Jt
aTransactionManager' 
(OnClassCondition)

   JooqAutoConfiguration:
      Did not match:
         - 
@ConditionalOnClass did 
not find required class 
'org.jooq.DSLContext' 
(OnClassCondition)

   JpaRepositoriesAutoConfi
guration#entityManagerFacto
ryBootstrapExecutorCustomiz
er:
      Did not match:
         - 
AnyNestedCondition 0 
matched 2 did not; 
NestedCondition on JpaRepos
itoriesAutoConfiguration.Bo
otstrapExecutorCondition.La
zyBootstrapMode 
@ConditionalOnProperty (spr
ing.data.jpa.repositories.b
ootstrap-mode=lazy) did 
not find property 
'bootstrap-mode'; 
NestedCondition on JpaRepos
itoriesAutoConfiguration.Bo
otstrapExecutorCondition.De
ferredBootstrapMode 
@ConditionalOnProperty (spr
ing.data.jpa.repositories.b
ootstrap-mode=deferred) 
did not find property 
'bootstrap-mode' (JpaReposi
toriesAutoConfiguration.Boo
tstrapExecutorCondition)

   JsonbAutoConfiguration:
      Did not match:
         - 
@ConditionalOnClass did 
not find required class 
'jakarta.json.bind.Jsonb' 
(OnClassCondition)

   JsonbHttpMessageConverte
rsConfiguration:
      Did not match:
         - 
@ConditionalOnClass did 
not find required class 
'jakarta.json.bind.Jsonb' 
(OnClassCondition)

   KafkaAutoConfiguration:
      Did not match:
         - 
@ConditionalOnClass did 
not find required class 'or
g.springframework.kafka.cor
e.KafkaTemplate' 
(OnClassCondition)

   LdapAutoConfiguration:
      Did not match:
         - 
@ConditionalOnClass did 
not find required class 'or
g.springframework.ldap.core
.ContextSource' 
(OnClassCondition)

   LdapRepositoriesAutoConf
iguration:
      Did not match:
         - 
@ConditionalOnClass did 
not find required class 'or
g.springframework.data.ldap
.repository.LdapRepository'
 (OnClassCondition)

   
LiquibaseAutoConfiguration:
      Did not match:
         - 
@ConditionalOnClass did 
not find required class 'li
quibase.change.DatabaseChan
ge' (OnClassCondition)

   MailSenderAutoConfigurat
ion:
      Did not match:
         - 
@ConditionalOnClass did 
not find required class 'ja
karta.mail.internet.MimeMes
sage' (OnClassCondition)

   MailSenderValidatorAutoC
onfiguration:
      Did not match:
         - @ConditionalOnSi
ngleCandidate did not find 
required type 'org.springfr
amework.mail.javamail.JavaM
ailSenderImpl' 
(OnBeanCondition)

   MessageSourceAutoConfigu
ration:
      Did not match:
         - ResourceBundle 
did not find bundle with 
basename messages (MessageS
ourceAutoConfiguration.Reso
urceBundleCondition)

   MockMvcAutoConfiguration
#dispatcherServlet:
      Did not match:
         - 
@ConditionalOnMissingBean 
(types: org.springframework
.web.servlet.DispatcherServ
let; SearchStrategy: all) 
found beans of type 'org.sp
ringframework.web.servlet.D
ispatcherServlet' 
dispatcherServlet 
(OnBeanCondition)

   MockMvcAutoConfiguration
#dispatcherServletPath:
      Did not match:
         - 
@ConditionalOnMissingBean 
(types: org.springframework
.boot.autoconfigure.web.ser
vlet.DispatcherServletPath;
 SearchStrategy: all) 
found beans of type 'org.sp
ringframework.boot.autoconf
igure.web.servlet.Dispatche
rServletPath' dispatcherSer
vletRegistration 
(OnBeanCondition)

   MockMvcAutoConfiguration
.WebTestClientMockMvcConfig
uration:
      Did not match:
         - 
@ConditionalOnClass did 
not find required class 'or
g.springframework.web.react
ive.function.client.WebClie
nt' (OnClassCondition)

   MockMvcSecurityConfigura
tion:
      Did not match:
         - 
@ConditionalOnClass did 
not find required class 'or
g.springframework.security.
test.web.servlet.request.Se
curityMockMvcRequestPostPro
cessors' (OnClassCondition)

   MockMvcWebClientAutoConf
iguration:
      Did not match:
         - 
@ConditionalOnClass did 
not find required class 'co
m.gargoylesoftware.htmlunit
.WebClient' 
(OnClassCondition)

   MockMvcWebDriverAutoConf
iguration:
      Did not match:
         - 
@ConditionalOnClass did 
not find required class 'or
g.openqa.selenium.htmlunit.
HtmlUnitDriver' 
(OnClassCondition)

   MongoAutoConfiguration:
      Did not match:
         - 
@ConditionalOnClass did 
not find required class 'co
m.mongodb.client.MongoClien
t' (OnClassCondition)

   
MongoDataAutoConfiguration:
      Did not match:
         - 
@ConditionalOnClass did 
not find required class 'co
m.mongodb.client.MongoClien
t' (OnClassCondition)

   MongoReactiveAutoConfigu
ration:
      Did not match:
         - 
@ConditionalOnClass did 
not find required class 'co
m.mongodb.reactivestreams.c
lient.MongoClient' 
(OnClassCondition)

   MongoReactiveDataAutoCon
figuration:
      Did not match:
         - 
@ConditionalOnClass did 
not find required class 'co
m.mongodb.reactivestreams.c
lient.MongoClient' 
(OnClassCondition)

   MongoReactiveRepositorie
sAutoConfiguration:
      Did not match:
         - 
@ConditionalOnClass did 
not find required class 'co
m.mongodb.reactivestreams.c
lient.MongoClient' 
(OnClassCondition)

   MongoRepositoriesAutoCon
figuration:
      Did not match:
         - 
@ConditionalOnClass did 
not find required class 'co
m.mongodb.client.MongoClien
t' (OnClassCondition)

   
MustacheAutoConfiguration:
      Did not match:
         - 
@ConditionalOnClass did 
not find required class 'co
m.samskivert.mustache.Musta
che' (OnClassCondition)

   Neo4jAutoConfiguration:
      Did not match:
         - 
@ConditionalOnClass did 
not find required class 
'org.neo4j.driver.Driver' 
(OnClassCondition)

   
Neo4jDataAutoConfiguration:
      Did not match:
         - 
@ConditionalOnClass did 
not find required class 
'org.neo4j.driver.Driver' 
(OnClassCondition)

   Neo4jReactiveDataAutoCon
figuration:
      Did not match:
         - 
@ConditionalOnClass did 
not find required class 
'org.neo4j.driver.Driver' 
(OnClassCondition)

   Neo4jReactiveRepositorie
sAutoConfiguration:
      Did not match:
         - 
@ConditionalOnClass did 
not find required class 
'org.neo4j.driver.Driver' 
(OnClassCondition)

   Neo4jRepositoriesAutoCon
figuration:
      Did not match:
         - 
@ConditionalOnClass did 
not find required class 
'org.neo4j.driver.Driver' 
(OnClassCondition)

   NettyAutoConfiguration:
      Did not match:
         - 
@ConditionalOnClass did 
not find required class 'io
.netty.util.NettyRuntime' 
(OnClassCondition)

   OAuth2AuthorizationServe
rAutoConfiguration:
      Did not match:
         - 
@ConditionalOnClass did 
not find required class 'or
g.springframework.security.
oauth2.server.authorization
.OAuth2Authorization' 
(OnClassCondition)

   OAuth2AuthorizationServe
rJwtAutoConfiguration:
      Did not match:
         - 
@ConditionalOnClass did 
not find required class 'or
g.springframework.security.
oauth2.server.authorization
.OAuth2Authorization' 
(OnClassCondition)

   OAuth2ClientAutoConfigur
ation:
      Did not match:
         - 
@ConditionalOnClass did 
not find required class 'or
g.springframework.security.
oauth2.client.registration.
ClientRegistration' 
(OnClassCondition)

   OAuth2ResourceServerAuto
Configuration:
      Did not match:
         - 
@ConditionalOnClass did 
not find required class 'or
g.springframework.security.
oauth2.server.resource.auth
entication.BearerTokenAuthe
nticationToken' 
(OnClassCondition)

   ProjectInfoAutoConfigura
tion#buildProperties:
      Did not match:
         - 
@ConditionalOnResource did 
not find resource '${spring
.info.build.location:classp
ath:META-INF/build-info.pro
perties}' 
(OnResourceCondition)

   ProjectInfoAutoConfigura
tion#gitProperties:
      Did not match:
         - GitResource did 
not find git info at 
classpath:git.properties (P
rojectInfoAutoConfiguration
.GitResourceAvailableCondit
ion)

   PulsarAutoConfiguration:
      Did not match:
         - 
@ConditionalOnClass did 
not find required class 'or
g.apache.pulsar.client.api.
PulsarClient' 
(OnClassCondition)

   PulsarReactiveAutoConfig
uration:
      Did not match:
         - 
@ConditionalOnClass did 
not find required class 'or
g.apache.pulsar.client.api.
PulsarClient' 
(OnClassCondition)

   QuartzAutoConfiguration:
      Did not match:
         - 
@ConditionalOnClass did 
not find required class 
'org.quartz.Scheduler' 
(OnClassCondition)

   R2dbcAutoConfiguration:
      Did not match:
         - 
@ConditionalOnClass did 
not find required class 'io
.r2dbc.spi.ConnectionFactor
y' (OnClassCondition)

   
R2dbcDataAutoConfiguration:
      Did not match:
         - 
@ConditionalOnClass did 
not find required class 'or
g.springframework.data.r2db
c.core.R2dbcEntityTemplate'
 (OnClassCondition)

   R2dbcInitializationConfi
guration:
      Did not match:
         - 
@ConditionalOnClass did 
not find required classes '
io.r2dbc.spi.ConnectionFact
ory', 'org.springframework.
r2dbc.connection.init.Datab
asePopulator' 
(OnClassCondition)

   R2dbcRepositoriesAutoCon
figuration:
      Did not match:
         - 
@ConditionalOnClass did 
not find required class 'io
.r2dbc.spi.ConnectionFactor
y' (OnClassCondition)

   R2dbcTransactionManagerA
utoConfiguration:
      Did not match:
         - 
@ConditionalOnClass did 
not find required class 'or
g.springframework.r2dbc.con
nection.R2dbcTransactionMan
ager' (OnClassCondition)

   RSocketGraphQlClientAuto
Configuration:
      Did not match:
         - 
@ConditionalOnClass did 
not find required class 
'graphql.GraphQL' 
(OnClassCondition)

   RSocketMessagingAutoConf
iguration:
      Did not match:
         - 
@ConditionalOnClass did 
not find required class 
'io.rsocket.RSocket' 
(OnClassCondition)

   RSocketRequesterAutoConf
iguration:
      Did not match:
         - 
@ConditionalOnClass did 
not find required class 
'io.rsocket.RSocket' 
(OnClassCondition)

   RSocketSecurityAutoConfi
guration:
      Did not match:
         - 
@ConditionalOnClass did 
not find required class 'or
g.springframework.security.
rsocket.core.SecuritySocket
AcceptorInterceptor' 
(OnClassCondition)

   RSocketServerAutoConfigu
ration:
      Did not match:
         - 
@ConditionalOnClass did 
not find required class 'io
.rsocket.core.RSocketServer
' (OnClassCondition)

   RSocketStrategiesAutoCon
figuration:
      Did not match:
         - 
@ConditionalOnClass did 
not find required class 'io
.netty.buffer.PooledByteBuf
Allocator' 
(OnClassCondition)

   RabbitAutoConfiguration:
      Did not match:
         - 
@ConditionalOnClass did 
not find required class 'co
m.rabbitmq.client.Channel' 
(OnClassCondition)

   ReactiveElasticsearchCli
entAutoConfiguration:
      Did not match:
         - 
@ConditionalOnClass did 
not find required class 'co
.elastic.clients.transport.
ElasticsearchTransport' 
(OnClassCondition)

   ReactiveElasticsearchRep
ositoriesAutoConfiguration:
      Did not match:
         - 
@ConditionalOnClass did 
not find required class 're
actor.core.publisher.Mono' 
(OnClassCondition)

   ReactiveMultipartAutoCon
figuration:
      Did not match:
         - 
@ConditionalOnClass did 
not find required class 'or
g.springframework.web.react
ive.config.WebFluxConfigure
r' (OnClassCondition)

   ReactiveOAuth2ClientAuto
Configuration:
      Did not match:
         - 
@ConditionalOnClass did 
not find required class 're
actor.core.publisher.Flux' 
(OnClassCondition)

   ReactiveOAuth2ResourceSe
rverAutoConfiguration:
      Did not match:
         - @ConditionalOnWe
bApplication did not find 
reactive web application 
classes 
(OnWebApplicationCondition)

   ReactiveSecurityAutoConf
iguration:
      Did not match:
         - 
@ConditionalOnClass did 
not find required class 're
actor.core.publisher.Flux' 
(OnClassCondition)

   ReactiveUserDetailsServi
ceAutoConfiguration:
      Did not match:
         - 
AnyNestedCondition 0 
matched 2 did not; 
NestedCondition on Reactive
UserDetailsServiceAutoConfi
guration.RSocketEnabledOrRe
activeWebApplication.Reacti
veWebApplicationCondition 
did not find reactive web 
application classes; 
NestedCondition on Reactive
UserDetailsServiceAutoConfi
guration.RSocketEnabledOrRe
activeWebApplication.RSocke
tSecurityEnabledCondition 
@ConditionalOnBean (types: 
org.springframework.messagi
ng.rsocket.annotation.suppo
rt.RSocketMessageHandler; 
SearchStrategy: all) did 
not find any beans of type 
org.springframework.messagi
ng.rsocket.annotation.suppo
rt.RSocketMessageHandler (R
eactiveUserDetailsServiceAu
toConfiguration.RSocketEnab
ledOrReactiveWebApplication
)
      Matched:
         - 
@ConditionalOnClass found 
required class 'org.springf
ramework.security.authentic
ation.ReactiveAuthenticatio
nManager' 
(OnClassCondition)
         - 
AnyNestedCondition 1 
matched 2 did not; 
NestedCondition on Reactive
UserDetailsServiceAutoConfi
guration.MissingAlternative
OrUserPropertiesConfigured.
PasswordConfigured 
@ConditionalOnProperty (spr
ing.security.user.password)
 did not find property 
'password'; 
NestedCondition on Reactive
UserDetailsServiceAutoConfi
guration.MissingAlternative
OrUserPropertiesConfigured.
NameConfigured 
@ConditionalOnProperty (spr
ing.security.user.name) 
did not find property 
'name'; NestedCondition on 
ReactiveUserDetailsServiceA
utoConfiguration.MissingAlt
ernativeOrUserPropertiesCon
figured.MissingAlternative 
@ConditionalOnMissingClass 
did not find unwanted 
classes 'org.springframewor
k.security.oauth2.client.re
gistration.ClientRegistrati
onRepository', 'org.springf
ramework.security.oauth2.se
rver.resource.introspection
.ReactiveOpaqueTokenIntrosp
ector' (ReactiveUserDetails
ServiceAutoConfiguration.Mi
ssingAlternativeOrUserPrope
rtiesConfigured)

   ReactiveWebServerFactory
AutoConfiguration:
      Did not match:
         - @ConditionalOnWe
bApplication did not find 
reactive web application 
classes 
(OnWebApplicationCondition)

   
ReactorAutoConfiguration:
      Did not match:
         - 
@ConditionalOnClass did 
not find required class 're
actor.core.publisher.Hooks'
 (OnClassCondition)

   RedisAutoConfiguration:
      Did not match:
         - 
@ConditionalOnClass did 
not find required class 'or
g.springframework.data.redi
s.core.RedisOperations' 
(OnClassCondition)

   RedisCacheConfiguration:
      Did not match:
         - 
@ConditionalOnClass did 
not find required class 'or
g.springframework.data.redi
s.connection.RedisConnectio
nFactory' 
(OnClassCondition)

   RedisReactiveAutoConfigu
ration:
      Did not match:
         - 
@ConditionalOnClass did 
not find required class 're
actor.core.publisher.Flux' 
(OnClassCondition)

   RedisRepositoriesAutoCon
figuration:
      Did not match:
         - 
@ConditionalOnClass did 
not find required class 'or
g.springframework.data.redi
s.repository.configuration.
EnableRedisRepositories' 
(OnClassCondition)

   RepositoryRestMvcAutoCon
figuration:
      Did not match:
         - 
@ConditionalOnClass did 
not find required class 'or
g.springframework.data.rest
.webmvc.config.RepositoryRe
stMvcConfiguration' 
(OnClassCondition)

   Saml2RelyingPartyAutoCon
figuration:
      Did not match:
         - 
@ConditionalOnClass did 
not find required class 'or
g.springframework.security.
saml2.provider.service.regi
stration.RelyingPartyRegist
rationRepository' 
(OnClassCondition)

   
SecurityDataConfiguration:
      Did not match:
         - 
@ConditionalOnClass did 
not find required class 'or
g.springframework.security.
data.repository.query.Secur
ityEvaluationContextExtensi
on' (OnClassCondition)

   
SendGridAutoConfiguration:
      Did not match:
         - 
@ConditionalOnClass did 
not find required class 
'com.sendgrid.SendGrid' 
(OnClassCondition)

   ServletWebServerFactoryA
utoConfiguration.ForwardedH
eaderFilterConfiguration:
      Did not match:
         - 
@ConditionalOnProperty (ser
ver.forward-headers-strateg
y=framework) did not find 
property 'server.forward-he
aders-strategy' 
(OnPropertyCondition)

   ServletWebServerFactoryC
onfiguration.EmbeddedJetty:
      Did not match:
         - 
@ConditionalOnClass did 
not find required classes '
org.eclipse.jetty.server.Se
rver', 'org.eclipse.jetty.u
til.Loader', 'org.eclipse.j
etty.ee10.webapp.WebAppCont
ext' (OnClassCondition)

   ServletWebServerFactoryC
onfiguration.EmbeddedUndert
ow:
      Did not match:
         - 
@ConditionalOnClass did 
not find required classes 
'io.undertow.Undertow', 'or
g.xnio.SslClientAuthMode' 
(OnClassCondition)

   
SessionAutoConfiguration:
      Did not match:
         - 
@ConditionalOnClass did 
not find required class 'or
g.springframework.session.S
ession' (OnClassCondition)

   SpringApplicationAdminJm
xAutoConfiguration:
      Did not match:
         - 
@ConditionalOnProperty (spr
ing.application.admin.enabl
ed=true) did not find 
property 'enabled' 
(OnPropertyCondition)

   SpringBootWebSecurityCon
figuration.SecurityFilterCh
ainConfiguration:
      Did not match:
         - 
AllNestedConditions 1 
matched 1 did not; 
NestedCondition on DefaultW
ebSecurityCondition.Beans 
@ConditionalOnMissingBean 
(types: org.springframework
.security.web.SecurityFilte
rChain; SearchStrategy: 
all) found beans of type 'o
rg.springframework.security
.web.SecurityFilterChain' 
filterChain; 
NestedCondition on DefaultW
ebSecurityCondition.Classes
 @ConditionalOnClass found 
required classes 'org.sprin
gframework.security.web.Sec
urityFilterChain', 'org.spr
ingframework.security.confi
g.annotation.web.builders.H
ttpSecurity' (DefaultWebSec
urityCondition)

   TaskExecutorConfiguratio
ns.SimpleAsyncTaskExecutorB
uilderConfiguration#simpleA
syncTaskExecutorBuilderVirt
ualThreads:
      Did not match:
         - 
@ConditionalOnMissingBean 
(types: org.springframework
.boot.task.SimpleAsyncTaskE
xecutorBuilder; 
SearchStrategy: all) found 
beans of type 'org.springfr
amework.boot.task.SimpleAsy
ncTaskExecutorBuilder' simp
leAsyncTaskExecutorBuilder 
(OnBeanCondition)

   TaskExecutorConfiguratio
ns.TaskExecutorConfiguratio
n#applicationTaskExecutorVi
rtualThreads:
      Did not match:
         - 
@ConditionalOnThreading 
did not find VIRTUAL 
(OnThreadingCondition)

   TaskSchedulingAutoConfig
uration#scheduledBeanLazyIn
itializationExcludeFilter:
      Did not match:
         - 
@ConditionalOnBean (names: 
org.springframework.context
.annotation.internalSchedul
edAnnotationProcessor; 
SearchStrategy: all) did 
not find any beans named or
g.springframework.context.a
nnotation.internalScheduled
AnnotationProcessor 
(OnBeanCondition)

   TaskSchedulingConfigurat
ions.SimpleAsyncTaskSchedul
erBuilderConfiguration#simp
leAsyncTaskSchedulerBuilder
VirtualThreads:
      Did not match:
         - 
@ConditionalOnMissingBean 
(types: org.springframework
.boot.task.SimpleAsyncTaskS
chedulerBuilder; 
SearchStrategy: all) found 
beans of type 'org.springfr
amework.boot.task.SimpleAsy
ncTaskSchedulerBuilder' sim
pleAsyncTaskSchedulerBuilde
r (OnBeanCondition)

   TaskSchedulingConfigurat
ions.TaskSchedulerConfigura
tion:
      Did not match:
         - 
@ConditionalOnBean (names: 
org.springframework.context
.annotation.internalSchedul
edAnnotationProcessor; 
SearchStrategy: all) did 
not find any beans named or
g.springframework.context.a
nnotation.internalScheduled
AnnotationProcessor 
(OnBeanCondition)

   
ThymeleafAutoConfiguration:
      Did not match:
         - 
@ConditionalOnClass did 
not find required class 'or
g.thymeleaf.spring6.SpringT
emplateEngine' 
(OnClassCondition)

   TransactionAutoConfigura
tion#transactionalOperator:
      Did not match:
         - @ConditionalOnSi
ngleCandidate (types: org.s
pringframework.transaction.
ReactiveTransactionManager;
 SearchStrategy: all) did 
not find any beans 
(OnBeanCondition)

   TransactionAutoConfigura
tion.AspectJTransactionMana
gementConfiguration:
      Did not match:
         - 
@ConditionalOnBean (types: 
org.springframework.transac
tion.aspectj.AbstractTransa
ctionAspect; 
SearchStrategy: all) did 
not find any beans of type 
org.springframework.transac
tion.aspectj.AbstractTransa
ctionAspect 
(OnBeanCondition)

   TransactionAutoConfigura
tion.EnableTransactionManag
ementConfiguration.JdkDynam
icAutoProxyConfiguration:
      Did not match:
         - 
@ConditionalOnProperty (spr
ing.aop.proxy-target-class=
false) did not find 
property 
'proxy-target-class' 
(OnPropertyCondition)

   UserDetailsServiceAutoCo
nfiguration:
      Did not match:
         - 
@ConditionalOnMissingBean 
(types: org.springframework
.security.authentication.Au
thenticationManager,org.spr
ingframework.security.authe
ntication.AuthenticationPro
vider,org.springframework.s
ecurity.core.userdetails.Us
erDetailsService,org.spring
framework.security.authenti
cation.AuthenticationManage
rResolver,org.springframewo
rk.security.oauth2.jwt.JwtD
ecoder; SearchStrategy: 
all) found beans of type 'o
rg.springframework.security
.authentication.Authenticat
ionManager' 
authenticationManager and 
found beans of type 'org.sp
ringframework.security.core
.userdetails.UserDetailsSer
vice' 
userDetailsServiceImpl and 
found beans of type 'org.sp
ringframework.security.auth
entication.AuthenticationPr
ovider' 
authenticationProvider 
(OnBeanCondition)
      Matched:
         - 
@ConditionalOnClass found 
required class 'org.springf
ramework.security.authentic
ation.AuthenticationManager
' (OnClassCondition)
         - 
AnyNestedCondition 1 
matched 2 did not; 
NestedCondition on UserDeta
ilsServiceAutoConfiguration
.MissingAlternativeOrUserPr
opertiesConfigured.Password
Configured 
@ConditionalOnProperty (spr
ing.security.user.password)
 did not find property 
'password'; 
NestedCondition on UserDeta
ilsServiceAutoConfiguration
.MissingAlternativeOrUserPr
opertiesConfigured.NameConf
igured 
@ConditionalOnProperty (spr
ing.security.user.name) 
did not find property 
'name'; NestedCondition on 
UserDetailsServiceAutoConfi
guration.MissingAlternative
OrUserPropertiesConfigured.
MissingAlternative 
@ConditionalOnMissingClass 
did not find unwanted 
classes 'org.springframewor
k.security.oauth2.client.re
gistration.ClientRegistrati
onRepository', 'org.springf
ramework.security.oauth2.se
rver.resource.introspection
.OpaqueTokenIntrospector', 
'org.springframework.securi
ty.saml2.provider.service.r
egistration.RelyingPartyReg
istrationRepository' (UserD
etailsServiceAutoConfigurat
ion.MissingAlternativeOrUse
rPropertiesConfigured)

   
WebClientAutoConfiguration:
      Did not match:
         - 
@ConditionalOnClass did 
not find required class 'or
g.springframework.web.react
ive.function.client.WebClie
nt' (OnClassCondition)

   
WebFluxAutoConfiguration:
      Did not match:
         - 
@ConditionalOnClass did 
not find required class 'or
g.springframework.web.react
ive.config.WebFluxConfigure
r' (OnClassCondition)
2026-03-30T20:09:36.991+05:30  INFO 12784 --- [           main] .s.b.a.l.ConditionEvaluationReportLogger : 

Error starting ApplicationContext. To display the condition evaluation report re-run your application with 'debug' enabled.
2026-03-30T20:09:37.054+05:30 ERROR 12784 --- [           main] o.s.boot.SpringApplication               : Application run failed

org.springframework.beans.factory.BeanCreationException: Error creating bean with name 'entityManagerFactory' defined in class path resource [org/springframework/boot/autoconfigure/orm/jpa/HibernateJpaConfiguration.class]: Unable to create requested service [org.hibernate.engine.jdbc.env.spi.JdbcEnvironment] due to: Unable to determine Dialect without JDBC metadata (please set 'jakarta.persistence.jdbc.url' for common cases or 'hibernate.dialect' when a custom Dialect implementation must be provided)
	at org.springframework.beans.factory.support.AbstractAutowireCapableBeanFactory.initializeBean(AbstractAutowireCapableBeanFactory.java:1806) ~[spring-beans-6.1.14.jar:6.1.14]
	at org.springframework.beans.factory.support.AbstractAutowireCapableBeanFactory.doCreateBean(AbstractAutowireCapableBeanFactory.java:600) ~[spring-beans-6.1.14.jar:6.1.14]
	at org.springframework.beans.factory.support.AbstractAutowireCapableBeanFactory.createBean(AbstractAutowireCapableBeanFactory.java:522) ~[spring-beans-6.1.14.jar:6.1.14]
	at org.springframework.beans.factory.support.AbstractBeanFactory.lambda$doGetBean$0(AbstractBeanFactory.java:337) ~[spring-beans-6.1.14.jar:6.1.14]
	at org.springframework.beans.factory.support.DefaultSingletonBeanRegistry.getSingleton(DefaultSingletonBeanRegistry.java:234) ~[spring-beans-6.1.14.jar:6.1.14]
	at org.springframework.beans.factory.support.AbstractBeanFactory.doGetBean(AbstractBeanFactory.java:335) ~[spring-beans-6.1.14.jar:6.1.14]
	at org.springframework.beans.factory.support.AbstractBeanFactory.getBean(AbstractBeanFactory.java:205) ~[spring-beans-6.1.14.jar:6.1.14]
	at org.springframework.context.support.AbstractApplicationContext.finishBeanFactoryInitialization(AbstractApplicationContext.java:954) ~[spring-context-6.1.14.jar:6.1.14]
	at org.springframework.context.support.AbstractApplicationContext.refresh(AbstractApplicationContext.java:625) ~[spring-context-6.1.14.jar:6.1.14]
	at org.springframework.boot.SpringApplication.refresh(SpringApplication.java:754) ~[spring-boot-3.3.5.jar:3.3.5]
	at org.springframework.boot.SpringApplication.refreshContext(SpringApplication.java:456) ~[spring-boot-3.3.5.jar:3.3.5]
	at org.springframework.boot.SpringApplication.run(SpringApplication.java:335) ~[spring-boot-3.3.5.jar:3.3.5]
	at org.springframework.boot.test.context.SpringBootContextLoader.lambda$loadContext$3(SpringBootContextLoader.java:137) ~[spring-boot-test-3.3.5.jar:3.3.5]
	at org.springframework.util.function.ThrowingSupplier.get(ThrowingSupplier.java:58) ~[spring-core-6.1.14.jar:6.1.14]
	at org.springframework.util.function.ThrowingSupplier.get(ThrowingSupplier.java:46) ~[spring-core-6.1.14.jar:6.1.14]
	at org.springframework.boot.SpringApplication.withHook(SpringApplication.java:1463) ~[spring-boot-3.3.5.jar:3.3.5]
	at org.springframework.boot.test.context.SpringBootContextLoader$ContextLoaderHook.run(SpringBootContextLoader.java:553) ~[spring-boot-test-3.3.5.jar:3.3.5]
	at org.springframework.boot.test.context.SpringBootContextLoader.loadContext(SpringBootContextLoader.java:137) ~[spring-boot-test-3.3.5.jar:3.3.5]
	at org.springframework.boot.test.context.SpringBootContextLoader.loadContext(SpringBootContextLoader.java:108) ~[spring-boot-test-3.3.5.jar:3.3.5]
	at org.springframework.test.context.cache.DefaultCacheAwareContextLoaderDelegate.loadContextInternal(DefaultCacheAwareContextLoaderDelegate.java:225) ~[spring-test-6.1.14.jar:6.1.14]
	at org.springframework.test.context.cache.DefaultCacheAwareContextLoaderDelegate.loadContext(DefaultCacheAwareContextLoaderDelegate.java:152) ~[spring-test-6.1.14.jar:6.1.14]
	at org.springframework.test.context.support.DefaultTestContext.getApplicationContext(DefaultTestContext.java:130) ~[spring-test-6.1.14.jar:6.1.14]
	at org.springframework.test.context.web.ServletTestExecutionListener.setUpRequestContextIfNecessary(ServletTestExecutionListener.java:191) ~[spring-test-6.1.14.jar:6.1.14]
	at org.springframework.test.context.web.ServletTestExecutionListener.prepareTestInstance(ServletTestExecutionListener.java:130) ~[spring-test-6.1.14.jar:6.1.14]
	at org.springframework.test.context.TestContextManager.prepareTestInstance(TestContextManager.java:260) ~[spring-test-6.1.14.jar:6.1.14]
	at org.springframework.test.context.junit.jupiter.SpringExtension.postProcessTestInstance(SpringExtension.java:163) ~[spring-test-6.1.14.jar:6.1.14]
	at org.junit.jupiter.engine.descriptor.ClassBasedTestDescriptor.lambda$invokeTestInstancePostProcessors$10(ClassBasedTestDescriptor.java:378) ~[junit-jupiter-engine-5.10.5.jar:5.10.5]
	at org.junit.jupiter.engine.descriptor.ClassBasedTestDescriptor.executeAndMaskThrowable(ClassBasedTestDescriptor.java:383) ~[junit-jupiter-engine-5.10.5.jar:5.10.5]
	at org.junit.jupiter.engine.descriptor.ClassBasedTestDescriptor.lambda$invokeTestInstancePostProcessors$11(ClassBasedTestDescriptor.java:378) ~[junit-jupiter-engine-5.10.5.jar:5.10.5]
	at java.base/java.util.stream.ReferencePipeline$3$1.accept(ReferencePipeline.java:197) ~[na:na]
	at java.base/java.util.stream.ReferencePipeline$2$1.accept(ReferencePipeline.java:179) ~[na:na]
	at java.base/java.util.ArrayList$ArrayListSpliterator.forEachRemaining(ArrayList.java:1625) ~[na:na]
	at java.base/java.util.stream.AbstractPipeline.copyInto(AbstractPipeline.java:509) ~[na:na]
	at java.base/java.util.stream.AbstractPipeline.wrapAndCopyInto(AbstractPipeline.java:499) ~[na:na]
	at java.base/java.util.stream.StreamSpliterators$WrappingSpliterator.forEachRemaining(StreamSpliterators.java:310) ~[na:na]
	at java.base/java.util.stream.Streams$ConcatSpliterator.forEachRemaining(Streams.java:735) ~[na:na]
	at java.base/java.util.stream.Streams$ConcatSpliterator.forEachRemaining(Streams.java:734) ~[na:na]
	at java.base/java.util.stream.ReferencePipeline$Head.forEach(ReferencePipeline.java:762) ~[na:na]
	at org.junit.jupiter.engine.descriptor.ClassBasedTestDescriptor.invokeTestInstancePostProcessors(ClassBasedTestDescriptor.java:377) ~[junit-jupiter-engine-5.10.5.jar:5.10.5]
	at org.junit.jupiter.engine.descriptor.ClassBasedTestDescriptor.lambda$instantiateAndPostProcessTestInstance$6(ClassBasedTestDescriptor.java:290) ~[junit-jupiter-engine-5.10.5.jar:5.10.5]
	at org.junit.platform.engine.support.hierarchical.ThrowableCollector.execute(ThrowableCollector.java:73) ~[junit-platform-engine-1.10.5.jar:1.10.5]
	at org.junit.jupiter.engine.descriptor.ClassBasedTestDescriptor.instantiateAndPostProcessTestInstance(ClassBasedTestDescriptor.java:289) ~[junit-jupiter-engine-5.10.5.jar:5.10.5]
	at org.junit.jupiter.engine.descriptor.ClassBasedTestDescriptor.lambda$testInstancesProvider$4(ClassBasedTestDescriptor.java:279) ~[junit-jupiter-engine-5.10.5.jar:5.10.5]
	at java.base/java.util.Optional.orElseGet(Optional.java:364) ~[na:na]
	at org.junit.jupiter.engine.descriptor.ClassBasedTestDescriptor.lambda$testInstancesProvider$5(ClassBasedTestDescriptor.java:278) ~[junit-jupiter-engine-5.10.5.jar:5.10.5]
	at org.junit.jupiter.engine.execution.TestInstancesProvider.getTestInstances(TestInstancesProvider.java:31) ~[junit-jupiter-engine-5.10.5.jar:5.10.5]
	at org.junit.jupiter.engine.descriptor.TestMethodTestDescriptor.lambda$prepare$0(TestMethodTestDescriptor.java:106) ~[junit-jupiter-engine-5.10.5.jar:5.10.5]
	at org.junit.platform.engine.support.hierarchical.ThrowableCollector.execute(ThrowableCollector.java:73) ~[junit-platform-engine-1.10.5.jar:1.10.5]
	at org.junit.jupiter.engine.descriptor.TestMethodTestDescriptor.prepare(TestMethodTestDescriptor.java:105) ~[junit-jupiter-engine-5.10.5.jar:5.10.5]
	at org.junit.jupiter.engine.descriptor.TestMethodTestDescriptor.prepare(TestMethodTestDescriptor.java:69) ~[junit-jupiter-engine-5.10.5.jar:5.10.5]
	at org.junit.platform.engine.support.hierarchical.NodeTestTask.lambda$prepare$2(NodeTestTask.java:128) ~[junit-platform-engine-1.10.5.jar:1.10.5]
	at org.junit.platform.engine.support.hierarchical.ThrowableCollector.execute(ThrowableCollector.java:73) ~[junit-platform-engine-1.10.5.jar:1.10.5]
	at org.junit.platform.engine.support.hierarchical.NodeTestTask.prepare(NodeTestTask.java:128) ~[junit-platform-engine-1.10.5.jar:1.10.5]
	at org.junit.platform.engine.support.hierarchical.NodeTestTask.execute(NodeTestTask.java:95) ~[junit-platform-engine-1.10.5.jar:1.10.5]
	at java.base/java.util.ArrayList.forEach(ArrayList.java:1511) ~[na:na]

   WebMvcAutoConfiguration#
hiddenHttpMethodFilter:
      Did not match:
         - 
@ConditionalOnProperty (spr
ing.mvc.hiddenmethod.filter
.enabled) did not find 
property 'enabled' 
(OnPropertyCondition)

   WebMvcAutoConfiguration.
ProblemDetailsErrorHandling
Configuration:
      Did not match:
         - 
@ConditionalOnProperty (spr
ing.mvc.problemdetails.enab
led=true) did not find 
property 'enabled' 
(OnPropertyCondition)

   WebMvcAutoConfiguration.
ResourceChainCustomizerConf
iguration:
      Did not match:
         - @ConditionalOnEn
abledResourceChain did not 
find class org.webjars.WebJ
arAssetLocator (OnEnabledRe
sourceChainCondition)

   WebMvcAutoConfiguration.
WebMvcAutoConfigurationAdap
ter#beanNameViewResolver:
      Did not match:
         - 
@ConditionalOnMissingBean 
(types: org.springframework
.web.servlet.view.BeanNameV
iewResolver; 
SearchStrategy: all) found 
beans of type 'org.springfr
amework.web.servlet.view.Be
anNameViewResolver' 
beanNameViewResolver 
(OnBeanCondition)

   WebServiceTemplateAutoCo
nfiguration:
      Did not match:
         - 
@ConditionalOnClass did 
not find required class 'or
g.springframework.oxm.Marsh
aller' (OnClassCondition)

   WebServicesAutoConfigura
tion:
      Did not match:
         - 
@ConditionalOnClass did 
not find required class 'or
g.springframework.ws.transp
ort.http.MessageDispatcherS
ervlet' (OnClassCondition)

   WebSessionIdResolverAuto
Configuration:
      Did not match:
         - 
@ConditionalOnClass did 
not find required class 're
actor.core.publisher.Mono' 
(OnClassCondition)

   WebSocketMessagingAutoCo
nfiguration:
      Did not match:
         - 
@ConditionalOnClass did 
not find required class 'or
g.springframework.web.socke
t.config.annotation.WebSock
etMessageBrokerConfigurer' 
(OnClassCondition)

   WebSocketReactiveAutoCon
figuration:
      Did not match:
         - @ConditionalOnWe
bApplication did not find 
reactive web application 
classes 
(OnWebApplicationCondition)

   WebSocketServletAutoConf
iguration.JettyWebSocketCon
figuration:
      Did not match:
         - 
@ConditionalOnClass did 
not find required class 'or
g.eclipse.jetty.ee10.websoc
ket.jakarta.server.config.J
akartaWebSocketServletConta
inerInitializer' 
(OnClassCondition)

   WebSocketServletAutoConf
iguration.UndertowWebSocket
Configuration:
      Did not match:
         - 
@ConditionalOnClass did 
not find required class 'io
.undertow.websockets.jsr.Bo
otstrap' (OnClassCondition)
	at org.junit.platform.engine.support.hierarchical.SameThreadHierarchicalTestExecutorService.invokeAll(SameThreadHierarchicalTestExecutorService.java:41) ~[junit-platform-engine-1.10.5.jar:1.10.5]
	at org.junit.platform.engine.support.hierarchical.NodeTestTask.lambda$executeRecursively$6(NodeTestTask.java:160) ~[junit-platform-engine-1.10.5.jar:1.10.5]
	at org.junit.platform.engine.support.hierarchical.ThrowableCollector.execute(ThrowableCollector.java:73) ~[junit-platform-engine-1.10.5.jar:1.10.5]
	at org.junit.platform.engine.support.hierarchical.NodeTestTask.lambda$executeRecursively$8(NodeTestTask.java:146) ~[junit-platform-engine-1.10.5.jar:1.10.5]
	at org.junit.platform.engine.support.hierarchical.Node.around(Node.java:137) ~[junit-platform-engine-1.10.5.jar:1.10.5]
	at org.junit.platform.engine.support.hierarchical.NodeTestTask.lambda$executeRecursively$9(NodeTestTask.java:144) ~[junit-platform-engine-1.10.5.jar:1.10.5]
	at org.junit.platform.engine.support.hierarchical.ThrowableCollector.execute(ThrowableCollector.java:73) ~[junit-platform-engine-1.10.5.jar:1.10.5]
	at org.junit.platform.engine.support.hierarchical.NodeTestTask.executeRecursively(NodeTestTask.java:143) ~[junit-platform-engine-1.10.5.jar:1.10.5]
	at org.junit.platform.engine.support.hierarchical.NodeTestTask.execute(NodeTestTask.java:100) ~[junit-platform-engine-1.10.5.jar:1.10.5]
	at java.base/java.util.ArrayList.forEach(ArrayList.java:1511) ~[na:na]
	at org.junit.platform.engine.support.hierarchical.SameThreadHierarchicalTestExecutorService.invokeAll(SameThreadHierarchicalTestExecutorService.java:41) ~[junit-platform-engine-1.10.5.jar:1.10.5]
	at org.junit.platform.engine.support.hierarchical.NodeTestTask.lambda$executeRecursively$6(NodeTestTask.java:160) ~[junit-platform-engine-1.10.5.jar:1.10.5]
	at org.junit.platform.engine.support.hierarchical.ThrowableCollector.execute(ThrowableCollector.java:73) ~[junit-platform-engine-1.10.5.jar:1.10.5]
	at org.junit.platform.engine.support.hierarchical.NodeTestTask.lambda$executeRecursively$8(NodeTestTask.java:146) ~[junit-platform-engine-1.10.5.jar:1.10.5]
	at org.junit.platform.engine.support.hierarchical.Node.around(Node.java:137) ~[junit-platform-engine-1.10.5.jar:1.10.5]
	at org.junit.platform.engine.support.hierarchical.NodeTestTask.lambda$executeRecursively$9(NodeTestTask.java:144) ~[junit-platform-engine-1.10.5.jar:1.10.5]
	at org.junit.platform.engine.support.hierarchical.ThrowableCollector.execute(ThrowableCollector.java:73) ~[junit-platform-engine-1.10.5.jar:1.10.5]
	at org.junit.platform.engine.support.hierarchical.NodeTestTask.executeRecursively(NodeTestTask.java:143) ~[junit-platform-engine-1.10.5.jar:1.10.5]
	at org.junit.platform.engine.support.hierarchical.NodeTestTask.execute(NodeTestTask.java:100) ~[junit-platform-engine-1.10.5.jar:1.10.5]
	at org.junit.platform.engine.support.hierarchical.SameThreadHierarchicalTestExecutorService.submit(SameThreadHierarchicalTestExecutorService.java:35) ~[junit-platform-engine-1.10.5.jar:1.10.5]
	at org.junit.platform.engine.support.hierarchical.HierarchicalTestExecutor.execute(HierarchicalTestExecutor.java:57) ~[junit-platform-engine-1.10.5.jar:1.10.5]
	at org.junit.platform.engine.support.hierarchical.HierarchicalTestEngine.execute(HierarchicalTestEngine.java:54) ~[junit-platform-engine-1.10.5.jar:1.10.5]
	at org.junit.platform.launcher.core.EngineExecutionOrchestrator.execute(EngineExecutionOrchestrator.java:198) ~[junit-platform-launcher-1.10.5.jar:1.10.5]
	at org.junit.platform.launcher.core.EngineExecutionOrchestrator.execute(EngineExecutionOrchestrator.java:169) ~[junit-platform-launcher-1.10.5.jar:1.10.5]
	at org.junit.platform.launcher.core.EngineExecutionOrchestrator.execute(EngineExecutionOrchestrator.java:93) ~[junit-platform-launcher-1.10.5.jar:1.10.5]
	at org.junit.platform.launcher.core.EngineExecutionOrchestrator.lambda$execute$0(EngineExecutionOrchestrator.java:58) ~[junit-platform-launcher-1.10.5.jar:1.10.5]
	at org.junit.platform.launcher.core.EngineExecutionOrchestrator.withInterceptedStreams(EngineExecutionOrchestrator.java:141) ~[junit-platform-launcher-1.10.5.jar:1.10.5]
	at org.junit.platform.launcher.core.EngineExecutionOrchestrator.execute(EngineExecutionOrchestrator.java:57) ~[junit-platform-launcher-1.10.5.jar:1.10.5]
	at org.junit.platform.launcher.core.DefaultLauncher.execute(DefaultLauncher.java:103) ~[junit-platform-launcher-1.10.5.jar:1.10.5]
	at org.junit.platform.launcher.core.DefaultLauncher.execute(DefaultLauncher.java:85) ~[junit-platform-launcher-1.10.5.jar:1.10.5]
	at org.junit.platform.launcher.core.DelegatingLauncher.execute(DelegatingLauncher.java:47) ~[junit-platform-launcher-1.10.5.jar:1.10.5]
	at org.apache.maven.surefire.junitplatform.LazyLauncher.execute(LazyLauncher.java:56) ~[surefire-junit-platform-3.2.5.jar:3.2.5]
	at org.apache.maven.surefire.junitplatform.JUnitPlatformProvider.execute(JUnitPlatformProvider.java:184) ~[surefire-junit-platform-3.2.5.jar:3.2.5]
	at org.apache.maven.surefire.junitplatform.JUnitPlatformProvider.invokeAllTests(JUnitPlatformProvider.java:148) ~[surefire-junit-platform-3.2.5.jar:3.2.5]
	at org.apache.maven.surefire.junitplatform.JUnitPlatformProvider.invoke(JUnitPlatformProvider.java:122) ~[surefire-junit-platform-3.2.5.jar:3.2.5]
	at org.apache.maven.surefire.booter.ForkedBooter.runSuitesInProcess(ForkedBooter.java:385) ~[surefire-booter-3.2.5.jar:3.2.5]
	at org.apache.maven.surefire.booter.ForkedBooter.execute(ForkedBooter.java:162) ~[surefire-booter-3.2.5.jar:3.2.5]
	at org.apache.maven.surefire.booter.ForkedBooter.run(ForkedBooter.java:507) ~[surefire-booter-3.2.5.jar:3.2.5]
	at org.apache.maven.surefire.booter.ForkedBooter.main(ForkedBooter.java:495) ~[surefire-booter-3.2.5.jar:3.2.5]
Caused by: org.hibernate.service.spi.ServiceException: Unable to create requested service [org.hibernate.engine.jdbc.env.spi.JdbcEnvironment] due to: Unable to determine Dialect without JDBC metadata (please set 'jakarta.persistence.jdbc.url' for common cases or 'hibernate.dialect' when a custom Dialect implementation must be provided)
	at org.hibernate.service.internal.AbstractServiceRegistryImpl.createService(AbstractServiceRegistryImpl.java:276) ~[hibernate-core-6.5.3.Final.jar:6.5.3.Final]
	at org.hibernate.service.internal.AbstractServiceRegistryImpl.initializeService(AbstractServiceRegistryImpl.java:238) ~[hibernate-core-6.5.3.Final.jar:6.5.3.Final]
	at org.hibernate.service.internal.AbstractServiceRegistryImpl.getService(AbstractServiceRegistryImpl.java:215) ~[hibernate-core-6.5.3.Final.jar:6.5.3.Final]
	at org.hibernate.boot.model.relational.Database.<init>(Database.java:45) ~[hibernate-core-6.5.3.Final.jar:6.5.3.Final]
	at org.hibernate.boot.internal.InFlightMetadataCollectorImpl.getDatabase(InFlightMetadataCollectorImpl.java:221) ~[hibernate-core-6.5.3.Final.jar:6.5.3.Final]
	at org.hibernate.boot.internal.InFlightMetadataCollectorImpl.<init>(InFlightMetadataCollectorImpl.java:189) ~[hibernate-core-6.5.3.Final.jar:6.5.3.Final]
	at org.hibernate.boot.model.process.spi.MetadataBuildingProcess.complete(MetadataBuildingProcess.java:171) ~[hibernate-core-6.5.3.Final.jar:6.5.3.Final]
	at org.hibernate.jpa.boot.internal.EntityManagerFactoryBuilderImpl.metadata(EntityManagerFactoryBuilderImpl.java:1431) ~[hibernate-core-6.5.3.Final.jar:6.5.3.Final]
	at org.hibernate.jpa.boot.internal.EntityManagerFactoryBuilderImpl.build(EntityManagerFactoryBuilderImpl.java:1502) ~[hibernate-core-6.5.3.Final.jar:6.5.3.Final]
	at org.springframework.orm.jpa.vendor.SpringHibernateJpaPersistenceProvider.createContainerEntityManagerFactory(SpringHibernateJpaPersistenceProvider.java:75) ~[spring-orm-6.1.14.jar:6.1.14]
	at org.springframework.orm.jpa.LocalContainerEntityManagerFactoryBean.createNativeEntityManagerFactory(LocalContainerEntityManagerFactoryBean.java:390) ~[spring-orm-6.1.14.jar:6.1.14]
	at org.springframework.orm.jpa.AbstractEntityManagerFactoryBean.buildNativeEntityManagerFactory(AbstractEntityManagerFactoryBean.java:409) ~[spring-orm-6.1.14.jar:6.1.14]
	at org.springframework.orm.jpa.AbstractEntityManagerFactoryBean.afterPropertiesSet(AbstractEntityManagerFactoryBean.java:396) ~[spring-orm-6.1.14.jar:6.1.14]
	at org.springframework.orm.jpa.LocalContainerEntityManagerFactoryBean.afterPropertiesSet(LocalContainerEntityManagerFactoryBean.java:366) ~[spring-orm-6.1.14.jar:6.1.14]
	at org.springframework.beans.factory.support.AbstractAutowireCapableBeanFactory.invokeInitMethods(AbstractAutowireCapableBeanFactory.java:1853) ~[spring-beans-6.1.14.jar:6.1.14]
	at org.springframework.beans.factory.support.AbstractAutowireCapableBeanFactory.initializeBean(AbstractAutowireCapableBeanFactory.java:1802) ~[spring-beans-6.1.14.jar:6.1.14]
	... 93 common frames omitted

   WebTestClientAutoConfigu
ration:
      Did not match:
         - 
@ConditionalOnClass did 
not find required class 'or
g.springframework.web.react
ive.function.client.WebClie
nt' (OnClassCondition)

   XADataSourceAutoConfigur
ation:
      Did not match:
         - 
@ConditionalOnBean (types: 
org.springframework.boot.jd
bc.XADataSourceWrapper; 
SearchStrategy: all) did 
not find any beans of type 
org.springframework.boot.jd
bc.XADataSourceWrapper 
(OnBeanCondition)
      Matched:
         - 
@ConditionalOnClass found 
required classes 
'javax.sql.DataSource', 'ja
karta.transaction.Transacti
onManager', 'org.springfram
ework.jdbc.datasource.embed
ded.EmbeddedDatabaseType' 
(OnClassCondition)


Exclusions:
-----------

    None


Unconditional classes:
----------------------

    org.springframework.boo
t.autoconfigure.context.Con
figurationPropertiesAutoCon
figuration

    org.springframework.boo
t.autoconfigure.ssl.SslAuto
Configuration

    org.springframework.boo
t.autoconfigure.context.Pro
pertyPlaceholderAutoConfigu
ration

    org.springframework.boo
t.autoconfigure.context.Lif
ecycleAutoConfiguration

    org.springframework.boo
t.autoconfigure.availabilit
y.ApplicationAvailabilityAu
toConfiguration

    org.springframework.boo
t.autoconfigure.info.Projec
tInfoAutoConfiguration



Caused by: org.hibernate.HibernateException: Unable to determine Dialect without JDBC metadata (please set 'jakarta.persistence.jdbc.url' for common cases or 'hibernate.dialect' when a custom Dialect implementation must be provided)
	at org.hibernate.engine.jdbc.dialect.internal.DialectFactoryImpl.determineDialect(DialectFactoryImpl.java:191) ~[hibernate-core-6.5.3.Final.jar:6.5.3.Final]
	at org.hibernate.engine.jdbc.dialect.internal.DialectFactoryImpl.buildDialect(DialectFactoryImpl.java:87) ~[hibernate-core-6.5.3.Final.jar:6.5.3.Final]
	at org.hibernate.engine.jdbc.env.internal.JdbcEnvironmentInitiator.getJdbcEnvironmentWithDefaults(JdbcEnvironmentInitiator.java:153) ~[hibernate-core-6.5.3.Final.jar:6.5.3.Final]
	at org.hibernate.engine.jdbc.env.internal.JdbcEnvironmentInitiator.getJdbcEnvironmentUsingJdbcMetadata(JdbcEnvironmentInitiator.java:364) ~[hibernate-core-6.5.3.Final.jar:6.5.3.Final]
	at org.hibernate.engine.jdbc.env.internal.JdbcEnvironmentInitiator.initiateService(JdbcEnvironmentInitiator.java:124) ~[hibernate-core-6.5.3.Final.jar:6.5.3.Final]
	at org.hibernate.engine.jdbc.env.internal.JdbcEnvironmentInitiator.initiateService(JdbcEnvironmentInitiator.java:78) ~[hibernate-core-6.5.3.Final.jar:6.5.3.Final]
	at org.hibernate.boot.registry.internal.StandardServiceRegistryImpl.initiateService(StandardServiceRegistryImpl.java:130) ~[hibernate-core-6.5.3.Final.jar:6.5.3.Final]
	at org.hibernate.service.internal.AbstractServiceRegistryImpl.createService(AbstractServiceRegistryImpl.java:263) ~[hibernate-core-6.5.3.Final.jar:6.5.3.Final]
	... 108 common frames omitted

2026-03-30T20:09:37.076+05:30  WARN 12784 --- [           main] o.s.test.context.TestContextManager      : Caught exception while allowing TestExecutionListener [org.springframework.test.context.web.ServletTestExecutionListener] to prepare test instance [com.mangala.showroom.controller.AuthControllerTest@73958426]

java.lang.IllegalStateException: Failed to load ApplicationContext for [WebMergedContextConfiguration@31dbf5bb testClass = com.mangala.showroom.controller.AuthControllerTest, locations = [], classes = [com.mangala.showroom.ShowroomApplication], contextInitializerClasses = [], activeProfiles = [], propertySourceDescriptors = [], propertySourceProperties = ["org.springframework.boot.test.context.SpringBootTestContextBootstrapper=true"], contextCustomizers = [[ImportsContextCustomizer@1f19d423 key = [org.springframework.boot.test.autoconfigure.web.servlet.MockMvcWebDriverAutoConfiguration, org.springframework.boot.test.autoconfigure.web.servlet.MockMvcAutoConfiguration, org.springframework.boot.autoconfigure.security.oauth2.client.servlet.OAuth2ClientAutoConfiguration, org.springframework.boot.autoconfigure.security.servlet.SecurityAutoConfiguration, org.springframework.boot.autoconfigure.security.servlet.SecurityFilterAutoConfiguration, org.springframework.boot.autoconfigure.security.servlet.UserDetailsServiceAutoConfiguration, org.springframework.boot.autoconfigure.security.oauth2.resource.servlet.OAuth2ResourceServerAutoConfiguration, org.springframework.boot.test.autoconfigure.web.servlet.MockMvcSecurityConfiguration, org.springframework.boot.test.autoconfigure.web.servlet.MockMvcWebClientAutoConfiguration, org.springframework.boot.test.autoconfigure.web.reactive.WebTestClientAutoConfiguration]], org.springframework.boot.test.context.filter.ExcludeFilterContextCustomizer@3336e6b6, org.springframework.boot.test.json.DuplicateJsonObjectContextCustomizerFactory$DuplicateJsonObjectContextCustomizer@6f3187b0, org.springframework.boot.test.mock.mockito.MockitoContextCustomizer@8efa882, org.springframework.boot.test.web.client.TestRestTemplateContextCustomizer@4dd6fd0a, org.springframework.boot.test.web.reactor.netty.DisableReactorResourceFactoryGlobalResourcesContextCustomizerFactory$DisableReactorResourceFactoryGlobalResourcesContextCustomizerCustomizer@479cbee5, org.springframework.boot.test.autoconfigure.OnFailureConditionReportContextCustomizerFactory$OnFailureConditionReportContextCustomizer@7f8a9499, org.springframework.boot.test.autoconfigure.actuate.observability.ObservabilityContextCustomizerFactory$DisableObservabilityContextCustomizer@1f, org.springframework.boot.test.autoconfigure.properties.PropertyMappingContextCustomizer@4b3fa0b3, org.springframework.boot.test.autoconfigure.web.servlet.WebDriverContextCustomizer@2d9caaeb, org.springframework.boot.test.context.SpringBootTestAnnotation@365993b4], resourceBasePath = "src/main/webapp", contextLoader = org.springframework.boot.test.context.SpringBootContextLoader, parent = null]
	at org.springframework.test.context.cache.DefaultCacheAwareContextLoaderDelegate.loadContext(DefaultCacheAwareContextLoaderDelegate.java:180) ~[spring-test-6.1.14.jar:6.1.14]
	at org.springframework.test.context.support.DefaultTestContext.getApplicationContext(DefaultTestContext.java:130) ~[spring-test-6.1.14.jar:6.1.14]
	at org.springframework.test.context.web.ServletTestExecutionListener.setUpRequestContextIfNecessary(ServletTestExecutionListener.java:191) ~[spring-test-6.1.14.jar:6.1.14]
	at org.springframework.test.context.web.ServletTestExecutionListener.prepareTestInstance(ServletTestExecutionListener.java:130) ~[spring-test-6.1.14.jar:6.1.14]
	at org.springframework.test.context.TestContextManager.prepareTestInstance(TestContextManager.java:260) ~[spring-test-6.1.14.jar:6.1.14]
	at org.springframework.test.context.junit.jupiter.SpringExtension.postProcessTestInstance(SpringExtension.java:163) ~[spring-test-6.1.14.jar:6.1.14]
	at org.junit.jupiter.engine.descriptor.ClassBasedTestDescriptor.lambda$invokeTestInstancePostProcessors$10(ClassBasedTestDescriptor.java:378) ~[junit-jupiter-engine-5.10.5.jar:5.10.5]
	at org.junit.jupiter.engine.descriptor.ClassBasedTestDescriptor.executeAndMaskThrowable(ClassBasedTestDescriptor.java:383) ~[junit-jupiter-engine-5.10.5.jar:5.10.5]
	at org.junit.jupiter.engine.descriptor.ClassBasedTestDescriptor.lambda$invokeTestInstancePostProcessors$11(ClassBasedTestDescriptor.java:378) ~[junit-jupiter-engine-5.10.5.jar:5.10.5]
	at java.base/java.util.stream.ReferencePipeline$3$1.accept(ReferencePipeline.java:197) ~[na:na]
	at java.base/java.util.stream.ReferencePipeline$2$1.accept(ReferencePipeline.java:179) ~[na:na]
	at java.base/java.util.ArrayList$ArrayListSpliterator.forEachRemaining(ArrayList.java:1625) ~[na:na]
	at java.base/java.util.stream.AbstractPipeline.copyInto(AbstractPipeline.java:509) ~[na:na]
	at java.base/java.util.stream.AbstractPipeline.wrapAndCopyInto(AbstractPipeline.java:499) ~[na:na]
	at java.base/java.util.stream.StreamSpliterators$WrappingSpliterator.forEachRemaining(StreamSpliterators.java:310) ~[na:na]
	at java.base/java.util.stream.Streams$ConcatSpliterator.forEachRemaining(Streams.java:735) ~[na:na]
	at java.base/java.util.stream.Streams$ConcatSpliterator.forEachRemaining(Streams.java:734) ~[na:na]
	at java.base/java.util.stream.ReferencePipeline$Head.forEach(ReferencePipeline.java:762) ~[na:na]
	at org.junit.jupiter.engine.descriptor.ClassBasedTestDescriptor.invokeTestInstancePostProcessors(ClassBasedTestDescriptor.java:377) ~[junit-jupiter-engine-5.10.5.jar:5.10.5]
	at org.junit.jupiter.engine.descriptor.ClassBasedTestDescriptor.lambda$instantiateAndPostProcessTestInstance$6(ClassBasedTestDescriptor.java:290) ~[junit-jupiter-engine-5.10.5.jar:5.10.5]
	at org.junit.platform.engine.support.hierarchical.ThrowableCollector.execute(ThrowableCollector.java:73) ~[junit-platform-engine-1.10.5.jar:1.10.5]
	at org.junit.jupiter.engine.descriptor.ClassBasedTestDescriptor.instantiateAndPostProcessTestInstance(ClassBasedTestDescriptor.java:289) ~[junit-jupiter-engine-5.10.5.jar:5.10.5]
	at org.junit.jupiter.engine.descriptor.ClassBasedTestDescriptor.lambda$testInstancesProvider$4(ClassBasedTestDescriptor.java:279) ~[junit-jupiter-engine-5.10.5.jar:5.10.5]
	at java.base/java.util.Optional.orElseGet(Optional.java:364) ~[na:na]
	at org.junit.jupiter.engine.descriptor.ClassBasedTestDescriptor.lambda$testInstancesProvider$5(ClassBasedTestDescriptor.java:278) ~[junit-jupiter-engine-5.10.5.jar:5.10.5]
	at org.junit.jupiter.engine.execution.TestInstancesProvider.getTestInstances(TestInstancesProvider.java:31) ~[junit-jupiter-engine-5.10.5.jar:5.10.5]
	at org.junit.jupiter.engine.descriptor.TestMethodTestDescriptor.lambda$prepare$0(TestMethodTestDescriptor.java:106) ~[junit-jupiter-engine-5.10.5.jar:5.10.5]
	at org.junit.platform.engine.support.hierarchical.ThrowableCollector.execute(ThrowableCollector.java:73) ~[junit-platform-engine-1.10.5.jar:1.10.5]
	at org.junit.jupiter.engine.descriptor.TestMethodTestDescriptor.prepare(TestMethodTestDescriptor.java:105) ~[junit-jupiter-engine-5.10.5.jar:5.10.5]
	at org.junit.jupiter.engine.descriptor.TestMethodTestDescriptor.prepare(TestMethodTestDescriptor.java:69) ~[junit-jupiter-engine-5.10.5.jar:5.10.5]
	at org.junit.platform.engine.support.hierarchical.NodeTestTask.lambda$prepare$2(NodeTestTask.java:128) ~[junit-platform-engine-1.10.5.jar:1.10.5]
	at org.junit.platform.engine.support.hierarchical.ThrowableCollector.execute(ThrowableCollector.java:73) ~[junit-platform-engine-1.10.5.jar:1.10.5]
	at org.junit.platform.engine.support.hierarchical.NodeTestTask.prepare(NodeTestTask.java:128) ~[junit-platform-engine-1.10.5.jar:1.10.5]
	at org.junit.platform.engine.support.hierarchical.NodeTestTask.execute(NodeTestTask.java:95) ~[junit-platform-engine-1.10.5.jar:1.10.5]
	at java.base/java.util.ArrayList.forEach(ArrayList.java:1511) ~[na:na]
	at org.junit.platform.engine.support.hierarchical.SameThreadHierarchicalTestExecutorService.invokeAll(SameThreadHierarchicalTestExecutorService.java:41) ~[junit-platform-engine-1.10.5.jar:1.10.5]
	at org.junit.platform.engine.support.hierarchical.NodeTestTask.lambda$executeRecursively$6(NodeTestTask.java:160) ~[junit-platform-engine-1.10.5.jar:1.10.5]
	at org.junit.platform.engine.support.hierarchical.ThrowableCollector.execute(ThrowableCollector.java:73) ~[junit-platform-engine-1.10.5.jar:1.10.5]
	at org.junit.platform.engine.support.hierarchical.NodeTestTask.lambda$executeRecursively$8(NodeTestTask.java:146) ~[junit-platform-engine-1.10.5.jar:1.10.5]
	at org.junit.platform.engine.support.hierarchical.Node.around(Node.java:137) ~[junit-platform-engine-1.10.5.jar:1.10.5]
	at org.junit.platform.engine.support.hierarchical.NodeTestTask.lambda$executeRecursively$9(NodeTestTask.java:144) ~[junit-platform-engine-1.10.5.jar:1.10.5]
	at org.junit.platform.engine.support.hierarchical.ThrowableCollector.execute(ThrowableCollector.java:73) ~[junit-platform-engine-1.10.5.jar:1.10.5]
	at org.junit.platform.engine.support.hierarchical.NodeTestTask.executeRecursively(NodeTestTask.java:143) ~[junit-platform-engine-1.10.5.jar:1.10.5]
	at org.junit.platform.engine.support.hierarchical.NodeTestTask.execute(NodeTestTask.java:100) ~[junit-platform-engine-1.10.5.jar:1.10.5]
	at java.base/java.util.ArrayList.forEach(ArrayList.java:1511) ~[na:na]
	at org.junit.platform.engine.support.hierarchical.SameThreadHierarchicalTestExecutorService.invokeAll(SameThreadHierarchicalTestExecutorService.java:41) ~[junit-platform-engine-1.10.5.jar:1.10.5]
	at org.junit.platform.engine.support.hierarchical.NodeTestTask.lambda$executeRecursively$6(NodeTestTask.java:160) ~[junit-platform-engine-1.10.5.jar:1.10.5]
	at org.junit.platform.engine.support.hierarchical.ThrowableCollector.execute(ThrowableCollector.java:73) ~[junit-platform-engine-1.10.5.jar:1.10.5]
	at org.junit.platform.engine.support.hierarchical.NodeTestTask.lambda$executeRecursively$8(NodeTestTask.java:146) ~[junit-platform-engine-1.10.5.jar:1.10.5]
	at org.junit.platform.engine.support.hierarchical.Node.around(Node.java:137) ~[junit-platform-engine-1.10.5.jar:1.10.5]
	at org.junit.platform.engine.support.hierarchical.NodeTestTask.lambda$executeRecursively$9(NodeTestTask.java:144) ~[junit-platform-engine-1.10.5.jar:1.10.5]
	at org.junit.platform.engine.support.hierarchical.ThrowableCollector.execute(ThrowableCollector.java:73) ~[junit-platform-engine-1.10.5.jar:1.10.5]
	at org.junit.platform.engine.support.hierarchical.NodeTestTask.executeRecursively(NodeTestTask.java:143) ~[junit-platform-engine-1.10.5.jar:1.10.5]
	at org.junit.platform.engine.support.hierarchical.NodeTestTask.execute(NodeTestTask.java:100) ~[junit-platform-engine-1.10.5.jar:1.10.5]
	at org.junit.platform.engine.support.hierarchical.SameThreadHierarchicalTestExecutorService.submit(SameThreadHierarchicalTestExecutorService.java:35) ~[junit-platform-engine-1.10.5.jar:1.10.5]
	at org.junit.platform.engine.support.hierarchical.HierarchicalTestExecutor.execute(HierarchicalTestExecutor.java:57) ~[junit-platform-engine-1.10.5.jar:1.10.5]
	at org.junit.platform.engine.support.hierarchical.HierarchicalTestEngine.execute(HierarchicalTestEngine.java:54) ~[junit-platform-engine-1.10.5.jar:1.10.5]
	at org.junit.platform.launcher.core.EngineExecutionOrchestrator.execute(EngineExecutionOrchestrator.java:198) ~[junit-platform-launcher-1.10.5.jar:1.10.5]
	at org.junit.platform.launcher.core.EngineExecutionOrchestrator.execute(EngineExecutionOrchestrator.java:169) ~[junit-platform-launcher-1.10.5.jar:1.10.5]
	at org.junit.platform.launcher.core.EngineExecutionOrchestrator.execute(EngineExecutionOrchestrator.java:93) ~[junit-platform-launcher-1.10.5.jar:1.10.5]
	at org.junit.platform.launcher.core.EngineExecutionOrchestrator.lambda$execute$0(EngineExecutionOrchestrator.java:58) ~[junit-platform-launcher-1.10.5.jar:1.10.5]
	at org.junit.platform.launcher.core.EngineExecutionOrchestrator.withInterceptedStreams(EngineExecutionOrchestrator.java:141) ~[junit-platform-launcher-1.10.5.jar:1.10.5]
	at org.junit.platform.launcher.core.EngineExecutionOrchestrator.execute(EngineExecutionOrchestrator.java:57) ~[junit-platform-launcher-1.10.5.jar:1.10.5]
	at org.junit.platform.launcher.core.DefaultLauncher.execute(DefaultLauncher.java:103) ~[junit-platform-launcher-1.10.5.jar:1.10.5]
	at org.junit.platform.launcher.core.DefaultLauncher.execute(DefaultLauncher.java:85) ~[junit-platform-launcher-1.10.5.jar:1.10.5]
	at org.junit.platform.launcher.core.DelegatingLauncher.execute(DelegatingLauncher.java:47) ~[junit-platform-launcher-1.10.5.jar:1.10.5]
	at org.apache.maven.surefire.junitplatform.LazyLauncher.execute(LazyLauncher.java:56) ~[surefire-junit-platform-3.2.5.jar:3.2.5]
	at org.apache.maven.surefire.junitplatform.JUnitPlatformProvider.execute(JUnitPlatformProvider.java:184) ~[surefire-junit-platform-3.2.5.jar:3.2.5]
	at org.apache.maven.surefire.junitplatform.JUnitPlatformProvider.invokeAllTests(JUnitPlatformProvider.java:148) ~[surefire-junit-platform-3.2.5.jar:3.2.5]
	at org.apache.maven.surefire.junitplatform.JUnitPlatformProvider.invoke(JUnitPlatformProvider.java:122) ~[surefire-junit-platform-3.2.5.jar:3.2.5]
	at org.apache.maven.surefire.booter.ForkedBooter.runSuitesInProcess(ForkedBooter.java:385) ~[surefire-booter-3.2.5.jar:3.2.5]
	at org.apache.maven.surefire.booter.ForkedBooter.execute(ForkedBooter.java:162) ~[surefire-booter-3.2.5.jar:3.2.5]
	at org.apache.maven.surefire.booter.ForkedBooter.run(ForkedBooter.java:507) ~[surefire-booter-3.2.5.jar:3.2.5]
	at org.apache.maven.surefire.booter.ForkedBooter.main(ForkedBooter.java:495) ~[surefire-booter-3.2.5.jar:3.2.5]
Caused by: org.springframework.beans.factory.BeanCreationException: Error creating bean with name 'entityManagerFactory' defined in class path resource [org/springframework/boot/autoconfigure/orm/jpa/HibernateJpaConfiguration.class]: Unable to create requested service [org.hibernate.engine.jdbc.env.spi.JdbcEnvironment] due to: Unable to determine Dialect without JDBC metadata (please set 'jakarta.persistence.jdbc.url' for common cases or 'hibernate.dialect' when a custom Dialect implementation must be provided)
	at org.springframework.beans.factory.support.AbstractAutowireCapableBeanFactory.initializeBean(AbstractAutowireCapableBeanFactory.java:1806) ~[spring-beans-6.1.14.jar:6.1.14]
	at org.springframework.beans.factory.support.AbstractAutowireCapableBeanFactory.doCreateBean(AbstractAutowireCapableBeanFactory.java:600) ~[spring-beans-6.1.14.jar:6.1.14]
	at org.springframework.beans.factory.support.AbstractAutowireCapableBeanFactory.createBean(AbstractAutowireCapableBeanFactory.java:522) ~[spring-beans-6.1.14.jar:6.1.14]
	at org.springframework.beans.factory.support.AbstractBeanFactory.lambda$doGetBean$0(AbstractBeanFactory.java:337) ~[spring-beans-6.1.14.jar:6.1.14]
	at org.springframework.beans.factory.support.DefaultSingletonBeanRegistry.getSingleton(DefaultSingletonBeanRegistry.java:234) ~[spring-beans-6.1.14.jar:6.1.14]
	at org.springframework.beans.factory.support.AbstractBeanFactory.doGetBean(AbstractBeanFactory.java:335) ~[spring-beans-6.1.14.jar:6.1.14]
	at org.springframework.beans.factory.support.AbstractBeanFactory.getBean(AbstractBeanFactory.java:205) ~[spring-beans-6.1.14.jar:6.1.14]
	at org.springframework.context.support.AbstractApplicationContext.finishBeanFactoryInitialization(AbstractApplicationContext.java:954) ~[spring-context-6.1.14.jar:6.1.14]
	at org.springframework.context.support.AbstractApplicationContext.refresh(AbstractApplicationContext.java:625) ~[spring-context-6.1.14.jar:6.1.14]
	at org.springframework.boot.SpringApplication.refresh(SpringApplication.java:754) ~[spring-boot-3.3.5.jar:3.3.5]
	at org.springframework.boot.SpringApplication.refreshContext(SpringApplication.java:456) ~[spring-boot-3.3.5.jar:3.3.5]
	at org.springframework.boot.SpringApplication.run(SpringApplication.java:335) ~[spring-boot-3.3.5.jar:3.3.5]
	at org.springframework.boot.test.context.SpringBootContextLoader.lambda$loadContext$3(SpringBootContextLoader.java:137) ~[spring-boot-test-3.3.5.jar:3.3.5]
	at org.springframework.util.function.ThrowingSupplier.get(ThrowingSupplier.java:58) ~[spring-core-6.1.14.jar:6.1.14]
	at org.springframework.util.function.ThrowingSupplier.get(ThrowingSupplier.java:46) ~[spring-core-6.1.14.jar:6.1.14]
	at org.springframework.boot.SpringApplication.withHook(SpringApplication.java:1463) ~[spring-boot-3.3.5.jar:3.3.5]
	at org.springframework.boot.test.context.SpringBootContextLoader$ContextLoaderHook.run(SpringBootContextLoader.java:553) ~[spring-boot-test-3.3.5.jar:3.3.5]
	at org.springframework.boot.test.context.SpringBootContextLoader.loadContext(SpringBootContextLoader.java:137) ~[spring-boot-test-3.3.5.jar:3.3.5]
	at org.springframework.boot.test.context.SpringBootContextLoader.loadContext(SpringBootContextLoader.java:108) ~[spring-boot-test-3.3.5.jar:3.3.5]
	at org.springframework.test.context.cache.DefaultCacheAwareContextLoaderDelegate.loadContextInternal(DefaultCacheAwareContextLoaderDelegate.java:225) ~[spring-test-6.1.14.jar:6.1.14]
	at org.springframework.test.context.cache.DefaultCacheAwareContextLoaderDelegate.loadContext(DefaultCacheAwareContextLoaderDelegate.java:152) ~[spring-test-6.1.14.jar:6.1.14]
	... 73 common frames omitted
Caused by: org.hibernate.service.spi.ServiceException: Unable to create requested service [org.hibernate.engine.jdbc.env.spi.JdbcEnvironment] due to: Unable to determine Dialect without JDBC metadata (please set 'jakarta.persistence.jdbc.url' for common cases or 'hibernate.dialect' when a custom Dialect implementation must be provided)
	at org.hibernate.service.internal.AbstractServiceRegistryImpl.createService(AbstractServiceRegistryImpl.java:276) ~[hibernate-core-6.5.3.Final.jar:6.5.3.Final]
	at org.hibernate.service.internal.AbstractServiceRegistryImpl.initializeService(AbstractServiceRegistryImpl.java:238) ~[hibernate-core-6.5.3.Final.jar:6.5.3.Final]
	at org.hibernate.service.internal.AbstractServiceRegistryImpl.getService(AbstractServiceRegistryImpl.java:215) ~[hibernate-core-6.5.3.Final.jar:6.5.3.Final]
	at org.hibernate.boot.model.relational.Database.<init>(Database.java:45) ~[hibernate-core-6.5.3.Final.jar:6.5.3.Final]
	at org.hibernate.boot.internal.InFlightMetadataCollectorImpl.getDatabase(InFlightMetadataCollectorImpl.java:221) ~[hibernate-core-6.5.3.Final.jar:6.5.3.Final]
	at org.hibernate.boot.internal.InFlightMetadataCollectorImpl.<init>(InFlightMetadataCollectorImpl.java:189) ~[hibernate-core-6.5.3.Final.jar:6.5.3.Final]
	at org.hibernate.boot.model.process.spi.MetadataBuildingProcess.complete(MetadataBuildingProcess.java:171) ~[hibernate-core-6.5.3.Final.jar:6.5.3.Final]
	at org.hibernate.jpa.boot.internal.EntityManagerFactoryBuilderImpl.metadata(EntityManagerFactoryBuilderImpl.java:1431) ~[hibernate-core-6.5.3.Final.jar:6.5.3.Final]
	at org.hibernate.jpa.boot.internal.EntityManagerFactoryBuilderImpl.build(EntityManagerFactoryBuilderImpl.java:1502) ~[hibernate-core-6.5.3.Final.jar:6.5.3.Final]
	at org.springframework.orm.jpa.vendor.SpringHibernateJpaPersistenceProvider.createContainerEntityManagerFactory(SpringHibernateJpaPersistenceProvider.java:75) ~[spring-orm-6.1.14.jar:6.1.14]
	at org.springframework.orm.jpa.LocalContainerEntityManagerFactoryBean.createNativeEntityManagerFactory(LocalContainerEntityManagerFactoryBean.java:390) ~[spring-orm-6.1.14.jar:6.1.14]
	at org.springframework.orm.jpa.AbstractEntityManagerFactoryBean.buildNativeEntityManagerFactory(AbstractEntityManagerFactoryBean.java:409) ~[spring-orm-6.1.14.jar:6.1.14]
	at org.springframework.orm.jpa.AbstractEntityManagerFactoryBean.afterPropertiesSet(AbstractEntityManagerFactoryBean.java:396) ~[spring-orm-6.1.14.jar:6.1.14]
	at org.springframework.orm.jpa.LocalContainerEntityManagerFactoryBean.afterPropertiesSet(LocalContainerEntityManagerFactoryBean.java:366) ~[spring-orm-6.1.14.jar:6.1.14]
	at org.springframework.beans.factory.support.AbstractAutowireCapableBeanFactory.invokeInitMethods(AbstractAutowireCapableBeanFactory.java:1853) ~[spring-beans-6.1.14.jar:6.1.14]
	at org.springframework.beans.factory.support.AbstractAutowireCapableBeanFactory.initializeBean(AbstractAutowireCapableBeanFactory.java:1802) ~[spring-beans-6.1.14.jar:6.1.14]
	... 93 common frames omitted
Caused by: org.hibernate.HibernateException: Unable to determine Dialect without JDBC metadata (please set 'jakarta.persistence.jdbc.url' for common cases or 'hibernate.dialect' when a custom Dialect implementation must be provided)
	at org.hibernate.engine.jdbc.dialect.internal.DialectFactoryImpl.determineDialect(DialectFactoryImpl.java:191) ~[hibernate-core-6.5.3.Final.jar:6.5.3.Final]
	at org.hibernate.engine.jdbc.dialect.internal.DialectFactoryImpl.buildDialect(DialectFactoryImpl.java:87) ~[hibernate-core-6.5.3.Final.jar:6.5.3.Final]
	at org.hibernate.engine.jdbc.env.internal.JdbcEnvironmentInitiator.getJdbcEnvironmentWithDefaults(JdbcEnvironmentInitiator.java:153) ~[hibernate-core-6.5.3.Final.jar:6.5.3.Final]
	at org.hibernate.engine.jdbc.env.internal.JdbcEnvironmentInitiator.getJdbcEnvironmentUsingJdbcMetadata(JdbcEnvironmentInitiator.java:364) ~[hibernate-core-6.5.3.Final.jar:6.5.3.Final]
	at org.hibernate.engine.jdbc.env.internal.JdbcEnvironmentInitiator.initiateService(JdbcEnvironmentInitiator.java:124) ~[hibernate-core-6.5.3.Final.jar:6.5.3.Final]
	at org.hibernate.engine.jdbc.env.internal.JdbcEnvironmentInitiator.initiateService(JdbcEnvironmentInitiator.java:78) ~[hibernate-core-6.5.3.Final.jar:6.5.3.Final]
	at org.hibernate.boot.registry.internal.StandardServiceRegistryImpl.initiateService(StandardServiceRegistryImpl.java:130) ~[hibernate-core-6.5.3.Final.jar:6.5.3.Final]
	at org.hibernate.service.internal.AbstractServiceRegistryImpl.createService(AbstractServiceRegistryImpl.java:263) ~[hibernate-core-6.5.3.Final.jar:6.5.3.Final]
	... 108 common frames omitted

2026-03-30T20:09:37.132+05:30  WARN 12784 --- [           main] o.s.test.context.TestContextManager      : Caught exception while allowing TestExecutionListener [org.springframework.test.context.web.ServletTestExecutionListener] to prepare test instance [com.mangala.showroom.controller.AuthControllerTest@756200d1]

java.lang.IllegalStateException: ApplicationContext failure threshold (1) exceeded: skipping repeated attempt to load context for [WebMergedContextConfiguration@31dbf5bb testClass = com.mangala.showroom.controller.AuthControllerTest, locations = [], classes = [com.mangala.showroom.ShowroomApplication], contextInitializerClasses = [], activeProfiles = [], propertySourceDescriptors = [], propertySourceProperties = ["org.springframework.boot.test.context.SpringBootTestContextBootstrapper=true"], contextCustomizers = [[ImportsContextCustomizer@1f19d423 key = [org.springframework.boot.test.autoconfigure.web.servlet.MockMvcWebDriverAutoConfiguration, org.springframework.boot.test.autoconfigure.web.servlet.MockMvcAutoConfiguration, org.springframework.boot.autoconfigure.security.oauth2.client.servlet.OAuth2ClientAutoConfiguration, org.springframework.boot.autoconfigure.security.servlet.SecurityAutoConfiguration, org.springframework.boot.autoconfigure.security.servlet.SecurityFilterAutoConfiguration, org.springframework.boot.autoconfigure.security.servlet.UserDetailsServiceAutoConfiguration, org.springframework.boot.autoconfigure.security.oauth2.resource.servlet.OAuth2ResourceServerAutoConfiguration, org.springframework.boot.test.autoconfigure.web.servlet.MockMvcSecurityConfiguration, org.springframework.boot.test.autoconfigure.web.servlet.MockMvcWebClientAutoConfiguration, org.springframework.boot.test.autoconfigure.web.reactive.WebTestClientAutoConfiguration]], org.springframework.boot.test.context.filter.ExcludeFilterContextCustomizer@3336e6b6, org.springframework.boot.test.json.DuplicateJsonObjectContextCustomizerFactory$DuplicateJsonObjectContextCustomizer@6f3187b0, org.springframework.boot.test.mock.mockito.MockitoContextCustomizer@8efa882, org.springframework.boot.test.web.client.TestRestTemplateContextCustomizer@4dd6fd0a, org.springframework.boot.test.web.reactor.netty.DisableReactorResourceFactoryGlobalResourcesContextCustomizerFactory$DisableReactorResourceFactoryGlobalResourcesContextCustomizerCustomizer@479cbee5, org.springframework.boot.test.autoconfigure.OnFailureConditionReportContextCustomizerFactory$OnFailureConditionReportContextCustomizer@7f8a9499, org.springframework.boot.test.autoconfigure.actuate.observability.ObservabilityContextCustomizerFactory$DisableObservabilityContextCustomizer@1f, org.springframework.boot.test.autoconfigure.properties.PropertyMappingContextCustomizer@4b3fa0b3, org.springframework.boot.test.autoconfigure.web.servlet.WebDriverContextCustomizer@2d9caaeb, org.springframework.boot.test.context.SpringBootTestAnnotation@365993b4], resourceBasePath = "src/main/webapp", contextLoader = org.springframework.boot.test.context.SpringBootContextLoader, parent = null]
	at org.springframework.test.context.cache.DefaultCacheAwareContextLoaderDelegate.loadContext(DefaultCacheAwareContextLoaderDelegate.java:145) ~[spring-test-6.1.14.jar:6.1.14]
	at org.springframework.test.context.support.DefaultTestContext.getApplicationContext(DefaultTestContext.java:130) ~[spring-test-6.1.14.jar:6.1.14]
	at org.springframework.test.context.web.ServletTestExecutionListener.setUpRequestContextIfNecessary(ServletTestExecutionListener.java:191) ~[spring-test-6.1.14.jar:6.1.14]
	at org.springframework.test.context.web.ServletTestExecutionListener.prepareTestInstance(ServletTestExecutionListener.java:130) ~[spring-test-6.1.14.jar:6.1.14]
	at org.springframework.test.context.TestContextManager.prepareTestInstance(TestContextManager.java:260) ~[spring-test-6.1.14.jar:6.1.14]
	at org.springframework.test.context.junit.jupiter.SpringExtension.postProcessTestInstance(SpringExtension.java:163) ~[spring-test-6.1.14.jar:6.1.14]
	at org.junit.jupiter.engine.descriptor.ClassBasedTestDescriptor.lambda$invokeTestInstancePostProcessors$10(ClassBasedTestDescriptor.java:378) ~[junit-jupiter-engine-5.10.5.jar:5.10.5]
	at org.junit.jupiter.engine.descriptor.ClassBasedTestDescriptor.executeAndMaskThrowable(ClassBasedTestDescriptor.java:383) ~[junit-jupiter-engine-5.10.5.jar:5.10.5]
	at org.junit.jupiter.engine.descriptor.ClassBasedTestDescriptor.lambda$invokeTestInstancePostProcessors$11(ClassBasedTestDescriptor.java:378) ~[junit-jupiter-engine-5.10.5.jar:5.10.5]
	at java.base/java.util.stream.ReferencePipeline$3$1.accept(ReferencePipeline.java:197) ~[na:na]
	at java.base/java.util.stream.ReferencePipeline$2$1.accept(ReferencePipeline.java:179) ~[na:na]
	at java.base/java.util.ArrayList$ArrayListSpliterator.forEachRemaining(ArrayList.java:1625) ~[na:na]
	at java.base/java.util.stream.AbstractPipeline.copyInto(AbstractPipeline.java:509) ~[na:na]
	at java.base/java.util.stream.AbstractPipeline.wrapAndCopyInto(AbstractPipeline.java:499) ~[na:na]
	at java.base/java.util.stream.StreamSpliterators$WrappingSpliterator.forEachRemaining(StreamSpliterators.java:310) ~[na:na]
	at java.base/java.util.stream.Streams$ConcatSpliterator.forEachRemaining(Streams.java:735) ~[na:na]
	at java.base/java.util.stream.Streams$ConcatSpliterator.forEachRemaining(Streams.java:734) ~[na:na]
	at java.base/java.util.stream.ReferencePipeline$Head.forEach(ReferencePipeline.java:762) ~[na:na]
	at org.junit.jupiter.engine.descriptor.ClassBasedTestDescriptor.invokeTestInstancePostProcessors(ClassBasedTestDescriptor.java:377) ~[junit-jupiter-engine-5.10.5.jar:5.10.5]
	at org.junit.jupiter.engine.descriptor.ClassBasedTestDescriptor.lambda$instantiateAndPostProcessTestInstance$6(ClassBasedTestDescriptor.java:290) ~[junit-jupiter-engine-5.10.5.jar:5.10.5]
	at org.junit.platform.engine.support.hierarchical.ThrowableCollector.execute(ThrowableCollector.java:73) ~[junit-platform-engine-1.10.5.jar:1.10.5]
	at org.junit.jupiter.engine.descriptor.ClassBasedTestDescriptor.instantiateAndPostProcessTestInstance(ClassBasedTestDescriptor.java:289) ~[junit-jupiter-engine-5.10.5.jar:5.10.5]
	at org.junit.jupiter.engine.descriptor.ClassBasedTestDescriptor.lambda$testInstancesProvider$4(ClassBasedTestDescriptor.java:279) ~[junit-jupiter-engine-5.10.5.jar:5.10.5]
	at java.base/java.util.Optional.orElseGet(Optional.java:364) ~[na:na]
	at org.junit.jupiter.engine.descriptor.ClassBasedTestDescriptor.lambda$testInstancesProvider$5(ClassBasedTestDescriptor.java:278) ~[junit-jupiter-engine-5.10.5.jar:5.10.5]
	at org.junit.jupiter.engine.execution.TestInstancesProvider.getTestInstances(TestInstancesProvider.java:31) ~[junit-jupiter-engine-5.10.5.jar:5.10.5]
	at org.junit.jupiter.engine.descriptor.TestMethodTestDescriptor.lambda$prepare$0(TestMethodTestDescriptor.java:106) ~[junit-jupiter-engine-5.10.5.jar:5.10.5]
	at org.junit.platform.engine.support.hierarchical.ThrowableCollector.execute(ThrowableCollector.java:73) ~[junit-platform-engine-1.10.5.jar:1.10.5]
	at org.junit.jupiter.engine.descriptor.TestMethodTestDescriptor.prepare(TestMethodTestDescriptor.java:105) ~[junit-jupiter-engine-5.10.5.jar:5.10.5]
	at org.junit.jupiter.engine.descriptor.TestMethodTestDescriptor.prepare(TestMethodTestDescriptor.java:69) ~[junit-jupiter-engine-5.10.5.jar:5.10.5]
	at org.junit.platform.engine.support.hierarchical.NodeTestTask.lambda$prepare$2(NodeTestTask.java:128) ~[junit-platform-engine-1.10.5.jar:1.10.5]
	at org.junit.platform.engine.support.hierarchical.ThrowableCollector.execute(ThrowableCollector.java:73) ~[junit-platform-engine-1.10.5.jar:1.10.5]
	at org.junit.platform.engine.support.hierarchical.NodeTestTask.prepare(NodeTestTask.java:128) ~[junit-platform-engine-1.10.5.jar:1.10.5]
	at org.junit.platform.engine.support.hierarchical.NodeTestTask.execute(NodeTestTask.java:95) ~[junit-platform-engine-1.10.5.jar:1.10.5]
	at java.base/java.util.ArrayList.forEach(ArrayList.java:1511) ~[na:na]
	at org.junit.platform.engine.support.hierarchical.SameThreadHierarchicalTestExecutorService.invokeAll(SameThreadHierarchicalTestExecutorService.java:41) ~[junit-platform-engine-1.10.5.jar:1.10.5]
	at org.junit.platform.engine.support.hierarchical.NodeTestTask.lambda$executeRecursively$6(NodeTestTask.java:160) ~[junit-platform-engine-1.10.5.jar:1.10.5]
	at org.junit.platform.engine.support.hierarchical.ThrowableCollector.execute(ThrowableCollector.java:73) ~[junit-platform-engine-1.10.5.jar:1.10.5]
	at org.junit.platform.engine.support.hierarchical.NodeTestTask.lambda$executeRecursively$8(NodeTestTask.java:146) ~[junit-platform-engine-1.10.5.jar:1.10.5]
	at org.junit.platform.engine.support.hierarchical.Node.around(Node.java:137) ~[junit-platform-engine-1.10.5.jar:1.10.5]
	at org.junit.platform.engine.support.hierarchical.NodeTestTask.lambda$executeRecursively$9(NodeTestTask.java:144) ~[junit-platform-engine-1.10.5.jar:1.10.5]
	at org.junit.platform.engine.support.hierarchical.ThrowableCollector.execute(ThrowableCollector.java:73) ~[junit-platform-engine-1.10.5.jar:1.10.5]
	at org.junit.platform.engine.support.hierarchical.NodeTestTask.executeRecursively(NodeTestTask.java:143) ~[junit-platform-engine-1.10.5.jar:1.10.5]
	at org.junit.platform.engine.support.hierarchical.NodeTestTask.execute(NodeTestTask.java:100) ~[junit-platform-engine-1.10.5.jar:1.10.5]
	at java.base/java.util.ArrayList.forEach(ArrayList.java:1511) ~[na:na]
	at org.junit.platform.engine.support.hierarchical.SameThreadHierarchicalTestExecutorService.invokeAll(SameThreadHierarchicalTestExecutorService.java:41) ~[junit-platform-engine-1.10.5.jar:1.10.5]
	at org.junit.platform.engine.support.hierarchical.NodeTestTask.lambda$executeRecursively$6(NodeTestTask.java:160) ~[junit-platform-engine-1.10.5.jar:1.10.5]
	at org.junit.platform.engine.support.hierarchical.ThrowableCollector.execute(ThrowableCollector.java:73) ~[junit-platform-engine-1.10.5.jar:1.10.5]
	at org.junit.platform.engine.support.hierarchical.NodeTestTask.lambda$executeRecursively$8(NodeTestTask.java:146) ~[junit-platform-engine-1.10.5.jar:1.10.5]
	at org.junit.platform.engine.support.hierarchical.Node.around(Node.java:137) ~[junit-platform-engine-1.10.5.jar:1.10.5]
	at org.junit.platform.engine.support.hierarchical.NodeTestTask.lambda$executeRecursively$9(NodeTestTask.java:144) ~[junit-platform-engine-1.10.5.jar:1.10.5]
	at org.junit.platform.engine.support.hierarchical.ThrowableCollector.execute(ThrowableCollector.java:73) ~[junit-platform-engine-1.10.5.jar:1.10.5]
	at org.junit.platform.engine.support.hierarchical.NodeTestTask.executeRecursively(NodeTestTask.java:143) ~[junit-platform-engine-1.10.5.jar:1.10.5]
	at org.junit.platform.engine.support.hierarchical.NodeTestTask.execute(NodeTestTask.java:100) ~[junit-platform-engine-1.10.5.jar:1.10.5]
	at org.junit.platform.engine.support.hierarchical.SameThreadHierarchicalTestExecutorService.submit(SameThreadHierarchicalTestExecutorService.java:35) ~[junit-platform-engine-1.10.5.jar:1.10.5]
	at org.junit.platform.engine.support.hierarchical.HierarchicalTestExecutor.execute(HierarchicalTestExecutor.java:57) ~[junit-platform-engine-1.10.5.jar:1.10.5]
	at org.junit.platform.engine.support.hierarchical.HierarchicalTestEngine.execute(HierarchicalTestEngine.java:54) ~[junit-platform-engine-1.10.5.jar:1.10.5]
	at org.junit.platform.launcher.core.EngineExecutionOrchestrator.execute(EngineExecutionOrchestrator.java:198) ~[junit-platform-launcher-1.10.5.jar:1.10.5]
	at org.junit.platform.launcher.core.EngineExecutionOrchestrator.execute(EngineExecutionOrchestrator.java:169) ~[junit-platform-launcher-1.10.5.jar:1.10.5]
	at org.junit.platform.launcher.core.EngineExecutionOrchestrator.execute(EngineExecutionOrchestrator.java:93) ~[junit-platform-launcher-1.10.5.jar:1.10.5]
	at org.junit.platform.launcher.core.EngineExecutionOrchestrator.lambda$execute$0(EngineExecutionOrchestrator.java:58) ~[junit-platform-launcher-1.10.5.jar:1.10.5]
	at org.junit.platform.launcher.core.EngineExecutionOrchestrator.withInterceptedStreams(EngineExecutionOrchestrator.java:141) ~[junit-platform-launcher-1.10.5.jar:1.10.5]
	at org.junit.platform.launcher.core.EngineExecutionOrchestrator.execute(EngineExecutionOrchestrator.java:57) ~[junit-platform-launcher-1.10.5.jar:1.10.5]
	at org.junit.platform.launcher.core.DefaultLauncher.execute(DefaultLauncher.java:103) ~[junit-platform-launcher-1.10.5.jar:1.10.5]
	at org.junit.platform.launcher.core.DefaultLauncher.execute(DefaultLauncher.java:85) ~[junit-platform-launcher-1.10.5.jar:1.10.5]
	at org.junit.platform.launcher.core.DelegatingLauncher.execute(DelegatingLauncher.java:47) ~[junit-platform-launcher-1.10.5.jar:1.10.5]
	at org.apache.maven.surefire.junitplatform.LazyLauncher.execute(LazyLauncher.java:56) ~[surefire-junit-platform-3.2.5.jar:3.2.5]
	at org.apache.maven.surefire.junitplatform.JUnitPlatformProvider.execute(JUnitPlatformProvider.java:184) ~[surefire-junit-platform-3.2.5.jar:3.2.5]
	at org.apache.maven.surefire.junitplatform.JUnitPlatformProvider.invokeAllTests(JUnitPlatformProvider.java:148) ~[surefire-junit-platform-3.2.5.jar:3.2.5]
	at org.apache.maven.surefire.junitplatform.JUnitPlatformProvider.invoke(JUnitPlatformProvider.java:122) ~[surefire-junit-platform-3.2.5.jar:3.2.5]
	at org.apache.maven.surefire.booter.ForkedBooter.runSuitesInProcess(ForkedBooter.java:385) ~[surefire-booter-3.2.5.jar:3.2.5]
	at org.apache.maven.surefire.booter.ForkedBooter.execute(ForkedBooter.java:162) ~[surefire-booter-3.2.5.jar:3.2.5]
	at org.apache.maven.surefire.booter.ForkedBooter.run(ForkedBooter.java:507) ~[surefire-booter-3.2.5.jar:3.2.5]
	at org.apache.maven.surefire.booter.ForkedBooter.main(ForkedBooter.java:495) ~[surefire-booter-3.2.5.jar:3.2.5]

[ERROR] Tests run: 2, Failures: 0, Errors: 2, Skipped: 0, Time elapsed: 14.53 s <<< FAILURE! -- in com.mangala.showroom.controller.AuthControllerTest
[ERROR] com.mangala.showroom.controller.AuthControllerTest.shouldRegisterUserSuccessfully -- Time elapsed: 0.025 s <<< ERROR!
java.lang.IllegalStateException: Failed to load ApplicationContext for [WebMergedContextConfiguration@31dbf5bb testClass = com.mangala.showroom.controller.AuthControllerTest, locations = [], classes = [com.mangala.showroom.ShowroomApplication], contextInitializerClasses = [], activeProfiles = [], propertySourceDescriptors = [], propertySourceProperties = ["org.springframework.boot.test.context.SpringBootTestContextBootstrapper=true"], contextCustomizers = [[ImportsContextCustomizer@1f19d423 key = [org.springframework.boot.test.autoconfigure.web.servlet.MockMvcWebDriverAutoConfiguration, org.springframework.boot.test.autoconfigure.web.servlet.MockMvcAutoConfiguration, org.springframework.boot.autoconfigure.security.oauth2.client.servlet.OAuth2ClientAutoConfiguration, org.springframework.boot.autoconfigure.security.servlet.SecurityAutoConfiguration, org.springframework.boot.autoconfigure.security.servlet.SecurityFilterAutoConfiguration, org.springframework.boot.autoconfigure.security.servlet.UserDetailsServiceAutoConfiguration, org.springframework.boot.autoconfigure.security.oauth2.resource.servlet.OAuth2ResourceServerAutoConfiguration, org.springframework.boot.test.autoconfigure.web.servlet.MockMvcSecurityConfiguration, org.springframework.boot.test.autoconfigure.web.servlet.MockMvcWebClientAutoConfiguration, org.springframework.boot.test.autoconfigure.web.reactive.WebTestClientAutoConfiguration]], org.springframework.boot.test.context.filter.ExcludeFilterContextCustomizer@3336e6b6, org.springframework.boot.test.json.DuplicateJsonObjectContextCustomizerFactory$DuplicateJsonObjectContextCustomizer@6f3187b0, org.springframework.boot.test.mock.mockito.MockitoContextCustomizer@8efa882, org.springframework.boot.test.web.client.TestRestTemplateContextCustomizer@4dd6fd0a, org.springframework.boot.test.web.reactor.netty.DisableReactorResourceFactoryGlobalResourcesContextCustomizerFactory$DisableReactorResourceFactoryGlobalResourcesContextCustomizerCustomizer@479cbee5, org.springframework.boot.test.autoconfigure.OnFailureConditionReportContextCustomizerFactory$OnFailureConditionReportContextCustomizer@7f8a9499, org.springframework.boot.test.autoconfigure.actuate.observability.ObservabilityContextCustomizerFactory$DisableObservabilityContextCustomizer@1f, org.springframework.boot.test.autoconfigure.properties.PropertyMappingContextCustomizer@4b3fa0b3, org.springframework.boot.test.autoconfigure.web.servlet.WebDriverContextCustomizer@2d9caaeb, org.springframework.boot.test.context.SpringBootTestAnnotation@365993b4], resourceBasePath = "src/main/webapp", contextLoader = org.springframework.boot.test.context.SpringBootContextLoader, parent = null]
	at org.springframework.test.context.cache.DefaultCacheAwareContextLoaderDelegate.loadContext(DefaultCacheAwareContextLoaderDelegate.java:180)
	at org.springframework.test.context.support.DefaultTestContext.getApplicationContext(DefaultTestContext.java:130)
	at org.springframework.test.context.web.ServletTestExecutionListener.setUpRequestContextIfNecessary(ServletTestExecutionListener.java:191)
	at org.springframework.test.context.web.ServletTestExecutionListener.prepareTestInstance(ServletTestExecutionListener.java:130)
	at org.springframework.test.context.TestContextManager.prepareTestInstance(TestContextManager.java:260)
	at org.springframework.test.context.junit.jupiter.SpringExtension.postProcessTestInstance(SpringExtension.java:163)
	at java.base/java.util.stream.ReferencePipeline$3$1.accept(ReferencePipeline.java:197)
	at java.base/java.util.stream.ReferencePipeline$2$1.accept(ReferencePipeline.java:179)
	at java.base/java.util.ArrayList$ArrayListSpliterator.forEachRemaining(ArrayList.java:1625)
	at java.base/java.util.stream.AbstractPipeline.copyInto(AbstractPipeline.java:509)
	at java.base/java.util.stream.AbstractPipeline.wrapAndCopyInto(AbstractPipeline.java:499)
	at java.base/java.util.stream.StreamSpliterators$WrappingSpliterator.forEachRemaining(StreamSpliterators.java:310)
	at java.base/java.util.stream.Streams$ConcatSpliterator.forEachRemaining(Streams.java:735)
	at java.base/java.util.stream.Streams$ConcatSpliterator.forEachRemaining(Streams.java:734)
	at java.base/java.util.stream.ReferencePipeline$Head.forEach(ReferencePipeline.java:762)
	at java.base/java.util.Optional.orElseGet(Optional.java:364)
	at java.base/java.util.ArrayList.forEach(ArrayList.java:1511)
	at java.base/java.util.ArrayList.forEach(ArrayList.java:1511)
Caused by: org.springframework.beans.factory.BeanCreationException: Error creating bean with name 'entityManagerFactory' defined in class path resource [org/springframework/boot/autoconfigure/orm/jpa/HibernateJpaConfiguration.class]: Unable to create requested service [org.hibernate.engine.jdbc.env.spi.JdbcEnvironment] due to: Unable to determine Dialect without JDBC metadata (please set 'jakarta.persistence.jdbc.url' for common cases or 'hibernate.dialect' when a custom Dialect implementation must be provided)
	at org.springframework.beans.factory.support.AbstractAutowireCapableBeanFactory.initializeBean(AbstractAutowireCapableBeanFactory.java:1806)
	at org.springframework.beans.factory.support.AbstractAutowireCapableBeanFactory.doCreateBean(AbstractAutowireCapableBeanFactory.java:600)
	at org.springframework.beans.factory.support.AbstractAutowireCapableBeanFactory.createBean(AbstractAutowireCapableBeanFactory.java:522)
	at org.springframework.beans.factory.support.AbstractBeanFactory.lambda$doGetBean$0(AbstractBeanFactory.java:337)
	at org.springframework.beans.factory.support.DefaultSingletonBeanRegistry.getSingleton(DefaultSingletonBeanRegistry.java:234)
	at org.springframework.beans.factory.support.AbstractBeanFactory.doGetBean(AbstractBeanFactory.java:335)
	at org.springframework.beans.factory.support.AbstractBeanFactory.getBean(AbstractBeanFactory.java:205)
	at org.springframework.context.support.AbstractApplicationContext.finishBeanFactoryInitialization(AbstractApplicationContext.java:954)
	at org.springframework.context.support.AbstractApplicationContext.refresh(AbstractApplicationContext.java:625)
	at org.springframework.boot.SpringApplication.refresh(SpringApplication.java:754)
	at org.springframework.boot.SpringApplication.refreshContext(SpringApplication.java:456)
	at org.springframework.boot.SpringApplication.run(SpringApplication.java:335)
	at org.springframework.boot.test.context.SpringBootContextLoader.lambda$loadContext$3(SpringBootContextLoader.java:137)
	at org.springframework.util.function.ThrowingSupplier.get(ThrowingSupplier.java:58)
	at org.springframework.util.function.ThrowingSupplier.get(ThrowingSupplier.java:46)
	at org.springframework.boot.SpringApplication.withHook(SpringApplication.java:1463)
	at org.springframework.boot.test.context.SpringBootContextLoader$ContextLoaderHook.run(SpringBootContextLoader.java:553)
	at org.springframework.boot.test.context.SpringBootContextLoader.loadContext(SpringBootContextLoader.java:137)
	at org.springframework.boot.test.context.SpringBootContextLoader.loadContext(SpringBootContextLoader.java:108)
	at org.springframework.test.context.cache.DefaultCacheAwareContextLoaderDelegate.loadContextInternal(DefaultCacheAwareContextLoaderDelegate.java:225)
	at org.springframework.test.context.cache.DefaultCacheAwareContextLoaderDelegate.loadContext(DefaultCacheAwareContextLoaderDelegate.java:152)
	... 17 more
Caused by: org.hibernate.service.spi.ServiceException: Unable to create requested service [org.hibernate.engine.jdbc.env.spi.JdbcEnvironment] due to: Unable to determine Dialect without JDBC metadata (please set 'jakarta.persistence.jdbc.url' for common cases or 'hibernate.dialect' when a custom Dialect implementation must be provided)
	at org.hibernate.service.internal.AbstractServiceRegistryImpl.createService(AbstractServiceRegistryImpl.java:276)
	at org.hibernate.service.internal.AbstractServiceRegistryImpl.initializeService(AbstractServiceRegistryImpl.java:238)
	at org.hibernate.service.internal.AbstractServiceRegistryImpl.getService(AbstractServiceRegistryImpl.java:215)
	at org.hibernate.boot.model.relational.Database.<init>(Database.java:45)
	at org.hibernate.boot.internal.InFlightMetadataCollectorImpl.getDatabase(InFlightMetadataCollectorImpl.java:221)
	at org.hibernate.boot.internal.InFlightMetadataCollectorImpl.<init>(InFlightMetadataCollectorImpl.java:189)
	at org.hibernate.boot.model.process.spi.MetadataBuildingProcess.complete(MetadataBuildingProcess.java:171)
	at org.hibernate.jpa.boot.internal.EntityManagerFactoryBuilderImpl.metadata(EntityManagerFactoryBuilderImpl.java:1431)
	at org.hibernate.jpa.boot.internal.EntityManagerFactoryBuilderImpl.build(EntityManagerFactoryBuilderImpl.java:1502)
	at org.springframework.orm.jpa.vendor.SpringHibernateJpaPersistenceProvider.createContainerEntityManagerFactory(SpringHibernateJpaPersistenceProvider.java:75)
	at org.springframework.orm.jpa.LocalContainerEntityManagerFactoryBean.createNativeEntityManagerFactory(LocalContainerEntityManagerFactoryBean.java:390)
	at org.springframework.orm.jpa.AbstractEntityManagerFactoryBean.buildNativeEntityManagerFactory(AbstractEntityManagerFactoryBean.java:409)
	at org.springframework.orm.jpa.AbstractEntityManagerFactoryBean.afterPropertiesSet(AbstractEntityManagerFactoryBean.java:396)
	at org.springframework.orm.jpa.LocalContainerEntityManagerFactoryBean.afterPropertiesSet(LocalContainerEntityManagerFactoryBean.java:366)
	at org.springframework.beans.factory.support.AbstractAutowireCapableBeanFactory.invokeInitMethods(AbstractAutowireCapableBeanFactory.java:1853)
	at org.springframework.beans.factory.support.AbstractAutowireCapableBeanFactory.initializeBean(AbstractAutowireCapableBeanFactory.java:1802)
	... 37 more
Caused by: org.hibernate.HibernateException: Unable to determine Dialect without JDBC metadata (please set 'jakarta.persistence.jdbc.url' for common cases or 'hibernate.dialect' when a custom Dialect implementation must be provided)
	at org.hibernate.engine.jdbc.dialect.internal.DialectFactoryImpl.determineDialect(DialectFactoryImpl.java:191)
	at org.hibernate.engine.jdbc.dialect.internal.DialectFactoryImpl.buildDialect(DialectFactoryImpl.java:87)
	at org.hibernate.engine.jdbc.env.internal.JdbcEnvironmentInitiator.getJdbcEnvironmentWithDefaults(JdbcEnvironmentInitiator.java:153)
	at org.hibernate.engine.jdbc.env.internal.JdbcEnvironmentInitiator.getJdbcEnvironmentUsingJdbcMetadata(JdbcEnvironmentInitiator.java:364)
	at org.hibernate.engine.jdbc.env.internal.JdbcEnvironmentInitiator.initiateService(JdbcEnvironmentInitiator.java:124)
	at org.hibernate.engine.jdbc.env.internal.JdbcEnvironmentInitiator.initiateService(JdbcEnvironmentInitiator.java:78)
	at org.hibernate.boot.registry.internal.StandardServiceRegistryImpl.initiateService(StandardServiceRegistryImpl.java:130)
	at org.hibernate.service.internal.AbstractServiceRegistryImpl.createService(AbstractServiceRegistryImpl.java:263)
	... 52 more

[ERROR] com.mangala.showroom.controller.AuthControllerTest.shouldReturnErrorWhenEmailExists -- Time elapsed: 0.001 s <<< ERROR!
java.lang.IllegalStateException: ApplicationContext failure threshold (1) exceeded: skipping repeated attempt to load context for [WebMergedContextConfiguration@31dbf5bb testClass = com.mangala.showroom.controller.AuthControllerTest, locations = [], classes = [com.mangala.showroom.ShowroomApplication], contextInitializerClasses = [], activeProfiles = [], propertySourceDescriptors = [], propertySourceProperties = ["org.springframework.boot.test.context.SpringBootTestContextBootstrapper=true"], contextCustomizers = [[ImportsContextCustomizer@1f19d423 key = [org.springframework.boot.test.autoconfigure.web.servlet.MockMvcWebDriverAutoConfiguration, org.springframework.boot.test.autoconfigure.web.servlet.MockMvcAutoConfiguration, org.springframework.boot.autoconfigure.security.oauth2.client.servlet.OAuth2ClientAutoConfiguration, org.springframework.boot.autoconfigure.security.servlet.SecurityAutoConfiguration, org.springframework.boot.autoconfigure.security.servlet.SecurityFilterAutoConfiguration, org.springframework.boot.autoconfigure.security.servlet.UserDetailsServiceAutoConfiguration, org.springframework.boot.autoconfigure.security.oauth2.resource.servlet.OAuth2ResourceServerAutoConfiguration, org.springframework.boot.test.autoconfigure.web.servlet.MockMvcSecurityConfiguration, org.springframework.boot.test.autoconfigure.web.servlet.MockMvcWebClientAutoConfiguration, org.springframework.boot.test.autoconfigure.web.reactive.WebTestClientAutoConfiguration]], org.springframework.boot.test.context.filter.ExcludeFilterContextCustomizer@3336e6b6, org.springframework.boot.test.json.DuplicateJsonObjectContextCustomizerFactory$DuplicateJsonObjectContextCustomizer@6f3187b0, org.springframework.boot.test.mock.mockito.MockitoContextCustomizer@8efa882, org.springframework.boot.test.web.client.TestRestTemplateContextCustomizer@4dd6fd0a, org.springframework.boot.test.web.reactor.netty.DisableReactorResourceFactoryGlobalResourcesContextCustomizerFactory$DisableReactorResourceFactoryGlobalResourcesContextCustomizerCustomizer@479cbee5, org.springframework.boot.test.autoconfigure.OnFailureConditionReportContextCustomizerFactory$OnFailureConditionReportContextCustomizer@7f8a9499, org.springframework.boot.test.autoconfigure.actuate.observability.ObservabilityContextCustomizerFactory$DisableObservabilityContextCustomizer@1f, org.springframework.boot.test.autoconfigure.properties.PropertyMappingContextCustomizer@4b3fa0b3, org.springframework.boot.test.autoconfigure.web.servlet.WebDriverContextCustomizer@2d9caaeb, org.springframework.boot.test.context.SpringBootTestAnnotation@365993b4], resourceBasePath = "src/main/webapp", contextLoader = org.springframework.boot.test.context.SpringBootContextLoader, parent = null]
	at org.springframework.test.context.cache.DefaultCacheAwareContextLoaderDelegate.loadContext(DefaultCacheAwareContextLoaderDelegate.java:145)
	at org.springframework.test.context.support.DefaultTestContext.getApplicationContext(DefaultTestContext.java:130)
	at org.springframework.test.context.web.ServletTestExecutionListener.setUpRequestContextIfNecessary(ServletTestExecutionListener.java:191)
	at org.springframework.test.context.web.ServletTestExecutionListener.prepareTestInstance(ServletTestExecutionListener.java:130)
	at org.springframework.test.context.TestContextManager.prepareTestInstance(TestContextManager.java:260)
	at org.springframework.test.context.junit.jupiter.SpringExtension.postProcessTestInstance(SpringExtension.java:163)
	at java.base/java.util.stream.ReferencePipeline$3$1.accept(ReferencePipeline.java:197)
	at java.base/java.util.stream.ReferencePipeline$2$1.accept(ReferencePipeline.java:179)
	at java.base/java.util.ArrayList$ArrayListSpliterator.forEachRemaining(ArrayList.java:1625)
	at java.base/java.util.stream.AbstractPipeline.copyInto(AbstractPipeline.java:509)
	at java.base/java.util.stream.AbstractPipeline.wrapAndCopyInto(AbstractPipeline.java:499)
	at java.base/java.util.stream.StreamSpliterators$WrappingSpliterator.forEachRemaining(StreamSpliterators.java:310)
	at java.base/java.util.stream.Streams$ConcatSpliterator.forEachRemaining(Streams.java:735)
	at java.base/java.util.stream.Streams$ConcatSpliterator.forEachRemaining(Streams.java:734)
	at java.base/java.util.stream.ReferencePipeline$Head.forEach(ReferencePipeline.java:762)
	at java.base/java.util.Optional.orElseGet(Optional.java:364)
	at java.base/java.util.ArrayList.forEach(ArrayList.java:1511)
	at java.base/java.util.ArrayList.forEach(ArrayList.java:1511)

[INFO] Running com.mangala.showroom.controller.ProductControllerTest
2026-03-30T20:09:37.172+05:30  INFO 12784 --- [           main] t.c.s.AnnotationConfigContextLoaderUtils : Could not detect default configuration classes for test class [com.mangala.showroom.controller.ProductControllerTest]: ProductControllerTest does not declare any static, non-private, non-final, nested classes annotated with @Configuration.
2026-03-30T20:09:37.190+05:30  INFO 12784 --- [           main] .b.t.c.SpringBootTestContextBootstrapper : Found @SpringBootConfiguration com.mangala.showroom.ShowroomApplication for test class com.mangala.showroom.controller.ProductControllerTest

  .   ____          _            __ _ _
 /\\ / ___'_ __ _ _(_)_ __  __ _ \ \ \ \
( ( )\___ | '_ | '_| | '_ \/ _` | \ \ \ \
 \\/  ___)| |_)| | | | | || (_| |  ) ) ) )
  '  |____| .__|_| |_|_| |_\__, | / / / /
 =========|_|==============|___/=/_/_/_/

 :: Spring Boot ::                (v3.3.5)

2026-03-30T20:09:37.289+05:30  INFO 12784 --- [           main] c.m.s.controller.ProductControllerTest   : Starting ProductControllerTest using Java 17.0.18 with PID 12784 (started by asus in C:\Users\asus\Desktop\stitch\backend)
2026-03-30T20:09:37.290+05:30  INFO 12784 --- [           main] c.m.s.controller.ProductControllerTest   : No active profile set, falling back to 1 default profile: "default"
2026-03-30T20:09:38.110+05:30  INFO 12784 --- [           main] .s.d.r.c.RepositoryConfigurationDelegate : Bootstrapping Spring Data JPA repositories in DEFAULT mode.
2026-03-30T20:09:38.179+05:30  INFO 12784 --- [           main] .s.d.r.c.RepositoryConfigurationDelegate : Finished Spring Data repository scanning in 69 ms. Found 4 JPA repository interfaces.
2026-03-30T20:09:38.926+05:30  INFO 12784 --- [           main] o.hibernate.jpa.internal.util.LogHelper  : HHH000204: Processing PersistenceUnitInfo [name: default]
2026-03-30T20:09:38.954+05:30  INFO 12784 --- [           main] o.h.c.internal.RegionFactoryInitiator    : HHH000026: Second-level cache disabled
2026-03-30T20:09:39.024+05:30  INFO 12784 --- [           main] o.s.o.j.p.SpringPersistenceUnitInfo      : No LoadTimeWeaver setup: ignoring JPA class transformer
2026-03-30T20:09:39.032+05:30  INFO 12784 --- [           main] com.zaxxer.hikari.HikariDataSource       : HikariPool-2 - Starting...
2026-03-30T20:09:40.049+05:30  WARN 12784 --- [           main] o.h.engine.jdbc.spi.SqlExceptionHelper   : SQL Error: 0, SQLState: 08S01
2026-03-30T20:09:40.050+05:30 ERROR 12784 --- [           main] o.h.engine.jdbc.spi.SqlExceptionHelper   : Communications link failure

The last packet sent successfully to the server was 0 milliseconds ago. The driver has not received any packets from the server.
2026-03-30T20:09:40.051+05:30  WARN 12784 --- [           main] o.h.e.j.e.i.JdbcEnvironmentInitiator     : HHH000342: Could not obtain connection to query metadata

org.hibernate.exception.JDBCConnectionException: unable to obtain isolated JDBC connection [Communications link failure

The last packet sent successfully to the server was 0 milliseconds ago. The driver has not received any packets from the server.] [n/a]
	at org.hibernate.exception.internal.SQLStateConversionDelegate.convert(SQLStateConversionDelegate.java:100) ~[hibernate-core-6.5.3.Final.jar:6.5.3.Final]
	at org.hibernate.exception.internal.StandardSQLExceptionConverter.convert(StandardSQLExceptionConverter.java:58) ~[hibernate-core-6.5.3.Final.jar:6.5.3.Final]
	at org.hibernate.engine.jdbc.spi.SqlExceptionHelper.convert(SqlExceptionHelper.java:108) ~[hibernate-core-6.5.3.Final.jar:6.5.3.Final]
	at org.hibernate.engine.jdbc.spi.SqlExceptionHelper.convert(SqlExceptionHelper.java:94) ~[hibernate-core-6.5.3.Final.jar:6.5.3.Final]
	at org.hibernate.resource.transaction.backend.jdbc.internal.JdbcIsolationDelegate.delegateWork(JdbcIsolationDelegate.java:116) ~[hibernate-core-6.5.3.Final.jar:6.5.3.Final]
	at org.hibernate.engine.jdbc.env.internal.JdbcEnvironmentInitiator.getJdbcEnvironmentUsingJdbcMetadata(JdbcEnvironmentInitiator.java:292) ~[hibernate-core-6.5.3.Final.jar:6.5.3.Final]
	at org.hibernate.engine.jdbc.env.internal.JdbcEnvironmentInitiator.initiateService(JdbcEnvironmentInitiator.java:124) ~[hibernate-core-6.5.3.Final.jar:6.5.3.Final]
	at org.hibernate.engine.jdbc.env.internal.JdbcEnvironmentInitiator.initiateService(JdbcEnvironmentInitiator.java:78) ~[hibernate-core-6.5.3.Final.jar:6.5.3.Final]
	at org.hibernate.boot.registry.internal.StandardServiceRegistryImpl.initiateService(StandardServiceRegistryImpl.java:130) ~[hibernate-core-6.5.3.Final.jar:6.5.3.Final]
	at org.hibernate.service.internal.AbstractServiceRegistryImpl.createService(AbstractServiceRegistryImpl.java:263) ~[hibernate-core-6.5.3.Final.jar:6.5.3.Final]
	at org.hibernate.service.internal.AbstractServiceRegistryImpl.initializeService(AbstractServiceRegistryImpl.java:238) ~[hibernate-core-6.5.3.Final.jar:6.5.3.Final]
	at org.hibernate.service.internal.AbstractServiceRegistryImpl.getService(AbstractServiceRegistryImpl.java:215) ~[hibernate-core-6.5.3.Final.jar:6.5.3.Final]
	at org.hibernate.boot.model.relational.Database.<init>(Database.java:45) ~[hibernate-core-6.5.3.Final.jar:6.5.3.Final]
	at org.hibernate.boot.internal.InFlightMetadataCollectorImpl.getDatabase(InFlightMetadataCollectorImpl.java:221) ~[hibernate-core-6.5.3.Final.jar:6.5.3.Final]
	at org.hibernate.boot.internal.InFlightMetadataCollectorImpl.<init>(InFlightMetadataCollectorImpl.java:189) ~[hibernate-core-6.5.3.Final.jar:6.5.3.Final]
	at org.hibernate.boot.model.process.spi.MetadataBuildingProcess.complete(MetadataBuildingProcess.java:171) ~[hibernate-core-6.5.3.Final.jar:6.5.3.Final]
	at org.hibernate.jpa.boot.internal.EntityManagerFactoryBuilderImpl.metadata(EntityManagerFactoryBuilderImpl.java:1431) ~[hibernate-core-6.5.3.Final.jar:6.5.3.Final]
	at org.hibernate.jpa.boot.internal.EntityManagerFactoryBuilderImpl.build(EntityManagerFactoryBuilderImpl.java:1502) ~[hibernate-core-6.5.3.Final.jar:6.5.3.Final]
	at org.springframework.orm.jpa.vendor.SpringHibernateJpaPersistenceProvider.createContainerEntityManagerFactory(SpringHibernateJpaPersistenceProvider.java:75) ~[spring-orm-6.1.14.jar:6.1.14]
	at org.springframework.orm.jpa.LocalContainerEntityManagerFactoryBean.createNativeEntityManagerFactory(LocalContainerEntityManagerFactoryBean.java:390) ~[spring-orm-6.1.14.jar:6.1.14]
	at org.springframework.orm.jpa.AbstractEntityManagerFactoryBean.buildNativeEntityManagerFactory(AbstractEntityManagerFactoryBean.java:409) ~[spring-orm-6.1.14.jar:6.1.14]
	at org.springframework.orm.jpa.AbstractEntityManagerFactoryBean.afterPropertiesSet(AbstractEntityManagerFactoryBean.java:396) ~[spring-orm-6.1.14.jar:6.1.14]
	at org.springframework.orm.jpa.LocalContainerEntityManagerFactoryBean.afterPropertiesSet(LocalContainerEntityManagerFactoryBean.java:366) ~[spring-orm-6.1.14.jar:6.1.14]
	at org.springframework.beans.factory.support.AbstractAutowireCapableBeanFactory.invokeInitMethods(AbstractAutowireCapableBeanFactory.java:1853) ~[spring-beans-6.1.14.jar:6.1.14]
	at org.springframework.beans.factory.support.AbstractAutowireCapableBeanFactory.initializeBean(AbstractAutowireCapableBeanFactory.java:1802) ~[spring-beans-6.1.14.jar:6.1.14]
	at org.springframework.beans.factory.support.AbstractAutowireCapableBeanFactory.doCreateBean(AbstractAutowireCapableBeanFactory.java:600) ~[spring-beans-6.1.14.jar:6.1.14]
	at org.springframework.beans.factory.support.AbstractAutowireCapableBeanFactory.createBean(AbstractAutowireCapableBeanFactory.java:522) ~[spring-beans-6.1.14.jar:6.1.14]
	at org.springframework.beans.factory.support.AbstractBeanFactory.lambda$doGetBean$0(AbstractBeanFactory.java:337) ~[spring-beans-6.1.14.jar:6.1.14]
	at org.springframework.beans.factory.support.DefaultSingletonBeanRegistry.getSingleton(DefaultSingletonBeanRegistry.java:234) ~[spring-beans-6.1.14.jar:6.1.14]
	at org.springframework.beans.factory.support.AbstractBeanFactory.doGetBean(AbstractBeanFactory.java:335) ~[spring-beans-6.1.14.jar:6.1.14]
	at org.springframework.beans.factory.support.AbstractBeanFactory.getBean(AbstractBeanFactory.java:205) ~[spring-beans-6.1.14.jar:6.1.14]
	at org.springframework.context.support.AbstractApplicationContext.finishBeanFactoryInitialization(AbstractApplicationContext.java:954) ~[spring-context-6.1.14.jar:6.1.14]
	at org.springframework.context.support.AbstractApplicationContext.refresh(AbstractApplicationContext.java:625) ~[spring-context-6.1.14.jar:6.1.14]
	at org.springframework.boot.SpringApplication.refresh(SpringApplication.java:754) ~[spring-boot-3.3.5.jar:3.3.5]
	at org.springframework.boot.SpringApplication.refreshContext(SpringApplication.java:456) ~[spring-boot-3.3.5.jar:3.3.5]
	at org.springframework.boot.SpringApplication.run(SpringApplication.java:335) ~[spring-boot-3.3.5.jar:3.3.5]
	at org.springframework.boot.test.context.SpringBootContextLoader.lambda$loadContext$3(SpringBootContextLoader.java:137) ~[spring-boot-test-3.3.5.jar:3.3.5]
	at org.springframework.util.function.ThrowingSupplier.get(ThrowingSupplier.java:58) ~[spring-core-6.1.14.jar:6.1.14]
	at org.springframework.util.function.ThrowingSupplier.get(ThrowingSupplier.java:46) ~[spring-core-6.1.14.jar:6.1.14]
	at org.springframework.boot.SpringApplication.withHook(SpringApplication.java:1463) ~[spring-boot-3.3.5.jar:3.3.5]
	at org.springframework.boot.test.context.SpringBootContextLoader$ContextLoaderHook.run(SpringBootContextLoader.java:553) ~[spring-boot-test-3.3.5.jar:3.3.5]
	at org.springframework.boot.test.context.SpringBootContextLoader.loadContext(SpringBootContextLoader.java:137) ~[spring-boot-test-3.3.5.jar:3.3.5]
	at org.springframework.boot.test.context.SpringBootContextLoader.loadContext(SpringBootContextLoader.java:108) ~[spring-boot-test-3.3.5.jar:3.3.5]
	at org.springframework.test.context.cache.DefaultCacheAwareContextLoaderDelegate.loadContextInternal(DefaultCacheAwareContextLoaderDelegate.java:225) ~[spring-test-6.1.14.jar:6.1.14]
	at org.springframework.test.context.cache.DefaultCacheAwareContextLoaderDelegate.loadContext(DefaultCacheAwareContextLoaderDelegate.java:152) ~[spring-test-6.1.14.jar:6.1.14]
	at org.springframework.test.context.support.DefaultTestContext.getApplicationContext(DefaultTestContext.java:130) ~[spring-test-6.1.14.jar:6.1.14]
	at org.springframework.test.context.web.ServletTestExecutionListener.setUpRequestContextIfNecessary(ServletTestExecutionListener.java:191) ~[spring-test-6.1.14.jar:6.1.14]
	at org.springframework.test.context.web.ServletTestExecutionListener.prepareTestInstance(ServletTestExecutionListener.java:130) ~[spring-test-6.1.14.jar:6.1.14]
	at org.springframework.test.context.TestContextManager.prepareTestInstance(TestContextManager.java:260) ~[spring-test-6.1.14.jar:6.1.14]
	at org.springframework.test.context.junit.jupiter.SpringExtension.postProcessTestInstance(SpringExtension.java:163) ~[spring-test-6.1.14.jar:6.1.14]
	at org.junit.jupiter.engine.descriptor.ClassBasedTestDescriptor.lambda$invokeTestInstancePostProcessors$10(ClassBasedTestDescriptor.java:378) ~[junit-jupiter-engine-5.10.5.jar:5.10.5]
	at org.junit.jupiter.engine.descriptor.ClassBasedTestDescriptor.executeAndMaskThrowable(ClassBasedTestDescriptor.java:383) ~[junit-jupiter-engine-5.10.5.jar:5.10.5]
	at org.junit.jupiter.engine.descriptor.ClassBasedTestDescriptor.lambda$invokeTestInstancePostProcessors$11(ClassBasedTestDescriptor.java:378) ~[junit-jupiter-engine-5.10.5.jar:5.10.5]
	at java.base/java.util.stream.ReferencePipeline$3$1.accept(ReferencePipeline.java:197) ~[na:na]
	at java.base/java.util.stream.ReferencePipeline$2$1.accept(ReferencePipeline.java:179) ~[na:na]
	at java.base/java.util.ArrayList$ArrayListSpliterator.forEachRemaining(ArrayList.java:1625) ~[na:na]
	at java.base/java.util.stream.AbstractPipeline.copyInto(AbstractPipeline.java:509) ~[na:na]
	at java.base/java.util.stream.AbstractPipeline.wrapAndCopyInto(AbstractPipeline.java:499) ~[na:na]
	at java.base/java.util.stream.StreamSpliterators$WrappingSpliterator.forEachRemaining(StreamSpliterators.java:310) ~[na:na]
	at java.base/java.util.stream.Streams$ConcatSpliterator.forEachRemaining(Streams.java:735) ~[na:na]
	at java.base/java.util.stream.Streams$ConcatSpliterator.forEachRemaining(Streams.java:734) ~[na:na]
	at java.base/java.util.stream.ReferencePipeline$Head.forEach(ReferencePipeline.java:762) ~[na:na]
	at org.junit.jupiter.engine.descriptor.ClassBasedTestDescriptor.invokeTestInstancePostProcessors(ClassBasedTestDescriptor.java:377) ~[junit-jupiter-engine-5.10.5.jar:5.10.5]
	at org.junit.jupiter.engine.descriptor.ClassBasedTestDescriptor.lambda$instantiateAndPostProcessTestInstance$6(ClassBasedTestDescriptor.java:290) ~[junit-jupiter-engine-5.10.5.jar:5.10.5]
	at org.junit.platform.engine.support.hierarchical.ThrowableCollector.execute(ThrowableCollector.java:73) ~[junit-platform-engine-1.10.5.jar:1.10.5]
	at org.junit.jupiter.engine.descriptor.ClassBasedTestDescriptor.instantiateAndPostProcessTestInstance(ClassBasedTestDescriptor.java:289) ~[junit-jupiter-engine-5.10.5.jar:5.10.5]
	at org.junit.jupiter.engine.descriptor.ClassBasedTestDescriptor.lambda$testInstancesProvider$4(ClassBasedTestDescriptor.java:279) ~[junit-jupiter-engine-5.10.5.jar:5.10.5]
	at java.base/java.util.Optional.orElseGet(Optional.java:364) ~[na:na]
	at org.junit.jupiter.engine.descriptor.ClassBasedTestDescriptor.lambda$testInstancesProvider$5(ClassBasedTestDescriptor.java:278) ~[junit-jupiter-engine-5.10.5.jar:5.10.5]
	at org.junit.jupiter.engine.execution.TestInstancesProvider.getTestInstances(TestInstancesProvider.java:31) ~[junit-jupiter-engine-5.10.5.jar:5.10.5]
	at org.junit.jupiter.engine.descriptor.TestMethodTestDescriptor.lambda$prepare$0(TestMethodTestDescriptor.java:106) ~[junit-jupiter-engine-5.10.5.jar:5.10.5]
	at org.junit.platform.engine.support.hierarchical.ThrowableCollector.execute(ThrowableCollector.java:73) ~[junit-platform-engine-1.10.5.jar:1.10.5]
	at org.junit.jupiter.engine.descriptor.TestMethodTestDescriptor.prepare(TestMethodTestDescriptor.java:105) ~[junit-jupiter-engine-5.10.5.jar:5.10.5]
	at org.junit.jupiter.engine.descriptor.TestMethodTestDescriptor.prepare(TestMethodTestDescriptor.java:69) ~[junit-jupiter-engine-5.10.5.jar:5.10.5]
	at org.junit.platform.engine.support.hierarchical.NodeTestTask.lambda$prepare$2(NodeTestTask.java:128) ~[junit-platform-engine-1.10.5.jar:1.10.5]
	at org.junit.platform.engine.support.hierarchical.ThrowableCollector.execute(ThrowableCollector.java:73) ~[junit-platform-engine-1.10.5.jar:1.10.5]
	at org.junit.platform.engine.support.hierarchical.NodeTestTask.prepare(NodeTestTask.java:128) ~[junit-platform-engine-1.10.5.jar:1.10.5]
	at org.junit.platform.engine.support.hierarchical.NodeTestTask.execute(NodeTestTask.java:95) ~[junit-platform-engine-1.10.5.jar:1.10.5]
	at java.base/java.util.ArrayList.forEach(ArrayList.java:1511) ~[na:na]
	at org.junit.platform.engine.support.hierarchical.SameThreadHierarchicalTestExecutorService.invokeAll(SameThreadHierarchicalTestExecutorService.java:41) ~[junit-platform-engine-1.10.5.jar:1.10.5]
	at org.junit.platform.engine.support.hierarchical.NodeTestTask.lambda$executeRecursively$6(NodeTestTask.java:160) ~[junit-platform-engine-1.10.5.jar:1.10.5]
	at org.junit.platform.engine.support.hierarchical.ThrowableCollector.execute(ThrowableCollector.java:73) ~[junit-platform-engine-1.10.5.jar:1.10.5]
	at org.junit.platform.engine.support.hierarchical.NodeTestTask.lambda$executeRecursively$8(NodeTestTask.java:146) ~[junit-platform-engine-1.10.5.jar:1.10.5]
	at org.junit.platform.engine.support.hierarchical.Node.around(Node.java:137) ~[junit-platform-engine-1.10.5.jar:1.10.5]
	at org.junit.platform.engine.support.hierarchical.NodeTestTask.lambda$executeRecursively$9(NodeTestTask.java:144) ~[junit-platform-engine-1.10.5.jar:1.10.5]
	at org.junit.platform.engine.support.hierarchical.ThrowableCollector.execute(ThrowableCollector.java:73) ~[junit-platform-engine-1.10.5.jar:1.10.5]
	at org.junit.platform.engine.support.hierarchical.NodeTestTask.executeRecursively(NodeTestTask.java:143) ~[junit-platform-engine-1.10.5.jar:1.10.5]
	at org.junit.platform.engine.support.hierarchical.NodeTestTask.execute(NodeTestTask.java:100) ~[junit-platform-engine-1.10.5.jar:1.10.5]
	at java.base/java.util.ArrayList.forEach(ArrayList.java:1511) ~[na:na]
	at org.junit.platform.engine.support.hierarchical.SameThreadHierarchicalTestExecutorService.invokeAll(SameThreadHierarchicalTestExecutorService.java:41) ~[junit-platform-engine-1.10.5.jar:1.10.5]
	at org.junit.platform.engine.support.hierarchical.NodeTestTask.lambda$executeRecursively$6(NodeTestTask.java:160) ~[junit-platform-engine-1.10.5.jar:1.10.5]
	at org.junit.platform.engine.support.hierarchical.ThrowableCollector.execute(ThrowableCollector.java:73) ~[junit-platform-engine-1.10.5.jar:1.10.5]
	at org.junit.platform.engine.support.hierarchical.NodeTestTask.lambda$executeRecursively$8(NodeTestTask.java:146) ~[junit-platform-engine-1.10.5.jar:1.10.5]
	at org.junit.platform.engine.support.hierarchical.Node.around(Node.java:137) ~[junit-platform-engine-1.10.5.jar:1.10.5]
	at org.junit.platform.engine.support.hierarchical.NodeTestTask.lambda$executeRecursively$9(NodeTestTask.java:144) ~[junit-platform-engine-1.10.5.jar:1.10.5]
	at org.junit.platform.engine.support.hierarchical.ThrowableCollector.execute(ThrowableCollector.java:73) ~[junit-platform-engine-1.10.5.jar:1.10.5]
	at org.junit.platform.engine.support.hierarchical.NodeTestTask.executeRecursively(NodeTestTask.java:143) ~[junit-platform-engine-1.10.5.jar:1.10.5]
	at org.junit.platform.engine.support.hierarchical.NodeTestTask.execute(NodeTestTask.java:100) ~[junit-platform-engine-1.10.5.jar:1.10.5]
	at org.junit.platform.engine.support.hierarchical.SameThreadHierarchicalTestExecutorService.submit(SameThreadHierarchicalTestExecutorService.java:35) ~[junit-platform-engine-1.10.5.jar:1.10.5]
	at org.junit.platform.engine.support.hierarchical.HierarchicalTestExecutor.execute(HierarchicalTestExecutor.java:57) ~[junit-platform-engine-1.10.5.jar:1.10.5]
	at org.junit.platform.engine.support.hierarchical.HierarchicalTestEngine.execute(HierarchicalTestEngine.java:54) ~[junit-platform-engine-1.10.5.jar:1.10.5]
	at org.junit.platform.launcher.core.EngineExecutionOrchestrator.execute(EngineExecutionOrchestrator.java:198) ~[junit-platform-launcher-1.10.5.jar:1.10.5]
	at org.junit.platform.launcher.core.EngineExecutionOrchestrator.execute(EngineExecutionOrchestrator.java:169) ~[junit-platform-launcher-1.10.5.jar:1.10.5]
	at org.junit.platform.launcher.core.EngineExecutionOrchestrator.execute(EngineExecutionOrchestrator.java:93) ~[junit-platform-launcher-1.10.5.jar:1.10.5]
	at org.junit.platform.launcher.core.EngineExecutionOrchestrator.lambda$execute$0(EngineExecutionOrchestrator.java:58) ~[junit-platform-launcher-1.10.5.jar:1.10.5]
	at org.junit.platform.launcher.core.EngineExecutionOrchestrator.withInterceptedStreams(EngineExecutionOrchestrator.java:141) ~[junit-platform-launcher-1.10.5.jar:1.10.5]
	at org.junit.platform.launcher.core.EngineExecutionOrchestrator.execute(EngineExecutionOrchestrator.java:57) ~[junit-platform-launcher-1.10.5.jar:1.10.5]
	at org.junit.platform.launcher.core.DefaultLauncher.execute(DefaultLauncher.java:103) ~[junit-platform-launcher-1.10.5.jar:1.10.5]
	at org.junit.platform.launcher.core.DefaultLauncher.execute(DefaultLauncher.java:85) ~[junit-platform-launcher-1.10.5.jar:1.10.5]
	at org.junit.platform.launcher.core.DelegatingLauncher.execute(DelegatingLauncher.java:47) ~[junit-platform-launcher-1.10.5.jar:1.10.5]
	at org.apache.maven.surefire.junitplatform.LazyLauncher.execute(LazyLauncher.java:56) ~[surefire-junit-platform-3.2.5.jar:3.2.5]
	at org.apache.maven.surefire.junitplatform.JUnitPlatformProvider.execute(JUnitPlatformProvider.java:184) ~[surefire-junit-platform-3.2.5.jar:3.2.5]
	at org.apache.maven.surefire.junitplatform.JUnitPlatformProvider.invokeAllTests(JUnitPlatformProvider.java:148) ~[surefire-junit-platform-3.2.5.jar:3.2.5]
	at org.apache.maven.surefire.junitplatform.JUnitPlatformProvider.invoke(JUnitPlatformProvider.java:122) ~[surefire-junit-platform-3.2.5.jar:3.2.5]
	at org.apache.maven.surefire.booter.ForkedBooter.runSuitesInProcess(ForkedBooter.java:385) ~[surefire-booter-3.2.5.jar:3.2.5]
	at org.apache.maven.surefire.booter.ForkedBooter.execute(ForkedBooter.java:162) ~[surefire-booter-3.2.5.jar:3.2.5]
	at org.apache.maven.surefire.booter.ForkedBooter.run(ForkedBooter.java:507) ~[surefire-booter-3.2.5.jar:3.2.5]
	at org.apache.maven.surefire.booter.ForkedBooter.main(ForkedBooter.java:495) ~[surefire-booter-3.2.5.jar:3.2.5]
Caused by: com.mysql.cj.jdbc.exceptions.CommunicationsException: Communications link failure

The last packet sent successfully to the server was 0 milliseconds ago. The driver has not received any packets from the server.
	at com.mysql.cj.jdbc.exceptions.SQLError.createCommunicationsException(SQLError.java:174) ~[mysql-connector-j-8.3.0.jar:8.3.0]
	at com.mysql.cj.jdbc.exceptions.SQLExceptionsMapping.translateException(SQLExceptionsMapping.java:64) ~[mysql-connector-j-8.3.0.jar:8.3.0]
	at com.mysql.cj.jdbc.ConnectionImpl.createNewIO(ConnectionImpl.java:815) ~[mysql-connector-j-8.3.0.jar:8.3.0]
	at com.mysql.cj.jdbc.ConnectionImpl.<init>(ConnectionImpl.java:438) ~[mysql-connector-j-8.3.0.jar:8.3.0]
	at com.mysql.cj.jdbc.ConnectionImpl.getInstance(ConnectionImpl.java:241) ~[mysql-connector-j-8.3.0.jar:8.3.0]
	at com.mysql.cj.jdbc.NonRegisteringDriver.connect(NonRegisteringDriver.java:189) ~[mysql-connector-j-8.3.0.jar:8.3.0]
	at com.zaxxer.hikari.util.DriverDataSource.getConnection(DriverDataSource.java:137) ~[HikariCP-5.1.0.jar:na]
	at com.zaxxer.hikari.pool.PoolBase.newConnection(PoolBase.java:360) ~[HikariCP-5.1.0.jar:na]
	at com.zaxxer.hikari.pool.PoolBase.newPoolEntry(PoolBase.java:202) ~[HikariCP-5.1.0.jar:na]
	at com.zaxxer.hikari.pool.HikariPool.createPoolEntry(HikariPool.java:461) ~[HikariCP-5.1.0.jar:na]
	at com.zaxxer.hikari.pool.HikariPool.checkFailFast(HikariPool.java:550) ~[HikariCP-5.1.0.jar:na]
	at com.zaxxer.hikari.pool.HikariPool.<init>(HikariPool.java:98) ~[HikariCP-5.1.0.jar:na]
	at com.zaxxer.hikari.HikariDataSource.getConnection(HikariDataSource.java:111) ~[HikariCP-5.1.0.jar:na]
	at org.hibernate.engine.jdbc.connections.internal.DatasourceConnectionProviderImpl.getConnection(DatasourceConnectionProviderImpl.java:122) ~[hibernate-core-6.5.3.Final.jar:6.5.3.Final]
	at org.hibernate.engine.jdbc.env.internal.JdbcEnvironmentInitiator$ConnectionProviderJdbcConnectionAccess.obtainConnection(JdbcEnvironmentInitiator.java:439) ~[hibernate-core-6.5.3.Final.jar:6.5.3.Final]
	at org.hibernate.resource.transaction.backend.jdbc.internal.JdbcIsolationDelegate.delegateWork(JdbcIsolationDelegate.java:61) ~[hibernate-core-6.5.3.Final.jar:6.5.3.Final]
	... 113 common frames omitted
Caused by: com.mysql.cj.exceptions.CJCommunicationsException: Communications link failure

The last packet sent successfully to the server was 0 milliseconds ago. The driver has not received any packets from the server.
	at java.base/jdk.internal.reflect.NativeConstructorAccessorImpl.newInstance0(Native Method) ~[na:na]
	at java.base/jdk.internal.reflect.NativeConstructorAccessorImpl.newInstance(NativeConstructorAccessorImpl.java:77) ~[na:na]
	at java.base/jdk.internal.reflect.DelegatingConstructorAccessorImpl.newInstance(DelegatingConstructorAccessorImpl.java:45) ~[na:na]
	at java.base/java.lang.reflect.Constructor.newInstanceWithCaller(Constructor.java:500) ~[na:na]
	at java.base/java.lang.reflect.Constructor.newInstance(Constructor.java:481) ~[na:na]
	at com.mysql.cj.exceptions.ExceptionFactory.createException(ExceptionFactory.java:61) ~[mysql-connector-j-8.3.0.jar:8.3.0]
	at com.mysql.cj.exceptions.ExceptionFactory.createException(ExceptionFactory.java:104) ~[mysql-connector-j-8.3.0.jar:8.3.0]
	at com.mysql.cj.exceptions.ExceptionFactory.createException(ExceptionFactory.java:149) ~[mysql-connector-j-8.3.0.jar:8.3.0]
	at com.mysql.cj.exceptions.ExceptionFactory.createCommunicationsException(ExceptionFactory.java:165) ~[mysql-connector-j-8.3.0.jar:8.3.0]
	at com.mysql.cj.protocol.a.NativeSocketConnection.connect(NativeSocketConnection.java:88) ~[mysql-connector-j-8.3.0.jar:8.3.0]
	at com.mysql.cj.NativeSession.connect(NativeSession.java:120) ~[mysql-connector-j-8.3.0.jar:8.3.0]
	at com.mysql.cj.jdbc.ConnectionImpl.connectOneTryOnly(ConnectionImpl.java:935) ~[mysql-connector-j-8.3.0.jar:8.3.0]
	at com.mysql.cj.jdbc.ConnectionImpl.createNewIO(ConnectionImpl.java:805) ~[mysql-connector-j-8.3.0.jar:8.3.0]
	... 126 common frames omitted
Caused by: java.net.ConnectException: Connection refused: getsockopt
	at java.base/sun.nio.ch.Net.pollConnect(Native Method) ~[na:na]
	at java.base/sun.nio.ch.Net.pollConnectNow(Net.java:684) ~[na:na]
	at java.base/sun.nio.ch.NioSocketImpl.timedFinishConnect(NioSocketImpl.java:547) ~[na:na]
	at java.base/sun.nio.ch.NioSocketImpl.connect(NioSocketImpl.java:602) ~[na:na]
	at java.base/java.net.SocksSocketImpl.connect(SocksSocketImpl.java:327) ~[na:na]
	at java.base/java.net.Socket.connect(Socket.java:633) ~[na:na]
	at com.mysql.cj.protocol.StandardSocketFactory.connect(StandardSocketFactory.java:153) ~[mysql-connector-j-8.3.0.jar:8.3.0]
	at com.mysql.cj.protocol.a.NativeSocketConnection.connect(NativeSocketConnection.java:62) ~[mysql-connector-j-8.3.0.jar:8.3.0]
	... 129 common frames omitted

2026-03-30T20:09:40.064+05:30 ERROR 12784 --- [           main] j.LocalContainerEntityManagerFactoryBean : Failed to initialize JPA EntityManagerFactory: Unable to create requested service [org.hibernate.engine.jdbc.env.spi.JdbcEnvironment] due to: Unable to determine Dialect without JDBC metadata (please set 'jakarta.persistence.jdbc.url' for common cases or 'hibernate.dialect' when a custom Dialect implementation must be provided)
2026-03-30T20:09:40.065+05:30  WARN 12784 --- [           main] o.s.w.c.s.GenericWebApplicationContext   : Exception encountered during context initialization - cancelling refresh attempt: org.springframework.beans.factory.BeanCreationException: Error creating bean with name 'entityManagerFactory' defined in class path resource [org/springframework/boot/autoconfigure/orm/jpa/HibernateJpaConfiguration.class]: Unable to create requested service [org.hibernate.engine.jdbc.env.spi.JdbcEnvironment] due to: Unable to determine Dialect without JDBC metadata (please set 'jakarta.persistence.jdbc.url' for common cases or 'hibernate.dialect' when a custom Dialect implementation must be provided)



===========================
=
CONDITIONS EVALUATION 
REPORT
===========================
=


Positive matches:
-----------------

   AopAutoConfiguration 
matched:
      - 
@ConditionalOnProperty 
(spring.aop.auto=true) 
matched 
(OnPropertyCondition)

   AopAutoConfiguration.Asp
ectJAutoProxyingConfigurati
on matched:
      - 
@ConditionalOnClass found 
required class 'org.aspectj
.weaver.Advice' 
(OnClassCondition)

   AopAutoConfiguration.Asp
ectJAutoProxyingConfigurati
on.CglibAutoProxyConfigurat
ion matched:
      - 
@ConditionalOnProperty (spr
ing.aop.proxy-target-class=
true) matched 
(OnPropertyCondition)

   ApplicationAvailabilityA
utoConfiguration#applicatio
nAvailability matched:
      - 
@ConditionalOnMissingBean 
(types: org.springframework
.boot.availability.Applicat
ionAvailability; 
SearchStrategy: all) did 
not find any beans 
(OnBeanCondition)

   DataSourceAutoConfigurat
ion matched:
      - 
@ConditionalOnClass found 
required classes 
'javax.sql.DataSource', 'or
g.springframework.jdbc.data
source.embedded.EmbeddedDat
abaseType' 
(OnClassCondition)
      - 
@ConditionalOnMissingBean 
(types: io.r2dbc.spi.Connec
tionFactory; 
SearchStrategy: all) did 
not find any beans 
(OnBeanCondition)

   DataSourceAutoConfigurat
ion.PooledDataSourceConfigu
ration matched:
      - AnyNestedCondition 
1 matched 1 did not; 
NestedCondition on DataSour
ceAutoConfiguration.PooledD
ataSourceCondition.PooledDa
taSourceAvailable 
PooledDataSource found 
supported DataSource; 
NestedCondition on DataSour
ceAutoConfiguration.PooledD
ataSourceCondition.Explicit
Type 
@ConditionalOnProperty 
(spring.datasource.type) 
did not find property 
'type' (DataSourceAutoConfi
guration.PooledDataSourceCo
ndition)
      - 
@ConditionalOnMissingBean 
(types: javax.sql.DataSourc
e,javax.sql.XADataSource; 
SearchStrategy: all) did 
not find any beans 
(OnBeanCondition)

   DataSourceAutoConfigurat
ion.PooledDataSourceConfigu
ration#jdbcConnectionDetail
s matched:
      - 
@ConditionalOnMissingBean 
(types: org.springframework
.boot.autoconfigure.jdbc.Jd
bcConnectionDetails; 
SearchStrategy: all) did 
not find any beans 
(OnBeanCondition)

   DataSourceConfiguration.
Hikari matched:
      - 
@ConditionalOnClass found 
required class 'com.zaxxer.
hikari.HikariDataSource' 
(OnClassCondition)
      - 
@ConditionalOnProperty (spr
ing.datasource.type=com.zax
xer.hikari.HikariDataSource
) matched 
(OnPropertyCondition)
      - 
@ConditionalOnMissingBean 
(types: 
javax.sql.DataSource; 
SearchStrategy: all) did 
not find any beans 
(OnBeanCondition)

   DataSourceInitialization
Configuration matched:
      - 
@ConditionalOnClass found 
required class 'org.springf
ramework.jdbc.datasource.in
it.DatabasePopulator' 
(OnClassCondition)
      - @ConditionalOnSingl
eCandidate (types: 
javax.sql.DataSource; 
SearchStrategy: all) found 
a single bean 
'dataSource'; 
@ConditionalOnMissingBean 
(types: org.springframework
.boot.autoconfigure.sql.ini
t.SqlDataSourceScriptDataba
seInitializer,org.springfra
mework.boot.autoconfigure.s
ql.init.SqlR2dbcScriptDatab
aseInitializer; 
SearchStrategy: all) did 
not find any beans 
(OnBeanCondition)

   DataSourcePoolMetadataPr
ovidersConfiguration.Hikari
PoolDataSourceMetadataProvi
derConfiguration matched:
      - 
@ConditionalOnClass found 
required class 'com.zaxxer.
hikari.HikariDataSource' 
(OnClassCondition)

   DataSourceTransactionMan
agerAutoConfiguration 
matched:
      - 
@ConditionalOnClass found 
required classes 
'javax.sql.DataSource', 'or
g.springframework.jdbc.core
.JdbcTemplate', 'org.spring
framework.transaction.Trans
actionManager' 
(OnClassCondition)

   DataSourceTransactionMan
agerAutoConfiguration.JdbcT
ransactionManagerConfigurat
ion matched:
      - @ConditionalOnSingl
eCandidate (types: 
javax.sql.DataSource; 
SearchStrategy: all) found 
a single bean 'dataSource' 
(OnBeanCondition)

   DispatcherServletAutoCon
figuration matched:
      - 
@ConditionalOnClass found 
required class 'org.springf
ramework.web.servlet.Dispat
cherServlet' 
(OnClassCondition)
      - found 'session' 
scope 
(OnWebApplicationCondition)

   DispatcherServletAutoCon
figuration.DispatcherServle
tConfiguration matched:
      - 
@ConditionalOnClass found 
required class 'jakarta.ser
vlet.ServletRegistration' 
(OnClassCondition)
      - Default 
DispatcherServlet did not 
find dispatcher servlet 
beans (DispatcherServletAut
oConfiguration.DefaultDispa
tcherServletCondition)

   DispatcherServletAutoCon
figuration.DispatcherServle
tRegistrationConfiguration 
matched:
      - 
@ConditionalOnClass found 
required class 'jakarta.ser
vlet.ServletRegistration' 
(OnClassCondition)
      - DispatcherServlet 
Registration did not find 
servlet registration bean (
DispatcherServletAutoConfig
uration.DispatcherServletRe
gistrationCondition)

   DispatcherServletAutoCon
figuration.DispatcherServle
tRegistrationConfiguration#
dispatcherServletRegistrati
on matched:
      - @ConditionalOnBean 
(names: dispatcherServlet 
types: org.springframework.
web.servlet.DispatcherServl
et; SearchStrategy: all) 
found bean 
'dispatcherServlet' 
(OnBeanCondition)

   
ErrorMvcAutoConfiguration 
matched:
      - 
@ConditionalOnClass found 
required classes 
'jakarta.servlet.Servlet', 
'org.springframework.web.se
rvlet.DispatcherServlet' 
(OnClassCondition)
      - found 'session' 
scope 
(OnWebApplicationCondition)

   ErrorMvcAutoConfiguratio
n#basicErrorController 
matched:
      - 
@ConditionalOnMissingBean 
(types: org.springframework
.boot.web.servlet.error.Err
orController; 
SearchStrategy: current) 
did not find any beans 
(OnBeanCondition)

   ErrorMvcAutoConfiguratio
n#errorAttributes matched:
      - 
@ConditionalOnMissingBean 
(types: org.springframework
.boot.web.servlet.error.Err
orAttributes; 
SearchStrategy: current) 
did not find any beans 
(OnBeanCondition)

   ErrorMvcAutoConfiguratio
n.DefaultErrorViewResolverC
onfiguration#conventionErro
rViewResolver matched:
      - @ConditionalOnBean 
(types: org.springframework
.web.servlet.DispatcherServ
let; SearchStrategy: all) 
found bean 
'dispatcherServlet'; 
@ConditionalOnMissingBean 
(types: org.springframework
.boot.autoconfigure.web.ser
vlet.error.ErrorViewResolve
r; SearchStrategy: all) 
did not find any beans 
(OnBeanCondition)

   ErrorMvcAutoConfiguratio
n.WhitelabelErrorViewConfig
uration matched:
      - 
@ConditionalOnProperty (ser
ver.error.whitelabel.enable
d) matched 
(OnPropertyCondition)
      - ErrorTemplate 
Missing did not find error 
template view (ErrorMvcAuto
Configuration.ErrorTemplate
MissingCondition)

   ErrorMvcAutoConfiguratio
n.WhitelabelErrorViewConfig
uration#beanNameViewResolve
r matched:
      - 
@ConditionalOnMissingBean 
(types: org.springframework
.web.servlet.view.BeanNameV
iewResolver; 
SearchStrategy: all) did 
not find any beans 
(OnBeanCondition)

   ErrorMvcAutoConfiguratio
n.WhitelabelErrorViewConfig
uration#defaultErrorView 
matched:
      - 
@ConditionalOnMissingBean 
(names: error; 
SearchStrategy: all) did 
not find any beans 
(OnBeanCondition)

   
GenericCacheConfiguration 
matched:
      - Cache org.springfra
mework.boot.autoconfigure.c
ache.GenericCacheConfigurat
ion automatic cache type 
(CacheCondition)

   HibernateJpaAutoConfigur
ation matched:
      - 
@ConditionalOnClass found 
required classes 'org.sprin
gframework.orm.jpa.LocalCon
tainerEntityManagerFactoryB
ean', 'jakarta.persistence.
EntityManager', 'org.hibern
ate.engine.spi.SessionImple
mentor' (OnClassCondition)

   
HibernateJpaConfiguration 
matched:
      - @ConditionalOnSingl
eCandidate (types: 
javax.sql.DataSource; 
SearchStrategy: all) found 
a single bean 'dataSource' 
(OnBeanCondition)

   HttpEncodingAutoConfigur
ation matched:
      - 
@ConditionalOnClass found 
required class 'org.springf
ramework.web.filter.Charact
erEncodingFilter' 
(OnClassCondition)
      - found 'session' 
scope 
(OnWebApplicationCondition)
      - 
@ConditionalOnProperty (ser
ver.servlet.encoding.enable
d) matched 
(OnPropertyCondition)

   HttpEncodingAutoConfigur
ation#characterEncodingFilt
er matched:
      - 
@ConditionalOnMissingBean 
(types: org.springframework
.web.filter.CharacterEncodi
ngFilter; SearchStrategy: 
all) did not find any 
beans (OnBeanCondition)

   HttpMessageConvertersAut
oConfiguration matched:
      - 
@ConditionalOnClass found 
required class 'org.springf
ramework.http.converter.Htt
pMessageConverter' 
(OnClassCondition)
      - 
NoneNestedConditions 0 
matched 1 did not; 
NestedCondition on HttpMess
ageConvertersAutoConfigurat
ion.NotReactiveWebApplicati
onCondition.ReactiveWebAppl
ication did not find 
reactive web application 
classes (HttpMessageConvert
ersAutoConfiguration.NotRea
ctiveWebApplicationConditio
n)

   HttpMessageConvertersAut
oConfiguration#messageConve
rters matched:
      - 
@ConditionalOnMissingBean 
(types: org.springframework
.boot.autoconfigure.http.Ht
tpMessageConverters; 
SearchStrategy: all) did 
not find any beans 
(OnBeanCondition)

   HttpMessageConvertersAut
oConfiguration.StringHttpMe
ssageConverterConfiguration
 matched:
      - 
@ConditionalOnClass found 
required class 'org.springf
ramework.http.converter.Str
ingHttpMessageConverter' 
(OnClassCondition)

   HttpMessageConvertersAut
oConfiguration.StringHttpMe
ssageConverterConfiguration
#stringHttpMessageConverter
 matched:
      - 
@ConditionalOnMissingBean 
(types: org.springframework
.http.converter.StringHttpM
essageConverter; 
SearchStrategy: all) did 
not find any beans 
(OnBeanCondition)

   
JacksonAutoConfiguration 
matched:
      - 
@ConditionalOnClass found 
required class 'com.fasterx
ml.jackson.databind.ObjectM
apper' (OnClassCondition)

   JacksonAutoConfiguration
.Jackson2ObjectMapperBuilde
rCustomizerConfiguration 
matched:
      - 
@ConditionalOnClass found 
required class 'org.springf
ramework.http.converter.jso
n.Jackson2ObjectMapperBuild
er' (OnClassCondition)

   JacksonAutoConfiguration
.JacksonObjectMapperBuilder
Configuration matched:
      - 
@ConditionalOnClass found 
required class 'org.springf
ramework.http.converter.jso
n.Jackson2ObjectMapperBuild
er' (OnClassCondition)

   JacksonAutoConfiguration
.JacksonObjectMapperBuilder
Configuration#jacksonObject
MapperBuilder matched:
      - 
@ConditionalOnMissingBean 
(types: org.springframework
.http.converter.json.Jackso
n2ObjectMapperBuilder; 
SearchStrategy: all) did 
not find any beans 
(OnBeanCondition)

   JacksonAutoConfiguration
.JacksonObjectMapperConfigu
ration matched:
      - 
@ConditionalOnClass found 
required class 'org.springf
ramework.http.converter.jso
n.Jackson2ObjectMapperBuild
er' (OnClassCondition)

   JacksonAutoConfiguration
.JacksonObjectMapperConfigu
ration#jacksonObjectMapper 
matched:
      - 
@ConditionalOnMissingBean 
(types: com.fasterxml.jacks
on.databind.ObjectMapper; 
SearchStrategy: all) did 
not find any beans 
(OnBeanCondition)

   JacksonAutoConfiguration
.ParameterNamesModuleConfig
uration matched:
      - 
@ConditionalOnClass found 
required class 'com.fasterx
ml.jackson.module.paramname
s.ParameterNamesModule' 
(OnClassCondition)

   JacksonAutoConfiguration
.ParameterNamesModuleConfig
uration#parameterNamesModul
e matched:
      - 
@ConditionalOnMissingBean 
(types: com.fasterxml.jacks
on.module.paramnames.Parame
terNamesModule; 
SearchStrategy: all) did 
not find any beans 
(OnBeanCondition)

   JacksonHttpMessageConver
tersConfiguration.MappingJa
ckson2HttpMessageConverterC
onfiguration matched:
      - 
@ConditionalOnClass found 
required class 'com.fasterx
ml.jackson.databind.ObjectM
apper' (OnClassCondition)
      - 
@ConditionalOnProperty (spr
ing.mvc.converters.preferre
d-json-mapper=jackson) 
matched 
(OnPropertyCondition)
      - @ConditionalOnBean 
(types: com.fasterxml.jacks
on.databind.ObjectMapper; 
SearchStrategy: all) found 
bean 'jacksonObjectMapper' 
(OnBeanCondition)

   JacksonHttpMessageConver
tersConfiguration.MappingJa
ckson2HttpMessageConverterC
onfiguration#mappingJackson
2HttpMessageConverter 
matched:
      - 
@ConditionalOnMissingBean 
(types: org.springframework
.http.converter.json.Mappin
gJackson2HttpMessageConvert
er ignored: org.springframe
work.hateoas.server.mvc.Typ
eConstrainedMappingJackson2
HttpMessageConverter,org.sp
ringframework.data.rest.web
mvc.alps.AlpsJsonHttpMessag
eConverter; 
SearchStrategy: all) did 
not find any beans 
(OnBeanCondition)

   JdbcClientAutoConfigurat
ion matched:
      - @ConditionalOnSingl
eCandidate (types: org.spri
ngframework.jdbc.core.named
param.NamedParameterJdbcTem
plate; SearchStrategy: 
all) found a single bean 'n
amedParameterJdbcTemplate';
 @ConditionalOnMissingBean 
(types: org.springframework
.jdbc.core.simple.JdbcClien
t; SearchStrategy: all) 
did not find any beans 
(OnBeanCondition)

   JdbcTemplateAutoConfigur
ation matched:
      - 
@ConditionalOnClass found 
required classes 
'javax.sql.DataSource', 'or
g.springframework.jdbc.core
.JdbcTemplate' 
(OnClassCondition)
      - @ConditionalOnSingl
eCandidate (types: 
javax.sql.DataSource; 
SearchStrategy: all) found 
a single bean 'dataSource' 
(OnBeanCondition)

   
JdbcTemplateConfiguration 
matched:
      - 
@ConditionalOnMissingBean 
(types: org.springframework
.jdbc.core.JdbcOperations; 
SearchStrategy: all) did 
not find any beans 
(OnBeanCondition)

   JpaBaseConfiguration#ent
ityManagerFactory matched:
      - 
@ConditionalOnMissingBean 
(types: org.springframework
.orm.jpa.LocalContainerEnti
tyManagerFactoryBean,jakart
a.persistence.EntityManager
Factory; SearchStrategy: 
all) did not find any 
beans (OnBeanCondition)

   JpaBaseConfiguration#ent
ityManagerFactoryBuilder 
matched:
      - 
@ConditionalOnMissingBean 
(types: org.springframework
.boot.orm.jpa.EntityManager
FactoryBuilder; 
SearchStrategy: all) did 
not find any beans 
(OnBeanCondition)

   JpaBaseConfiguration#jpa
VendorAdapter matched:
      - 
@ConditionalOnMissingBean 
(types: org.springframework
.orm.jpa.JpaVendorAdapter; 
SearchStrategy: all) did 
not find any beans 
(OnBeanCondition)

   JpaBaseConfiguration#tra
nsactionManager matched:
      - 
@ConditionalOnMissingBean 
(types: org.springframework
.transaction.TransactionMan
ager; SearchStrategy: all) 
did not find any beans 
(OnBeanCondition)

   JpaBaseConfiguration.Jpa
WebConfiguration matched:
      - 
@ConditionalOnClass found 
required class 'org.springf
ramework.web.servlet.config
.annotation.WebMvcConfigure
r' (OnClassCondition)
      - found 'session' 
scope 
(OnWebApplicationCondition)
      - 
@ConditionalOnProperty (spr
ing.jpa.open-in-view=true) 
matched 
(OnPropertyCondition)
      - 
@ConditionalOnMissingBean 
(types: org.springframework
.orm.jpa.support.OpenEntity
ManagerInViewInterceptor,or
g.springframework.orm.jpa.s
upport.OpenEntityManagerInV
iewFilter; SearchStrategy: 
all) did not find any 
beans (OnBeanCondition)

   JpaBaseConfiguration.Per
sistenceManagedTypesConfigu
ration matched:
      - 
@ConditionalOnMissingBean 
(types: org.springframework
.orm.jpa.LocalContainerEnti
tyManagerFactoryBean,jakart
a.persistence.EntityManager
Factory; SearchStrategy: 
all) did not find any 
beans (OnBeanCondition)

   JpaBaseConfiguration.Per
sistenceManagedTypesConfigu
ration#persistenceManagedTy
pes matched:
      - 
@ConditionalOnMissingBean 
(types: org.springframework
.orm.jpa.persistenceunit.Pe
rsistenceManagedTypes; 
SearchStrategy: all) did 
not find any beans 
(OnBeanCondition)

   JpaRepositoriesAutoConfi
guration matched:
      - 
@ConditionalOnClass found 
required class 'org.springf
ramework.data.jpa.repositor
y.JpaRepository' 
(OnClassCondition)
      - 
@ConditionalOnProperty (spr
ing.data.jpa.repositories.e
nabled=true) matched 
(OnPropertyCondition)
      - @ConditionalOnBean 
(types: 
javax.sql.DataSource; 
SearchStrategy: all) found 
bean 'dataSource'; 
@ConditionalOnMissingBean 
(types: org.springframework
.data.jpa.repository.suppor
t.JpaRepositoryFactoryBean,
org.springframework.data.jp
a.repository.config.JpaRepo
sitoryConfigExtension; 
SearchStrategy: all) did 
not find any beans 
(OnBeanCondition)

   JtaAutoConfiguration 
matched:
      - 
@ConditionalOnClass found 
required class 'jakarta.tra
nsaction.Transaction' 
(OnClassCondition)
      - 
@ConditionalOnProperty 
(spring.jta.enabled) 
matched 
(OnPropertyCondition)

   LifecycleAutoConfigurati
on#defaultLifecycleProcesso
r matched:
      - 
@ConditionalOnMissingBean 
(names: 
lifecycleProcessor; 
SearchStrategy: current) 
did not find any beans 
(OnBeanCondition)

   
MockMvcAutoConfiguration 
matched:
      - found 'session' 
scope 
(OnWebApplicationCondition)

   MockMvcAutoConfiguration
#mockMvc matched:
      - 
@ConditionalOnMissingBean 
(types: org.springframework
.test.web.servlet.MockMvc; 
SearchStrategy: all) did 
not find any beans 
(OnBeanCondition)

   MockMvcAutoConfiguration
#mockMvcBuilder matched:
      - 
@ConditionalOnMissingBean 
(types: org.springframework
.test.web.servlet.MockMvcBu
ilder; SearchStrategy: 
all) did not find any 
beans (OnBeanCondition)

   
MultipartAutoConfiguration 
matched:
      - 
@ConditionalOnClass found 
required classes 
'jakarta.servlet.Servlet', 
'org.springframework.web.mu
ltipart.support.StandardSer
vletMultipartResolver', 'ja
karta.servlet.MultipartConf
igElement' 
(OnClassCondition)
      - found 'session' 
scope 
(OnWebApplicationCondition)
      - 
@ConditionalOnProperty (spr
ing.servlet.multipart.enabl
ed) matched 
(OnPropertyCondition)

   MultipartAutoConfigurati
on#multipartConfigElement 
matched:
      - 
@ConditionalOnMissingBean 
(types: jakarta.servlet.Mul
tipartConfigElement; 
SearchStrategy: all) did 
not find any beans 
(OnBeanCondition)

   MultipartAutoConfigurati
on#multipartResolver 
matched:
      - 
@ConditionalOnMissingBean 
(types: org.springframework
.web.multipart.MultipartRes
olver; SearchStrategy: 
all) did not find any 
beans (OnBeanCondition)

   NamedParameterJdbcTempla
teConfiguration matched:
      - @ConditionalOnSingl
eCandidate (types: org.spri
ngframework.jdbc.core.JdbcT
emplate; SearchStrategy: 
all) found a single bean 
'jdbcTemplate'; 
@ConditionalOnMissingBean 
(types: org.springframework
.jdbc.core.namedparam.Named
ParameterJdbcOperations; 
SearchStrategy: all) did 
not find any beans 
(OnBeanCondition)

   NoOpCacheConfiguration 
matched:
      - Cache org.springfra
mework.boot.autoconfigure.c
ache.NoOpCacheConfiguration
 automatic cache type 
(CacheCondition)

   PersistenceExceptionTran
slationAutoConfiguration 
matched:
      - 
@ConditionalOnClass found 
required class 'org.springf
ramework.dao.annotation.Per
sistenceExceptionTranslatio
nPostProcessor' 
(OnClassCondition)

   PersistenceExceptionTran
slationAutoConfiguration#pe
rsistenceExceptionTranslati
onPostProcessor matched:
      - 
@ConditionalOnProperty (spr
ing.dao.exceptiontranslatio
n.enabled) matched 
(OnPropertyCondition)
      - 
@ConditionalOnMissingBean 
(types: org.springframework
.dao.annotation.Persistence
ExceptionTranslationPostPro
cessor; SearchStrategy: 
all) did not find any 
beans (OnBeanCondition)

   PropertyPlaceholderAutoC
onfiguration#propertySource
sPlaceholderConfigurer 
matched:
      - 
@ConditionalOnMissingBean 
(types: org.springframework
.context.support.PropertySo
urcesPlaceholderConfigurer;
 SearchStrategy: current) 
did not find any beans 
(OnBeanCondition)

   RestClientAutoConfigurat
ion matched:
      - 
@ConditionalOnClass found 
required class 'org.springf
ramework.web.client.RestCli
ent' (OnClassCondition)
      - 
NoneNestedConditions 0 
matched 1 did not; 
NestedCondition on NotReact
iveWebApplicationCondition.
ReactiveWebApplication did 
not find reactive web 
application classes (NotRea
ctiveWebApplicationConditio
n)

   RestClientAutoConfigurat
ion#httpMessageConvertersRe
stClientCustomizer matched:
      - 
@ConditionalOnMissingBean 
(types: org.springframework
.boot.autoconfigure.web.cli
ent.HttpMessageConvertersRe
stClientCustomizer; 
SearchStrategy: all) did 
not find any beans 
(OnBeanCondition)

   RestClientAutoConfigurat
ion#restClientBuilder 
matched:
      - 
@ConditionalOnMissingBean 
(types: org.springframework
.web.client.RestClient$Buil
der; SearchStrategy: all) 
did not find any beans 
(OnBeanCondition)

   RestClientAutoConfigurat
ion#restClientBuilderConfig
urer matched:
      - 
@ConditionalOnMissingBean 
(types: org.springframework
.boot.autoconfigure.web.cli
ent.RestClientBuilderConfig
urer; SearchStrategy: all) 
did not find any beans 
(OnBeanCondition)

   RestClientAutoConfigurat
ion#restClientSsl matched:
      - @ConditionalOnBean 
(types: org.springframework
.boot.ssl.SslBundles; 
SearchStrategy: all) found 
bean 'sslBundleRegistry'; 
@ConditionalOnMissingBean 
(types: org.springframework
.boot.autoconfigure.web.cli
ent.RestClientSsl; 
SearchStrategy: all) did 
not find any beans 
(OnBeanCondition)

   RestTemplateAutoConfigur
ation matched:
      - 
@ConditionalOnClass found 
required class 'org.springf
ramework.web.client.RestTem
plate' (OnClassCondition)
      - 
NoneNestedConditions 0 
matched 1 did not; 
NestedCondition on NotReact
iveWebApplicationCondition.
ReactiveWebApplication did 
not find reactive web 
application classes (NotRea
ctiveWebApplicationConditio
n)

   RestTemplateAutoConfigur
ation#restTemplateBuilder 
matched:
      - 
@ConditionalOnMissingBean 
(types: org.springframework
.boot.web.client.RestTempla
teBuilder; SearchStrategy: 
all) did not find any 
beans (OnBeanCondition)

   
SecurityAutoConfiguration 
matched:
      - 
@ConditionalOnClass found 
required class 'org.springf
ramework.security.authentic
ation.DefaultAuthentication
EventPublisher' 
(OnClassCondition)

   SecurityAutoConfiguratio
n#authenticationEventPublis
her matched:
      - 
@ConditionalOnMissingBean 
(types: org.springframework
.security.authentication.Au
thenticationEventPublisher;
 SearchStrategy: all) did 
not find any beans 
(OnBeanCondition)

   SecurityFilterAutoConfig
uration matched:
      - 
@ConditionalOnClass found 
required classes 'org.sprin
gframework.security.web.con
text.AbstractSecurityWebApp
licationInitializer', 'org.
springframework.security.co
nfig.http.SessionCreationPo
licy' (OnClassCondition)
      - found 'session' 
scope 
(OnWebApplicationCondition)

   SecurityFilterAutoConfig
uration#securityFilterChain
Registration matched:
      - @ConditionalOnBean 
(names: 
springSecurityFilterChain; 
SearchStrategy: all) found 
bean 'springSecurityFilterC
hain' (OnBeanCondition)

   ServletWebServerFactoryA
utoConfiguration matched:
      - 
@ConditionalOnClass found 
required class 'jakarta.ser
vlet.ServletRequest' 
(OnClassCondition)
      - found 'session' 
scope 
(OnWebApplicationCondition)

   ServletWebServerFactoryA
utoConfiguration#tomcatServ
letWebServerFactoryCustomiz
er matched:
      - 
@ConditionalOnClass found 
required class 'org.apache.
catalina.startup.Tomcat' 
(OnClassCondition)

   ServletWebServerFactoryC
onfiguration.EmbeddedTomcat
 matched:
      - 
@ConditionalOnClass found 
required classes 
'jakarta.servlet.Servlet', 
'org.apache.catalina.startu
p.Tomcat', 'org.apache.coyo
te.UpgradeProtocol' 
(OnClassCondition)
      - 
@ConditionalOnMissingBean 
(types: org.springframework
.boot.web.servlet.server.Se
rvletWebServerFactory; 
SearchStrategy: current) 
did not find any beans 
(OnBeanCondition)

   
SimpleCacheConfiguration 
matched:
      - Cache org.springfra
mework.boot.autoconfigure.c
ache.SimpleCacheConfigurati
on automatic cache type 
(CacheCondition)

   SpringBootWebSecurityCon
figuration matched:
      - found 'session' 
scope 
(OnWebApplicationCondition)

   SpringBootWebSecurityCon
figuration.WebSecurityEnabl
erConfiguration matched:
      - 
@ConditionalOnClass found 
required class 'org.springf
ramework.security.config.an
notation.web.configuration.
EnableWebSecurity' 
(OnClassCondition)
      - 
@ConditionalOnMissingBean 
(names: 
springSecurityFilterChain; 
SearchStrategy: all) did 
not find any beans 
(OnBeanCondition)

   SpringDataWebAutoConfigu
ration matched:
      - 
@ConditionalOnClass found 
required classes 'org.sprin
gframework.data.web.Pageabl
eHandlerMethodArgumentResol
ver', 'org.springframework.
web.servlet.config.annotati
on.WebMvcConfigurer' 
(OnClassCondition)
      - found 'session' 
scope 
(OnWebApplicationCondition)
      - 
@ConditionalOnMissingBean 
(types: org.springframework
.data.web.PageableHandlerMe
thodArgumentResolver; 
SearchStrategy: all) did 
not find any beans 
(OnBeanCondition)

   SpringDataWebAutoConfigu
ration#pageableCustomizer 
matched:
      - 
@ConditionalOnMissingBean 
(types: org.springframework
.data.web.config.PageableHa
ndlerMethodArgumentResolver
Customizer; 
SearchStrategy: all) did 
not find any beans 
(OnBeanCondition)

   SpringDataWebAutoConfigu
ration#sortCustomizer 
matched:
      - 
@ConditionalOnMissingBean 
(types: org.springframework
.data.web.config.SortHandle
rMethodArgumentResolverCust
omizer; SearchStrategy: 
all) did not find any 
beans (OnBeanCondition)

   SqlInitializationAutoCon
figuration matched:
      - 
@ConditionalOnProperty 
(spring.sql.init.enabled) 
matched 
(OnPropertyCondition)
      - 
NoneNestedConditions 0 
matched 1 did not; 
NestedCondition on SqlIniti
alizationAutoConfiguration.
SqlInitializationModeCondit
ion.ModeIsNever 
@ConditionalOnProperty (spr
ing.sql.init.mode=never) 
did not find property 
'mode' (SqlInitializationAu
toConfiguration.SqlInitiali
zationModeCondition)

   SslAutoConfiguration#ssl
BundleRegistry matched:
      - 
@ConditionalOnMissingBean 
(types: org.springframework
.boot.ssl.SslBundleRegistry
,org.springframework.boot.s
sl.SslBundles; 
SearchStrategy: all) did 
not find any beans 
(OnBeanCondition)

   TaskExecutionAutoConfigu
ration matched:
      - 
@ConditionalOnClass found 
required class 'org.springf
ramework.scheduling.concurr
ent.ThreadPoolTaskExecutor'
 (OnClassCondition)

   TaskExecutorConfiguratio
ns.SimpleAsyncTaskExecutorB
uilderConfiguration#simpleA
syncTaskExecutorBuilder 
matched:
      - 
@ConditionalOnMissingBean 
(types: org.springframework
.boot.task.SimpleAsyncTaskE
xecutorBuilder; 
SearchStrategy: all) did 
not find any beans 
(OnBeanCondition)
      - 
@ConditionalOnThreading 
found PLATFORM 
(OnThreadingCondition)

   TaskExecutorConfiguratio
ns.TaskExecutorBuilderConfi
guration#taskExecutorBuilde
r matched:
      - 
@ConditionalOnMissingBean 
(types: org.springframework
.boot.task.TaskExecutorBuil
der; SearchStrategy: all) 
did not find any beans 
(OnBeanCondition)

   TaskExecutorConfiguratio
ns.TaskExecutorConfiguratio
n matched:
      - 
@ConditionalOnMissingBean 
(types: java.util.concurren
t.Executor; 
SearchStrategy: all) did 
not find any beans 
(OnBeanCondition)

   TaskExecutorConfiguratio
ns.TaskExecutorConfiguratio
n#applicationTaskExecutor 
matched:
      - 
@ConditionalOnThreading 
found PLATFORM 
(OnThreadingCondition)

   TaskExecutorConfiguratio
ns.ThreadPoolTaskExecutorBu
ilderConfiguration#threadPo
olTaskExecutorBuilder 
matched:
      - 
@ConditionalOnMissingBean 
(types: org.springframework
.boot.task.TaskExecutorBuil
der,org.springframework.boo
t.task.ThreadPoolTaskExecut
orBuilder; SearchStrategy: 
all) did not find any 
beans (OnBeanCondition)

   TaskSchedulingAutoConfig
uration matched:
      - 
@ConditionalOnClass found 
required class 'org.springf
ramework.scheduling.concurr
ent.ThreadPoolTaskScheduler
' (OnClassCondition)

   TaskSchedulingConfigurat
ions.SimpleAsyncTaskSchedul
erBuilderConfiguration#simp
leAsyncTaskSchedulerBuilder
 matched:
      - 
@ConditionalOnMissingBean 
(types: org.springframework
.boot.task.SimpleAsyncTaskS
chedulerBuilder; 
SearchStrategy: all) did 
not find any beans 
(OnBeanCondition)
      - 
@ConditionalOnThreading 
found PLATFORM 
(OnThreadingCondition)

   TaskSchedulingConfigurat
ions.TaskSchedulerBuilderCo
nfiguration#taskSchedulerBu
ilder matched:
      - 
@ConditionalOnMissingBean 
(types: org.springframework
.boot.task.TaskSchedulerBui
lder; SearchStrategy: all) 
did not find any beans 
(OnBeanCondition)

   TaskSchedulingConfigurat
ions.ThreadPoolTaskSchedule
rBuilderConfiguration#threa
dPoolTaskSchedulerBuilder 
matched:
      - 
@ConditionalOnMissingBean 
(types: org.springframework
.boot.task.TaskSchedulerBui
lder,org.springframework.bo
ot.task.ThreadPoolTaskSched
ulerBuilder; 
SearchStrategy: all) did 
not find any beans 
(OnBeanCondition)

   TransactionAutoConfigura
tion matched:
      - 
@ConditionalOnClass found 
required class 'org.springf
ramework.transaction.Platfo
rmTransactionManager' 
(OnClassCondition)

   TransactionAutoConfigura
tion.EnableTransactionManag
ementConfiguration matched:
      - @ConditionalOnBean 
(types: org.springframework
.transaction.TransactionMan
ager; SearchStrategy: all) 
found bean 
'transactionManager'; 
@ConditionalOnMissingBean 
(types: org.springframework
.transaction.annotation.Abs
tractTransactionManagementC
onfiguration; 
SearchStrategy: all) did 
not find any beans 
(OnBeanCondition)

   TransactionAutoConfigura
tion.EnableTransactionManag
ementConfiguration.CglibAut
oProxyConfiguration 
matched:
      - 
@ConditionalOnProperty (spr
ing.aop.proxy-target-class=
true) matched 
(OnPropertyCondition)

   TransactionAutoConfigura
tion.TransactionTemplateCon
figuration matched:
      - @ConditionalOnSingl
eCandidate (types: org.spri
ngframework.transaction.Pla
tformTransactionManager; 
SearchStrategy: all) found 
a single bean 
'transactionManager' 
(OnBeanCondition)

   TransactionAutoConfigura
tion.TransactionTemplateCon
figuration#transactionTempl
ate matched:
      - 
@ConditionalOnMissingBean 
(types: org.springframework
.transaction.support.Transa
ctionOperations; 
SearchStrategy: all) did 
not find any beans 
(OnBeanCondition)

   TransactionManagerCustom
izationAutoConfiguration 
matched:
      - 
@ConditionalOnClass found 
required class 'org.springf
ramework.transaction.Platfo
rmTransactionManager' 
(OnClassCondition)

   TransactionManagerCustom
izationAutoConfiguration#pl
atformTransactionManagerCus
tomizers matched:
      - 
@ConditionalOnMissingBean 
(types: org.springframework
.boot.autoconfigure.transac
tion.TransactionManagerCust
omizers; SearchStrategy: 
all) did not find any 
beans (OnBeanCondition)

   ValidationAutoConfigurat
ion matched:
      - 
@ConditionalOnClass found 
required class 'jakarta.val
idation.executable.Executab
leValidator' 
(OnClassCondition)
      - 
@ConditionalOnResource 
found location classpath:ME
TA-INF/services/jakarta.val
idation.spi.ValidationProvi
der (OnResourceCondition)

   ValidationAutoConfigurat
ion#defaultValidator 
matched:
      - 
@ConditionalOnMissingBean 
(types: jakarta.validation.
Validator; SearchStrategy: 
all) did not find any 
beans (OnBeanCondition)

   ValidationAutoConfigurat
ion#methodValidationPostPro
cessor matched:
      - 
@ConditionalOnMissingBean 
(types: org.springframework
.validation.beanvalidation.
MethodValidationPostProcess
or; SearchStrategy: 
current) did not find any 
beans (OnBeanCondition)

   WebMvcAutoConfiguration 
matched:
      - 
@ConditionalOnClass found 
required classes 
'jakarta.servlet.Servlet', 
'org.springframework.web.se
rvlet.DispatcherServlet', '
org.springframework.web.ser
vlet.config.annotation.WebM
vcConfigurer' 
(OnClassCondition)
      - found 'session' 
scope 
(OnWebApplicationCondition)
      - 
@ConditionalOnMissingBean 
(types: org.springframework
.web.servlet.config.annotat
ion.WebMvcConfigurationSupp
ort; SearchStrategy: all) 
did not find any beans 
(OnBeanCondition)

   WebMvcAutoConfiguration#
formContentFilter matched:
      - 
@ConditionalOnProperty (spr
ing.mvc.formcontent.filter.
enabled) matched 
(OnPropertyCondition)
      - 
@ConditionalOnMissingBean 
(types: org.springframework
.web.filter.FormContentFilt
er; SearchStrategy: all) 
did not find any beans 
(OnBeanCondition)

   WebMvcAutoConfiguration.
EnableWebMvcConfiguration#f
lashMapManager matched:
      - 
@ConditionalOnMissingBean 
(names: flashMapManager; 
SearchStrategy: all) did 
not find any beans 
(OnBeanCondition)

   WebMvcAutoConfiguration.
EnableWebMvcConfiguration#l
ocaleResolver matched:
      - 
@ConditionalOnMissingBean 
(names: localeResolver; 
SearchStrategy: all) did 
not find any beans 
(OnBeanCondition)

   WebMvcAutoConfiguration.
EnableWebMvcConfiguration#t
hemeResolver matched:
      - 
@ConditionalOnMissingBean 
(names: themeResolver; 
SearchStrategy: all) did 
not find any beans 
(OnBeanCondition)

   WebMvcAutoConfiguration.
WebMvcAutoConfigurationAdap
ter#defaultViewResolver 
matched:
      - 
@ConditionalOnMissingBean 
(types: org.springframework
.web.servlet.view.InternalR
esourceViewResolver; 
SearchStrategy: all) did 
not find any beans 
(OnBeanCondition)

   WebMvcAutoConfiguration.
WebMvcAutoConfigurationAdap
ter#requestContextFilter 
matched:
      - 
@ConditionalOnMissingBean 
(types: org.springframework
.web.context.request.Reques
tContextListener,org.spring
framework.web.filter.Reques
tContextFilter; 
SearchStrategy: all) did 
not find any beans 
(OnBeanCondition)

   WebMvcAutoConfiguration.
WebMvcAutoConfigurationAdap
ter#viewResolver matched:
      - @ConditionalOnBean 
(types: org.springframework
.web.servlet.ViewResolver; 
SearchStrategy: all) found 
beans 
'defaultViewResolver', 
'beanNameViewResolver', 
'mvcViewResolver'; 
@ConditionalOnMissingBean 
(names: viewResolver 
types: org.springframework.
web.servlet.view.ContentNeg
otiatingViewResolver; 
SearchStrategy: all) did 
not find any beans 
(OnBeanCondition)

   WebSocketServletAutoConf
iguration matched:
      - 
@ConditionalOnClass found 
required classes 
'jakarta.servlet.Servlet', 
'jakarta.websocket.server.S
erverContainer' 
(OnClassCondition)
      - found 'session' 
scope 
(OnWebApplicationCondition)

   WebSocketServletAutoConf
iguration.TomcatWebSocketCo
nfiguration matched:
      - 
@ConditionalOnClass found 
required classes 'org.apach
e.catalina.startup.Tomcat',
 'org.apache.tomcat.websock
et.server.WsSci' 
(OnClassCondition)

   WebSocketServletAutoConf
iguration.TomcatWebSocketCo
nfiguration#websocketServle
tWebServerCustomizer 
matched:
      - 
@ConditionalOnMissingBean 
(names: websocketServletWeb
ServerCustomizer; 
SearchStrategy: all) did 
not find any beans 
(OnBeanCondition)


Negative matches:
-----------------

   
ActiveMQAutoConfiguration:
      Did not match:
         - 
@ConditionalOnClass did 
not find required class 'ja
karta.jms.ConnectionFactory
' (OnClassCondition)

   AopAutoConfiguration.Asp
ectJAutoProxyingConfigurati
on.JdkDynamicAutoProxyConfi
guration:
      Did not match:
         - 
@ConditionalOnProperty (spr
ing.aop.proxy-target-class=
false) did not find 
property 
'proxy-target-class' 
(OnPropertyCondition)

   AopAutoConfiguration.Cla
ssProxyingConfiguration:
      Did not match:
         - 
@ConditionalOnMissingClass 
found unwanted class 'org.a
spectj.weaver.Advice' 
(OnClassCondition)

   
ArtemisAutoConfiguration:
      Did not match:
         - 
@ConditionalOnClass did 
not find required class 'ja
karta.jms.ConnectionFactory
' (OnClassCondition)

   BatchAutoConfiguration:
      Did not match:
         - 
@ConditionalOnClass did 
not find required class 'or
g.springframework.batch.cor
e.launch.JobLauncher' 
(OnClassCondition)

   
Cache2kCacheConfiguration:
      Did not match:
         - 
@ConditionalOnClass did 
not find required class 'or
g.cache2k.Cache2kBuilder' 
(OnClassCondition)

   CacheAutoConfiguration:
      Did not match:
         - 
@ConditionalOnBean (types: 
org.springframework.cache.i
nterceptor.CacheAspectSuppo
rt; SearchStrategy: all) 
did not find any beans of 
type org.springframework.ca
che.interceptor.CacheAspect
Support (OnBeanCondition)
      Matched:
         - 
@ConditionalOnClass found 
required class 'org.springf
ramework.cache.CacheManager
' (OnClassCondition)

   CacheAutoConfiguration.C
acheManagerEntityManagerFac
toryDependsOnPostProcessor:
      Did not match:
         - Ancestor org.spr
ingframework.boot.autoconfi
gure.cache.CacheAutoConfigu
ration did not match (Condi
tionEvaluationReport.Ancest
orsMatchedCondition)
      Matched:
         - 
@ConditionalOnClass found 
required class 'org.springf
ramework.orm.jpa.LocalConta
inerEntityManagerFactoryBea
n' (OnClassCondition)

   
CaffeineCacheConfiguration:
      Did not match:
         - 
@ConditionalOnClass did 
not find required class 'co
m.github.benmanes.caffeine.
cache.Caffeine' 
(OnClassCondition)

   
CassandraAutoConfiguration:
      Did not match:
         - 
@ConditionalOnClass did 
not find required class 'co
m.datastax.oss.driver.api.c
ore.CqlSession' 
(OnClassCondition)

   CassandraDataAutoConfigu
ration:
      Did not match:
         - 
@ConditionalOnClass did 
not find required class 'co
m.datastax.oss.driver.api.c
ore.CqlSession' 
(OnClassCondition)

   CassandraReactiveDataAut
oConfiguration:
      Did not match:
         - 
@ConditionalOnClass did 
not find required class 'co
m.datastax.oss.driver.api.c
ore.CqlSession' 
(OnClassCondition)

   CassandraReactiveReposit
oriesAutoConfiguration:
      Did not match:
         - 
@ConditionalOnClass did 
not find required class 'or
g.springframework.data.cass
andra.ReactiveSession' 
(OnClassCondition)

   CassandraRepositoriesAut
oConfiguration:
      Did not match:
         - 
@ConditionalOnClass did 
not find required class 'co
m.datastax.oss.driver.api.c
ore.CqlSession' 
(OnClassCondition)

   ClientHttpConnectorAutoC
onfiguration:
      Did not match:
         - 
@ConditionalOnClass did 
not find required class 'or
g.springframework.web.react
ive.function.client.WebClie
nt' (OnClassCondition)

   CodecsAutoConfiguration:
      Did not match:
         - 
@ConditionalOnClass did 
not find required class 'or
g.springframework.web.react
ive.function.client.WebClie
nt' (OnClassCondition)

   
CouchbaseAutoConfiguration:
      Did not match:
         - 
@ConditionalOnClass did 
not find required class 'co
m.couchbase.client.java.Clu
ster' (OnClassCondition)

   CouchbaseCacheConfigurat
ion:
      Did not match:
         - 
@ConditionalOnClass did 
not find required class 'co
m.couchbase.client.java.Clu
ster' (OnClassCondition)

   CouchbaseDataAutoConfigu
ration:
      Did not match:
         - 
@ConditionalOnClass did 
not find required class 'co
m.couchbase.client.java.Buc
ket' (OnClassCondition)

   CouchbaseReactiveDataAut
oConfiguration:
      Did not match:
         - 
@ConditionalOnClass did 
not find required class 'co
m.couchbase.client.java.Clu
ster' (OnClassCondition)

   CouchbaseReactiveReposit
oriesAutoConfiguration:
      Did not match:
         - 
@ConditionalOnClass did 
not find required class 'co
m.couchbase.client.java.Clu
ster' (OnClassCondition)

   CouchbaseRepositoriesAut
oConfiguration:
      Did not match:
         - 
@ConditionalOnClass did 
not find required class 'co
m.couchbase.client.java.Buc
ket' (OnClassCondition)

   DataSourceAutoConfigurat
ion.EmbeddedDatabaseConfigu
ration:
      Did not match:
         - 
EmbeddedDataSource 
spring.datasource.url is 
set (DataSourceAutoConfigur
ation.EmbeddedDatabaseCondi
tion)

   DataSourceCheckpointRest
oreConfiguration:
      Did not match:
         - 
@ConditionalOnClass did 
not find required class 
'org.crac.Resource' 
(OnClassCondition)

   DataSourceConfiguration.
Dbcp2:
      Did not match:
         - 
@ConditionalOnClass did 
not find required class 'or
g.apache.commons.dbcp2.Basi
cDataSource' 
(OnClassCondition)

   DataSourceConfiguration.
Generic:
      Did not match:
         - 
@ConditionalOnProperty 
(spring.datasource.type) 
did not find property 
'spring.datasource.type' 
(OnPropertyCondition)

   DataSourceConfiguration.
OracleUcp:
      Did not match:
         - 
@ConditionalOnClass did 
not find required classes '
oracle.ucp.jdbc.PoolDataSou
rceImpl', 'oracle.jdbc.Orac
leConnection' 
(OnClassCondition)

   DataSourceConfiguration.
Tomcat:
      Did not match:
         - 
@ConditionalOnClass did 
not find required class 'or
g.apache.tomcat.jdbc.pool.D
ataSource' 
(OnClassCondition)

   
DataSourceJmxConfiguration:
      Did not match:
         - 
@ConditionalOnProperty 
(spring.jmx.enabled=true) 
found different value in 
property 'enabled' 
(OnPropertyCondition)

   DataSourcePoolMetadataPr
ovidersConfiguration.Common
sDbcp2PoolDataSourceMetadat
aProviderConfiguration:
      Did not match:
         - 
@ConditionalOnClass did 
not find required class 'or
g.apache.commons.dbcp2.Basi
cDataSource' 
(OnClassCondition)

   DataSourcePoolMetadataPr
ovidersConfiguration.Oracle
UcpPoolDataSourceMetadataPr
oviderConfiguration:
      Did not match:
         - 
@ConditionalOnClass did 
not find required classes '
oracle.ucp.jdbc.PoolDataSou
rce', 'oracle.jdbc.OracleCo
nnection' 
(OnClassCondition)

   DataSourcePoolMetadataPr
ovidersConfiguration.Tomcat
DataSourcePoolMetadataProvi
derConfiguration:
      Did not match:
         - 
@ConditionalOnClass did 
not find required class 'or
g.apache.tomcat.jdbc.pool.D
ataSource' 
(OnClassCondition)

   DataSourceTransactionMan
agerAutoConfiguration.JdbcT
ransactionManagerConfigurat
ion#transactionManager:
      Did not match:
         - 
@ConditionalOnMissingBean 
(types: org.springframework
.transaction.TransactionMan
ager; SearchStrategy: all) 
found beans of type 'org.sp
ringframework.transaction.T
ransactionManager' 
transactionManager 
(OnBeanCondition)

   DispatcherServletAutoCon
figuration.DispatcherServle
tConfiguration#multipartRes
olver:
      Did not match:
         - 
@ConditionalOnBean (types: 
org.springframework.web.mul
tipart.MultipartResolver; 
SearchStrategy: all) did 
not find any beans of type 
org.springframework.web.mul
tipart.MultipartResolver 
(OnBeanCondition)

   ElasticsearchClientAutoC
onfiguration:
      Did not match:
         - 
@ConditionalOnClass did 
not find required class 'co
.elastic.clients.elasticsea
rch.ElasticsearchClient' 
(OnClassCondition)

   ElasticsearchDataAutoCon
figuration:
      Did not match:
         - 
@ConditionalOnClass did 
not find required class 'or
g.springframework.data.elas
ticsearch.client.elc.Elasti
csearchTemplate' 
(OnClassCondition)

   ElasticsearchRepositorie
sAutoConfiguration:
      Did not match:
         - 
@ConditionalOnClass did 
not find required class 'or
g.springframework.data.elas
ticsearch.repository.Elasti
csearchRepository' 
(OnClassCondition)

   ElasticsearchRestClientA
utoConfiguration:
      Did not match:
         - 
@ConditionalOnClass did 
not find required class 'or
g.elasticsearch.client.Rest
ClientBuilder' 
(OnClassCondition)

   EmbeddedLdapAutoConfigur
ation:
      Did not match:
         - 
@ConditionalOnClass did 
not find required class 'co
m.unboundid.ldap.listener.I
nMemoryDirectoryServer' 
(OnClassCondition)

   EmbeddedWebServerFactory
CustomizerAutoConfiguration
:
      Did not match:
         - Application is 
deployed as a WAR file. 
(OnWarDeploymentCondition)
      Matched:
         - @ConditionalOnWe
bApplication (required) 
found 'session' scope 
(OnWebApplicationCondition)

   ErrorWebFluxAutoConfigur
ation:
      Did not match:
         - 
@ConditionalOnClass did 
not find required class 'or
g.springframework.web.react
ive.config.WebFluxConfigure
r' (OnClassCondition)

   FlywayAutoConfiguration:
      Did not match:
         - 
@ConditionalOnClass did 
not find required class 
'org.flywaydb.core.Flyway' 
(OnClassCondition)

   FreeMarkerAutoConfigurat
ion:
      Did not match:
         - 
@ConditionalOnClass did 
not find required class 'fr
eemarker.template.Configura
tion' (OnClassCondition)

   
GraphQlAutoConfiguration:
      Did not match:
         - 
@ConditionalOnClass did 
not find required class 
'graphql.GraphQL' 
(OnClassCondition)

   GraphQlQueryByExampleAut
oConfiguration:
      Did not match:
         - 
@ConditionalOnClass did 
not find required class 
'graphql.GraphQL' 
(OnClassCondition)

   GraphQlQuerydslAutoConfi
guration:
      Did not match:
         - 
@ConditionalOnClass did 
not find required class 
'com.querydsl.core.Query' 
(OnClassCondition)

   GraphQlRSocketAutoConfig
uration:
      Did not match:
         - 
@ConditionalOnClass did 
not find required class 
'graphql.GraphQL' 
(OnClassCondition)

   GraphQlReactiveQueryByEx
ampleAutoConfiguration:
      Did not match:
         - 
@ConditionalOnClass did 
not find required class 
'graphql.GraphQL' 
(OnClassCondition)

   GraphQlReactiveQuerydslA
utoConfiguration:
      Did not match:
         - 
@ConditionalOnClass did 
not find required class 
'com.querydsl.core.Query' 
(OnClassCondition)

   GraphQlWebFluxAutoConfig
uration:
      Did not match:
         - 
@ConditionalOnClass did 
not find required class 
'graphql.GraphQL' 
(OnClassCondition)

   GraphQlWebFluxSecurityAu
toConfiguration:
      Did not match:
         - 
@ConditionalOnClass did 
not find required class 
'graphql.GraphQL' 
(OnClassCondition)

   GraphQlWebMvcAutoConfigu
ration:
      Did not match:
         - 
@ConditionalOnClass did 
not find required class 
'graphql.GraphQL' 
(OnClassCondition)

   GraphQlWebMvcSecurityAut
oConfiguration:
      Did not match:
         - 
@ConditionalOnClass did 
not find required class 
'graphql.GraphQL' 
(OnClassCondition)

   GroovyTemplateAutoConfig
uration:
      Did not match:
         - 
@ConditionalOnClass did 
not find required class 'gr
oovy.text.markup.MarkupTemp
lateEngine' 
(OnClassCondition)

   GsonAutoConfiguration:
      Did not match:
         - 
@ConditionalOnClass did 
not find required class 
'com.google.gson.Gson' 
(OnClassCondition)

   GsonHttpMessageConverter
sConfiguration:
      Did not match:
         - 
@ConditionalOnClass did 
not find required class 
'com.google.gson.Gson' 
(OnClassCondition)

   
H2ConsoleAutoConfiguration:
      Did not match:
         - 
@ConditionalOnClass did 
not find required class 'or
g.h2.server.web.JakartaWebS
ervlet' (OnClassCondition)

   
HazelcastAutoConfiguration:
      Did not match:
         - 
@ConditionalOnClass did 
not find required class 'co
m.hazelcast.core.HazelcastI
nstance' (OnClassCondition)

   HazelcastCacheConfigurat
ion:
      Did not match:
         - 
@ConditionalOnClass did 
not find required class 'co
m.hazelcast.core.HazelcastI
nstance' (OnClassCondition)

   HazelcastJpaDependencyAu
toConfiguration:
      Did not match:
         - 
@ConditionalOnClass did 
not find required class 'co
m.hazelcast.core.HazelcastI
nstance' (OnClassCondition)

   HttpHandlerAutoConfigura
tion:
      Did not match:
         - 
@ConditionalOnClass did 
not find required class 'or
g.springframework.web.react
ive.DispatcherHandler' 
(OnClassCondition)

   HypermediaAutoConfigurat
ion:
      Did not match:
         - 
@ConditionalOnClass did 
not find required class 'or
g.springframework.hateoas.E
ntityModel' 
(OnClassCondition)

   InfinispanCacheConfigura
tion:
      Did not match:
         - 
@ConditionalOnClass did 
not find required class 'or
g.infinispan.spring.embedde
d.provider.SpringEmbeddedCa
cheManager' 
(OnClassCondition)

   
InfluxDbAutoConfiguration:
      Did not match:
         - 
@ConditionalOnClass did 
not find required class 
'org.influxdb.InfluxDB' 
(OnClassCondition)

   IntegrationAutoConfigura
tion:
      Did not match:
         - 
@ConditionalOnClass did 
not find required class 'or
g.springframework.integrati
on.config.EnableIntegration
' (OnClassCondition)

   
JCacheCacheConfiguration:
      Did not match:
         - 
@ConditionalOnClass did 
not find required class 
'javax.cache.Caching' 
(OnClassCondition)

   JacksonHttpMessageConver
tersConfiguration.MappingJa
ckson2XmlHttpMessageConvert
erConfiguration:
      Did not match:
         - 
@ConditionalOnClass did 
not find required class 'co
m.fasterxml.jackson.datafor
mat.xml.XmlMapper' 
(OnClassCondition)

   JdbcRepositoriesAutoConf
iguration:
      Did not match:
         - 
@ConditionalOnClass did 
not find required class 'or
g.springframework.data.jdbc
.repository.config.Abstract
JdbcConfiguration' 
(OnClassCondition)

   JerseyAutoConfiguration:
      Did not match:
         - 
@ConditionalOnClass did 
not find required class 'or
g.glassfish.jersey.server.s
pring.SpringComponentProvid
er' (OnClassCondition)

   JmsAutoConfiguration:
      Did not match:
         - 
@ConditionalOnClass did 
not find required class 
'jakarta.jms.Message' 
(OnClassCondition)

   JmxAutoConfiguration:
      Did not match:
         - 
@ConditionalOnProperty 
(spring.jmx.enabled=true) 
found different value in 
property 'enabled' 
(OnPropertyCondition)
      Matched:
         - 
@ConditionalOnClass found 
required class 'org.springf
ramework.jmx.export.MBeanEx
porter' (OnClassCondition)

   JndiConnectionFactoryAut
oConfiguration:
      Did not match:
         - 
@ConditionalOnClass did 
not find required class 'or
g.springframework.jms.core.
JmsTemplate' 
(OnClassCondition)

   JndiDataSourceAutoConfig
uration:
      Did not match:
         - 
@ConditionalOnProperty (spr
ing.datasource.jndi-name) 
did not find property 
'jndi-name' 
(OnPropertyCondition)
      Matched:
         - 
@ConditionalOnClass found 
required classes 
'javax.sql.DataSource', 'or
g.springframework.jdbc.data
source.embedded.EmbeddedDat
abaseType' 
(OnClassCondition)

   JndiJtaConfiguration:
      Did not match:
         - 
@ConditionalOnJndi JNDI 
environment is not 
available (OnJndiCondition)
      Matched:
         - 
@ConditionalOnClass found 
required class 'org.springf
ramework.transaction.jta.Jt
aTransactionManager' 
(OnClassCondition)

   JooqAutoConfiguration:
      Did not match:
         - 
@ConditionalOnClass did 
not find required class 
'org.jooq.DSLContext' 
(OnClassCondition)

   JpaRepositoriesAutoConfi
guration#entityManagerFacto
ryBootstrapExecutorCustomiz
er:
      Did not match:
         - 
AnyNestedCondition 0 
matched 2 did not; 
NestedCondition on JpaRepos
itoriesAutoConfiguration.Bo
otstrapExecutorCondition.La
zyBootstrapMode 
@ConditionalOnProperty (spr
ing.data.jpa.repositories.b
ootstrap-mode=lazy) did 
not find property 
'bootstrap-mode'; 
NestedCondition on JpaRepos
itoriesAutoConfiguration.Bo
otstrapExecutorCondition.De
ferredBootstrapMode 
@ConditionalOnProperty (spr
ing.data.jpa.repositories.b
ootstrap-mode=deferred) 
did not find property 
'bootstrap-mode' (JpaReposi
toriesAutoConfiguration.Boo
tstrapExecutorCondition)

   JsonbAutoConfiguration:
      Did not match:
         - 
@ConditionalOnClass did 
not find required class 
'jakarta.json.bind.Jsonb' 
(OnClassCondition)

   JsonbHttpMessageConverte
rsConfiguration:
      Did not match:
         - 
@ConditionalOnClass did 
not find required class 
'jakarta.json.bind.Jsonb' 
(OnClassCondition)

   KafkaAutoConfiguration:
      Did not match:
         - 
@ConditionalOnClass did 
not find required class 'or
g.springframework.kafka.cor
e.KafkaTemplate' 
(OnClassCondition)

   LdapAutoConfiguration:
      Did not match:
         - 
@ConditionalOnClass did 
not find required class 'or
g.springframework.ldap.core
.ContextSource' 
(OnClassCondition)

   LdapRepositoriesAutoConf
iguration:
      Did not match:
         - 
@ConditionalOnClass did 
not find required class 'or
g.springframework.data.ldap
.repository.LdapRepository'
 (OnClassCondition)

   
LiquibaseAutoConfiguration:
      Did not match:
         - 
@ConditionalOnClass did 
not find required class 'li
quibase.change.DatabaseChan
ge' (OnClassCondition)

   MailSenderAutoConfigurat
ion:
      Did not match:
         - 
@ConditionalOnClass did 
not find required class 'ja
karta.mail.internet.MimeMes
sage' (OnClassCondition)

   MailSenderValidatorAutoC
onfiguration:
      Did not match:
         - @ConditionalOnSi
ngleCandidate did not find 
required type 'org.springfr
amework.mail.javamail.JavaM
ailSenderImpl' 
(OnBeanCondition)

   MessageSourceAutoConfigu
ration:
      Did not match:
         - ResourceBundle 
did not find bundle with 
basename messages (MessageS
ourceAutoConfiguration.Reso
urceBundleCondition)

   MockMvcAutoConfiguration
#dispatcherServlet:
      Did not match:
         - 
@ConditionalOnMissingBean 
(types: org.springframework
.web.servlet.DispatcherServ
let; SearchStrategy: all) 
found beans of type 'org.sp
ringframework.web.servlet.D
ispatcherServlet' 
dispatcherServlet 
(OnBeanCondition)

   MockMvcAutoConfiguration
#dispatcherServletPath:
      Did not match:
         - 
@ConditionalOnMissingBean 
(types: org.springframework
.boot.autoconfigure.web.ser
vlet.DispatcherServletPath;
 SearchStrategy: all) 
found beans of type 'org.sp
ringframework.boot.autoconf
igure.web.servlet.Dispatche
rServletPath' dispatcherSer
vletRegistration 
(OnBeanCondition)

   MockMvcAutoConfiguration
.WebTestClientMockMvcConfig
uration:
      Did not match:
         - 
@ConditionalOnClass did 
not find required class 'or
g.springframework.web.react
ive.function.client.WebClie
nt' (OnClassCondition)

   MockMvcSecurityConfigura
tion:
      Did not match:
         - 
@ConditionalOnClass did 
not find required class 'or
g.springframework.security.
test.web.servlet.request.Se
curityMockMvcRequestPostPro
cessors' (OnClassCondition)

   MockMvcWebClientAutoConf
iguration:
      Did not match:
         - 
@ConditionalOnClass did 
not find required class 'co
m.gargoylesoftware.htmlunit
.WebClient' 
(OnClassCondition)

   MockMvcWebDriverAutoConf
iguration:
      Did not match:
         - 
@ConditionalOnClass did 
not find required class 'or
g.openqa.selenium.htmlunit.
HtmlUnitDriver' 
(OnClassCondition)

   MongoAutoConfiguration:
      Did not match:
         - 
@ConditionalOnClass did 
not find required class 'co
m.mongodb.client.MongoClien
t' (OnClassCondition)

   
MongoDataAutoConfiguration:
      Did not match:
         - 
@ConditionalOnClass did 
not find required class 'co
m.mongodb.client.MongoClien
t' (OnClassCondition)

   MongoReactiveAutoConfigu
ration:
      Did not match:
         - 
@ConditionalOnClass did 
not find required class 'co
m.mongodb.reactivestreams.c
lient.MongoClient' 
(OnClassCondition)

   MongoReactiveDataAutoCon
figuration:
      Did not match:
         - 
@ConditionalOnClass did 
not find required class 'co
m.mongodb.reactivestreams.c
lient.MongoClient' 
(OnClassCondition)

   MongoReactiveRepositorie
sAutoConfiguration:
      Did not match:
         - 
@ConditionalOnClass did 
not find required class 'co
m.mongodb.reactivestreams.c
lient.MongoClient' 
(OnClassCondition)

   MongoRepositoriesAutoCon
figuration:
      Did not match:
         - 
@ConditionalOnClass did 
not find required class 'co
m.mongodb.client.MongoClien
t' (OnClassCondition)

   
MustacheAutoConfiguration:
      Did not match:
         - 
@ConditionalOnClass did 
not find required class 'co
m.samskivert.mustache.Musta
che' (OnClassCondition)

   Neo4jAutoConfiguration:
      Did not match:
         - 
@ConditionalOnClass did 
not find required class 
'org.neo4j.driver.Driver' 
(OnClassCondition)

   
Neo4jDataAutoConfiguration:
      Did not match:
         - 
@ConditionalOnClass did 
not find required class 
'org.neo4j.driver.Driver' 
(OnClassCondition)

   Neo4jReactiveDataAutoCon
figuration:
      Did not match:
         - 
@ConditionalOnClass did 
not find required class 
'org.neo4j.driver.Driver' 
(OnClassCondition)

   Neo4jReactiveRepositorie
sAutoConfiguration:
      Did not match:
         - 
@ConditionalOnClass did 
not find required class 
'org.neo4j.driver.Driver' 
(OnClassCondition)

   Neo4jRepositoriesAutoCon
figuration:
      Did not match:
         - 
@ConditionalOnClass did 
not find required class 
'org.neo4j.driver.Driver' 
(OnClassCondition)

   NettyAutoConfiguration:
      Did not match:
         - 
@ConditionalOnClass did 
not find required class 'io
.netty.util.NettyRuntime' 
(OnClassCondition)

   OAuth2AuthorizationServe
rAutoConfiguration:
      Did not match:
         - 
@ConditionalOnClass did 
not find required class 'or
g.springframework.security.
oauth2.server.authorization
.OAuth2Authorization' 
(OnClassCondition)

   OAuth2AuthorizationServe
rJwtAutoConfiguration:
      Did not match:
         - 
@ConditionalOnClass did 
not find required class 'or
g.springframework.security.
oauth2.server.authorization
.OAuth2Authorization' 
(OnClassCondition)

   OAuth2ClientAutoConfigur
ation:
      Did not match:
         - 
@ConditionalOnClass did 
not find required class 'or
g.springframework.security.
oauth2.client.registration.
ClientRegistration' 
(OnClassCondition)

   OAuth2ResourceServerAuto
Configuration:
      Did not match:
         - 
@ConditionalOnClass did 
not find required class 'or
g.springframework.security.
oauth2.server.resource.auth
entication.BearerTokenAuthe
nticationToken' 
(OnClassCondition)

   ProjectInfoAutoConfigura
tion#buildProperties:
      Did not match:
         - 
@ConditionalOnResource did 
not find resource '${spring
.info.build.location:classp
ath:META-INF/build-info.pro
perties}' 
(OnResourceCondition)

   ProjectInfoAutoConfigura
tion#gitProperties:
      Did not match:
         - GitResource did 
not find git info at 
classpath:git.properties (P
rojectInfoAutoConfiguration
.GitResourceAvailableCondit
ion)

   PulsarAutoConfiguration:
      Did not match:
         - 
@ConditionalOnClass did 
not find required class 'or
g.apache.pulsar.client.api.
PulsarClient' 
(OnClassCondition)

   PulsarReactiveAutoConfig
uration:
      Did not match:
         - 
@ConditionalOnClass did 
not find required class 'or
g.apache.pulsar.client.api.
PulsarClient' 
(OnClassCondition)

   QuartzAutoConfiguration:
      Did not match:
         - 
@ConditionalOnClass did 
not find required class 
'org.quartz.Scheduler' 
(OnClassCondition)

   R2dbcAutoConfiguration:
      Did not match:
         - 
@ConditionalOnClass did 
not find required class 'io
.r2dbc.spi.ConnectionFactor
y' (OnClassCondition)

   
R2dbcDataAutoConfiguration:
      Did not match:
         - 
@ConditionalOnClass did 
not find required class 'or
g.springframework.data.r2db
c.core.R2dbcEntityTemplate'
 (OnClassCondition)

   R2dbcInitializationConfi
guration:
      Did not match:
         - 
@ConditionalOnClass did 
not find required classes '
io.r2dbc.spi.ConnectionFact
ory', 'org.springframework.
r2dbc.connection.init.Datab
asePopulator' 
(OnClassCondition)

   R2dbcRepositoriesAutoCon
figuration:
      Did not match:
         - 
@ConditionalOnClass did 
not find required class 'io
.r2dbc.spi.ConnectionFactor
y' (OnClassCondition)

   R2dbcTransactionManagerA
utoConfiguration:
      Did not match:
         - 
@ConditionalOnClass did 
not find required class 'or
g.springframework.r2dbc.con
nection.R2dbcTransactionMan
ager' (OnClassCondition)

   RSocketGraphQlClientAuto
Configuration:
      Did not match:
         - 
@ConditionalOnClass did 
not find required class 
'graphql.GraphQL' 
(OnClassCondition)

   RSocketMessagingAutoConf
iguration:
      Did not match:
         - 
@ConditionalOnClass did 
not find required class 
'io.rsocket.RSocket' 
(OnClassCondition)

   RSocketRequesterAutoConf
iguration:
      Did not match:
         - 
@ConditionalOnClass did 
not find required class 
'io.rsocket.RSocket' 
(OnClassCondition)

   RSocketSecurityAutoConfi
guration:
      Did not match:
         - 
@ConditionalOnClass did 
not find required class 'or
g.springframework.security.
rsocket.core.SecuritySocket
AcceptorInterceptor' 
(OnClassCondition)

   RSocketServerAutoConfigu
ration:
      Did not match:
         - 
@ConditionalOnClass did 
not find required class 'io
.rsocket.core.RSocketServer
' (OnClassCondition)

   RSocketStrategiesAutoCon
figuration:
      Did not match:
         - 
@ConditionalOnClass did 
not find required class 'io
.netty.buffer.PooledByteBuf
Allocator' 
(OnClassCondition)

   RabbitAutoConfiguration:
      Did not match:
         - 
@ConditionalOnClass did 
not find required class 'co
m.rabbitmq.client.Channel' 
(OnClassCondition)

   ReactiveElasticsearchCli
entAutoConfiguration:
      Did not match:
         - 
@ConditionalOnClass did 
not find required class 'co
.elastic.clients.transport.
ElasticsearchTransport' 
(OnClassCondition)

   ReactiveElasticsearchRep
ositoriesAutoConfiguration:
      Did not match:
         - 
@ConditionalOnClass did 
not find required class 're
actor.core.publisher.Mono' 
(OnClassCondition)

   ReactiveMultipartAutoCon
figuration:
      Did not match:
         - 
@ConditionalOnClass did 
not find required class 'or
g.springframework.web.react
ive.config.WebFluxConfigure
r' (OnClassCondition)

   ReactiveOAuth2ClientAuto
Configuration:
      Did not match:
         - 
@ConditionalOnClass did 
not find required class 're
actor.core.publisher.Flux' 
(OnClassCondition)

   ReactiveOAuth2ResourceSe
rverAutoConfiguration:
      Did not match:
         - @ConditionalOnWe
bApplication did not find 
reactive web application 
classes 
(OnWebApplicationCondition)

   ReactiveSecurityAutoConf
iguration:
      Did not match:
         - 
@ConditionalOnClass did 
not find required class 're
actor.core.publisher.Flux' 
(OnClassCondition)

   ReactiveUserDetailsServi
ceAutoConfiguration:
      Did not match:
         - 
AnyNestedCondition 0 
matched 2 did not; 
NestedCondition on Reactive
UserDetailsServiceAutoConfi
guration.RSocketEnabledOrRe
activeWebApplication.Reacti
veWebApplicationCondition 
did not find reactive web 
application classes; 
NestedCondition on Reactive
UserDetailsServiceAutoConfi
guration.RSocketEnabledOrRe
activeWebApplication.RSocke
tSecurityEnabledCondition 
@ConditionalOnBean (types: 
org.springframework.messagi
ng.rsocket.annotation.suppo
rt.RSocketMessageHandler; 
SearchStrategy: all) did 
not find any beans of type 
org.springframework.messagi
ng.rsocket.annotation.suppo
rt.RSocketMessageHandler (R
eactiveUserDetailsServiceAu
toConfiguration.RSocketEnab
ledOrReactiveWebApplication
)
      Matched:
         - 
@ConditionalOnClass found 
required class 'org.springf
ramework.security.authentic
ation.ReactiveAuthenticatio
nManager' 
(OnClassCondition)
         - 
AnyNestedCondition 1 
matched 2 did not; 
NestedCondition on Reactive
UserDetailsServiceAutoConfi
guration.MissingAlternative
OrUserPropertiesConfigured.
PasswordConfigured 
@ConditionalOnProperty (spr
ing.security.user.password)
 did not find property 
'password'; 
NestedCondition on Reactive
UserDetailsServiceAutoConfi
guration.MissingAlternative
OrUserPropertiesConfigured.
NameConfigured 
@ConditionalOnProperty (spr
ing.security.user.name) 
did not find property 
'name'; NestedCondition on 
ReactiveUserDetailsServiceA
utoConfiguration.MissingAlt
ernativeOrUserPropertiesCon
figured.MissingAlternative 
@ConditionalOnMissingClass 
did not find unwanted 
classes 'org.springframewor
k.security.oauth2.client.re
gistration.ClientRegistrati
onRepository', 'org.springf
ramework.security.oauth2.se
rver.resource.introspection
.ReactiveOpaqueTokenIntrosp
ector' (ReactiveUserDetails
ServiceAutoConfiguration.Mi
ssingAlternativeOrUserPrope
rtiesConfigured)

   ReactiveWebServerFactory
AutoConfiguration:
      Did not match:
         - @ConditionalOnWe
bApplication did not find 
reactive web application 
classes 
(OnWebApplicationCondition)

   
ReactorAutoConfiguration:
      Did not match:
         - 
@ConditionalOnClass did 
not find required class 're
actor.core.publisher.Hooks'
 (OnClassCondition)

   RedisAutoConfiguration:
      Did not match:
         - 
@ConditionalOnClass did 
not find required class 'or
g.springframework.data.redi
s.core.RedisOperations' 
(OnClassCondition)

   RedisCacheConfiguration:
      Did not match:
         - 
@ConditionalOnClass did 
not find required class 'or
g.springframework.data.redi
s.connection.RedisConnectio
nFactory' 
(OnClassCondition)

   RedisReactiveAutoConfigu
ration:
      Did not match:
         - 
@ConditionalOnClass did 
not find required class 're
actor.core.publisher.Flux' 
(OnClassCondition)

   RedisRepositoriesAutoCon
figuration:
      Did not match:
         - 
@ConditionalOnClass did 
not find required class 'or
g.springframework.data.redi
s.repository.configuration.
EnableRedisRepositories' 
(OnClassCondition)

   RepositoryRestMvcAutoCon
figuration:
      Did not match:
         - 
@ConditionalOnClass did 
not find required class 'or
g.springframework.data.rest
.webmvc.config.RepositoryRe
stMvcConfiguration' 
(OnClassCondition)

   Saml2RelyingPartyAutoCon
figuration:
      Did not match:
         - 
@ConditionalOnClass did 
not find required class 'or
g.springframework.security.
saml2.provider.service.regi
stration.RelyingPartyRegist
rationRepository' 
(OnClassCondition)

   
SecurityDataConfiguration:
      Did not match:
         - 
@ConditionalOnClass did 
not find required class 'or
g.springframework.security.
data.repository.query.Secur
ityEvaluationContextExtensi
on' (OnClassCondition)

   
SendGridAutoConfiguration:
      Did not match:
         - 
@ConditionalOnClass did 
not find required class 
'com.sendgrid.SendGrid' 
(OnClassCondition)

   ServletWebServerFactoryA
utoConfiguration.ForwardedH
eaderFilterConfiguration:
      Did not match:
         - 
@ConditionalOnProperty (ser
ver.forward-headers-strateg
y=framework) did not find 
property 'server.forward-he
aders-strategy' 
(OnPropertyCondition)

   ServletWebServerFactoryC
onfiguration.EmbeddedJetty:
      Did not match:
         - 
@ConditionalOnClass did 
not find required classes '
org.eclipse.jetty.server.Se
rver', 'org.eclipse.jetty.u
til.Loader', 'org.eclipse.j
etty.ee10.webapp.WebAppCont
ext' (OnClassCondition)

   ServletWebServerFactoryC
onfiguration.EmbeddedUndert
ow:
      Did not match:
         - 
@ConditionalOnClass did 
not find required classes 
'io.undertow.Undertow', 'or
g.xnio.SslClientAuthMode' 
(OnClassCondition)

   
SessionAutoConfiguration:
      Did not match:
         - 
@ConditionalOnClass did 
not find required class 'or
g.springframework.session.S
ession' (OnClassCondition)

   SpringApplicationAdminJm
xAutoConfiguration:
      Did not match:
         - 
@ConditionalOnProperty (spr
ing.application.admin.enabl
ed=true) did not find 
property 'enabled' 
(OnPropertyCondition)

   SpringBootWebSecurityCon
figuration.SecurityFilterCh
ainConfiguration:
      Did not match:
         - 
AllNestedConditions 1 
matched 1 did not; 
NestedCondition on DefaultW
ebSecurityCondition.Beans 
@ConditionalOnMissingBean 
(types: org.springframework
.security.web.SecurityFilte
rChain; SearchStrategy: 
all) found beans of type 'o
rg.springframework.security
.web.SecurityFilterChain' 
filterChain; 
NestedCondition on DefaultW
ebSecurityCondition.Classes
 @ConditionalOnClass found 
required classes 'org.sprin
gframework.security.web.Sec
urityFilterChain', 'org.spr
ingframework.security.confi
g.annotation.web.builders.H
ttpSecurity' (DefaultWebSec
urityCondition)

   TaskExecutorConfiguratio
ns.SimpleAsyncTaskExecutorB
uilderConfiguration#simpleA
syncTaskExecutorBuilderVirt
ualThreads:
      Did not match:
         - 
@ConditionalOnMissingBean 
(types: org.springframework
.boot.task.SimpleAsyncTaskE
xecutorBuilder; 
SearchStrategy: all) found 
beans of type 'org.springfr
amework.boot.task.SimpleAsy
ncTaskExecutorBuilder' simp
leAsyncTaskExecutorBuilder 
(OnBeanCondition)

   TaskExecutorConfiguratio
ns.TaskExecutorConfiguratio
n#applicationTaskExecutorVi
rtualThreads:
      Did not match:
         - 
@ConditionalOnThreading 
did not find VIRTUAL 
(OnThreadingCondition)

   TaskSchedulingAutoConfig
uration#scheduledBeanLazyIn
itializationExcludeFilter:
      Did not match:
         - 
@ConditionalOnBean (names: 
org.springframework.context
.annotation.internalSchedul
edAnnotationProcessor; 
SearchStrategy: all) did 
not find any beans named or
g.springframework.context.a
nnotation.internalScheduled
AnnotationProcessor 
(OnBeanCondition)

   TaskSchedulingConfigurat
ions.SimpleAsyncTaskSchedul
erBuilderConfiguration#simp
leAsyncTaskSchedulerBuilder
VirtualThreads:
      Did not match:
         - 
@ConditionalOnMissingBean 
(types: org.springframework
.boot.task.SimpleAsyncTaskS
chedulerBuilder; 
SearchStrategy: all) found 
beans of type 'org.springfr
amework.boot.task.SimpleAsy
ncTaskSchedulerBuilder' sim
pleAsyncTaskSchedulerBuilde
r (OnBeanCondition)

   TaskSchedulingConfigurat
ions.TaskSchedulerConfigura
tion:
      Did not match:
         - 
@ConditionalOnBean (names: 
org.springframework.context
.annotation.internalSchedul
edAnnotationProcessor; 
SearchStrategy: all) did 
not find any beans named or
g.springframework.context.a
nnotation.internalScheduled
AnnotationProcessor 
(OnBeanCondition)

   
ThymeleafAutoConfiguration:
      Did not match:
         - 
@ConditionalOnClass did 
not find required class 'or
g.thymeleaf.spring6.SpringT
emplateEngine' 
(OnClassCondition)

   TransactionAutoConfigura
tion#transactionalOperator:
      Did not match:
         - @ConditionalOnSi
ngleCandidate (types: org.s
pringframework.transaction.
ReactiveTransactionManager;
 SearchStrategy: all) did 
not find any beans 
(OnBeanCondition)

   TransactionAutoConfigura
tion.AspectJTransactionMana
gementConfiguration:
      Did not match:
         - 
@ConditionalOnBean (types: 
org.springframework.transac
tion.aspectj.AbstractTransa
ctionAspect; 
SearchStrategy: all) did 
not find any beans of type 
org.springframework.transac
tion.aspectj.AbstractTransa
ctionAspect 
(OnBeanCondition)

   TransactionAutoConfigura
tion.EnableTransactionManag
ementConfiguration.JdkDynam
icAutoProxyConfiguration:
      Did not match:
         - 
@ConditionalOnProperty (spr
ing.aop.proxy-target-class=
false) did not find 
property 
'proxy-target-class' 
(OnPropertyCondition)

   UserDetailsServiceAutoCo
nfiguration:
      Did not match:
         - 
@ConditionalOnMissingBean 
(types: org.springframework
.security.authentication.Au
thenticationManager,org.spr
ingframework.security.authe
ntication.AuthenticationPro
vider,org.springframework.s
ecurity.core.userdetails.Us
erDetailsService,org.spring
framework.security.authenti
cation.AuthenticationManage
rResolver,org.springframewo
rk.security.oauth2.jwt.JwtD
ecoder; SearchStrategy: 
all) found beans of type 'o
rg.springframework.security
.authentication.Authenticat
ionManager' 
authenticationManager and 
found beans of type 'org.sp
ringframework.security.core
.userdetails.UserDetailsSer
vice' 
userDetailsServiceImpl and 
found beans of type 'org.sp
ringframework.security.auth
entication.AuthenticationPr
ovider' 
authenticationProvider 
(OnBeanCondition)
      Matched:
         - 
@ConditionalOnClass found 
required class 'org.springf
ramework.security.authentic
ation.AuthenticationManager
' (OnClassCondition)
         - 
AnyNestedCondition 1 
matched 2 did not; 
NestedCondition on UserDeta
ilsServiceAutoConfiguration
.MissingAlternativeOrUserPr
opertiesConfigured.Password
Configured 
@ConditionalOnProperty (spr
ing.security.user.password)
 did not find property 
'password'; 
NestedCondition on UserDeta
ilsServiceAutoConfiguration
.MissingAlternativeOrUserPr
opertiesConfigured.NameConf
igured 
@ConditionalOnProperty (spr
ing.security.user.name) 
did not find property 
'name'; NestedCondition on 
UserDetailsServiceAutoConfi
guration.MissingAlternative
OrUserPropertiesConfigured.
MissingAlternative 
@ConditionalOnMissingClass 
did not find unwanted 
classes 'org.springframewor
k.security.oauth2.client.re
gistration.ClientRegistrati
onRepository', 'org.springf
ramework.security.oauth2.se
rver.resource.introspection
.OpaqueTokenIntrospector', 
'org.springframework.securi
ty.saml2.provider.service.r
egistration.RelyingPartyReg
istrationRepository' (UserD
etailsServiceAutoConfigurat
ion.MissingAlternativeOrUse
rPropertiesConfigured)

   
WebClientAutoConfiguration:
      Did not match:
         - 
@ConditionalOnClass did 
not find required class 'or
g.springframework.web.react
ive.function.client.WebClie
nt' (OnClassCondition)

   
WebFluxAutoConfiguration:
      Did not match:
         - 
@ConditionalOnClass did 
not find required class 'or
g.springframework.web.react
ive.config.WebFluxConfigure
r' (OnClassCondition)

   WebMvcAutoConfiguration#
hiddenHttpMethodFilter:
      Did not match:
         - 
@ConditionalOnProperty (spr
ing.mvc.hiddenmethod.filter
.enabled) did not find 
property 'enabled' 
(OnPropertyCondition)

   WebMvcAutoConfiguration.
ProblemDetailsErrorHandling
Configuration:
      Did not match:
         - 
@ConditionalOnProperty (spr
ing.mvc.problemdetails.enab
led=true) did not find 
property 'enabled' 
(OnPropertyCondition)

   WebMvcAutoConfiguration.
ResourceChainCustomizerConf
iguration:
      Did not match:
         - @ConditionalOnEn
abledResourceChain did not 
find class org.webjars.WebJ
arAssetLocator (OnEnabledRe
sourceChainCondition)

   WebMvcAutoConfiguration.
WebMvcAutoConfigurationAdap
ter#beanNameViewResolver:
      Did not match:
         - 
@ConditionalOnMissingBean 
(types: org.springframework
.web.servlet.view.BeanNameV
iewResolver; 
SearchStrategy: all) found 
beans of type 'org.springfr
amework.web.servlet.view.Be
anNameViewResolver' 
beanNameViewResolver 
(OnBeanCondition)

   WebServiceTemplateAutoCo
nfiguration:
      Did not match:
         - 
@ConditionalOnClass did 
not find required class 'or
g.springframework.oxm.Marsh
aller' (OnClassCondition)

   WebServicesAutoConfigura
tion:
      Did not match:
         - 
@ConditionalOnClass did 
not find required class 'or
g.springframework.ws.transp
ort.http.MessageDispatcherS
ervlet' (OnClassCondition)

   WebSessionIdResolverAuto
Configuration:
      Did not match:
         - 
@ConditionalOnClass did 
not find required class 're
actor.core.publisher.Mono' 
(OnClassCondition)

   WebSocketMessagingAutoCo
nfiguration:
      Did not match:
         - 
@ConditionalOnClass did 
not find required class 'or
g.springframework.web.socke
t.config.annotation.WebSock
etMessageBrokerConfigurer' 
(OnClassCondition)

   WebSocketReactiveAutoCon
figuration:
      Did not match:
         - @ConditionalOnWe
bApplication did not find 
reactive web application 
classes 
(OnWebApplicationCondition)

   WebSocketServletAutoConf
iguration.JettyWebSocketCon
figuration:
      Did not match:
         - 
@ConditionalOnClass did 
not find required class 'or
g.eclipse.jetty.ee10.websoc
ket.jakarta.server.config.J
akartaWebSocketServletConta
inerInitializer' 
(OnClassCondition)

   WebSocketServletAutoConf
iguration.UndertowWebSocket
Configuration:
      Did not match:
         - 
@ConditionalOnClass did 
not find required class 'io
.undertow.websockets.jsr.Bo
otstrap' (OnClassCondition)

   WebTestClientAutoConfigu
ration:
      Did not match:
         - 
@ConditionalOnClass did 
not find required class 'or
g.springframework.web.react
ive.function.client.WebClie
nt' (OnClassCondition)
2026-03-30T20:09:40.103+05:30  INFO 12784 --- [           main] .s.b.a.l.ConditionEvaluationReportLogger : 

Error starting ApplicationContext. To display the condition evaluation report re-run your application with 'debug' enabled.
2026-03-30T20:09:40.112+05:30 ERROR 12784 --- [           main] o.s.boot.SpringApplication               : Application run failed

org.springframework.beans.factory.BeanCreationException: Error creating bean with name 'entityManagerFactory' defined in class path resource [org/springframework/boot/autoconfigure/orm/jpa/HibernateJpaConfiguration.class]: Unable to create requested service [org.hibernate.engine.jdbc.env.spi.JdbcEnvironment] due to: Unable to determine Dialect without JDBC metadata (please set 'jakarta.persistence.jdbc.url' for common cases or 'hibernate.dialect' when a custom Dialect implementation must be provided)
	at org.springframework.beans.factory.support.AbstractAutowireCapableBeanFactory.initializeBean(AbstractAutowireCapableBeanFactory.java:1806) ~[spring-beans-6.1.14.jar:6.1.14]
	at org.springframework.beans.factory.support.AbstractAutowireCapableBeanFactory.doCreateBean(AbstractAutowireCapableBeanFactory.java:600) ~[spring-beans-6.1.14.jar:6.1.14]
	at org.springframework.beans.factory.support.AbstractAutowireCapableBeanFactory.createBean(AbstractAutowireCapableBeanFactory.java:522) ~[spring-beans-6.1.14.jar:6.1.14]
	at org.springframework.beans.factory.support.AbstractBeanFactory.lambda$doGetBean$0(AbstractBeanFactory.java:337) ~[spring-beans-6.1.14.jar:6.1.14]
	at org.springframework.beans.factory.support.DefaultSingletonBeanRegistry.getSingleton(DefaultSingletonBeanRegistry.java:234) ~[spring-beans-6.1.14.jar:6.1.14]
	at org.springframework.beans.factory.support.AbstractBeanFactory.doGetBean(AbstractBeanFactory.java:335) ~[spring-beans-6.1.14.jar:6.1.14]
	at org.springframework.beans.factory.support.AbstractBeanFactory.getBean(AbstractBeanFactory.java:205) ~[spring-beans-6.1.14.jar:6.1.14]
	at org.springframework.context.support.AbstractApplicationContext.finishBeanFactoryInitialization(AbstractApplicationContext.java:954) ~[spring-context-6.1.14.jar:6.1.14]
	at org.springframework.context.support.AbstractApplicationContext.refresh(AbstractApplicationContext.java:625) ~[spring-context-6.1.14.jar:6.1.14]
	at org.springframework.boot.SpringApplication.refresh(SpringApplication.java:754) ~[spring-boot-3.3.5.jar:3.3.5]
	at org.springframework.boot.SpringApplication.refreshContext(SpringApplication.java:456) ~[spring-boot-3.3.5.jar:3.3.5]
	at org.springframework.boot.SpringApplication.run(SpringApplication.java:335) ~[spring-boot-3.3.5.jar:3.3.5]
	at org.springframework.boot.test.context.SpringBootContextLoader.lambda$loadContext$3(SpringBootContextLoader.java:137) ~[spring-boot-test-3.3.5.jar:3.3.5]
	at org.springframework.util.function.ThrowingSupplier.get(ThrowingSupplier.java:58) ~[spring-core-6.1.14.jar:6.1.14]
	at org.springframework.util.function.ThrowingSupplier.get(ThrowingSupplier.java:46) ~[spring-core-6.1.14.jar:6.1.14]
	at org.springframework.boot.SpringApplication.withHook(SpringApplication.java:1463) ~[spring-boot-3.3.5.jar:3.3.5]
	at org.springframework.boot.test.context.SpringBootContextLoader$ContextLoaderHook.run(SpringBootContextLoader.java:553) ~[spring-boot-test-3.3.5.jar:3.3.5]
	at org.springframework.boot.test.context.SpringBootContextLoader.loadContext(SpringBootContextLoader.java:137) ~[spring-boot-test-3.3.5.jar:3.3.5]
	at org.springframework.boot.test.context.SpringBootContextLoader.loadContext(SpringBootContextLoader.java:108) ~[spring-boot-test-3.3.5.jar:3.3.5]
	at org.springframework.test.context.cache.DefaultCacheAwareContextLoaderDelegate.loadContextInternal(DefaultCacheAwareContextLoaderDelegate.java:225) ~[spring-test-6.1.14.jar:6.1.14]
	at org.springframework.test.context.cache.DefaultCacheAwareContextLoaderDelegate.loadContext(DefaultCacheAwareContextLoaderDelegate.java:152) ~[spring-test-6.1.14.jar:6.1.14]
	at org.springframework.test.context.support.DefaultTestContext.getApplicationContext(DefaultTestContext.java:130) ~[spring-test-6.1.14.jar:6.1.14]
	at org.springframework.test.context.web.ServletTestExecutionListener.setUpRequestContextIfNecessary(ServletTestExecutionListener.java:191) ~[spring-test-6.1.14.jar:6.1.14]

   XADataSourceAutoConfigur
ation:
      Did not match:
         - 
@ConditionalOnBean (types: 
org.springframework.boot.jd
bc.XADataSourceWrapper; 
SearchStrategy: all) did 
not find any beans of type 
org.springframework.boot.jd
bc.XADataSourceWrapper 
(OnBeanCondition)
      Matched:
         - 
@ConditionalOnClass found 
required classes 
'javax.sql.DataSource', 'ja
karta.transaction.Transacti
onManager', 'org.springfram
ework.jdbc.datasource.embed
ded.EmbeddedDatabaseType' 
(OnClassCondition)


Exclusions:
-----------

    None


Unconditional classes:
----------------------

    org.springframework.boo
t.autoconfigure.context.Con
figurationPropertiesAutoCon
figuration

    org.springframework.boo
t.autoconfigure.ssl.SslAuto
Configuration

    org.springframework.boo
t.autoconfigure.context.Pro
pertyPlaceholderAutoConfigu
ration

    org.springframework.boo
t.autoconfigure.context.Lif
ecycleAutoConfiguration

    org.springframework.boo
t.autoconfigure.availabilit
y.ApplicationAvailabilityAu
toConfiguration

    org.springframework.boo
t.autoconfigure.info.Projec
tInfoAutoConfiguration



	at org.springframework.test.context.web.ServletTestExecutionListener.prepareTestInstance(ServletTestExecutionListener.java:130) ~[spring-test-6.1.14.jar:6.1.14]
	at org.springframework.test.context.TestContextManager.prepareTestInstance(TestContextManager.java:260) ~[spring-test-6.1.14.jar:6.1.14]
	at org.springframework.test.context.junit.jupiter.SpringExtension.postProcessTestInstance(SpringExtension.java:163) ~[spring-test-6.1.14.jar:6.1.14]
	at org.junit.jupiter.engine.descriptor.ClassBasedTestDescriptor.lambda$invokeTestInstancePostProcessors$10(ClassBasedTestDescriptor.java:378) ~[junit-jupiter-engine-5.10.5.jar:5.10.5]
	at org.junit.jupiter.engine.descriptor.ClassBasedTestDescriptor.executeAndMaskThrowable(ClassBasedTestDescriptor.java:383) ~[junit-jupiter-engine-5.10.5.jar:5.10.5]
	at org.junit.jupiter.engine.descriptor.ClassBasedTestDescriptor.lambda$invokeTestInstancePostProcessors$11(ClassBasedTestDescriptor.java:378) ~[junit-jupiter-engine-5.10.5.jar:5.10.5]
	at java.base/java.util.stream.ReferencePipeline$3$1.accept(ReferencePipeline.java:197) ~[na:na]
	at java.base/java.util.stream.ReferencePipeline$2$1.accept(ReferencePipeline.java:179) ~[na:na]
	at java.base/java.util.ArrayList$ArrayListSpliterator.forEachRemaining(ArrayList.java:1625) ~[na:na]
	at java.base/java.util.stream.AbstractPipeline.copyInto(AbstractPipeline.java:509) ~[na:na]
	at java.base/java.util.stream.AbstractPipeline.wrapAndCopyInto(AbstractPipeline.java:499) ~[na:na]
	at java.base/java.util.stream.StreamSpliterators$WrappingSpliterator.forEachRemaining(StreamSpliterators.java:310) ~[na:na]
	at java.base/java.util.stream.Streams$ConcatSpliterator.forEachRemaining(Streams.java:735) ~[na:na]
	at java.base/java.util.stream.Streams$ConcatSpliterator.forEachRemaining(Streams.java:734) ~[na:na]
	at java.base/java.util.stream.ReferencePipeline$Head.forEach(ReferencePipeline.java:762) ~[na:na]
	at org.junit.jupiter.engine.descriptor.ClassBasedTestDescriptor.invokeTestInstancePostProcessors(ClassBasedTestDescriptor.java:377) ~[junit-jupiter-engine-5.10.5.jar:5.10.5]
	at org.junit.jupiter.engine.descriptor.ClassBasedTestDescriptor.lambda$instantiateAndPostProcessTestInstance$6(ClassBasedTestDescriptor.java:290) ~[junit-jupiter-engine-5.10.5.jar:5.10.5]
	at org.junit.platform.engine.support.hierarchical.ThrowableCollector.execute(ThrowableCollector.java:73) ~[junit-platform-engine-1.10.5.jar:1.10.5]
	at org.junit.jupiter.engine.descriptor.ClassBasedTestDescriptor.instantiateAndPostProcessTestInstance(ClassBasedTestDescriptor.java:289) ~[junit-jupiter-engine-5.10.5.jar:5.10.5]
	at org.junit.jupiter.engine.descriptor.ClassBasedTestDescriptor.lambda$testInstancesProvider$4(ClassBasedTestDescriptor.java:279) ~[junit-jupiter-engine-5.10.5.jar:5.10.5]
	at java.base/java.util.Optional.orElseGet(Optional.java:364) ~[na:na]
	at org.junit.jupiter.engine.descriptor.ClassBasedTestDescriptor.lambda$testInstancesProvider$5(ClassBasedTestDescriptor.java:278) ~[junit-jupiter-engine-5.10.5.jar:5.10.5]
	at org.junit.jupiter.engine.execution.TestInstancesProvider.getTestInstances(TestInstancesProvider.java:31) ~[junit-jupiter-engine-5.10.5.jar:5.10.5]
	at org.junit.jupiter.engine.descriptor.TestMethodTestDescriptor.lambda$prepare$0(TestMethodTestDescriptor.java:106) ~[junit-jupiter-engine-5.10.5.jar:5.10.5]
	at org.junit.platform.engine.support.hierarchical.ThrowableCollector.execute(ThrowableCollector.java:73) ~[junit-platform-engine-1.10.5.jar:1.10.5]
	at org.junit.jupiter.engine.descriptor.TestMethodTestDescriptor.prepare(TestMethodTestDescriptor.java:105) ~[junit-jupiter-engine-5.10.5.jar:5.10.5]
	at org.junit.jupiter.engine.descriptor.TestMethodTestDescriptor.prepare(TestMethodTestDescriptor.java:69) ~[junit-jupiter-engine-5.10.5.jar:5.10.5]
	at org.junit.platform.engine.support.hierarchical.NodeTestTask.lambda$prepare$2(NodeTestTask.java:128) ~[junit-platform-engine-1.10.5.jar:1.10.5]
	at org.junit.platform.engine.support.hierarchical.ThrowableCollector.execute(ThrowableCollector.java:73) ~[junit-platform-engine-1.10.5.jar:1.10.5]
	at org.junit.platform.engine.support.hierarchical.NodeTestTask.prepare(NodeTestTask.java:128) ~[junit-platform-engine-1.10.5.jar:1.10.5]
	at org.junit.platform.engine.support.hierarchical.NodeTestTask.execute(NodeTestTask.java:95) ~[junit-platform-engine-1.10.5.jar:1.10.5]
	at java.base/java.util.ArrayList.forEach(ArrayList.java:1511) ~[na:na]
	at org.junit.platform.engine.support.hierarchical.SameThreadHierarchicalTestExecutorService.invokeAll(SameThreadHierarchicalTestExecutorService.java:41) ~[junit-platform-engine-1.10.5.jar:1.10.5]
	at org.junit.platform.engine.support.hierarchical.NodeTestTask.lambda$executeRecursively$6(NodeTestTask.java:160) ~[junit-platform-engine-1.10.5.jar:1.10.5]
	at org.junit.platform.engine.support.hierarchical.ThrowableCollector.execute(ThrowableCollector.java:73) ~[junit-platform-engine-1.10.5.jar:1.10.5]
	at org.junit.platform.engine.support.hierarchical.NodeTestTask.lambda$executeRecursively$8(NodeTestTask.java:146) ~[junit-platform-engine-1.10.5.jar:1.10.5]
	at org.junit.platform.engine.support.hierarchical.Node.around(Node.java:137) ~[junit-platform-engine-1.10.5.jar:1.10.5]
	at org.junit.platform.engine.support.hierarchical.NodeTestTask.lambda$executeRecursively$9(NodeTestTask.java:144) ~[junit-platform-engine-1.10.5.jar:1.10.5]
	at org.junit.platform.engine.support.hierarchical.ThrowableCollector.execute(ThrowableCollector.java:73) ~[junit-platform-engine-1.10.5.jar:1.10.5]
	at org.junit.platform.engine.support.hierarchical.NodeTestTask.executeRecursively(NodeTestTask.java:143) ~[junit-platform-engine-1.10.5.jar:1.10.5]
	at org.junit.platform.engine.support.hierarchical.NodeTestTask.execute(NodeTestTask.java:100) ~[junit-platform-engine-1.10.5.jar:1.10.5]
	at java.base/java.util.ArrayList.forEach(ArrayList.java:1511) ~[na:na]
	at org.junit.platform.engine.support.hierarchical.SameThreadHierarchicalTestExecutorService.invokeAll(SameThreadHierarchicalTestExecutorService.java:41) ~[junit-platform-engine-1.10.5.jar:1.10.5]
	at org.junit.platform.engine.support.hierarchical.NodeTestTask.lambda$executeRecursively$6(NodeTestTask.java:160) ~[junit-platform-engine-1.10.5.jar:1.10.5]
	at org.junit.platform.engine.support.hierarchical.ThrowableCollector.execute(ThrowableCollector.java:73) ~[junit-platform-engine-1.10.5.jar:1.10.5]
	at org.junit.platform.engine.support.hierarchical.NodeTestTask.lambda$executeRecursively$8(NodeTestTask.java:146) ~[junit-platform-engine-1.10.5.jar:1.10.5]
	at org.junit.platform.engine.support.hierarchical.Node.around(Node.java:137) ~[junit-platform-engine-1.10.5.jar:1.10.5]
	at org.junit.platform.engine.support.hierarchical.NodeTestTask.lambda$executeRecursively$9(NodeTestTask.java:144) ~[junit-platform-engine-1.10.5.jar:1.10.5]
	at org.junit.platform.engine.support.hierarchical.ThrowableCollector.execute(ThrowableCollector.java:73) ~[junit-platform-engine-1.10.5.jar:1.10.5]
	at org.junit.platform.engine.support.hierarchical.NodeTestTask.executeRecursively(NodeTestTask.java:143) ~[junit-platform-engine-1.10.5.jar:1.10.5]
	at org.junit.platform.engine.support.hierarchical.NodeTestTask.execute(NodeTestTask.java:100) ~[junit-platform-engine-1.10.5.jar:1.10.5]
	at org.junit.platform.engine.support.hierarchical.SameThreadHierarchicalTestExecutorService.submit(SameThreadHierarchicalTestExecutorService.java:35) ~[junit-platform-engine-1.10.5.jar:1.10.5]
	at org.junit.platform.engine.support.hierarchical.HierarchicalTestExecutor.execute(HierarchicalTestExecutor.java:57) ~[junit-platform-engine-1.10.5.jar:1.10.5]
	at org.junit.platform.engine.support.hierarchical.HierarchicalTestEngine.execute(HierarchicalTestEngine.java:54) ~[junit-platform-engine-1.10.5.jar:1.10.5]
	at org.junit.platform.launcher.core.EngineExecutionOrchestrator.execute(EngineExecutionOrchestrator.java:198) ~[junit-platform-launcher-1.10.5.jar:1.10.5]
	at org.junit.platform.launcher.core.EngineExecutionOrchestrator.execute(EngineExecutionOrchestrator.java:169) ~[junit-platform-launcher-1.10.5.jar:1.10.5]
	at org.junit.platform.launcher.core.EngineExecutionOrchestrator.execute(EngineExecutionOrchestrator.java:93) ~[junit-platform-launcher-1.10.5.jar:1.10.5]
	at org.junit.platform.launcher.core.EngineExecutionOrchestrator.lambda$execute$0(EngineExecutionOrchestrator.java:58) ~[junit-platform-launcher-1.10.5.jar:1.10.5]
	at org.junit.platform.launcher.core.EngineExecutionOrchestrator.withInterceptedStreams(EngineExecutionOrchestrator.java:141) ~[junit-platform-launcher-1.10.5.jar:1.10.5]
	at org.junit.platform.launcher.core.EngineExecutionOrchestrator.execute(EngineExecutionOrchestrator.java:57) ~[junit-platform-launcher-1.10.5.jar:1.10.5]
	at org.junit.platform.launcher.core.DefaultLauncher.execute(DefaultLauncher.java:103) ~[junit-platform-launcher-1.10.5.jar:1.10.5]
	at org.junit.platform.launcher.core.DefaultLauncher.execute(DefaultLauncher.java:85) ~[junit-platform-launcher-1.10.5.jar:1.10.5]
	at org.junit.platform.launcher.core.DelegatingLauncher.execute(DelegatingLauncher.java:47) ~[junit-platform-launcher-1.10.5.jar:1.10.5]
	at org.apache.maven.surefire.junitplatform.LazyLauncher.execute(LazyLauncher.java:56) ~[surefire-junit-platform-3.2.5.jar:3.2.5]
	at org.apache.maven.surefire.junitplatform.JUnitPlatformProvider.execute(JUnitPlatformProvider.java:184) ~[surefire-junit-platform-3.2.5.jar:3.2.5]
	at org.apache.maven.surefire.junitplatform.JUnitPlatformProvider.invokeAllTests(JUnitPlatformProvider.java:148) ~[surefire-junit-platform-3.2.5.jar:3.2.5]
	at org.apache.maven.surefire.junitplatform.JUnitPlatformProvider.invoke(JUnitPlatformProvider.java:122) ~[surefire-junit-platform-3.2.5.jar:3.2.5]
	at org.apache.maven.surefire.booter.ForkedBooter.runSuitesInProcess(ForkedBooter.java:385) ~[surefire-booter-3.2.5.jar:3.2.5]
	at org.apache.maven.surefire.booter.ForkedBooter.execute(ForkedBooter.java:162) ~[surefire-booter-3.2.5.jar:3.2.5]
	at org.apache.maven.surefire.booter.ForkedBooter.run(ForkedBooter.java:507) ~[surefire-booter-3.2.5.jar:3.2.5]
	at org.apache.maven.surefire.booter.ForkedBooter.main(ForkedBooter.java:495) ~[surefire-booter-3.2.5.jar:3.2.5]
Caused by: org.hibernate.service.spi.ServiceException: Unable to create requested service [org.hibernate.engine.jdbc.env.spi.JdbcEnvironment] due to: Unable to determine Dialect without JDBC metadata (please set 'jakarta.persistence.jdbc.url' for common cases or 'hibernate.dialect' when a custom Dialect implementation must be provided)
	at org.hibernate.service.internal.AbstractServiceRegistryImpl.createService(AbstractServiceRegistryImpl.java:276) ~[hibernate-core-6.5.3.Final.jar:6.5.3.Final]
	at org.hibernate.service.internal.AbstractServiceRegistryImpl.initializeService(AbstractServiceRegistryImpl.java:238) ~[hibernate-core-6.5.3.Final.jar:6.5.3.Final]
	at org.hibernate.service.internal.AbstractServiceRegistryImpl.getService(AbstractServiceRegistryImpl.java:215) ~[hibernate-core-6.5.3.Final.jar:6.5.3.Final]
	at org.hibernate.boot.model.relational.Database.<init>(Database.java:45) ~[hibernate-core-6.5.3.Final.jar:6.5.3.Final]
	at org.hibernate.boot.internal.InFlightMetadataCollectorImpl.getDatabase(InFlightMetadataCollectorImpl.java:221) ~[hibernate-core-6.5.3.Final.jar:6.5.3.Final]
	at org.hibernate.boot.internal.InFlightMetadataCollectorImpl.<init>(InFlightMetadataCollectorImpl.java:189) ~[hibernate-core-6.5.3.Final.jar:6.5.3.Final]
	at org.hibernate.boot.model.process.spi.MetadataBuildingProcess.complete(MetadataBuildingProcess.java:171) ~[hibernate-core-6.5.3.Final.jar:6.5.3.Final]
	at org.hibernate.jpa.boot.internal.EntityManagerFactoryBuilderImpl.metadata(EntityManagerFactoryBuilderImpl.java:1431) ~[hibernate-core-6.5.3.Final.jar:6.5.3.Final]
	at org.hibernate.jpa.boot.internal.EntityManagerFactoryBuilderImpl.build(EntityManagerFactoryBuilderImpl.java:1502) ~[hibernate-core-6.5.3.Final.jar:6.5.3.Final]
	at org.springframework.orm.jpa.vendor.SpringHibernateJpaPersistenceProvider.createContainerEntityManagerFactory(SpringHibernateJpaPersistenceProvider.java:75) ~[spring-orm-6.1.14.jar:6.1.14]
	at org.springframework.orm.jpa.LocalContainerEntityManagerFactoryBean.createNativeEntityManagerFactory(LocalContainerEntityManagerFactoryBean.java:390) ~[spring-orm-6.1.14.jar:6.1.14]
	at org.springframework.orm.jpa.AbstractEntityManagerFactoryBean.buildNativeEntityManagerFactory(AbstractEntityManagerFactoryBean.java:409) ~[spring-orm-6.1.14.jar:6.1.14]
	at org.springframework.orm.jpa.AbstractEntityManagerFactoryBean.afterPropertiesSet(AbstractEntityManagerFactoryBean.java:396) ~[spring-orm-6.1.14.jar:6.1.14]
	at org.springframework.orm.jpa.LocalContainerEntityManagerFactoryBean.afterPropertiesSet(LocalContainerEntityManagerFactoryBean.java:366) ~[spring-orm-6.1.14.jar:6.1.14]
	at org.springframework.beans.factory.support.AbstractAutowireCapableBeanFactory.invokeInitMethods(AbstractAutowireCapableBeanFactory.java:1853) ~[spring-beans-6.1.14.jar:6.1.14]
	at org.springframework.beans.factory.support.AbstractAutowireCapableBeanFactory.initializeBean(AbstractAutowireCapableBeanFactory.java:1802) ~[spring-beans-6.1.14.jar:6.1.14]
	... 93 common frames omitted
Caused by: org.hibernate.HibernateException: Unable to determine Dialect without JDBC metadata (please set 'jakarta.persistence.jdbc.url' for common cases or 'hibernate.dialect' when a custom Dialect implementation must be provided)
	at org.hibernate.engine.jdbc.dialect.internal.DialectFactoryImpl.determineDialect(DialectFactoryImpl.java:191) ~[hibernate-core-6.5.3.Final.jar:6.5.3.Final]
	at org.hibernate.engine.jdbc.dialect.internal.DialectFactoryImpl.buildDialect(DialectFactoryImpl.java:87) ~[hibernate-core-6.5.3.Final.jar:6.5.3.Final]
	at org.hibernate.engine.jdbc.env.internal.JdbcEnvironmentInitiator.getJdbcEnvironmentWithDefaults(JdbcEnvironmentInitiator.java:153) ~[hibernate-core-6.5.3.Final.jar:6.5.3.Final]
	at org.hibernate.engine.jdbc.env.internal.JdbcEnvironmentInitiator.getJdbcEnvironmentUsingJdbcMetadata(JdbcEnvironmentInitiator.java:364) ~[hibernate-core-6.5.3.Final.jar:6.5.3.Final]
	at org.hibernate.engine.jdbc.env.internal.JdbcEnvironmentInitiator.initiateService(JdbcEnvironmentInitiator.java:124) ~[hibernate-core-6.5.3.Final.jar:6.5.3.Final]
	at org.hibernate.engine.jdbc.env.internal.JdbcEnvironmentInitiator.initiateService(JdbcEnvironmentInitiator.java:78) ~[hibernate-core-6.5.3.Final.jar:6.5.3.Final]
	at org.hibernate.boot.registry.internal.StandardServiceRegistryImpl.initiateService(StandardServiceRegistryImpl.java:130) ~[hibernate-core-6.5.3.Final.jar:6.5.3.Final]
	at org.hibernate.service.internal.AbstractServiceRegistryImpl.createService(AbstractServiceRegistryImpl.java:263) ~[hibernate-core-6.5.3.Final.jar:6.5.3.Final]
	... 108 common frames omitted

2026-03-30T20:09:40.125+05:30  WARN 12784 --- [           main] o.s.test.context.TestContextManager      : Caught exception while allowing TestExecutionListener [org.springframework.test.context.web.ServletTestExecutionListener] to prepare test instance [com.mangala.showroom.controller.ProductControllerTest@34626d4]

java.lang.IllegalStateException: Failed to load ApplicationContext for [WebMergedContextConfiguration@5af4328e testClass = com.mangala.showroom.controller.ProductControllerTest, locations = [], classes = [com.mangala.showroom.ShowroomApplication], contextInitializerClasses = [], activeProfiles = [], propertySourceDescriptors = [], propertySourceProperties = ["org.springframework.boot.test.context.SpringBootTestContextBootstrapper=true"], contextCustomizers = [[ImportsContextCustomizer@5535e9 key = [org.springframework.boot.test.autoconfigure.web.servlet.MockMvcWebDriverAutoConfiguration, org.springframework.boot.test.autoconfigure.web.servlet.MockMvcAutoConfiguration, org.springframework.boot.autoconfigure.security.oauth2.client.servlet.OAuth2ClientAutoConfiguration, org.springframework.boot.autoconfigure.security.servlet.SecurityAutoConfiguration, org.springframework.boot.autoconfigure.security.servlet.SecurityFilterAutoConfiguration, org.springframework.boot.autoconfigure.security.servlet.UserDetailsServiceAutoConfiguration, org.springframework.boot.autoconfigure.security.oauth2.resource.servlet.OAuth2ResourceServerAutoConfiguration, org.springframework.boot.test.autoconfigure.web.servlet.MockMvcSecurityConfiguration, org.springframework.boot.test.autoconfigure.web.servlet.MockMvcWebClientAutoConfiguration, org.springframework.boot.test.autoconfigure.web.reactive.WebTestClientAutoConfiguration]], org.springframework.boot.test.context.filter.ExcludeFilterContextCustomizer@3336e6b6, org.springframework.boot.test.json.DuplicateJsonObjectContextCustomizerFactory$DuplicateJsonObjectContextCustomizer@6f3187b0, org.springframework.boot.test.mock.mockito.MockitoContextCustomizer@a0de6d01, org.springframework.boot.test.web.client.TestRestTemplateContextCustomizer@4dd6fd0a, org.springframework.boot.test.web.reactor.netty.DisableReactorResourceFactoryGlobalResourcesContextCustomizerFactory$DisableReactorResourceFactoryGlobalResourcesContextCustomizerCustomizer@479cbee5, org.springframework.boot.test.autoconfigure.OnFailureConditionReportContextCustomizerFactory$OnFailureConditionReportContextCustomizer@7f8a9499, org.springframework.boot.test.autoconfigure.actuate.observability.ObservabilityContextCustomizerFactory$DisableObservabilityContextCustomizer@1f, org.springframework.boot.test.autoconfigure.properties.PropertyMappingContextCustomizer@4b3fa0b3, org.springframework.boot.test.autoconfigure.web.servlet.WebDriverContextCustomizer@2d9caaeb, org.springframework.boot.test.context.SpringBootTestAnnotation@365993b4], resourceBasePath = "src/main/webapp", contextLoader = org.springframework.boot.test.context.SpringBootContextLoader, parent = null]
	at org.springframework.test.context.cache.DefaultCacheAwareContextLoaderDelegate.loadContext(DefaultCacheAwareContextLoaderDelegate.java:180) ~[spring-test-6.1.14.jar:6.1.14]
	at org.springframework.test.context.support.DefaultTestContext.getApplicationContext(DefaultTestContext.java:130) ~[spring-test-6.1.14.jar:6.1.14]
	at org.springframework.test.context.web.ServletTestExecutionListener.setUpRequestContextIfNecessary(ServletTestExecutionListener.java:191) ~[spring-test-6.1.14.jar:6.1.14]
	at org.springframework.test.context.web.ServletTestExecutionListener.prepareTestInstance(ServletTestExecutionListener.java:130) ~[spring-test-6.1.14.jar:6.1.14]
	at org.springframework.test.context.TestContextManager.prepareTestInstance(TestContextManager.java:260) ~[spring-test-6.1.14.jar:6.1.14]
	at org.springframework.test.context.junit.jupiter.SpringExtension.postProcessTestInstance(SpringExtension.java:163) ~[spring-test-6.1.14.jar:6.1.14]
	at org.junit.jupiter.engine.descriptor.ClassBasedTestDescriptor.lambda$invokeTestInstancePostProcessors$10(ClassBasedTestDescriptor.java:378) ~[junit-jupiter-engine-5.10.5.jar:5.10.5]
	at org.junit.jupiter.engine.descriptor.ClassBasedTestDescriptor.executeAndMaskThrowable(ClassBasedTestDescriptor.java:383) ~[junit-jupiter-engine-5.10.5.jar:5.10.5]
	at org.junit.jupiter.engine.descriptor.ClassBasedTestDescriptor.lambda$invokeTestInstancePostProcessors$11(ClassBasedTestDescriptor.java:378) ~[junit-jupiter-engine-5.10.5.jar:5.10.5]
	at java.base/java.util.stream.ReferencePipeline$3$1.accept(ReferencePipeline.java:197) ~[na:na]
	at java.base/java.util.stream.ReferencePipeline$2$1.accept(ReferencePipeline.java:179) ~[na:na]
	at java.base/java.util.ArrayList$ArrayListSpliterator.forEachRemaining(ArrayList.java:1625) ~[na:na]
	at java.base/java.util.stream.AbstractPipeline.copyInto(AbstractPipeline.java:509) ~[na:na]
	at java.base/java.util.stream.AbstractPipeline.wrapAndCopyInto(AbstractPipeline.java:499) ~[na:na]
	at java.base/java.util.stream.StreamSpliterators$WrappingSpliterator.forEachRemaining(StreamSpliterators.java:310) ~[na:na]
	at java.base/java.util.stream.Streams$ConcatSpliterator.forEachRemaining(Streams.java:735) ~[na:na]
	at java.base/java.util.stream.Streams$ConcatSpliterator.forEachRemaining(Streams.java:734) ~[na:na]
	at java.base/java.util.stream.ReferencePipeline$Head.forEach(ReferencePipeline.java:762) ~[na:na]
	at org.junit.jupiter.engine.descriptor.ClassBasedTestDescriptor.invokeTestInstancePostProcessors(ClassBasedTestDescriptor.java:377) ~[junit-jupiter-engine-5.10.5.jar:5.10.5]
	at org.junit.jupiter.engine.descriptor.ClassBasedTestDescriptor.lambda$instantiateAndPostProcessTestInstance$6(ClassBasedTestDescriptor.java:290) ~[junit-jupiter-engine-5.10.5.jar:5.10.5]
	at org.junit.platform.engine.support.hierarchical.ThrowableCollector.execute(ThrowableCollector.java:73) ~[junit-platform-engine-1.10.5.jar:1.10.5]
	at org.junit.jupiter.engine.descriptor.ClassBasedTestDescriptor.instantiateAndPostProcessTestInstance(ClassBasedTestDescriptor.java:289) ~[junit-jupiter-engine-5.10.5.jar:5.10.5]
	at org.junit.jupiter.engine.descriptor.ClassBasedTestDescriptor.lambda$testInstancesProvider$4(ClassBasedTestDescriptor.java:279) ~[junit-jupiter-engine-5.10.5.jar:5.10.5]
	at java.base/java.util.Optional.orElseGet(Optional.java:364) ~[na:na]
	at org.junit.jupiter.engine.descriptor.ClassBasedTestDescriptor.lambda$testInstancesProvider$5(ClassBasedTestDescriptor.java:278) ~[junit-jupiter-engine-5.10.5.jar:5.10.5]
	at org.junit.jupiter.engine.execution.TestInstancesProvider.getTestInstances(TestInstancesProvider.java:31) ~[junit-jupiter-engine-5.10.5.jar:5.10.5]
	at org.junit.jupiter.engine.descriptor.TestMethodTestDescriptor.lambda$prepare$0(TestMethodTestDescriptor.java:106) ~[junit-jupiter-engine-5.10.5.jar:5.10.5]
	at org.junit.platform.engine.support.hierarchical.ThrowableCollector.execute(ThrowableCollector.java:73) ~[junit-platform-engine-1.10.5.jar:1.10.5]
	at org.junit.jupiter.engine.descriptor.TestMethodTestDescriptor.prepare(TestMethodTestDescriptor.java:105) ~[junit-jupiter-engine-5.10.5.jar:5.10.5]
	at org.junit.jupiter.engine.descriptor.TestMethodTestDescriptor.prepare(TestMethodTestDescriptor.java:69) ~[junit-jupiter-engine-5.10.5.jar:5.10.5]
	at org.junit.platform.engine.support.hierarchical.NodeTestTask.lambda$prepare$2(NodeTestTask.java:128) ~[junit-platform-engine-1.10.5.jar:1.10.5]
	at org.junit.platform.engine.support.hierarchical.ThrowableCollector.execute(ThrowableCollector.java:73) ~[junit-platform-engine-1.10.5.jar:1.10.5]
	at org.junit.platform.engine.support.hierarchical.NodeTestTask.prepare(NodeTestTask.java:128) ~[junit-platform-engine-1.10.5.jar:1.10.5]
	at org.junit.platform.engine.support.hierarchical.NodeTestTask.execute(NodeTestTask.java:95) ~[junit-platform-engine-1.10.5.jar:1.10.5]
	at java.base/java.util.ArrayList.forEach(ArrayList.java:1511) ~[na:na]
	at org.junit.platform.engine.support.hierarchical.SameThreadHierarchicalTestExecutorService.invokeAll(SameThreadHierarchicalTestExecutorService.java:41) ~[junit-platform-engine-1.10.5.jar:1.10.5]
	at org.junit.platform.engine.support.hierarchical.NodeTestTask.lambda$executeRecursively$6(NodeTestTask.java:160) ~[junit-platform-engine-1.10.5.jar:1.10.5]
	at org.junit.platform.engine.support.hierarchical.ThrowableCollector.execute(ThrowableCollector.java:73) ~[junit-platform-engine-1.10.5.jar:1.10.5]
	at org.junit.platform.engine.support.hierarchical.NodeTestTask.lambda$executeRecursively$8(NodeTestTask.java:146) ~[junit-platform-engine-1.10.5.jar:1.10.5]
	at org.junit.platform.engine.support.hierarchical.Node.around(Node.java:137) ~[junit-platform-engine-1.10.5.jar:1.10.5]
	at org.junit.platform.engine.support.hierarchical.NodeTestTask.lambda$executeRecursively$9(NodeTestTask.java:144) ~[junit-platform-engine-1.10.5.jar:1.10.5]
	at org.junit.platform.engine.support.hierarchical.ThrowableCollector.execute(ThrowableCollector.java:73) ~[junit-platform-engine-1.10.5.jar:1.10.5]
	at org.junit.platform.engine.support.hierarchical.NodeTestTask.executeRecursively(NodeTestTask.java:143) ~[junit-platform-engine-1.10.5.jar:1.10.5]
	at org.junit.platform.engine.support.hierarchical.NodeTestTask.execute(NodeTestTask.java:100) ~[junit-platform-engine-1.10.5.jar:1.10.5]
	at java.base/java.util.ArrayList.forEach(ArrayList.java:1511) ~[na:na]
	at org.junit.platform.engine.support.hierarchical.SameThreadHierarchicalTestExecutorService.invokeAll(SameThreadHierarchicalTestExecutorService.java:41) ~[junit-platform-engine-1.10.5.jar:1.10.5]
	at org.junit.platform.engine.support.hierarchical.NodeTestTask.lambda$executeRecursively$6(NodeTestTask.java:160) ~[junit-platform-engine-1.10.5.jar:1.10.5]
	at org.junit.platform.engine.support.hierarchical.ThrowableCollector.execute(ThrowableCollector.java:73) ~[junit-platform-engine-1.10.5.jar:1.10.5]
	at org.junit.platform.engine.support.hierarchical.NodeTestTask.lambda$executeRecursively$8(NodeTestTask.java:146) ~[junit-platform-engine-1.10.5.jar:1.10.5]
	at org.junit.platform.engine.support.hierarchical.Node.around(Node.java:137) ~[junit-platform-engine-1.10.5.jar:1.10.5]
	at org.junit.platform.engine.support.hierarchical.NodeTestTask.lambda$executeRecursively$9(NodeTestTask.java:144) ~[junit-platform-engine-1.10.5.jar:1.10.5]
	at org.junit.platform.engine.support.hierarchical.ThrowableCollector.execute(ThrowableCollector.java:73) ~[junit-platform-engine-1.10.5.jar:1.10.5]
	at org.junit.platform.engine.support.hierarchical.NodeTestTask.executeRecursively(NodeTestTask.java:143) ~[junit-platform-engine-1.10.5.jar:1.10.5]
	at org.junit.platform.engine.support.hierarchical.NodeTestTask.execute(NodeTestTask.java:100) ~[junit-platform-engine-1.10.5.jar:1.10.5]
	at org.junit.platform.engine.support.hierarchical.SameThreadHierarchicalTestExecutorService.submit(SameThreadHierarchicalTestExecutorService.java:35) ~[junit-platform-engine-1.10.5.jar:1.10.5]
	at org.junit.platform.engine.support.hierarchical.HierarchicalTestExecutor.execute(HierarchicalTestExecutor.java:57) ~[junit-platform-engine-1.10.5.jar:1.10.5]
	at org.junit.platform.engine.support.hierarchical.HierarchicalTestEngine.execute(HierarchicalTestEngine.java:54) ~[junit-platform-engine-1.10.5.jar:1.10.5]
	at org.junit.platform.launcher.core.EngineExecutionOrchestrator.execute(EngineExecutionOrchestrator.java:198) ~[junit-platform-launcher-1.10.5.jar:1.10.5]
	at org.junit.platform.launcher.core.EngineExecutionOrchestrator.execute(EngineExecutionOrchestrator.java:169) ~[junit-platform-launcher-1.10.5.jar:1.10.5]
	at org.junit.platform.launcher.core.EngineExecutionOrchestrator.execute(EngineExecutionOrchestrator.java:93) ~[junit-platform-launcher-1.10.5.jar:1.10.5]
	at org.junit.platform.launcher.core.EngineExecutionOrchestrator.lambda$execute$0(EngineExecutionOrchestrator.java:58) ~[junit-platform-launcher-1.10.5.jar:1.10.5]
	at org.junit.platform.launcher.core.EngineExecutionOrchestrator.withInterceptedStreams(EngineExecutionOrchestrator.java:141) ~[junit-platform-launcher-1.10.5.jar:1.10.5]
	at org.junit.platform.launcher.core.EngineExecutionOrchestrator.execute(EngineExecutionOrchestrator.java:57) ~[junit-platform-launcher-1.10.5.jar:1.10.5]
	at org.junit.platform.launcher.core.DefaultLauncher.execute(DefaultLauncher.java:103) ~[junit-platform-launcher-1.10.5.jar:1.10.5]
	at org.junit.platform.launcher.core.DefaultLauncher.execute(DefaultLauncher.java:85) ~[junit-platform-launcher-1.10.5.jar:1.10.5]
	at org.junit.platform.launcher.core.DelegatingLauncher.execute(DelegatingLauncher.java:47) ~[junit-platform-launcher-1.10.5.jar:1.10.5]
	at org.apache.maven.surefire.junitplatform.LazyLauncher.execute(LazyLauncher.java:56) ~[surefire-junit-platform-3.2.5.jar:3.2.5]
	at org.apache.maven.surefire.junitplatform.JUnitPlatformProvider.execute(JUnitPlatformProvider.java:184) ~[surefire-junit-platform-3.2.5.jar:3.2.5]
	at org.apache.maven.surefire.junitplatform.JUnitPlatformProvider.invokeAllTests(JUnitPlatformProvider.java:148) ~[surefire-junit-platform-3.2.5.jar:3.2.5]
	at org.apache.maven.surefire.junitplatform.JUnitPlatformProvider.invoke(JUnitPlatformProvider.java:122) ~[surefire-junit-platform-3.2.5.jar:3.2.5]
	at org.apache.maven.surefire.booter.ForkedBooter.runSuitesInProcess(ForkedBooter.java:385) ~[surefire-booter-3.2.5.jar:3.2.5]
	at org.apache.maven.surefire.booter.ForkedBooter.execute(ForkedBooter.java:162) ~[surefire-booter-3.2.5.jar:3.2.5]
	at org.apache.maven.surefire.booter.ForkedBooter.run(ForkedBooter.java:507) ~[surefire-booter-3.2.5.jar:3.2.5]
	at org.apache.maven.surefire.booter.ForkedBooter.main(ForkedBooter.java:495) ~[surefire-booter-3.2.5.jar:3.2.5]
Caused by: org.springframework.beans.factory.BeanCreationException: Error creating bean with name 'entityManagerFactory' defined in class path resource [org/springframework/boot/autoconfigure/orm/jpa/HibernateJpaConfiguration.class]: Unable to create requested service [org.hibernate.engine.jdbc.env.spi.JdbcEnvironment] due to: Unable to determine Dialect without JDBC metadata (please set 'jakarta.persistence.jdbc.url' for common cases or 'hibernate.dialect' when a custom Dialect implementation must be provided)
	at org.springframework.beans.factory.support.AbstractAutowireCapableBeanFactory.initializeBean(AbstractAutowireCapableBeanFactory.java:1806) ~[spring-beans-6.1.14.jar:6.1.14]
	at org.springframework.beans.factory.support.AbstractAutowireCapableBeanFactory.doCreateBean(AbstractAutowireCapableBeanFactory.java:600) ~[spring-beans-6.1.14.jar:6.1.14]
	at org.springframework.beans.factory.support.AbstractAutowireCapableBeanFactory.createBean(AbstractAutowireCapableBeanFactory.java:522) ~[spring-beans-6.1.14.jar:6.1.14]
	at org.springframework.beans.factory.support.AbstractBeanFactory.lambda$doGetBean$0(AbstractBeanFactory.java:337) ~[spring-beans-6.1.14.jar:6.1.14]
	at org.springframework.beans.factory.support.DefaultSingletonBeanRegistry.getSingleton(DefaultSingletonBeanRegistry.java:234) ~[spring-beans-6.1.14.jar:6.1.14]
	at org.springframework.beans.factory.support.AbstractBeanFactory.doGetBean(AbstractBeanFactory.java:335) ~[spring-beans-6.1.14.jar:6.1.14]
	at org.springframework.beans.factory.support.AbstractBeanFactory.getBean(AbstractBeanFactory.java:205) ~[spring-beans-6.1.14.jar:6.1.14]
	at org.springframework.context.support.AbstractApplicationContext.finishBeanFactoryInitialization(AbstractApplicationContext.java:954) ~[spring-context-6.1.14.jar:6.1.14]
	at org.springframework.context.support.AbstractApplicationContext.refresh(AbstractApplicationContext.java:625) ~[spring-context-6.1.14.jar:6.1.14]
	at org.springframework.boot.SpringApplication.refresh(SpringApplication.java:754) ~[spring-boot-3.3.5.jar:3.3.5]
	at org.springframework.boot.SpringApplication.refreshContext(SpringApplication.java:456) ~[spring-boot-3.3.5.jar:3.3.5]
	at org.springframework.boot.SpringApplication.run(SpringApplication.java:335) ~[spring-boot-3.3.5.jar:3.3.5]
	at org.springframework.boot.test.context.SpringBootContextLoader.lambda$loadContext$3(SpringBootContextLoader.java:137) ~[spring-boot-test-3.3.5.jar:3.3.5]
	at org.springframework.util.function.ThrowingSupplier.get(ThrowingSupplier.java:58) ~[spring-core-6.1.14.jar:6.1.14]
	at org.springframework.util.function.ThrowingSupplier.get(ThrowingSupplier.java:46) ~[spring-core-6.1.14.jar:6.1.14]
	at org.springframework.boot.SpringApplication.withHook(SpringApplication.java:1463) ~[spring-boot-3.3.5.jar:3.3.5]
	at org.springframework.boot.test.context.SpringBootContextLoader$ContextLoaderHook.run(SpringBootContextLoader.java:553) ~[spring-boot-test-3.3.5.jar:3.3.5]
	at org.springframework.boot.test.context.SpringBootContextLoader.loadContext(SpringBootContextLoader.java:137) ~[spring-boot-test-3.3.5.jar:3.3.5]
	at org.springframework.boot.test.context.SpringBootContextLoader.loadContext(SpringBootContextLoader.java:108) ~[spring-boot-test-3.3.5.jar:3.3.5]
	at org.springframework.test.context.cache.DefaultCacheAwareContextLoaderDelegate.loadContextInternal(DefaultCacheAwareContextLoaderDelegate.java:225) ~[spring-test-6.1.14.jar:6.1.14]
	at org.springframework.test.context.cache.DefaultCacheAwareContextLoaderDelegate.loadContext(DefaultCacheAwareContextLoaderDelegate.java:152) ~[spring-test-6.1.14.jar:6.1.14]
	... 73 common frames omitted
Caused by: org.hibernate.service.spi.ServiceException: Unable to create requested service [org.hibernate.engine.jdbc.env.spi.JdbcEnvironment] due to: Unable to determine Dialect without JDBC metadata (please set 'jakarta.persistence.jdbc.url' for common cases or 'hibernate.dialect' when a custom Dialect implementation must be provided)
	at org.hibernate.service.internal.AbstractServiceRegistryImpl.createService(AbstractServiceRegistryImpl.java:276) ~[hibernate-core-6.5.3.Final.jar:6.5.3.Final]
	at org.hibernate.service.internal.AbstractServiceRegistryImpl.initializeService(AbstractServiceRegistryImpl.java:238) ~[hibernate-core-6.5.3.Final.jar:6.5.3.Final]
	at org.hibernate.service.internal.AbstractServiceRegistryImpl.getService(AbstractServiceRegistryImpl.java:215) ~[hibernate-core-6.5.3.Final.jar:6.5.3.Final]
	at org.hibernate.boot.model.relational.Database.<init>(Database.java:45) ~[hibernate-core-6.5.3.Final.jar:6.5.3.Final]
	at org.hibernate.boot.internal.InFlightMetadataCollectorImpl.getDatabase(InFlightMetadataCollectorImpl.java:221) ~[hibernate-core-6.5.3.Final.jar:6.5.3.Final]
	at org.hibernate.boot.internal.InFlightMetadataCollectorImpl.<init>(InFlightMetadataCollectorImpl.java:189) ~[hibernate-core-6.5.3.Final.jar:6.5.3.Final]
	at org.hibernate.boot.model.process.spi.MetadataBuildingProcess.complete(MetadataBuildingProcess.java:171) ~[hibernate-core-6.5.3.Final.jar:6.5.3.Final]
	at org.hibernate.jpa.boot.internal.EntityManagerFactoryBuilderImpl.metadata(EntityManagerFactoryBuilderImpl.java:1431) ~[hibernate-core-6.5.3.Final.jar:6.5.3.Final]
	at org.hibernate.jpa.boot.internal.EntityManagerFactoryBuilderImpl.build(EntityManagerFactoryBuilderImpl.java:1502) ~[hibernate-core-6.5.3.Final.jar:6.5.3.Final]
	at org.springframework.orm.jpa.vendor.SpringHibernateJpaPersistenceProvider.createContainerEntityManagerFactory(SpringHibernateJpaPersistenceProvider.java:75) ~[spring-orm-6.1.14.jar:6.1.14]
	at org.springframework.orm.jpa.LocalContainerEntityManagerFactoryBean.createNativeEntityManagerFactory(LocalContainerEntityManagerFactoryBean.java:390) ~[spring-orm-6.1.14.jar:6.1.14]
	at org.springframework.orm.jpa.AbstractEntityManagerFactoryBean.buildNativeEntityManagerFactory(AbstractEntityManagerFactoryBean.java:409) ~[spring-orm-6.1.14.jar:6.1.14]
	at org.springframework.orm.jpa.AbstractEntityManagerFactoryBean.afterPropertiesSet(AbstractEntityManagerFactoryBean.java:396) ~[spring-orm-6.1.14.jar:6.1.14]
	at org.springframework.orm.jpa.LocalContainerEntityManagerFactoryBean.afterPropertiesSet(LocalContainerEntityManagerFactoryBean.java:366) ~[spring-orm-6.1.14.jar:6.1.14]
	at org.springframework.beans.factory.support.AbstractAutowireCapableBeanFactory.invokeInitMethods(AbstractAutowireCapableBeanFactory.java:1853) ~[spring-beans-6.1.14.jar:6.1.14]
	at org.springframework.beans.factory.support.AbstractAutowireCapableBeanFactory.initializeBean(AbstractAutowireCapableBeanFactory.java:1802) ~[spring-beans-6.1.14.jar:6.1.14]
	... 93 common frames omitted
Caused by: org.hibernate.HibernateException: Unable to determine Dialect without JDBC metadata (please set 'jakarta.persistence.jdbc.url' for common cases or 'hibernate.dialect' when a custom Dialect implementation must be provided)
	at org.hibernate.engine.jdbc.dialect.internal.DialectFactoryImpl.determineDialect(DialectFactoryImpl.java:191) ~[hibernate-core-6.5.3.Final.jar:6.5.3.Final]
	at org.hibernate.engine.jdbc.dialect.internal.DialectFactoryImpl.buildDialect(DialectFactoryImpl.java:87) ~[hibernate-core-6.5.3.Final.jar:6.5.3.Final]
	at org.hibernate.engine.jdbc.env.internal.JdbcEnvironmentInitiator.getJdbcEnvironmentWithDefaults(JdbcEnvironmentInitiator.java:153) ~[hibernate-core-6.5.3.Final.jar:6.5.3.Final]
	at org.hibernate.engine.jdbc.env.internal.JdbcEnvironmentInitiator.getJdbcEnvironmentUsingJdbcMetadata(JdbcEnvironmentInitiator.java:364) ~[hibernate-core-6.5.3.Final.jar:6.5.3.Final]
	at org.hibernate.engine.jdbc.env.internal.JdbcEnvironmentInitiator.initiateService(JdbcEnvironmentInitiator.java:124) ~[hibernate-core-6.5.3.Final.jar:6.5.3.Final]
	at org.hibernate.engine.jdbc.env.internal.JdbcEnvironmentInitiator.initiateService(JdbcEnvironmentInitiator.java:78) ~[hibernate-core-6.5.3.Final.jar:6.5.3.Final]
	at org.hibernate.boot.registry.internal.StandardServiceRegistryImpl.initiateService(StandardServiceRegistryImpl.java:130) ~[hibernate-core-6.5.3.Final.jar:6.5.3.Final]
	at org.hibernate.service.internal.AbstractServiceRegistryImpl.createService(AbstractServiceRegistryImpl.java:263) ~[hibernate-core-6.5.3.Final.jar:6.5.3.Final]
	... 108 common frames omitted

2026-03-30T20:09:40.146+05:30  WARN 12784 --- [           main] o.s.test.context.TestContextManager      : Caught exception while allowing TestExecutionListener [org.springframework.test.context.web.ServletTestExecutionListener] to prepare test instance [com.mangala.showroom.controller.ProductControllerTest@6afaf27]

java.lang.IllegalStateException: ApplicationContext failure threshold (1) exceeded: skipping repeated attempt to load context for [WebMergedContextConfiguration@5af4328e testClass = com.mangala.showroom.controller.ProductControllerTest, locations = [], classes = [com.mangala.showroom.ShowroomApplication], contextInitializerClasses = [], activeProfiles = [], propertySourceDescriptors = [], propertySourceProperties = ["org.springframework.boot.test.context.SpringBootTestContextBootstrapper=true"], contextCustomizers = [[ImportsContextCustomizer@5535e9 key = [org.springframework.boot.test.autoconfigure.web.servlet.MockMvcWebDriverAutoConfiguration, org.springframework.boot.test.autoconfigure.web.servlet.MockMvcAutoConfiguration, org.springframework.boot.autoconfigure.security.oauth2.client.servlet.OAuth2ClientAutoConfiguration, org.springframework.boot.autoconfigure.security.servlet.SecurityAutoConfiguration, org.springframework.boot.autoconfigure.security.servlet.SecurityFilterAutoConfiguration, org.springframework.boot.autoconfigure.security.servlet.UserDetailsServiceAutoConfiguration, org.springframework.boot.autoconfigure.security.oauth2.resource.servlet.OAuth2ResourceServerAutoConfiguration, org.springframework.boot.test.autoconfigure.web.servlet.MockMvcSecurityConfiguration, org.springframework.boot.test.autoconfigure.web.servlet.MockMvcWebClientAutoConfiguration, org.springframework.boot.test.autoconfigure.web.reactive.WebTestClientAutoConfiguration]], org.springframework.boot.test.context.filter.ExcludeFilterContextCustomizer@3336e6b6, org.springframework.boot.test.json.DuplicateJsonObjectContextCustomizerFactory$DuplicateJsonObjectContextCustomizer@6f3187b0, org.springframework.boot.test.mock.mockito.MockitoContextCustomizer@a0de6d01, org.springframework.boot.test.web.client.TestRestTemplateContextCustomizer@4dd6fd0a, org.springframework.boot.test.web.reactor.netty.DisableReactorResourceFactoryGlobalResourcesContextCustomizerFactory$DisableReactorResourceFactoryGlobalResourcesContextCustomizerCustomizer@479cbee5, org.springframework.boot.test.autoconfigure.OnFailureConditionReportContextCustomizerFactory$OnFailureConditionReportContextCustomizer@7f8a9499, org.springframework.boot.test.autoconfigure.actuate.observability.ObservabilityContextCustomizerFactory$DisableObservabilityContextCustomizer@1f, org.springframework.boot.test.autoconfigure.properties.PropertyMappingContextCustomizer@4b3fa0b3, org.springframework.boot.test.autoconfigure.web.servlet.WebDriverContextCustomizer@2d9caaeb, org.springframework.boot.test.context.SpringBootTestAnnotation@365993b4], resourceBasePath = "src/main/webapp", contextLoader = org.springframework.boot.test.context.SpringBootContextLoader, parent = null]
	at org.springframework.test.context.cache.DefaultCacheAwareContextLoaderDelegate.loadContext(DefaultCacheAwareContextLoaderDelegate.java:145) ~[spring-test-6.1.14.jar:6.1.14]
	at org.springframework.test.context.support.DefaultTestContext.getApplicationContext(DefaultTestContext.java:130) ~[spring-test-6.1.14.jar:6.1.14]
	at org.springframework.test.context.web.ServletTestExecutionListener.setUpRequestContextIfNecessary(ServletTestExecutionListener.java:191) ~[spring-test-6.1.14.jar:6.1.14]
	at org.springframework.test.context.web.ServletTestExecutionListener.prepareTestInstance(ServletTestExecutionListener.java:130) ~[spring-test-6.1.14.jar:6.1.14]
	at org.springframework.test.context.TestContextManager.prepareTestInstance(TestContextManager.java:260) ~[spring-test-6.1.14.jar:6.1.14]
	at org.springframework.test.context.junit.jupiter.SpringExtension.postProcessTestInstance(SpringExtension.java:163) ~[spring-test-6.1.14.jar:6.1.14]
	at org.junit.jupiter.engine.descriptor.ClassBasedTestDescriptor.lambda$invokeTestInstancePostProcessors$10(ClassBasedTestDescriptor.java:378) ~[junit-jupiter-engine-5.10.5.jar:5.10.5]
	at org.junit.jupiter.engine.descriptor.ClassBasedTestDescriptor.executeAndMaskThrowable(ClassBasedTestDescriptor.java:383) ~[junit-jupiter-engine-5.10.5.jar:5.10.5]
	at org.junit.jupiter.engine.descriptor.ClassBasedTestDescriptor.lambda$invokeTestInstancePostProcessors$11(ClassBasedTestDescriptor.java:378) ~[junit-jupiter-engine-5.10.5.jar:5.10.5]
	at java.base/java.util.stream.ReferencePipeline$3$1.accept(ReferencePipeline.java:197) ~[na:na]
	at java.base/java.util.stream.ReferencePipeline$2$1.accept(ReferencePipeline.java:179) ~[na:na]
	at java.base/java.util.ArrayList$ArrayListSpliterator.forEachRemaining(ArrayList.java:1625) ~[na:na]
	at java.base/java.util.stream.AbstractPipeline.copyInto(AbstractPipeline.java:509) ~[na:na]
	at java.base/java.util.stream.AbstractPipeline.wrapAndCopyInto(AbstractPipeline.java:499) ~[na:na]
	at java.base/java.util.stream.StreamSpliterators$WrappingSpliterator.forEachRemaining(StreamSpliterators.java:310) ~[na:na]
	at java.base/java.util.stream.Streams$ConcatSpliterator.forEachRemaining(Streams.java:735) ~[na:na]
	at java.base/java.util.stream.Streams$ConcatSpliterator.forEachRemaining(Streams.java:734) ~[na:na]
	at java.base/java.util.stream.ReferencePipeline$Head.forEach(ReferencePipeline.java:762) ~[na:na]
	at org.junit.jupiter.engine.descriptor.ClassBasedTestDescriptor.invokeTestInstancePostProcessors(ClassBasedTestDescriptor.java:377) ~[junit-jupiter-engine-5.10.5.jar:5.10.5]
	at org.junit.jupiter.engine.descriptor.ClassBasedTestDescriptor.lambda$instantiateAndPostProcessTestInstance$6(ClassBasedTestDescriptor.java:290) ~[junit-jupiter-engine-5.10.5.jar:5.10.5]
	at org.junit.platform.engine.support.hierarchical.ThrowableCollector.execute(ThrowableCollector.java:73) ~[junit-platform-engine-1.10.5.jar:1.10.5]
	at org.junit.jupiter.engine.descriptor.ClassBasedTestDescriptor.instantiateAndPostProcessTestInstance(ClassBasedTestDescriptor.java:289) ~[junit-jupiter-engine-5.10.5.jar:5.10.5]
	at org.junit.jupiter.engine.descriptor.ClassBasedTestDescriptor.lambda$testInstancesProvider$4(ClassBasedTestDescriptor.java:279) ~[junit-jupiter-engine-5.10.5.jar:5.10.5]
	at java.base/java.util.Optional.orElseGet(Optional.java:364) ~[na:na]
	at org.junit.jupiter.engine.descriptor.ClassBasedTestDescriptor.lambda$testInstancesProvider$5(ClassBasedTestDescriptor.java:278) ~[junit-jupiter-engine-5.10.5.jar:5.10.5]
	at org.junit.jupiter.engine.execution.TestInstancesProvider.getTestInstances(TestInstancesProvider.java:31) ~[junit-jupiter-engine-5.10.5.jar:5.10.5]
	at org.junit.jupiter.engine.descriptor.TestMethodTestDescriptor.lambda$prepare$0(TestMethodTestDescriptor.java:106) ~[junit-jupiter-engine-5.10.5.jar:5.10.5]
	at org.junit.platform.engine.support.hierarchical.ThrowableCollector.execute(ThrowableCollector.java:73) ~[junit-platform-engine-1.10.5.jar:1.10.5]
	at org.junit.jupiter.engine.descriptor.TestMethodTestDescriptor.prepare(TestMethodTestDescriptor.java:105) ~[junit-jupiter-engine-5.10.5.jar:5.10.5]
	at org.junit.jupiter.engine.descriptor.TestMethodTestDescriptor.prepare(TestMethodTestDescriptor.java:69) ~[junit-jupiter-engine-5.10.5.jar:5.10.5]
	at org.junit.platform.engine.support.hierarchical.NodeTestTask.lambda$prepare$2(NodeTestTask.java:128) ~[junit-platform-engine-1.10.5.jar:1.10.5]
	at org.junit.platform.engine.support.hierarchical.ThrowableCollector.execute(ThrowableCollector.java:73) ~[junit-platform-engine-1.10.5.jar:1.10.5]
	at org.junit.platform.engine.support.hierarchical.NodeTestTask.prepare(NodeTestTask.java:128) ~[junit-platform-engine-1.10.5.jar:1.10.5]
	at org.junit.platform.engine.support.hierarchical.NodeTestTask.execute(NodeTestTask.java:95) ~[junit-platform-engine-1.10.5.jar:1.10.5]
	at java.base/java.util.ArrayList.forEach(ArrayList.java:1511) ~[na:na]
	at org.junit.platform.engine.support.hierarchical.SameThreadHierarchicalTestExecutorService.invokeAll(SameThreadHierarchicalTestExecutorService.java:41) ~[junit-platform-engine-1.10.5.jar:1.10.5]
	at org.junit.platform.engine.support.hierarchical.NodeTestTask.lambda$executeRecursively$6(NodeTestTask.java:160) ~[junit-platform-engine-1.10.5.jar:1.10.5]
	at org.junit.platform.engine.support.hierarchical.ThrowableCollector.execute(ThrowableCollector.java:73) ~[junit-platform-engine-1.10.5.jar:1.10.5]
	at org.junit.platform.engine.support.hierarchical.NodeTestTask.lambda$executeRecursively$8(NodeTestTask.java:146) ~[junit-platform-engine-1.10.5.jar:1.10.5]
	at org.junit.platform.engine.support.hierarchical.Node.around(Node.java:137) ~[junit-platform-engine-1.10.5.jar:1.10.5]
	at org.junit.platform.engine.support.hierarchical.NodeTestTask.lambda$executeRecursively$9(NodeTestTask.java:144) ~[junit-platform-engine-1.10.5.jar:1.10.5]
	at org.junit.platform.engine.support.hierarchical.ThrowableCollector.execute(ThrowableCollector.java:73) ~[junit-platform-engine-1.10.5.jar:1.10.5]
	at org.junit.platform.engine.support.hierarchical.NodeTestTask.executeRecursively(NodeTestTask.java:143) ~[junit-platform-engine-1.10.5.jar:1.10.5]
	at org.junit.platform.engine.support.hierarchical.NodeTestTask.execute(NodeTestTask.java:100) ~[junit-platform-engine-1.10.5.jar:1.10.5]
	at java.base/java.util.ArrayList.forEach(ArrayList.java:1511) ~[na:na]
	at org.junit.platform.engine.support.hierarchical.SameThreadHierarchicalTestExecutorService.invokeAll(SameThreadHierarchicalTestExecutorService.java:41) ~[junit-platform-engine-1.10.5.jar:1.10.5]
	at org.junit.platform.engine.support.hierarchical.NodeTestTask.lambda$executeRecursively$6(NodeTestTask.java:160) ~[junit-platform-engine-1.10.5.jar:1.10.5]
	at org.junit.platform.engine.support.hierarchical.ThrowableCollector.execute(ThrowableCollector.java:73) ~[junit-platform-engine-1.10.5.jar:1.10.5]
	at org.junit.platform.engine.support.hierarchical.NodeTestTask.lambda$executeRecursively$8(NodeTestTask.java:146) ~[junit-platform-engine-1.10.5.jar:1.10.5]
	at org.junit.platform.engine.support.hierarchical.Node.around(Node.java:137) ~[junit-platform-engine-1.10.5.jar:1.10.5]
	at org.junit.platform.engine.support.hierarchical.NodeTestTask.lambda$executeRecursively$9(NodeTestTask.java:144) ~[junit-platform-engine-1.10.5.jar:1.10.5]
	at org.junit.platform.engine.support.hierarchical.ThrowableCollector.execute(ThrowableCollector.java:73) ~[junit-platform-engine-1.10.5.jar:1.10.5]
	at org.junit.platform.engine.support.hierarchical.NodeTestTask.executeRecursively(NodeTestTask.java:143) ~[junit-platform-engine-1.10.5.jar:1.10.5]
	at org.junit.platform.engine.support.hierarchical.NodeTestTask.execute(NodeTestTask.java:100) ~[junit-platform-engine-1.10.5.jar:1.10.5]
	at org.junit.platform.engine.support.hierarchical.SameThreadHierarchicalTestExecutorService.submit(SameThreadHierarchicalTestExecutorService.java:35) ~[junit-platform-engine-1.10.5.jar:1.10.5]
	at org.junit.platform.engine.support.hierarchical.HierarchicalTestExecutor.execute(HierarchicalTestExecutor.java:57) ~[junit-platform-engine-1.10.5.jar:1.10.5]
	at org.junit.platform.engine.support.hierarchical.HierarchicalTestEngine.execute(HierarchicalTestEngine.java:54) ~[junit-platform-engine-1.10.5.jar:1.10.5]
	at org.junit.platform.launcher.core.EngineExecutionOrchestrator.execute(EngineExecutionOrchestrator.java:198) ~[junit-platform-launcher-1.10.5.jar:1.10.5]
	at org.junit.platform.launcher.core.EngineExecutionOrchestrator.execute(EngineExecutionOrchestrator.java:169) ~[junit-platform-launcher-1.10.5.jar:1.10.5]
	at org.junit.platform.launcher.core.EngineExecutionOrchestrator.execute(EngineExecutionOrchestrator.java:93) ~[junit-platform-launcher-1.10.5.jar:1.10.5]
	at org.junit.platform.launcher.core.EngineExecutionOrchestrator.lambda$execute$0(EngineExecutionOrchestrator.java:58) ~[junit-platform-launcher-1.10.5.jar:1.10.5]
	at org.junit.platform.launcher.core.EngineExecutionOrchestrator.withInterceptedStreams(EngineExecutionOrchestrator.java:141) ~[junit-platform-launcher-1.10.5.jar:1.10.5]
	at org.junit.platform.launcher.core.EngineExecutionOrchestrator.execute(EngineExecutionOrchestrator.java:57) ~[junit-platform-launcher-1.10.5.jar:1.10.5]
	at org.junit.platform.launcher.core.DefaultLauncher.execute(DefaultLauncher.java:103) ~[junit-platform-launcher-1.10.5.jar:1.10.5]
	at org.junit.platform.launcher.core.DefaultLauncher.execute(DefaultLauncher.java:85) ~[junit-platform-launcher-1.10.5.jar:1.10.5]
	at org.junit.platform.launcher.core.DelegatingLauncher.execute(DelegatingLauncher.java:47) ~[junit-platform-launcher-1.10.5.jar:1.10.5]
	at org.apache.maven.surefire.junitplatform.LazyLauncher.execute(LazyLauncher.java:56) ~[surefire-junit-platform-3.2.5.jar:3.2.5]
	at org.apache.maven.surefire.junitplatform.JUnitPlatformProvider.execute(JUnitPlatformProvider.java:184) ~[surefire-junit-platform-3.2.5.jar:3.2.5]
	at org.apache.maven.surefire.junitplatform.JUnitPlatformProvider.invokeAllTests(JUnitPlatformProvider.java:148) ~[surefire-junit-platform-3.2.5.jar:3.2.5]
	at org.apache.maven.surefire.junitplatform.JUnitPlatformProvider.invoke(JUnitPlatformProvider.java:122) ~[surefire-junit-platform-3.2.5.jar:3.2.5]
	at org.apache.maven.surefire.booter.ForkedBooter.runSuitesInProcess(ForkedBooter.java:385) ~[surefire-booter-3.2.5.jar:3.2.5]
	at org.apache.maven.surefire.booter.ForkedBooter.execute(ForkedBooter.java:162) ~[surefire-booter-3.2.5.jar:3.2.5]
	at org.apache.maven.surefire.booter.ForkedBooter.run(ForkedBooter.java:507) ~[surefire-booter-3.2.5.jar:3.2.5]
	at org.apache.maven.surefire.booter.ForkedBooter.main(ForkedBooter.java:495) ~[surefire-booter-3.2.5.jar:3.2.5]

2026-03-30T20:09:40.162+05:30  WARN 12784 --- [           main] o.s.test.context.TestContextManager      : Caught exception while allowing TestExecutionListener [org.springframework.test.context.web.ServletTestExecutionListener] to prepare test instance [com.mangala.showroom.controller.ProductControllerTest@362c48c]

java.lang.IllegalStateException: ApplicationContext failure threshold (1) exceeded: skipping repeated attempt to load context for [WebMergedContextConfiguration@5af4328e testClass = com.mangala.showroom.controller.ProductControllerTest, locations = [], classes = [com.mangala.showroom.ShowroomApplication], contextInitializerClasses = [], activeProfiles = [], propertySourceDescriptors = [], propertySourceProperties = ["org.springframework.boot.test.context.SpringBootTestContextBootstrapper=true"], contextCustomizers = [[ImportsContextCustomizer@5535e9 key = [org.springframework.boot.test.autoconfigure.web.servlet.MockMvcWebDriverAutoConfiguration, org.springframework.boot.test.autoconfigure.web.servlet.MockMvcAutoConfiguration, org.springframework.boot.autoconfigure.security.oauth2.client.servlet.OAuth2ClientAutoConfiguration, org.springframework.boot.autoconfigure.security.servlet.SecurityAutoConfiguration, org.springframework.boot.autoconfigure.security.servlet.SecurityFilterAutoConfiguration, org.springframework.boot.autoconfigure.security.servlet.UserDetailsServiceAutoConfiguration, org.springframework.boot.autoconfigure.security.oauth2.resource.servlet.OAuth2ResourceServerAutoConfiguration, org.springframework.boot.test.autoconfigure.web.servlet.MockMvcSecurityConfiguration, org.springframework.boot.test.autoconfigure.web.servlet.MockMvcWebClientAutoConfiguration, org.springframework.boot.test.autoconfigure.web.reactive.WebTestClientAutoConfiguration]], org.springframework.boot.test.context.filter.ExcludeFilterContextCustomizer@3336e6b6, org.springframework.boot.test.json.DuplicateJsonObjectContextCustomizerFactory$DuplicateJsonObjectContextCustomizer@6f3187b0, org.springframework.boot.test.mock.mockito.MockitoContextCustomizer@a0de6d01, org.springframework.boot.test.web.client.TestRestTemplateContextCustomizer@4dd6fd0a, org.springframework.boot.test.web.reactor.netty.DisableReactorResourceFactoryGlobalResourcesContextCustomizerFactory$DisableReactorResourceFactoryGlobalResourcesContextCustomizerCustomizer@479cbee5, org.springframework.boot.test.autoconfigure.OnFailureConditionReportContextCustomizerFactory$OnFailureConditionReportContextCustomizer@7f8a9499, org.springframework.boot.test.autoconfigure.actuate.observability.ObservabilityContextCustomizerFactory$DisableObservabilityContextCustomizer@1f, org.springframework.boot.test.autoconfigure.properties.PropertyMappingContextCustomizer@4b3fa0b3, org.springframework.boot.test.autoconfigure.web.servlet.WebDriverContextCustomizer@2d9caaeb, org.springframework.boot.test.context.SpringBootTestAnnotation@365993b4], resourceBasePath = "src/main/webapp", contextLoader = org.springframework.boot.test.context.SpringBootContextLoader, parent = null]
	at org.springframework.test.context.cache.DefaultCacheAwareContextLoaderDelegate.loadContext(DefaultCacheAwareContextLoaderDelegate.java:145) ~[spring-test-6.1.14.jar:6.1.14]
	at org.springframework.test.context.support.DefaultTestContext.getApplicationContext(DefaultTestContext.java:130) ~[spring-test-6.1.14.jar:6.1.14]
	at org.springframework.test.context.web.ServletTestExecutionListener.setUpRequestContextIfNecessary(ServletTestExecutionListener.java:191) ~[spring-test-6.1.14.jar:6.1.14]
	at org.springframework.test.context.web.ServletTestExecutionListener.prepareTestInstance(ServletTestExecutionListener.java:130) ~[spring-test-6.1.14.jar:6.1.14]
	at org.springframework.test.context.TestContextManager.prepareTestInstance(TestContextManager.java:260) ~[spring-test-6.1.14.jar:6.1.14]
	at org.springframework.test.context.junit.jupiter.SpringExtension.postProcessTestInstance(SpringExtension.java:163) ~[spring-test-6.1.14.jar:6.1.14]
	at org.junit.jupiter.engine.descriptor.ClassBasedTestDescriptor.lambda$invokeTestInstancePostProcessors$10(ClassBasedTestDescriptor.java:378) ~[junit-jupiter-engine-5.10.5.jar:5.10.5]
	at org.junit.jupiter.engine.descriptor.ClassBasedTestDescriptor.executeAndMaskThrowable(ClassBasedTestDescriptor.java:383) ~[junit-jupiter-engine-5.10.5.jar:5.10.5]
	at org.junit.jupiter.engine.descriptor.ClassBasedTestDescriptor.lambda$invokeTestInstancePostProcessors$11(ClassBasedTestDescriptor.java:378) ~[junit-jupiter-engine-5.10.5.jar:5.10.5]
	at java.base/java.util.stream.ReferencePipeline$3$1.accept(ReferencePipeline.java:197) ~[na:na]
	at java.base/java.util.stream.ReferencePipeline$2$1.accept(ReferencePipeline.java:179) ~[na:na]
	at java.base/java.util.ArrayList$ArrayListSpliterator.forEachRemaining(ArrayList.java:1625) ~[na:na]
	at java.base/java.util.stream.AbstractPipeline.copyInto(AbstractPipeline.java:509) ~[na:na]
	at java.base/java.util.stream.AbstractPipeline.wrapAndCopyInto(AbstractPipeline.java:499) ~[na:na]
	at java.base/java.util.stream.StreamSpliterators$WrappingSpliterator.forEachRemaining(StreamSpliterators.java:310) ~[na:na]
	at java.base/java.util.stream.Streams$ConcatSpliterator.forEachRemaining(Streams.java:735) ~[na:na]
	at java.base/java.util.stream.Streams$ConcatSpliterator.forEachRemaining(Streams.java:734) ~[na:na]
	at java.base/java.util.stream.ReferencePipeline$Head.forEach(ReferencePipeline.java:762) ~[na:na]
	at org.junit.jupiter.engine.descriptor.ClassBasedTestDescriptor.invokeTestInstancePostProcessors(ClassBasedTestDescriptor.java:377) ~[junit-jupiter-engine-5.10.5.jar:5.10.5]
	at org.junit.jupiter.engine.descriptor.ClassBasedTestDescriptor.lambda$instantiateAndPostProcessTestInstance$6(ClassBasedTestDescriptor.java:290) ~[junit-jupiter-engine-5.10.5.jar:5.10.5]
	at org.junit.platform.engine.support.hierarchical.ThrowableCollector.execute(ThrowableCollector.java:73) ~[junit-platform-engine-1.10.5.jar:1.10.5]
	at org.junit.jupiter.engine.descriptor.ClassBasedTestDescriptor.instantiateAndPostProcessTestInstance(ClassBasedTestDescriptor.java:289) ~[junit-jupiter-engine-5.10.5.jar:5.10.5]
	at org.junit.jupiter.engine.descriptor.ClassBasedTestDescriptor.lambda$testInstancesProvider$4(ClassBasedTestDescriptor.java:279) ~[junit-jupiter-engine-5.10.5.jar:5.10.5]
	at java.base/java.util.Optional.orElseGet(Optional.java:364) ~[na:na]
	at org.junit.jupiter.engine.descriptor.ClassBasedTestDescriptor.lambda$testInstancesProvider$5(ClassBasedTestDescriptor.java:278) ~[junit-jupiter-engine-5.10.5.jar:5.10.5]
	at org.junit.jupiter.engine.execution.TestInstancesProvider.getTestInstances(TestInstancesProvider.java:31) ~[junit-jupiter-engine-5.10.5.jar:5.10.5]
	at org.junit.jupiter.engine.descriptor.TestMethodTestDescriptor.lambda$prepare$0(TestMethodTestDescriptor.java:106) ~[junit-jupiter-engine-5.10.5.jar:5.10.5]
	at org.junit.platform.engine.support.hierarchical.ThrowableCollector.execute(ThrowableCollector.java:73) ~[junit-platform-engine-1.10.5.jar:1.10.5]
	at org.junit.jupiter.engine.descriptor.TestMethodTestDescriptor.prepare(TestMethodTestDescriptor.java:105) ~[junit-jupiter-engine-5.10.5.jar:5.10.5]
	at org.junit.jupiter.engine.descriptor.TestMethodTestDescriptor.prepare(TestMethodTestDescriptor.java:69) ~[junit-jupiter-engine-5.10.5.jar:5.10.5]
	at org.junit.platform.engine.support.hierarchical.NodeTestTask.lambda$prepare$2(NodeTestTask.java:128) ~[junit-platform-engine-1.10.5.jar:1.10.5]
	at org.junit.platform.engine.support.hierarchical.ThrowableCollector.execute(ThrowableCollector.java:73) ~[junit-platform-engine-1.10.5.jar:1.10.5]
	at org.junit.platform.engine.support.hierarchical.NodeTestTask.prepare(NodeTestTask.java:128) ~[junit-platform-engine-1.10.5.jar:1.10.5]
	at org.junit.platform.engine.support.hierarchical.NodeTestTask.execute(NodeTestTask.java:95) ~[junit-platform-engine-1.10.5.jar:1.10.5]
	at java.base/java.util.ArrayList.forEach(ArrayList.java:1511) ~[na:na]
	at org.junit.platform.engine.support.hierarchical.SameThreadHierarchicalTestExecutorService.invokeAll(SameThreadHierarchicalTestExecutorService.java:41) ~[junit-platform-engine-1.10.5.jar:1.10.5]
	at org.junit.platform.engine.support.hierarchical.NodeTestTask.lambda$executeRecursively$6(NodeTestTask.java:160) ~[junit-platform-engine-1.10.5.jar:1.10.5]
	at org.junit.platform.engine.support.hierarchical.ThrowableCollector.execute(ThrowableCollector.java:73) ~[junit-platform-engine-1.10.5.jar:1.10.5]
	at org.junit.platform.engine.support.hierarchical.NodeTestTask.lambda$executeRecursively$8(NodeTestTask.java:146) ~[junit-platform-engine-1.10.5.jar:1.10.5]
	at org.junit.platform.engine.support.hierarchical.Node.around(Node.java:137) ~[junit-platform-engine-1.10.5.jar:1.10.5]
	at org.junit.platform.engine.support.hierarchical.NodeTestTask.lambda$executeRecursively$9(NodeTestTask.java:144) ~[junit-platform-engine-1.10.5.jar:1.10.5]
	at org.junit.platform.engine.support.hierarchical.ThrowableCollector.execute(ThrowableCollector.java:73) ~[junit-platform-engine-1.10.5.jar:1.10.5]
	at org.junit.platform.engine.support.hierarchical.NodeTestTask.executeRecursively(NodeTestTask.java:143) ~[junit-platform-engine-1.10.5.jar:1.10.5]
	at org.junit.platform.engine.support.hierarchical.NodeTestTask.execute(NodeTestTask.java:100) ~[junit-platform-engine-1.10.5.jar:1.10.5]
	at java.base/java.util.ArrayList.forEach(ArrayList.java:1511) ~[na:na]
	at org.junit.platform.engine.support.hierarchical.SameThreadHierarchicalTestExecutorService.invokeAll(SameThreadHierarchicalTestExecutorService.java:41) ~[junit-platform-engine-1.10.5.jar:1.10.5]
	at org.junit.platform.engine.support.hierarchical.NodeTestTask.lambda$executeRecursively$6(NodeTestTask.java:160) ~[junit-platform-engine-1.10.5.jar:1.10.5]
	at org.junit.platform.engine.support.hierarchical.ThrowableCollector.execute(ThrowableCollector.java:73) ~[junit-platform-engine-1.10.5.jar:1.10.5]
	at org.junit.platform.engine.support.hierarchical.NodeTestTask.lambda$executeRecursively$8(NodeTestTask.java:146) ~[junit-platform-engine-1.10.5.jar:1.10.5]
	at org.junit.platform.engine.support.hierarchical.Node.around(Node.java:137) ~[junit-platform-engine-1.10.5.jar:1.10.5]
	at org.junit.platform.engine.support.hierarchical.NodeTestTask.lambda$executeRecursively$9(NodeTestTask.java:144) ~[junit-platform-engine-1.10.5.jar:1.10.5]
	at org.junit.platform.engine.support.hierarchical.ThrowableCollector.execute(ThrowableCollector.java:73) ~[junit-platform-engine-1.10.5.jar:1.10.5]
	at org.junit.platform.engine.support.hierarchical.NodeTestTask.executeRecursively(NodeTestTask.java:143) ~[junit-platform-engine-1.10.5.jar:1.10.5]
	at org.junit.platform.engine.support.hierarchical.NodeTestTask.execute(NodeTestTask.java:100) ~[junit-platform-engine-1.10.5.jar:1.10.5]
	at org.junit.platform.engine.support.hierarchical.SameThreadHierarchicalTestExecutorService.submit(SameThreadHierarchicalTestExecutorService.java:35) ~[junit-platform-engine-1.10.5.jar:1.10.5]
	at org.junit.platform.engine.support.hierarchical.HierarchicalTestExecutor.execute(HierarchicalTestExecutor.java:57) ~[junit-platform-engine-1.10.5.jar:1.10.5]
	at org.junit.platform.engine.support.hierarchical.HierarchicalTestEngine.execute(HierarchicalTestEngine.java:54) ~[junit-platform-engine-1.10.5.jar:1.10.5]
	at org.junit.platform.launcher.core.EngineExecutionOrchestrator.execute(EngineExecutionOrchestrator.java:198) ~[junit-platform-launcher-1.10.5.jar:1.10.5]
	at org.junit.platform.launcher.core.EngineExecutionOrchestrator.execute(EngineExecutionOrchestrator.java:169) ~[junit-platform-launcher-1.10.5.jar:1.10.5]
	at org.junit.platform.launcher.core.EngineExecutionOrchestrator.execute(EngineExecutionOrchestrator.java:93) ~[junit-platform-launcher-1.10.5.jar:1.10.5]
	at org.junit.platform.launcher.core.EngineExecutionOrchestrator.lambda$execute$0(EngineExecutionOrchestrator.java:58) ~[junit-platform-launcher-1.10.5.jar:1.10.5]
	at org.junit.platform.launcher.core.EngineExecutionOrchestrator.withInterceptedStreams(EngineExecutionOrchestrator.java:141) ~[junit-platform-launcher-1.10.5.jar:1.10.5]
	at org.junit.platform.launcher.core.EngineExecutionOrchestrator.execute(EngineExecutionOrchestrator.java:57) ~[junit-platform-launcher-1.10.5.jar:1.10.5]
	at org.junit.platform.launcher.core.DefaultLauncher.execute(DefaultLauncher.java:103) ~[junit-platform-launcher-1.10.5.jar:1.10.5]
	at org.junit.platform.launcher.core.DefaultLauncher.execute(DefaultLauncher.java:85) ~[junit-platform-launcher-1.10.5.jar:1.10.5]
	at org.junit.platform.launcher.core.DelegatingLauncher.execute(DelegatingLauncher.java:47) ~[junit-platform-launcher-1.10.5.jar:1.10.5]
	at org.apache.maven.surefire.junitplatform.LazyLauncher.execute(LazyLauncher.java:56) ~[surefire-junit-platform-3.2.5.jar:3.2.5]
	at org.apache.maven.surefire.junitplatform.JUnitPlatformProvider.execute(JUnitPlatformProvider.java:184) ~[surefire-junit-platform-3.2.5.jar:3.2.5]
	at org.apache.maven.surefire.junitplatform.JUnitPlatformProvider.invokeAllTests(JUnitPlatformProvider.java:148) ~[surefire-junit-platform-3.2.5.jar:3.2.5]
	at org.apache.maven.surefire.junitplatform.JUnitPlatformProvider.invoke(JUnitPlatformProvider.java:122) ~[surefire-junit-platform-3.2.5.jar:3.2.5]
	at org.apache.maven.surefire.booter.ForkedBooter.runSuitesInProcess(ForkedBooter.java:385) ~[surefire-booter-3.2.5.jar:3.2.5]
	at org.apache.maven.surefire.booter.ForkedBooter.execute(ForkedBooter.java:162) ~[surefire-booter-3.2.5.jar:3.2.5]
	at org.apache.maven.surefire.booter.ForkedBooter.run(ForkedBooter.java:507) ~[surefire-booter-3.2.5.jar:3.2.5]
	at org.apache.maven.surefire.booter.ForkedBooter.main(ForkedBooter.java:495) ~[surefire-booter-3.2.5.jar:3.2.5]

2026-03-30T20:09:40.175+05:30  WARN 12784 --- [           main] o.s.test.context.TestContextManager      : Caught exception while allowing TestExecutionListener [org.springframework.test.context.web.ServletTestExecutionListener] to prepare test instance [com.mangala.showroom.controller.ProductControllerTest@1983a4e4]

java.lang.IllegalStateException: ApplicationContext failure threshold (1) exceeded: skipping repeated attempt to load context for [WebMergedContextConfiguration@5af4328e testClass = com.mangala.showroom.controller.ProductControllerTest, locations = [], classes = [com.mangala.showroom.ShowroomApplication], contextInitializerClasses = [], activeProfiles = [], propertySourceDescriptors = [], propertySourceProperties = ["org.springframework.boot.test.context.SpringBootTestContextBootstrapper=true"], contextCustomizers = [[ImportsContextCustomizer@5535e9 key = [org.springframework.boot.test.autoconfigure.web.servlet.MockMvcWebDriverAutoConfiguration, org.springframework.boot.test.autoconfigure.web.servlet.MockMvcAutoConfiguration, org.springframework.boot.autoconfigure.security.oauth2.client.servlet.OAuth2ClientAutoConfiguration, org.springframework.boot.autoconfigure.security.servlet.SecurityAutoConfiguration, org.springframework.boot.autoconfigure.security.servlet.SecurityFilterAutoConfiguration, org.springframework.boot.autoconfigure.security.servlet.UserDetailsServiceAutoConfiguration, org.springframework.boot.autoconfigure.security.oauth2.resource.servlet.OAuth2ResourceServerAutoConfiguration, org.springframework.boot.test.autoconfigure.web.servlet.MockMvcSecurityConfiguration, org.springframework.boot.test.autoconfigure.web.servlet.MockMvcWebClientAutoConfiguration, org.springframework.boot.test.autoconfigure.web.reactive.WebTestClientAutoConfiguration]], org.springframework.boot.test.context.filter.ExcludeFilterContextCustomizer@3336e6b6, org.springframework.boot.test.json.DuplicateJsonObjectContextCustomizerFactory$DuplicateJsonObjectContextCustomizer@6f3187b0, org.springframework.boot.test.mock.mockito.MockitoContextCustomizer@a0de6d01, org.springframework.boot.test.web.client.TestRestTemplateContextCustomizer@4dd6fd0a, org.springframework.boot.test.web.reactor.netty.DisableReactorResourceFactoryGlobalResourcesContextCustomizerFactory$DisableReactorResourceFactoryGlobalResourcesContextCustomizerCustomizer@479cbee5, org.springframework.boot.test.autoconfigure.OnFailureConditionReportContextCustomizerFactory$OnFailureConditionReportContextCustomizer@7f8a9499, org.springframework.boot.test.autoconfigure.actuate.observability.ObservabilityContextCustomizerFactory$DisableObservabilityContextCustomizer@1f, org.springframework.boot.test.autoconfigure.properties.PropertyMappingContextCustomizer@4b3fa0b3, org.springframework.boot.test.autoconfigure.web.servlet.WebDriverContextCustomizer@2d9caaeb, org.springframework.boot.test.context.SpringBootTestAnnotation@365993b4], resourceBasePath = "src/main/webapp", contextLoader = org.springframework.boot.test.context.SpringBootContextLoader, parent = null]
	at org.springframework.test.context.cache.DefaultCacheAwareContextLoaderDelegate.loadContext(DefaultCacheAwareContextLoaderDelegate.java:145) ~[spring-test-6.1.14.jar:6.1.14]
	at org.springframework.test.context.support.DefaultTestContext.getApplicationContext(DefaultTestContext.java:130) ~[spring-test-6.1.14.jar:6.1.14]
	at org.springframework.test.context.web.ServletTestExecutionListener.setUpRequestContextIfNecessary(ServletTestExecutionListener.java:191) ~[spring-test-6.1.14.jar:6.1.14]
	at org.springframework.test.context.web.ServletTestExecutionListener.prepareTestInstance(ServletTestExecutionListener.java:130) ~[spring-test-6.1.14.jar:6.1.14]
	at org.springframework.test.context.TestContextManager.prepareTestInstance(TestContextManager.java:260) ~[spring-test-6.1.14.jar:6.1.14]
	at org.springframework.test.context.junit.jupiter.SpringExtension.postProcessTestInstance(SpringExtension.java:163) ~[spring-test-6.1.14.jar:6.1.14]
	at org.junit.jupiter.engine.descriptor.ClassBasedTestDescriptor.lambda$invokeTestInstancePostProcessors$10(ClassBasedTestDescriptor.java:378) ~[junit-jupiter-engine-5.10.5.jar:5.10.5]
	at org.junit.jupiter.engine.descriptor.ClassBasedTestDescriptor.executeAndMaskThrowable(ClassBasedTestDescriptor.java:383) ~[junit-jupiter-engine-5.10.5.jar:5.10.5]
	at org.junit.jupiter.engine.descriptor.ClassBasedTestDescriptor.lambda$invokeTestInstancePostProcessors$11(ClassBasedTestDescriptor.java:378) ~[junit-jupiter-engine-5.10.5.jar:5.10.5]
	at java.base/java.util.stream.ReferencePipeline$3$1.accept(ReferencePipeline.java:197) ~[na:na]
	at java.base/java.util.stream.ReferencePipeline$2$1.accept(ReferencePipeline.java:179) ~[na:na]
	at java.base/java.util.ArrayList$ArrayListSpliterator.forEachRemaining(ArrayList.java:1625) ~[na:na]
	at java.base/java.util.stream.AbstractPipeline.copyInto(AbstractPipeline.java:509) ~[na:na]
	at java.base/java.util.stream.AbstractPipeline.wrapAndCopyInto(AbstractPipeline.java:499) ~[na:na]
	at java.base/java.util.stream.StreamSpliterators$WrappingSpliterator.forEachRemaining(StreamSpliterators.java:310) ~[na:na]
	at java.base/java.util.stream.Streams$ConcatSpliterator.forEachRemaining(Streams.java:735) ~[na:na]
	at java.base/java.util.stream.Streams$ConcatSpliterator.forEachRemaining(Streams.java:734) ~[na:na]
	at java.base/java.util.stream.ReferencePipeline$Head.forEach(ReferencePipeline.java:762) ~[na:na]
	at org.junit.jupiter.engine.descriptor.ClassBasedTestDescriptor.invokeTestInstancePostProcessors(ClassBasedTestDescriptor.java:377) ~[junit-jupiter-engine-5.10.5.jar:5.10.5]
	at org.junit.jupiter.engine.descriptor.ClassBasedTestDescriptor.lambda$instantiateAndPostProcessTestInstance$6(ClassBasedTestDescriptor.java:290) ~[junit-jupiter-engine-5.10.5.jar:5.10.5]
	at org.junit.platform.engine.support.hierarchical.ThrowableCollector.execute(ThrowableCollector.java:73) ~[junit-platform-engine-1.10.5.jar:1.10.5]
	at org.junit.jupiter.engine.descriptor.ClassBasedTestDescriptor.instantiateAndPostProcessTestInstance(ClassBasedTestDescriptor.java:289) ~[junit-jupiter-engine-5.10.5.jar:5.10.5]
	at org.junit.jupiter.engine.descriptor.ClassBasedTestDescriptor.lambda$testInstancesProvider$4(ClassBasedTestDescriptor.java:279) ~[junit-jupiter-engine-5.10.5.jar:5.10.5]
	at java.base/java.util.Optional.orElseGet(Optional.java:364) ~[na:na]
	at org.junit.jupiter.engine.descriptor.ClassBasedTestDescriptor.lambda$testInstancesProvider$5(ClassBasedTestDescriptor.java:278) ~[junit-jupiter-engine-5.10.5.jar:5.10.5]
	at org.junit.jupiter.engine.execution.TestInstancesProvider.getTestInstances(TestInstancesProvider.java:31) ~[junit-jupiter-engine-5.10.5.jar:5.10.5]
	at org.junit.jupiter.engine.descriptor.TestMethodTestDescriptor.lambda$prepare$0(TestMethodTestDescriptor.java:106) ~[junit-jupiter-engine-5.10.5.jar:5.10.5]
	at org.junit.platform.engine.support.hierarchical.ThrowableCollector.execute(ThrowableCollector.java:73) ~[junit-platform-engine-1.10.5.jar:1.10.5]
	at org.junit.jupiter.engine.descriptor.TestMethodTestDescriptor.prepare(TestMethodTestDescriptor.java:105) ~[junit-jupiter-engine-5.10.5.jar:5.10.5]
	at org.junit.jupiter.engine.descriptor.TestMethodTestDescriptor.prepare(TestMethodTestDescriptor.java:69) ~[junit-jupiter-engine-5.10.5.jar:5.10.5]
	at org.junit.platform.engine.support.hierarchical.NodeTestTask.lambda$prepare$2(NodeTestTask.java:128) ~[junit-platform-engine-1.10.5.jar:1.10.5]
	at org.junit.platform.engine.support.hierarchical.ThrowableCollector.execute(ThrowableCollector.java:73) ~[junit-platform-engine-1.10.5.jar:1.10.5]
	at org.junit.platform.engine.support.hierarchical.NodeTestTask.prepare(NodeTestTask.java:128) ~[junit-platform-engine-1.10.5.jar:1.10.5]
	at org.junit.platform.engine.support.hierarchical.NodeTestTask.execute(NodeTestTask.java:95) ~[junit-platform-engine-1.10.5.jar:1.10.5]
	at java.base/java.util.ArrayList.forEach(ArrayList.java:1511) ~[na:na]
	at org.junit.platform.engine.support.hierarchical.SameThreadHierarchicalTestExecutorService.invokeAll(SameThreadHierarchicalTestExecutorService.java:41) ~[junit-platform-engine-1.10.5.jar:1.10.5]
	at org.junit.platform.engine.support.hierarchical.NodeTestTask.lambda$executeRecursively$6(NodeTestTask.java:160) ~[junit-platform-engine-1.10.5.jar:1.10.5]
	at org.junit.platform.engine.support.hierarchical.ThrowableCollector.execute(ThrowableCollector.java:73) ~[junit-platform-engine-1.10.5.jar:1.10.5]
	at org.junit.platform.engine.support.hierarchical.NodeTestTask.lambda$executeRecursively$8(NodeTestTask.java:146) ~[junit-platform-engine-1.10.5.jar:1.10.5]
	at org.junit.platform.engine.support.hierarchical.Node.around(Node.java:137) ~[junit-platform-engine-1.10.5.jar:1.10.5]
	at org.junit.platform.engine.support.hierarchical.NodeTestTask.lambda$executeRecursively$9(NodeTestTask.java:144) ~[junit-platform-engine-1.10.5.jar:1.10.5]
	at org.junit.platform.engine.support.hierarchical.ThrowableCollector.execute(ThrowableCollector.java:73) ~[junit-platform-engine-1.10.5.jar:1.10.5]
	at org.junit.platform.engine.support.hierarchical.NodeTestTask.executeRecursively(NodeTestTask.java:143) ~[junit-platform-engine-1.10.5.jar:1.10.5]
	at org.junit.platform.engine.support.hierarchical.NodeTestTask.execute(NodeTestTask.java:100) ~[junit-platform-engine-1.10.5.jar:1.10.5]
	at java.base/java.util.ArrayList.forEach(ArrayList.java:1511) ~[na:na]
	at org.junit.platform.engine.support.hierarchical.SameThreadHierarchicalTestExecutorService.invokeAll(SameThreadHierarchicalTestExecutorService.java:41) ~[junit-platform-engine-1.10.5.jar:1.10.5]
	at org.junit.platform.engine.support.hierarchical.NodeTestTask.lambda$executeRecursively$6(NodeTestTask.java:160) ~[junit-platform-engine-1.10.5.jar:1.10.5]
	at org.junit.platform.engine.support.hierarchical.ThrowableCollector.execute(ThrowableCollector.java:73) ~[junit-platform-engine-1.10.5.jar:1.10.5]
	at org.junit.platform.engine.support.hierarchical.NodeTestTask.lambda$executeRecursively$8(NodeTestTask.java:146) ~[junit-platform-engine-1.10.5.jar:1.10.5]
	at org.junit.platform.engine.support.hierarchical.Node.around(Node.java:137) ~[junit-platform-engine-1.10.5.jar:1.10.5]
	at org.junit.platform.engine.support.hierarchical.NodeTestTask.lambda$executeRecursively$9(NodeTestTask.java:144) ~[junit-platform-engine-1.10.5.jar:1.10.5]
	at org.junit.platform.engine.support.hierarchical.ThrowableCollector.execute(ThrowableCollector.java:73) ~[junit-platform-engine-1.10.5.jar:1.10.5]
	at org.junit.platform.engine.support.hierarchical.NodeTestTask.executeRecursively(NodeTestTask.java:143) ~[junit-platform-engine-1.10.5.jar:1.10.5]
	at org.junit.platform.engine.support.hierarchical.NodeTestTask.execute(NodeTestTask.java:100) ~[junit-platform-engine-1.10.5.jar:1.10.5]
	at org.junit.platform.engine.support.hierarchical.SameThreadHierarchicalTestExecutorService.submit(SameThreadHierarchicalTestExecutorService.java:35) ~[junit-platform-engine-1.10.5.jar:1.10.5]
	at org.junit.platform.engine.support.hierarchical.HierarchicalTestExecutor.execute(HierarchicalTestExecutor.java:57) ~[junit-platform-engine-1.10.5.jar:1.10.5]
	at org.junit.platform.engine.support.hierarchical.HierarchicalTestEngine.execute(HierarchicalTestEngine.java:54) ~[junit-platform-engine-1.10.5.jar:1.10.5]
	at org.junit.platform.launcher.core.EngineExecutionOrchestrator.execute(EngineExecutionOrchestrator.java:198) ~[junit-platform-launcher-1.10.5.jar:1.10.5]
	at org.junit.platform.launcher.core.EngineExecutionOrchestrator.execute(EngineExecutionOrchestrator.java:169) ~[junit-platform-launcher-1.10.5.jar:1.10.5]
	at org.junit.platform.launcher.core.EngineExecutionOrchestrator.execute(EngineExecutionOrchestrator.java:93) ~[junit-platform-launcher-1.10.5.jar:1.10.5]
	at org.junit.platform.launcher.core.EngineExecutionOrchestrator.lambda$execute$0(EngineExecutionOrchestrator.java:58) ~[junit-platform-launcher-1.10.5.jar:1.10.5]
	at org.junit.platform.launcher.core.EngineExecutionOrchestrator.withInterceptedStreams(EngineExecutionOrchestrator.java:141) ~[junit-platform-launcher-1.10.5.jar:1.10.5]
	at org.junit.platform.launcher.core.EngineExecutionOrchestrator.execute(EngineExecutionOrchestrator.java:57) ~[junit-platform-launcher-1.10.5.jar:1.10.5]
	at org.junit.platform.launcher.core.DefaultLauncher.execute(DefaultLauncher.java:103) ~[junit-platform-launcher-1.10.5.jar:1.10.5]
	at org.junit.platform.launcher.core.DefaultLauncher.execute(DefaultLauncher.java:85) ~[junit-platform-launcher-1.10.5.jar:1.10.5]
	at org.junit.platform.launcher.core.DelegatingLauncher.execute(DelegatingLauncher.java:47) ~[junit-platform-launcher-1.10.5.jar:1.10.5]
	at org.apache.maven.surefire.junitplatform.LazyLauncher.execute(LazyLauncher.java:56) ~[surefire-junit-platform-3.2.5.jar:3.2.5]
	at org.apache.maven.surefire.junitplatform.JUnitPlatformProvider.execute(JUnitPlatformProvider.java:184) ~[surefire-junit-platform-3.2.5.jar:3.2.5]
	at org.apache.maven.surefire.junitplatform.JUnitPlatformProvider.invokeAllTests(JUnitPlatformProvider.java:148) ~[surefire-junit-platform-3.2.5.jar:3.2.5]
	at org.apache.maven.surefire.junitplatform.JUnitPlatformProvider.invoke(JUnitPlatformProvider.java:122) ~[surefire-junit-platform-3.2.5.jar:3.2.5]
	at org.apache.maven.surefire.booter.ForkedBooter.runSuitesInProcess(ForkedBooter.java:385) ~[surefire-booter-3.2.5.jar:3.2.5]
	at org.apache.maven.surefire.booter.ForkedBooter.execute(ForkedBooter.java:162) ~[surefire-booter-3.2.5.jar:3.2.5]
	at org.apache.maven.surefire.booter.ForkedBooter.run(ForkedBooter.java:507) ~[surefire-booter-3.2.5.jar:3.2.5]
	at org.apache.maven.surefire.booter.ForkedBooter.main(ForkedBooter.java:495) ~[surefire-booter-3.2.5.jar:3.2.5]

[ERROR] Tests run: 4, Failures: 0, Errors: 4, Skipped: 0, Time elapsed: 3.030 s <<< FAILURE! -- in com.mangala.showroom.controller.ProductControllerTest
[ERROR] com.mangala.showroom.controller.ProductControllerTest.shouldCreateProduct -- Time elapsed: 0.005 s <<< ERROR!
java.lang.IllegalStateException: Failed to load ApplicationContext for [WebMergedContextConfiguration@5af4328e testClass = com.mangala.showroom.controller.ProductControllerTest, locations = [], classes = [com.mangala.showroom.ShowroomApplication], contextInitializerClasses = [], activeProfiles = [], propertySourceDescriptors = [], propertySourceProperties = ["org.springframework.boot.test.context.SpringBootTestContextBootstrapper=true"], contextCustomizers = [[ImportsContextCustomizer@5535e9 key = [org.springframework.boot.test.autoconfigure.web.servlet.MockMvcWebDriverAutoConfiguration, org.springframework.boot.test.autoconfigure.web.servlet.MockMvcAutoConfiguration, org.springframework.boot.autoconfigure.security.oauth2.client.servlet.OAuth2ClientAutoConfiguration, org.springframework.boot.autoconfigure.security.servlet.SecurityAutoConfiguration, org.springframework.boot.autoconfigure.security.servlet.SecurityFilterAutoConfiguration, org.springframework.boot.autoconfigure.security.servlet.UserDetailsServiceAutoConfiguration, org.springframework.boot.autoconfigure.security.oauth2.resource.servlet.OAuth2ResourceServerAutoConfiguration, org.springframework.boot.test.autoconfigure.web.servlet.MockMvcSecurityConfiguration, org.springframework.boot.test.autoconfigure.web.servlet.MockMvcWebClientAutoConfiguration, org.springframework.boot.test.autoconfigure.web.reactive.WebTestClientAutoConfiguration]], org.springframework.boot.test.context.filter.ExcludeFilterContextCustomizer@3336e6b6, org.springframework.boot.test.json.DuplicateJsonObjectContextCustomizerFactory$DuplicateJsonObjectContextCustomizer@6f3187b0, org.springframework.boot.test.mock.mockito.MockitoContextCustomizer@a0de6d01, org.springframework.boot.test.web.client.TestRestTemplateContextCustomizer@4dd6fd0a, org.springframework.boot.test.web.reactor.netty.DisableReactorResourceFactoryGlobalResourcesContextCustomizerFactory$DisableReactorResourceFactoryGlobalResourcesContextCustomizerCustomizer@479cbee5, org.springframework.boot.test.autoconfigure.OnFailureConditionReportContextCustomizerFactory$OnFailureConditionReportContextCustomizer@7f8a9499, org.springframework.boot.test.autoconfigure.actuate.observability.ObservabilityContextCustomizerFactory$DisableObservabilityContextCustomizer@1f, org.springframework.boot.test.autoconfigure.properties.PropertyMappingContextCustomizer@4b3fa0b3, org.springframework.boot.test.autoconfigure.web.servlet.WebDriverContextCustomizer@2d9caaeb, org.springframework.boot.test.context.SpringBootTestAnnotation@365993b4], resourceBasePath = "src/main/webapp", contextLoader = org.springframework.boot.test.context.SpringBootContextLoader, parent = null]
	at org.springframework.test.context.cache.DefaultCacheAwareContextLoaderDelegate.loadContext(DefaultCacheAwareContextLoaderDelegate.java:180)
	at org.springframework.test.context.support.DefaultTestContext.getApplicationContext(DefaultTestContext.java:130)
	at org.springframework.test.context.web.ServletTestExecutionListener.setUpRequestContextIfNecessary(ServletTestExecutionListener.java:191)
	at org.springframework.test.context.web.ServletTestExecutionListener.prepareTestInstance(ServletTestExecutionListener.java:130)
	at org.springframework.test.context.TestContextManager.prepareTestInstance(TestContextManager.java:260)
	at org.springframework.test.context.junit.jupiter.SpringExtension.postProcessTestInstance(SpringExtension.java:163)
	at java.base/java.util.stream.ReferencePipeline$3$1.accept(ReferencePipeline.java:197)
	at java.base/java.util.stream.ReferencePipeline$2$1.accept(ReferencePipeline.java:179)
	at java.base/java.util.ArrayList$ArrayListSpliterator.forEachRemaining(ArrayList.java:1625)
	at java.base/java.util.stream.AbstractPipeline.copyInto(AbstractPipeline.java:509)
	at java.base/java.util.stream.AbstractPipeline.wrapAndCopyInto(AbstractPipeline.java:499)
	at java.base/java.util.stream.StreamSpliterators$WrappingSpliterator.forEachRemaining(StreamSpliterators.java:310)
	at java.base/java.util.stream.Streams$ConcatSpliterator.forEachRemaining(Streams.java:735)
	at java.base/java.util.stream.Streams$ConcatSpliterator.forEachRemaining(Streams.java:734)
	at java.base/java.util.stream.ReferencePipeline$Head.forEach(ReferencePipeline.java:762)
	at java.base/java.util.Optional.orElseGet(Optional.java:364)
	at java.base/java.util.ArrayList.forEach(ArrayList.java:1511)
	at java.base/java.util.ArrayList.forEach(ArrayList.java:1511)
Caused by: org.springframework.beans.factory.BeanCreationException: Error creating bean with name 'entityManagerFactory' defined in class path resource [org/springframework/boot/autoconfigure/orm/jpa/HibernateJpaConfiguration.class]: Unable to create requested service [org.hibernate.engine.jdbc.env.spi.JdbcEnvironment] due to: Unable to determine Dialect without JDBC metadata (please set 'jakarta.persistence.jdbc.url' for common cases or 'hibernate.dialect' when a custom Dialect implementation must be provided)
	at org.springframework.beans.factory.support.AbstractAutowireCapableBeanFactory.initializeBean(AbstractAutowireCapableBeanFactory.java:1806)
	at org.springframework.beans.factory.support.AbstractAutowireCapableBeanFactory.doCreateBean(AbstractAutowireCapableBeanFactory.java:600)
	at org.springframework.beans.factory.support.AbstractAutowireCapableBeanFactory.createBean(AbstractAutowireCapableBeanFactory.java:522)
	at org.springframework.beans.factory.support.AbstractBeanFactory.lambda$doGetBean$0(AbstractBeanFactory.java:337)
	at org.springframework.beans.factory.support.DefaultSingletonBeanRegistry.getSingleton(DefaultSingletonBeanRegistry.java:234)
	at org.springframework.beans.factory.support.AbstractBeanFactory.doGetBean(AbstractBeanFactory.java:335)
	at org.springframework.beans.factory.support.AbstractBeanFactory.getBean(AbstractBeanFactory.java:205)
	at org.springframework.context.support.AbstractApplicationContext.finishBeanFactoryInitialization(AbstractApplicationContext.java:954)
	at org.springframework.context.support.AbstractApplicationContext.refresh(AbstractApplicationContext.java:625)
	at org.springframework.boot.SpringApplication.refresh(SpringApplication.java:754)
	at org.springframework.boot.SpringApplication.refreshContext(SpringApplication.java:456)
	at org.springframework.boot.SpringApplication.run(SpringApplication.java:335)
	at org.springframework.boot.test.context.SpringBootContextLoader.lambda$loadContext$3(SpringBootContextLoader.java:137)
	at org.springframework.util.function.ThrowingSupplier.get(ThrowingSupplier.java:58)
	at org.springframework.util.function.ThrowingSupplier.get(ThrowingSupplier.java:46)
	at org.springframework.boot.SpringApplication.withHook(SpringApplication.java:1463)
	at org.springframework.boot.test.context.SpringBootContextLoader$ContextLoaderHook.run(SpringBootContextLoader.java:553)
	at org.springframework.boot.test.context.SpringBootContextLoader.loadContext(SpringBootContextLoader.java:137)
	at org.springframework.boot.test.context.SpringBootContextLoader.loadContext(SpringBootContextLoader.java:108)
	at org.springframework.test.context.cache.DefaultCacheAwareContextLoaderDelegate.loadContextInternal(DefaultCacheAwareContextLoaderDelegate.java:225)
	at org.springframework.test.context.cache.DefaultCacheAwareContextLoaderDelegate.loadContext(DefaultCacheAwareContextLoaderDelegate.java:152)
	... 17 more
Caused by: org.hibernate.service.spi.ServiceException: Unable to create requested service [org.hibernate.engine.jdbc.env.spi.JdbcEnvironment] due to: Unable to determine Dialect without JDBC metadata (please set 'jakarta.persistence.jdbc.url' for common cases or 'hibernate.dialect' when a custom Dialect implementation must be provided)
	at org.hibernate.service.internal.AbstractServiceRegistryImpl.createService(AbstractServiceRegistryImpl.java:276)
	at org.hibernate.service.internal.AbstractServiceRegistryImpl.initializeService(AbstractServiceRegistryImpl.java:238)
	at org.hibernate.service.internal.AbstractServiceRegistryImpl.getService(AbstractServiceRegistryImpl.java:215)
	at org.hibernate.boot.model.relational.Database.<init>(Database.java:45)
	at org.hibernate.boot.internal.InFlightMetadataCollectorImpl.getDatabase(InFlightMetadataCollectorImpl.java:221)
	at org.hibernate.boot.internal.InFlightMetadataCollectorImpl.<init>(InFlightMetadataCollectorImpl.java:189)
	at org.hibernate.boot.model.process.spi.MetadataBuildingProcess.complete(MetadataBuildingProcess.java:171)
	at org.hibernate.jpa.boot.internal.EntityManagerFactoryBuilderImpl.metadata(EntityManagerFactoryBuilderImpl.java:1431)
	at org.hibernate.jpa.boot.internal.EntityManagerFactoryBuilderImpl.build(EntityManagerFactoryBuilderImpl.java:1502)
	at org.springframework.orm.jpa.vendor.SpringHibernateJpaPersistenceProvider.createContainerEntityManagerFactory(SpringHibernateJpaPersistenceProvider.java:75)
	at org.springframework.orm.jpa.LocalContainerEntityManagerFactoryBean.createNativeEntityManagerFactory(LocalContainerEntityManagerFactoryBean.java:390)
	at org.springframework.orm.jpa.AbstractEntityManagerFactoryBean.buildNativeEntityManagerFactory(AbstractEntityManagerFactoryBean.java:409)
	at org.springframework.orm.jpa.AbstractEntityManagerFactoryBean.afterPropertiesSet(AbstractEntityManagerFactoryBean.java:396)
	at org.springframework.orm.jpa.LocalContainerEntityManagerFactoryBean.afterPropertiesSet(LocalContainerEntityManagerFactoryBean.java:366)
	at org.springframework.beans.factory.support.AbstractAutowireCapableBeanFactory.invokeInitMethods(AbstractAutowireCapableBeanFactory.java:1853)
	at org.springframework.beans.factory.support.AbstractAutowireCapableBeanFactory.initializeBean(AbstractAutowireCapableBeanFactory.java:1802)
	... 37 more
Caused by: org.hibernate.HibernateException: Unable to determine Dialect without JDBC metadata (please set 'jakarta.persistence.jdbc.url' for common cases or 'hibernate.dialect' when a custom Dialect implementation must be provided)
	at org.hibernate.engine.jdbc.dialect.internal.DialectFactoryImpl.determineDialect(DialectFactoryImpl.java:191)
	at org.hibernate.engine.jdbc.dialect.internal.DialectFactoryImpl.buildDialect(DialectFactoryImpl.java:87)
	at org.hibernate.engine.jdbc.env.internal.JdbcEnvironmentInitiator.getJdbcEnvironmentWithDefaults(JdbcEnvironmentInitiator.java:153)
	at org.hibernate.engine.jdbc.env.internal.JdbcEnvironmentInitiator.getJdbcEnvironmentUsingJdbcMetadata(JdbcEnvironmentInitiator.java:364)
	at org.hibernate.engine.jdbc.env.internal.JdbcEnvironmentInitiator.initiateService(JdbcEnvironmentInitiator.java:124)
	at org.hibernate.engine.jdbc.env.internal.JdbcEnvironmentInitiator.initiateService(JdbcEnvironmentInitiator.java:78)
	at org.hibernate.boot.registry.internal.StandardServiceRegistryImpl.initiateService(StandardServiceRegistryImpl.java:130)
	at org.hibernate.service.internal.AbstractServiceRegistryImpl.createService(AbstractServiceRegistryImpl.java:263)
	... 52 more

[ERROR] com.mangala.showroom.controller.ProductControllerTest.shouldReturn404WhenProductNotFound -- Time elapsed: 0.002 s <<< ERROR!
java.lang.IllegalStateException: ApplicationContext failure threshold (1) exceeded: skipping repeated attempt to load context for [WebMergedContextConfiguration@5af4328e testClass = com.mangala.showroom.controller.ProductControllerTest, locations = [], classes = [com.mangala.showroom.ShowroomApplication], contextInitializerClasses = [], activeProfiles = [], propertySourceDescriptors = [], propertySourceProperties = ["org.springframework.boot.test.context.SpringBootTestContextBootstrapper=true"], contextCustomizers = [[ImportsContextCustomizer@5535e9 key = [org.springframework.boot.test.autoconfigure.web.servlet.MockMvcWebDriverAutoConfiguration, org.springframework.boot.test.autoconfigure.web.servlet.MockMvcAutoConfiguration, org.springframework.boot.autoconfigure.security.oauth2.client.servlet.OAuth2ClientAutoConfiguration, org.springframework.boot.autoconfigure.security.servlet.SecurityAutoConfiguration, org.springframework.boot.autoconfigure.security.servlet.SecurityFilterAutoConfiguration, org.springframework.boot.autoconfigure.security.servlet.UserDetailsServiceAutoConfiguration, org.springframework.boot.autoconfigure.security.oauth2.resource.servlet.OAuth2ResourceServerAutoConfiguration, org.springframework.boot.test.autoconfigure.web.servlet.MockMvcSecurityConfiguration, org.springframework.boot.test.autoconfigure.web.servlet.MockMvcWebClientAutoConfiguration, org.springframework.boot.test.autoconfigure.web.reactive.WebTestClientAutoConfiguration]], org.springframework.boot.test.context.filter.ExcludeFilterContextCustomizer@3336e6b6, org.springframework.boot.test.json.DuplicateJsonObjectContextCustomizerFactory$DuplicateJsonObjectContextCustomizer@6f3187b0, org.springframework.boot.test.mock.mockito.MockitoContextCustomizer@a0de6d01, org.springframework.boot.test.web.client.TestRestTemplateContextCustomizer@4dd6fd0a, org.springframework.boot.test.web.reactor.netty.DisableReactorResourceFactoryGlobalResourcesContextCustomizerFactory$DisableReactorResourceFactoryGlobalResourcesContextCustomizerCustomizer@479cbee5, org.springframework.boot.test.autoconfigure.OnFailureConditionReportContextCustomizerFactory$OnFailureConditionReportContextCustomizer@7f8a9499, org.springframework.boot.test.autoconfigure.actuate.observability.ObservabilityContextCustomizerFactory$DisableObservabilityContextCustomizer@1f, org.springframework.boot.test.autoconfigure.properties.PropertyMappingContextCustomizer@4b3fa0b3, org.springframework.boot.test.autoconfigure.web.servlet.WebDriverContextCustomizer@2d9caaeb, org.springframework.boot.test.context.SpringBootTestAnnotation@365993b4], resourceBasePath = "src/main/webapp", contextLoader = org.springframework.boot.test.context.SpringBootContextLoader, parent = null]
	at org.springframework.test.context.cache.DefaultCacheAwareContextLoaderDelegate.loadContext(DefaultCacheAwareContextLoaderDelegate.java:145)
	at org.springframework.test.context.support.DefaultTestContext.getApplicationContext(DefaultTestContext.java:130)
	at org.springframework.test.context.web.ServletTestExecutionListener.setUpRequestContextIfNecessary(ServletTestExecutionListener.java:191)
	at org.springframework.test.context.web.ServletTestExecutionListener.prepareTestInstance(ServletTestExecutionListener.java:130)
	at org.springframework.test.context.TestContextManager.prepareTestInstance(TestContextManager.java:260)
	at org.springframework.test.context.junit.jupiter.SpringExtension.postProcessTestInstance(SpringExtension.java:163)
	at java.base/java.util.stream.ReferencePipeline$3$1.accept(ReferencePipeline.java:197)
	at java.base/java.util.stream.ReferencePipeline$2$1.accept(ReferencePipeline.java:179)
	at java.base/java.util.ArrayList$ArrayListSpliterator.forEachRemaining(ArrayList.java:1625)
	at java.base/java.util.stream.AbstractPipeline.copyInto(AbstractPipeline.java:509)
	at java.base/java.util.stream.AbstractPipeline.wrapAndCopyInto(AbstractPipeline.java:499)
	at java.base/java.util.stream.StreamSpliterators$WrappingSpliterator.forEachRemaining(StreamSpliterators.java:310)
	at java.base/java.util.stream.Streams$ConcatSpliterator.forEachRemaining(Streams.java:735)
	at java.base/java.util.stream.Streams$ConcatSpliterator.forEachRemaining(Streams.java:734)
	at java.base/java.util.stream.ReferencePipeline$Head.forEach(ReferencePipeline.java:762)
	at java.base/java.util.Optional.orElseGet(Optional.java:364)
	at java.base/java.util.ArrayList.forEach(ArrayList.java:1511)
	at java.base/java.util.ArrayList.forEach(ArrayList.java:1511)

[ERROR] com.mangala.showroom.controller.ProductControllerTest.shouldGetProductById -- Time elapsed: 0.002 s <<< ERROR!
java.lang.IllegalStateException: ApplicationContext failure threshold (1) exceeded: skipping repeated attempt to load context for [WebMergedContextConfiguration@5af4328e testClass = com.mangala.showroom.controller.ProductControllerTest, locations = [], classes = [com.mangala.showroom.ShowroomApplication], contextInitializerClasses = [], activeProfiles = [], propertySourceDescriptors = [], propertySourceProperties = ["org.springframework.boot.test.context.SpringBootTestContextBootstrapper=true"], contextCustomizers = [[ImportsContextCustomizer@5535e9 key = [org.springframework.boot.test.autoconfigure.web.servlet.MockMvcWebDriverAutoConfiguration, org.springframework.boot.test.autoconfigure.web.servlet.MockMvcAutoConfiguration, org.springframework.boot.autoconfigure.security.oauth2.client.servlet.OAuth2ClientAutoConfiguration, org.springframework.boot.autoconfigure.security.servlet.SecurityAutoConfiguration, org.springframework.boot.autoconfigure.security.servlet.SecurityFilterAutoConfiguration, org.springframework.boot.autoconfigure.security.servlet.UserDetailsServiceAutoConfiguration, org.springframework.boot.autoconfigure.security.oauth2.resource.servlet.OAuth2ResourceServerAutoConfiguration, org.springframework.boot.test.autoconfigure.web.servlet.MockMvcSecurityConfiguration, org.springframework.boot.test.autoconfigure.web.servlet.MockMvcWebClientAutoConfiguration, org.springframework.boot.test.autoconfigure.web.reactive.WebTestClientAutoConfiguration]], org.springframework.boot.test.context.filter.ExcludeFilterContextCustomizer@3336e6b6, org.springframework.boot.test.json.DuplicateJsonObjectContextCustomizerFactory$DuplicateJsonObjectContextCustomizer@6f3187b0, org.springframework.boot.test.mock.mockito.MockitoContextCustomizer@a0de6d01, org.springframework.boot.test.web.client.TestRestTemplateContextCustomizer@4dd6fd0a, org.springframework.boot.test.web.reactor.netty.DisableReactorResourceFactoryGlobalResourcesContextCustomizerFactory$DisableReactorResourceFactoryGlobalResourcesContextCustomizerCustomizer@479cbee5, org.springframework.boot.test.autoconfigure.OnFailureConditionReportContextCustomizerFactory$OnFailureConditionReportContextCustomizer@7f8a9499, org.springframework.boot.test.autoconfigure.actuate.observability.ObservabilityContextCustomizerFactory$DisableObservabilityContextCustomizer@1f, org.springframework.boot.test.autoconfigure.properties.PropertyMappingContextCustomizer@4b3fa0b3, org.springframework.boot.test.autoconfigure.web.servlet.WebDriverContextCustomizer@2d9caaeb, org.springframework.boot.test.context.SpringBootTestAnnotation@365993b4], resourceBasePath = "src/main/webapp", contextLoader = org.springframework.boot.test.context.SpringBootContextLoader, parent = null]
	at org.springframework.test.context.cache.DefaultCacheAwareContextLoaderDelegate.loadContext(DefaultCacheAwareContextLoaderDelegate.java:145)
	at org.springframework.test.context.support.DefaultTestContext.getApplicationContext(DefaultTestContext.java:130)
	at org.springframework.test.context.web.ServletTestExecutionListener.setUpRequestContextIfNecessary(ServletTestExecutionListener.java:191)
	at org.springframework.test.context.web.ServletTestExecutionListener.prepareTestInstance(ServletTestExecutionListener.java:130)
	at org.springframework.test.context.TestContextManager.prepareTestInstance(TestContextManager.java:260)
	at org.springframework.test.context.junit.jupiter.SpringExtension.postProcessTestInstance(SpringExtension.java:163)
	at java.base/java.util.stream.ReferencePipeline$3$1.accept(ReferencePipeline.java:197)
	at java.base/java.util.stream.ReferencePipeline$2$1.accept(ReferencePipeline.java:179)
	at java.base/java.util.ArrayList$ArrayListSpliterator.forEachRemaining(ArrayList.java:1625)
	at java.base/java.util.stream.AbstractPipeline.copyInto(AbstractPipeline.java:509)
	at java.base/java.util.stream.AbstractPipeline.wrapAndCopyInto(AbstractPipeline.java:499)
	at java.base/java.util.stream.StreamSpliterators$WrappingSpliterator.forEachRemaining(StreamSpliterators.java:310)
	at java.base/java.util.stream.Streams$ConcatSpliterator.forEachRemaining(Streams.java:735)
	at java.base/java.util.stream.Streams$ConcatSpliterator.forEachRemaining(Streams.java:734)
	at java.base/java.util.stream.ReferencePipeline$Head.forEach(ReferencePipeline.java:762)
	at java.base/java.util.Optional.orElseGet(Optional.java:364)
	at java.base/java.util.ArrayList.forEach(ArrayList.java:1511)
	at java.base/java.util.ArrayList.forEach(ArrayList.java:1511)

[ERROR] com.mangala.showroom.controller.ProductControllerTest.shouldGetAllProducts -- Time elapsed: 0.002 s <<< ERROR!
java.lang.IllegalStateException: ApplicationContext failure threshold (1) exceeded: skipping repeated attempt to load context for [WebMergedContextConfiguration@5af4328e testClass = com.mangala.showroom.controller.ProductControllerTest, locations = [], classes = [com.mangala.showroom.ShowroomApplication], contextInitializerClasses = [], activeProfiles = [], propertySourceDescriptors = [], propertySourceProperties = ["org.springframework.boot.test.context.SpringBootTestContextBootstrapper=true"], contextCustomizers = [[ImportsContextCustomizer@5535e9 key = [org.springframework.boot.test.autoconfigure.web.servlet.MockMvcWebDriverAutoConfiguration, org.springframework.boot.test.autoconfigure.web.servlet.MockMvcAutoConfiguration, org.springframework.boot.autoconfigure.security.oauth2.client.servlet.OAuth2ClientAutoConfiguration, org.springframework.boot.autoconfigure.security.servlet.SecurityAutoConfiguration, org.springframework.boot.autoconfigure.security.servlet.SecurityFilterAutoConfiguration, org.springframework.boot.autoconfigure.security.servlet.UserDetailsServiceAutoConfiguration, org.springframework.boot.autoconfigure.security.oauth2.resource.servlet.OAuth2ResourceServerAutoConfiguration, org.springframework.boot.test.autoconfigure.web.servlet.MockMvcSecurityConfiguration, org.springframework.boot.test.autoconfigure.web.servlet.MockMvcWebClientAutoConfiguration, org.springframework.boot.test.autoconfigure.web.reactive.WebTestClientAutoConfiguration]], org.springframework.boot.test.context.filter.ExcludeFilterContextCustomizer@3336e6b6, org.springframework.boot.test.json.DuplicateJsonObjectContextCustomizerFactory$DuplicateJsonObjectContextCustomizer@6f3187b0, org.springframework.boot.test.mock.mockito.MockitoContextCustomizer@a0de6d01, org.springframework.boot.test.web.client.TestRestTemplateContextCustomizer@4dd6fd0a, org.springframework.boot.test.web.reactor.netty.DisableReactorResourceFactoryGlobalResourcesContextCustomizerFactory$DisableReactorResourceFactoryGlobalResourcesContextCustomizerCustomizer@479cbee5, org.springframework.boot.test.autoconfigure.OnFailureConditionReportContextCustomizerFactory$OnFailureConditionReportContextCustomizer@7f8a9499, org.springframework.boot.test.autoconfigure.actuate.observability.ObservabilityContextCustomizerFactory$DisableObservabilityContextCustomizer@1f, org.springframework.boot.test.autoconfigure.properties.PropertyMappingContextCustomizer@4b3fa0b3, org.springframework.boot.test.autoconfigure.web.servlet.WebDriverContextCustomizer@2d9caaeb, org.springframework.boot.test.context.SpringBootTestAnnotation@365993b4], resourceBasePath = "src/main/webapp", contextLoader = org.springframework.boot.test.context.SpringBootContextLoader, parent = null]
	at org.springframework.test.context.cache.DefaultCacheAwareContextLoaderDelegate.loadContext(DefaultCacheAwareContextLoaderDelegate.java:145)
	at org.springframework.test.context.support.DefaultTestContext.getApplicationContext(DefaultTestContext.java:130)
	at org.springframework.test.context.web.ServletTestExecutionListener.setUpRequestContextIfNecessary(ServletTestExecutionListener.java:191)
	at org.springframework.test.context.web.ServletTestExecutionListener.prepareTestInstance(ServletTestExecutionListener.java:130)
	at org.springframework.test.context.TestContextManager.prepareTestInstance(TestContextManager.java:260)
	at org.springframework.test.context.junit.jupiter.SpringExtension.postProcessTestInstance(SpringExtension.java:163)
	at java.base/java.util.stream.ReferencePipeline$3$1.accept(ReferencePipeline.java:197)
	at java.base/java.util.stream.ReferencePipeline$2$1.accept(ReferencePipeline.java:179)
	at java.base/java.util.ArrayList$ArrayListSpliterator.forEachRemaining(ArrayList.java:1625)
	at java.base/java.util.stream.AbstractPipeline.copyInto(AbstractPipeline.java:509)
	at java.base/java.util.stream.AbstractPipeline.wrapAndCopyInto(AbstractPipeline.java:499)
	at java.base/java.util.stream.StreamSpliterators$WrappingSpliterator.forEachRemaining(StreamSpliterators.java:310)
	at java.base/java.util.stream.Streams$ConcatSpliterator.forEachRemaining(Streams.java:735)
	at java.base/java.util.stream.Streams$ConcatSpliterator.forEachRemaining(Streams.java:734)
	at java.base/java.util.stream.ReferencePipeline$Head.forEach(ReferencePipeline.java:762)
	at java.base/java.util.Optional.orElseGet(Optional.java:364)
	at java.base/java.util.ArrayList.forEach(ArrayList.java:1511)
	at java.base/java.util.ArrayList.forEach(ArrayList.java:1511)

[INFO] Running com.mangala.showroom.ShowroomApplicationTests
2026-03-30T20:09:40.206+05:30  INFO 12784 --- [           main] t.c.s.AnnotationConfigContextLoaderUtils : Could not detect default configuration classes for test class [com.mangala.showroom.ShowroomApplicationTests]: ShowroomApplicationTests does not declare any static, non-private, non-final, nested classes annotated with @Configuration.
2026-03-30T20:09:40.236+05:30  INFO 12784 --- [           main] .b.t.c.SpringBootTestContextBootstrapper : Found @SpringBootConfiguration com.mangala.showroom.ShowroomApplication for test class com.mangala.showroom.ShowroomApplicationTests

  .   ____          _            __ _ _
 /\\ / ___'_ __ _ _(_)_ __  __ _ \ \ \ \
( ( )\___ | '_ | '_| | '_ \/ _` | \ \ \ \
 \\/  ___)| |_)| | | | | || (_| |  ) ) ) )
  '  |____| .__|_| |_|_| |_\__, | / / / /
 =========|_|==============|___/=/_/_/_/

 :: Spring Boot ::                (v3.3.5)

2026-03-30T20:09:40.335+05:30  INFO 12784 --- [           main] c.m.showroom.ShowroomApplicationTests    : Starting ShowroomApplicationTests using Java 17.0.18 with PID 12784 (started by asus in C:\Users\asus\Desktop\stitch\backend)
2026-03-30T20:09:40.335+05:30  INFO 12784 --- [           main] c.m.showroom.ShowroomApplicationTests    : No active profile set, falling back to 1 default profile: "default"
2026-03-30T20:09:41.071+05:30  INFO 12784 --- [           main] .s.d.r.c.RepositoryConfigurationDelegate : Bootstrapping Spring Data JPA repositories in DEFAULT mode.
2026-03-30T20:09:41.163+05:30  INFO 12784 --- [           main] .s.d.r.c.RepositoryConfigurationDelegate : Finished Spring Data repository scanning in 90 ms. Found 4 JPA repository interfaces.
2026-03-30T20:09:41.648+05:30  INFO 12784 --- [           main] o.hibernate.jpa.internal.util.LogHelper  : HHH000204: Processing PersistenceUnitInfo [name: default]
2026-03-30T20:09:41.658+05:30  INFO 12784 --- [           main] o.h.c.internal.RegionFactoryInitiator    : HHH000026: Second-level cache disabled
2026-03-30T20:09:41.731+05:30  INFO 12784 --- [           main] o.s.o.j.p.SpringPersistenceUnitInfo      : No LoadTimeWeaver setup: ignoring JPA class transformer
2026-03-30T20:09:41.734+05:30  INFO 12784 --- [           main] com.zaxxer.hikari.HikariDataSource       : HikariPool-3 - Starting...
2026-03-30T20:09:42.759+05:30  WARN 12784 --- [           main] o.h.engine.jdbc.spi.SqlExceptionHelper   : SQL Error: 0, SQLState: 08S01
2026-03-30T20:09:42.759+05:30 ERROR 12784 --- [           main] o.h.engine.jdbc.spi.SqlExceptionHelper   : Communications link failure

The last packet sent successfully to the server was 0 milliseconds ago. The driver has not received any packets from the server.
2026-03-30T20:09:42.762+05:30  WARN 12784 --- [           main] o.h.e.j.e.i.JdbcEnvironmentInitiator     : HHH000342: Could not obtain connection to query metadata

org.hibernate.exception.JDBCConnectionException: unable to obtain isolated JDBC connection [Communications link failure

The last packet sent successfully to the server was 0 milliseconds ago. The driver has not received any packets from the server.] [n/a]
	at org.hibernate.exception.internal.SQLStateConversionDelegate.convert(SQLStateConversionDelegate.java:100) ~[hibernate-core-6.5.3.Final.jar:6.5.3.Final]
	at org.hibernate.exception.internal.StandardSQLExceptionConverter.convert(StandardSQLExceptionConverter.java:58) ~[hibernate-core-6.5.3.Final.jar:6.5.3.Final]
	at org.hibernate.engine.jdbc.spi.SqlExceptionHelper.convert(SqlExceptionHelper.java:108) ~[hibernate-core-6.5.3.Final.jar:6.5.3.Final]
	at org.hibernate.engine.jdbc.spi.SqlExceptionHelper.convert(SqlExceptionHelper.java:94) ~[hibernate-core-6.5.3.Final.jar:6.5.3.Final]
	at org.hibernate.resource.transaction.backend.jdbc.internal.JdbcIsolationDelegate.delegateWork(JdbcIsolationDelegate.java:116) ~[hibernate-core-6.5.3.Final.jar:6.5.3.Final]
	at org.hibernate.engine.jdbc.env.internal.JdbcEnvironmentInitiator.getJdbcEnvironmentUsingJdbcMetadata(JdbcEnvironmentInitiator.java:292) ~[hibernate-core-6.5.3.Final.jar:6.5.3.Final]
	at org.hibernate.engine.jdbc.env.internal.JdbcEnvironmentInitiator.initiateService(JdbcEnvironmentInitiator.java:124) ~[hibernate-core-6.5.3.Final.jar:6.5.3.Final]
	at org.hibernate.engine.jdbc.env.internal.JdbcEnvironmentInitiator.initiateService(JdbcEnvironmentInitiator.java:78) ~[hibernate-core-6.5.3.Final.jar:6.5.3.Final]
	at org.hibernate.boot.registry.internal.StandardServiceRegistryImpl.initiateService(StandardServiceRegistryImpl.java:130) ~[hibernate-core-6.5.3.Final.jar:6.5.3.Final]
	at org.hibernate.service.internal.AbstractServiceRegistryImpl.createService(AbstractServiceRegistryImpl.java:263) ~[hibernate-core-6.5.3.Final.jar:6.5.3.Final]
	at org.hibernate.service.internal.AbstractServiceRegistryImpl.initializeService(AbstractServiceRegistryImpl.java:238) ~[hibernate-core-6.5.3.Final.jar:6.5.3.Final]
	at org.hibernate.service.internal.AbstractServiceRegistryImpl.getService(AbstractServiceRegistryImpl.java:215) ~[hibernate-core-6.5.3.Final.jar:6.5.3.Final]
	at org.hibernate.boot.model.relational.Database.<init>(Database.java:45) ~[hibernate-core-6.5.3.Final.jar:6.5.3.Final]
	at org.hibernate.boot.internal.InFlightMetadataCollectorImpl.getDatabase(InFlightMetadataCollectorImpl.java:221) ~[hibernate-core-6.5.3.Final.jar:6.5.3.Final]
	at org.hibernate.boot.internal.InFlightMetadataCollectorImpl.<init>(InFlightMetadataCollectorImpl.java:189) ~[hibernate-core-6.5.3.Final.jar:6.5.3.Final]
	at org.hibernate.boot.model.process.spi.MetadataBuildingProcess.complete(MetadataBuildingProcess.java:171) ~[hibernate-core-6.5.3.Final.jar:6.5.3.Final]
	at org.hibernate.jpa.boot.internal.EntityManagerFactoryBuilderImpl.metadata(EntityManagerFactoryBuilderImpl.java:1431) ~[hibernate-core-6.5.3.Final.jar:6.5.3.Final]
	at org.hibernate.jpa.boot.internal.EntityManagerFactoryBuilderImpl.build(EntityManagerFactoryBuilderImpl.java:1502) ~[hibernate-core-6.5.3.Final.jar:6.5.3.Final]
	at org.springframework.orm.jpa.vendor.SpringHibernateJpaPersistenceProvider.createContainerEntityManagerFactory(SpringHibernateJpaPersistenceProvider.java:75) ~[spring-orm-6.1.14.jar:6.1.14]
	at org.springframework.orm.jpa.LocalContainerEntityManagerFactoryBean.createNativeEntityManagerFactory(LocalContainerEntityManagerFactoryBean.java:390) ~[spring-orm-6.1.14.jar:6.1.14]
	at org.springframework.orm.jpa.AbstractEntityManagerFactoryBean.buildNativeEntityManagerFactory(AbstractEntityManagerFactoryBean.java:409) ~[spring-orm-6.1.14.jar:6.1.14]
	at org.springframework.orm.jpa.AbstractEntityManagerFactoryBean.afterPropertiesSet(AbstractEntityManagerFactoryBean.java:396) ~[spring-orm-6.1.14.jar:6.1.14]
	at org.springframework.orm.jpa.LocalContainerEntityManagerFactoryBean.afterPropertiesSet(LocalContainerEntityManagerFactoryBean.java:366) ~[spring-orm-6.1.14.jar:6.1.14]
	at org.springframework.beans.factory.support.AbstractAutowireCapableBeanFactory.invokeInitMethods(AbstractAutowireCapableBeanFactory.java:1853) ~[spring-beans-6.1.14.jar:6.1.14]
	at org.springframework.beans.factory.support.AbstractAutowireCapableBeanFactory.initializeBean(AbstractAutowireCapableBeanFactory.java:1802) ~[spring-beans-6.1.14.jar:6.1.14]
	at org.springframework.beans.factory.support.AbstractAutowireCapableBeanFactory.doCreateBean(AbstractAutowireCapableBeanFactory.java:600) ~[spring-beans-6.1.14.jar:6.1.14]
	at org.springframework.beans.factory.support.AbstractAutowireCapableBeanFactory.createBean(AbstractAutowireCapableBeanFactory.java:522) ~[spring-beans-6.1.14.jar:6.1.14]
	at org.springframework.beans.factory.support.AbstractBeanFactory.lambda$doGetBean$0(AbstractBeanFactory.java:337) ~[spring-beans-6.1.14.jar:6.1.14]
	at org.springframework.beans.factory.support.DefaultSingletonBeanRegistry.getSingleton(DefaultSingletonBeanRegistry.java:234) ~[spring-beans-6.1.14.jar:6.1.14]
	at org.springframework.beans.factory.support.AbstractBeanFactory.doGetBean(AbstractBeanFactory.java:335) ~[spring-beans-6.1.14.jar:6.1.14]
	at org.springframework.beans.factory.support.AbstractBeanFactory.getBean(AbstractBeanFactory.java:205) ~[spring-beans-6.1.14.jar:6.1.14]
	at org.springframework.context.support.AbstractApplicationContext.finishBeanFactoryInitialization(AbstractApplicationContext.java:954) ~[spring-context-6.1.14.jar:6.1.14]
	at org.springframework.context.support.AbstractApplicationContext.refresh(AbstractApplicationContext.java:625) ~[spring-context-6.1.14.jar:6.1.14]
	at org.springframework.boot.SpringApplication.refresh(SpringApplication.java:754) ~[spring-boot-3.3.5.jar:3.3.5]
	at org.springframework.boot.SpringApplication.refreshContext(SpringApplication.java:456) ~[spring-boot-3.3.5.jar:3.3.5]
	at org.springframework.boot.SpringApplication.run(SpringApplication.java:335) ~[spring-boot-3.3.5.jar:3.3.5]
	at org.springframework.boot.test.context.SpringBootContextLoader.lambda$loadContext$3(SpringBootContextLoader.java:137) ~[spring-boot-test-3.3.5.jar:3.3.5]
	at org.springframework.util.function.ThrowingSupplier.get(ThrowingSupplier.java:58) ~[spring-core-6.1.14.jar:6.1.14]
	at org.springframework.util.function.ThrowingSupplier.get(ThrowingSupplier.java:46) ~[spring-core-6.1.14.jar:6.1.14]
	at org.springframework.boot.SpringApplication.withHook(SpringApplication.java:1463) ~[spring-boot-3.3.5.jar:3.3.5]
	at org.springframework.boot.test.context.SpringBootContextLoader$ContextLoaderHook.run(SpringBootContextLoader.java:553) ~[spring-boot-test-3.3.5.jar:3.3.5]
	at org.springframework.boot.test.context.SpringBootContextLoader.loadContext(SpringBootContextLoader.java:137) ~[spring-boot-test-3.3.5.jar:3.3.5]
	at org.springframework.boot.test.context.SpringBootContextLoader.loadContext(SpringBootContextLoader.java:108) ~[spring-boot-test-3.3.5.jar:3.3.5]
	at org.springframework.test.context.cache.DefaultCacheAwareContextLoaderDelegate.loadContextInternal(DefaultCacheAwareContextLoaderDelegate.java:225) ~[spring-test-6.1.14.jar:6.1.14]
	at org.springframework.test.context.cache.DefaultCacheAwareContextLoaderDelegate.loadContext(DefaultCacheAwareContextLoaderDelegate.java:152) ~[spring-test-6.1.14.jar:6.1.14]
	at org.springframework.test.context.support.DefaultTestContext.getApplicationContext(DefaultTestContext.java:130) ~[spring-test-6.1.14.jar:6.1.14]
	at org.springframework.test.context.web.ServletTestExecutionListener.setUpRequestContextIfNecessary(ServletTestExecutionListener.java:191) ~[spring-test-6.1.14.jar:6.1.14]
	at org.springframework.test.context.web.ServletTestExecutionListener.prepareTestInstance(ServletTestExecutionListener.java:130) ~[spring-test-6.1.14.jar:6.1.14]
	at org.springframework.test.context.TestContextManager.prepareTestInstance(TestContextManager.java:260) ~[spring-test-6.1.14.jar:6.1.14]
	at org.springframework.test.context.junit.jupiter.SpringExtension.postProcessTestInstance(SpringExtension.java:163) ~[spring-test-6.1.14.jar:6.1.14]
	at org.junit.jupiter.engine.descriptor.ClassBasedTestDescriptor.lambda$invokeTestInstancePostProcessors$10(ClassBasedTestDescriptor.java:378) ~[junit-jupiter-engine-5.10.5.jar:5.10.5]
	at org.junit.jupiter.engine.descriptor.ClassBasedTestDescriptor.executeAndMaskThrowable(ClassBasedTestDescriptor.java:383) ~[junit-jupiter-engine-5.10.5.jar:5.10.5]
	at org.junit.jupiter.engine.descriptor.ClassBasedTestDescriptor.lambda$invokeTestInstancePostProcessors$11(ClassBasedTestDescriptor.java:378) ~[junit-jupiter-engine-5.10.5.jar:5.10.5]
	at java.base/java.util.stream.ReferencePipeline$3$1.accept(ReferencePipeline.java:197) ~[na:na]
	at java.base/java.util.stream.ReferencePipeline$2$1.accept(ReferencePipeline.java:179) ~[na:na]
	at java.base/java.util.ArrayList$ArrayListSpliterator.forEachRemaining(ArrayList.java:1625) ~[na:na]
	at java.base/java.util.stream.AbstractPipeline.copyInto(AbstractPipeline.java:509) ~[na:na]
	at java.base/java.util.stream.AbstractPipeline.wrapAndCopyInto(AbstractPipeline.java:499) ~[na:na]
	at java.base/java.util.stream.StreamSpliterators$WrappingSpliterator.forEachRemaining(StreamSpliterators.java:310) ~[na:na]
	at java.base/java.util.stream.Streams$ConcatSpliterator.forEachRemaining(Streams.java:735) ~[na:na]
	at java.base/java.util.stream.Streams$ConcatSpliterator.forEachRemaining(Streams.java:734) ~[na:na]
	at java.base/java.util.stream.ReferencePipeline$Head.forEach(ReferencePipeline.java:762) ~[na:na]
	at org.junit.jupiter.engine.descriptor.ClassBasedTestDescriptor.invokeTestInstancePostProcessors(ClassBasedTestDescriptor.java:377) ~[junit-jupiter-engine-5.10.5.jar:5.10.5]
	at org.junit.jupiter.engine.descriptor.ClassBasedTestDescriptor.lambda$instantiateAndPostProcessTestInstance$6(ClassBasedTestDescriptor.java:290) ~[junit-jupiter-engine-5.10.5.jar:5.10.5]
	at org.junit.platform.engine.support.hierarchical.ThrowableCollector.execute(ThrowableCollector.java:73) ~[junit-platform-engine-1.10.5.jar:1.10.5]
	at org.junit.jupiter.engine.descriptor.ClassBasedTestDescriptor.instantiateAndPostProcessTestInstance(ClassBasedTestDescriptor.java:289) ~[junit-jupiter-engine-5.10.5.jar:5.10.5]
	at org.junit.jupiter.engine.descriptor.ClassBasedTestDescriptor.lambda$testInstancesProvider$4(ClassBasedTestDescriptor.java:279) ~[junit-jupiter-engine-5.10.5.jar:5.10.5]
	at java.base/java.util.Optional.orElseGet(Optional.java:364) ~[na:na]
	at org.junit.jupiter.engine.descriptor.ClassBasedTestDescriptor.lambda$testInstancesProvider$5(ClassBasedTestDescriptor.java:278) ~[junit-jupiter-engine-5.10.5.jar:5.10.5]
	at org.junit.jupiter.engine.execution.TestInstancesProvider.getTestInstances(TestInstancesProvider.java:31) ~[junit-jupiter-engine-5.10.5.jar:5.10.5]
	at org.junit.jupiter.engine.descriptor.TestMethodTestDescriptor.lambda$prepare$0(TestMethodTestDescriptor.java:106) ~[junit-jupiter-engine-5.10.5.jar:5.10.5]
	at org.junit.platform.engine.support.hierarchical.ThrowableCollector.execute(ThrowableCollector.java:73) ~[junit-platform-engine-1.10.5.jar:1.10.5]
	at org.junit.jupiter.engine.descriptor.TestMethodTestDescriptor.prepare(TestMethodTestDescriptor.java:105) ~[junit-jupiter-engine-5.10.5.jar:5.10.5]
	at org.junit.jupiter.engine.descriptor.TestMethodTestDescriptor.prepare(TestMethodTestDescriptor.java:69) ~[junit-jupiter-engine-5.10.5.jar:5.10.5]
	at org.junit.platform.engine.support.hierarchical.NodeTestTask.lambda$prepare$2(NodeTestTask.java:128) ~[junit-platform-engine-1.10.5.jar:1.10.5]
	at org.junit.platform.engine.support.hierarchical.ThrowableCollector.execute(ThrowableCollector.java:73) ~[junit-platform-engine-1.10.5.jar:1.10.5]
	at org.junit.platform.engine.support.hierarchical.NodeTestTask.prepare(NodeTestTask.java:128) ~[junit-platform-engine-1.10.5.jar:1.10.5]
	at org.junit.platform.engine.support.hierarchical.NodeTestTask.execute(NodeTestTask.java:95) ~[junit-platform-engine-1.10.5.jar:1.10.5]
	at java.base/java.util.ArrayList.forEach(ArrayList.java:1511) ~[na:na]
	at org.junit.platform.engine.support.hierarchical.SameThreadHierarchicalTestExecutorService.invokeAll(SameThreadHierarchicalTestExecutorService.java:41) ~[junit-platform-engine-1.10.5.jar:1.10.5]
	at org.junit.platform.engine.support.hierarchical.NodeTestTask.lambda$executeRecursively$6(NodeTestTask.java:160) ~[junit-platform-engine-1.10.5.jar:1.10.5]
	at org.junit.platform.engine.support.hierarchical.ThrowableCollector.execute(ThrowableCollector.java:73) ~[junit-platform-engine-1.10.5.jar:1.10.5]
	at org.junit.platform.engine.support.hierarchical.NodeTestTask.lambda$executeRecursively$8(NodeTestTask.java:146) ~[junit-platform-engine-1.10.5.jar:1.10.5]
	at org.junit.platform.engine.support.hierarchical.Node.around(Node.java:137) ~[junit-platform-engine-1.10.5.jar:1.10.5]
	at org.junit.platform.engine.support.hierarchical.NodeTestTask.lambda$executeRecursively$9(NodeTestTask.java:144) ~[junit-platform-engine-1.10.5.jar:1.10.5]
	at org.junit.platform.engine.support.hierarchical.ThrowableCollector.execute(ThrowableCollector.java:73) ~[junit-platform-engine-1.10.5.jar:1.10.5]
	at org.junit.platform.engine.support.hierarchical.NodeTestTask.executeRecursively(NodeTestTask.java:143) ~[junit-platform-engine-1.10.5.jar:1.10.5]
	at org.junit.platform.engine.support.hierarchical.NodeTestTask.execute(NodeTestTask.java:100) ~[junit-platform-engine-1.10.5.jar:1.10.5]
	at java.base/java.util.ArrayList.forEach(ArrayList.java:1511) ~[na:na]
	at org.junit.platform.engine.support.hierarchical.SameThreadHierarchicalTestExecutorService.invokeAll(SameThreadHierarchicalTestExecutorService.java:41) ~[junit-platform-engine-1.10.5.jar:1.10.5]
	at org.junit.platform.engine.support.hierarchical.NodeTestTask.lambda$executeRecursively$6(NodeTestTask.java:160) ~[junit-platform-engine-1.10.5.jar:1.10.5]
	at org.junit.platform.engine.support.hierarchical.ThrowableCollector.execute(ThrowableCollector.java:73) ~[junit-platform-engine-1.10.5.jar:1.10.5]
	at org.junit.platform.engine.support.hierarchical.NodeTestTask.lambda$executeRecursively$8(NodeTestTask.java:146) ~[junit-platform-engine-1.10.5.jar:1.10.5]
	at org.junit.platform.engine.support.hierarchical.Node.around(Node.java:137) ~[junit-platform-engine-1.10.5.jar:1.10.5]
	at org.junit.platform.engine.support.hierarchical.NodeTestTask.lambda$executeRecursively$9(NodeTestTask.java:144) ~[junit-platform-engine-1.10.5.jar:1.10.5]
	at org.junit.platform.engine.support.hierarchical.ThrowableCollector.execute(ThrowableCollector.java:73) ~[junit-platform-engine-1.10.5.jar:1.10.5]
	at org.junit.platform.engine.support.hierarchical.NodeTestTask.executeRecursively(NodeTestTask.java:143) ~[junit-platform-engine-1.10.5.jar:1.10.5]
	at org.junit.platform.engine.support.hierarchical.NodeTestTask.execute(NodeTestTask.java:100) ~[junit-platform-engine-1.10.5.jar:1.10.5]
	at org.junit.platform.engine.support.hierarchical.SameThreadHierarchicalTestExecutorService.submit(SameThreadHierarchicalTestExecutorService.java:35) ~[junit-platform-engine-1.10.5.jar:1.10.5]
	at org.junit.platform.engine.support.hierarchical.HierarchicalTestExecutor.execute(HierarchicalTestExecutor.java:57) ~[junit-platform-engine-1.10.5.jar:1.10.5]
	at org.junit.platform.engine.support.hierarchical.HierarchicalTestEngine.execute(HierarchicalTestEngine.java:54) ~[junit-platform-engine-1.10.5.jar:1.10.5]
	at org.junit.platform.launcher.core.EngineExecutionOrchestrator.execute(EngineExecutionOrchestrator.java:198) ~[junit-platform-launcher-1.10.5.jar:1.10.5]
	at org.junit.platform.launcher.core.EngineExecutionOrchestrator.execute(EngineExecutionOrchestrator.java:169) ~[junit-platform-launcher-1.10.5.jar:1.10.5]
	at org.junit.platform.launcher.core.EngineExecutionOrchestrator.execute(EngineExecutionOrchestrator.java:93) ~[junit-platform-launcher-1.10.5.jar:1.10.5]
	at org.junit.platform.launcher.core.EngineExecutionOrchestrator.lambda$execute$0(EngineExecutionOrchestrator.java:58) ~[junit-platform-launcher-1.10.5.jar:1.10.5]
	at org.junit.platform.launcher.core.EngineExecutionOrchestrator.withInterceptedStreams(EngineExecutionOrchestrator.java:141) ~[junit-platform-launcher-1.10.5.jar:1.10.5]
	at org.junit.platform.launcher.core.EngineExecutionOrchestrator.execute(EngineExecutionOrchestrator.java:57) ~[junit-platform-launcher-1.10.5.jar:1.10.5]
	at org.junit.platform.launcher.core.DefaultLauncher.execute(DefaultLauncher.java:103) ~[junit-platform-launcher-1.10.5.jar:1.10.5]
	at org.junit.platform.launcher.core.DefaultLauncher.execute(DefaultLauncher.java:85) ~[junit-platform-launcher-1.10.5.jar:1.10.5]
	at org.junit.platform.launcher.core.DelegatingLauncher.execute(DelegatingLauncher.java:47) ~[junit-platform-launcher-1.10.5.jar:1.10.5]
	at org.apache.maven.surefire.junitplatform.LazyLauncher.execute(LazyLauncher.java:56) ~[surefire-junit-platform-3.2.5.jar:3.2.5]
	at org.apache.maven.surefire.junitplatform.JUnitPlatformProvider.execute(JUnitPlatformProvider.java:184) ~[surefire-junit-platform-3.2.5.jar:3.2.5]
	at org.apache.maven.surefire.junitplatform.JUnitPlatformProvider.invokeAllTests(JUnitPlatformProvider.java:148) ~[surefire-junit-platform-3.2.5.jar:3.2.5]
	at org.apache.maven.surefire.junitplatform.JUnitPlatformProvider.invoke(JUnitPlatformProvider.java:122) ~[surefire-junit-platform-3.2.5.jar:3.2.5]
	at org.apache.maven.surefire.booter.ForkedBooter.runSuitesInProcess(ForkedBooter.java:385) ~[surefire-booter-3.2.5.jar:3.2.5]
	at org.apache.maven.surefire.booter.ForkedBooter.execute(ForkedBooter.java:162) ~[surefire-booter-3.2.5.jar:3.2.5]
	at org.apache.maven.surefire.booter.ForkedBooter.run(ForkedBooter.java:507) ~[surefire-booter-3.2.5.jar:3.2.5]
	at org.apache.maven.surefire.booter.ForkedBooter.main(ForkedBooter.java:495) ~[surefire-booter-3.2.5.jar:3.2.5]
Caused by: com.mysql.cj.jdbc.exceptions.CommunicationsException: Communications link failure

The last packet sent successfully to the server was 0 milliseconds ago. The driver has not received any packets from the server.
	at com.mysql.cj.jdbc.exceptions.SQLError.createCommunicationsException(SQLError.java:174) ~[mysql-connector-j-8.3.0.jar:8.3.0]
	at com.mysql.cj.jdbc.exceptions.SQLExceptionsMapping.translateException(SQLExceptionsMapping.java:64) ~[mysql-connector-j-8.3.0.jar:8.3.0]
	at com.mysql.cj.jdbc.ConnectionImpl.createNewIO(ConnectionImpl.java:815) ~[mysql-connector-j-8.3.0.jar:8.3.0]
	at com.mysql.cj.jdbc.ConnectionImpl.<init>(ConnectionImpl.java:438) ~[mysql-connector-j-8.3.0.jar:8.3.0]
	at com.mysql.cj.jdbc.ConnectionImpl.getInstance(ConnectionImpl.java:241) ~[mysql-connector-j-8.3.0.jar:8.3.0]
	at com.mysql.cj.jdbc.NonRegisteringDriver.connect(NonRegisteringDriver.java:189) ~[mysql-connector-j-8.3.0.jar:8.3.0]
	at com.zaxxer.hikari.util.DriverDataSource.getConnection(DriverDataSource.java:137) ~[HikariCP-5.1.0.jar:na]
	at com.zaxxer.hikari.pool.PoolBase.newConnection(PoolBase.java:360) ~[HikariCP-5.1.0.jar:na]
	at com.zaxxer.hikari.pool.PoolBase.newPoolEntry(PoolBase.java:202) ~[HikariCP-5.1.0.jar:na]
	at com.zaxxer.hikari.pool.HikariPool.createPoolEntry(HikariPool.java:461) ~[HikariCP-5.1.0.jar:na]
	at com.zaxxer.hikari.pool.HikariPool.checkFailFast(HikariPool.java:550) ~[HikariCP-5.1.0.jar:na]
	at com.zaxxer.hikari.pool.HikariPool.<init>(HikariPool.java:98) ~[HikariCP-5.1.0.jar:na]
	at com.zaxxer.hikari.HikariDataSource.getConnection(HikariDataSource.java:111) ~[HikariCP-5.1.0.jar:na]
	at org.hibernate.engine.jdbc.connections.internal.DatasourceConnectionProviderImpl.getConnection(DatasourceConnectionProviderImpl.java:122) ~[hibernate-core-6.5.3.Final.jar:6.5.3.Final]
	at org.hibernate.engine.jdbc.env.internal.JdbcEnvironmentInitiator$ConnectionProviderJdbcConnectionAccess.obtainConnection(JdbcEnvironmentInitiator.java:439) ~[hibernate-core-6.5.3.Final.jar:6.5.3.Final]
	at org.hibernate.resource.transaction.backend.jdbc.internal.JdbcIsolationDelegate.delegateWork(JdbcIsolationDelegate.java:61) ~[hibernate-core-6.5.3.Final.jar:6.5.3.Final]
	... 113 common frames omitted
Caused by: com.mysql.cj.exceptions.CJCommunicationsException: Communications link failure

The last packet sent successfully to the server was 0 milliseconds ago. The driver has not received any packets from the server.
	at java.base/jdk.internal.reflect.NativeConstructorAccessorImpl.newInstance0(Native Method) ~[na:na]
	at java.base/jdk.internal.reflect.NativeConstructorAccessorImpl.newInstance(NativeConstructorAccessorImpl.java:77) ~[na:na]
	at java.base/jdk.internal.reflect.DelegatingConstructorAccessorImpl.newInstance(DelegatingConstructorAccessorImpl.java:45) ~[na:na]
	at java.base/java.lang.reflect.Constructor.newInstanceWithCaller(Constructor.java:500) ~[na:na]
	at java.base/java.lang.reflect.Constructor.newInstance(Constructor.java:481) ~[na:na]
	at com.mysql.cj.exceptions.ExceptionFactory.createException(ExceptionFactory.java:61) ~[mysql-connector-j-8.3.0.jar:8.3.0]
	at com.mysql.cj.exceptions.ExceptionFactory.createException(ExceptionFactory.java:104) ~[mysql-connector-j-8.3.0.jar:8.3.0]
	at com.mysql.cj.exceptions.ExceptionFactory.createException(ExceptionFactory.java:149) ~[mysql-connector-j-8.3.0.jar:8.3.0]
	at com.mysql.cj.exceptions.ExceptionFactory.createCommunicationsException(ExceptionFactory.java:165) ~[mysql-connector-j-8.3.0.jar:8.3.0]
	at com.mysql.cj.protocol.a.NativeSocketConnection.connect(NativeSocketConnection.java:88) ~[mysql-connector-j-8.3.0.jar:8.3.0]
	at com.mysql.cj.NativeSession.connect(NativeSession.java:120) ~[mysql-connector-j-8.3.0.jar:8.3.0]
	at com.mysql.cj.jdbc.ConnectionImpl.connectOneTryOnly(ConnectionImpl.java:935) ~[mysql-connector-j-8.3.0.jar:8.3.0]
	at com.mysql.cj.jdbc.ConnectionImpl.createNewIO(ConnectionImpl.java:805) ~[mysql-connector-j-8.3.0.jar:8.3.0]
	... 126 common frames omitted
Caused by: java.net.ConnectException: Connection refused: getsockopt
	at java.base/sun.nio.ch.Net.pollConnect(Native Method) ~[na:na]
	at java.base/sun.nio.ch.Net.pollConnectNow(Net.java:684) ~[na:na]
	at java.base/sun.nio.ch.NioSocketImpl.timedFinishConnect(NioSocketImpl.java:547) ~[na:na]
	at java.base/sun.nio.ch.NioSocketImpl.connect(NioSocketImpl.java:602) ~[na:na]
	at java.base/java.net.SocksSocketImpl.connect(SocksSocketImpl.java:327) ~[na:na]
	at java.base/java.net.Socket.connect(Socket.java:633) ~[na:na]
	at com.mysql.cj.protocol.StandardSocketFactory.connect(StandardSocketFactory.java:153) ~[mysql-connector-j-8.3.0.jar:8.3.0]
	at com.mysql.cj.protocol.a.NativeSocketConnection.connect(NativeSocketConnection.java:62) ~[mysql-connector-j-8.3.0.jar:8.3.0]
	... 129 common frames omitted

2026-03-30T20:09:42.778+05:30 ERROR 12784 --- [           main] j.LocalContainerEntityManagerFactoryBean : Failed to initialize JPA EntityManagerFactory: Unable to create requested service [org.hibernate.engine.jdbc.env.spi.JdbcEnvironment] due to: Unable to determine Dialect without JDBC metadata (please set 'jakarta.persistence.jdbc.url' for common cases or 'hibernate.dialect' when a custom Dialect implementation must be provided)
2026-03-30T20:09:42.779+05:30  WARN 12784 --- [           main] o.s.w.c.s.GenericWebApplicationContext   : Exception encountered during context initialization - cancelling refresh attempt: org.springframework.beans.factory.BeanCreationException: Error creating bean with name 'entityManagerFactory' defined in class path resource [org/springframework/boot/autoconfigure/orm/jpa/HibernateJpaConfiguration.class]: Unable to create requested service [org.hibernate.engine.jdbc.env.spi.JdbcEnvironment] due to: Unable to determine Dialect without JDBC metadata (please set 'jakarta.persistence.jdbc.url' for common cases or 'hibernate.dialect' when a custom Dialect implementation must be provided)



===========================
=
CONDITIONS EVALUATION 
REPORT
===========================
=


Positive matches:
-----------------

   AopAutoConfiguration 
matched:
      - 
@ConditionalOnProperty 
(spring.aop.auto=true) 
matched 
(OnPropertyCondition)

   AopAutoConfiguration.Asp
ectJAutoProxyingConfigurati
on matched:
      - 
@ConditionalOnClass found 
required class 'org.aspectj
.weaver.Advice' 
(OnClassCondition)

   AopAutoConfiguration.Asp
ectJAutoProxyingConfigurati
on.CglibAutoProxyConfigurat
ion matched:
      - 
@ConditionalOnProperty (spr
ing.aop.proxy-target-class=
true) matched 
(OnPropertyCondition)

   ApplicationAvailabilityA
utoConfiguration#applicatio
nAvailability matched:
      - 
@ConditionalOnMissingBean 
(types: org.springframework
.boot.availability.Applicat
ionAvailability; 
SearchStrategy: all) did 
not find any beans 
(OnBeanCondition)

   DataSourceAutoConfigurat
ion matched:
      - 
@ConditionalOnClass found 
required classes 
'javax.sql.DataSource', 'or
g.springframework.jdbc.data
source.embedded.EmbeddedDat
abaseType' 
(OnClassCondition)
      - 
@ConditionalOnMissingBean 
(types: io.r2dbc.spi.Connec
tionFactory; 
SearchStrategy: all) did 
not find any beans 
(OnBeanCondition)

   DataSourceAutoConfigurat
ion.PooledDataSourceConfigu
ration matched:
      - AnyNestedCondition 
1 matched 1 did not; 
NestedCondition on DataSour
ceAutoConfiguration.PooledD
ataSourceCondition.PooledDa
taSourceAvailable 
PooledDataSource found 
supported DataSource; 
NestedCondition on DataSour
ceAutoConfiguration.PooledD
ataSourceCondition.Explicit
Type 
@ConditionalOnProperty 
(spring.datasource.type) 
did not find property 
'type' (DataSourceAutoConfi
guration.PooledDataSourceCo
ndition)
      - 
@ConditionalOnMissingBean 
(types: javax.sql.DataSourc
e,javax.sql.XADataSource; 
SearchStrategy: all) did 
not find any beans 
(OnBeanCondition)

   DataSourceAutoConfigurat
ion.PooledDataSourceConfigu
ration#jdbcConnectionDetail
s matched:
      - 
@ConditionalOnMissingBean 
(types: org.springframework
.boot.autoconfigure.jdbc.Jd
bcConnectionDetails; 
SearchStrategy: all) did 
not find any beans 
(OnBeanCondition)

   DataSourceConfiguration.
Hikari matched:
      - 
@ConditionalOnClass found 
required class 'com.zaxxer.
hikari.HikariDataSource' 
(OnClassCondition)
      - 
@ConditionalOnProperty (spr
ing.datasource.type=com.zax
xer.hikari.HikariDataSource
) matched 
(OnPropertyCondition)
      - 
@ConditionalOnMissingBean 
(types: 
javax.sql.DataSource; 
SearchStrategy: all) did 
not find any beans 
(OnBeanCondition)

   DataSourceInitialization
Configuration matched:
      - 
@ConditionalOnClass found 
required class 'org.springf
ramework.jdbc.datasource.in
it.DatabasePopulator' 
(OnClassCondition)
      - @ConditionalOnSingl
eCandidate (types: 
javax.sql.DataSource; 
SearchStrategy: all) found 
a single bean 
'dataSource'; 
@ConditionalOnMissingBean 
(types: org.springframework
.boot.autoconfigure.sql.ini
t.SqlDataSourceScriptDataba
seInitializer,org.springfra
mework.boot.autoconfigure.s
ql.init.SqlR2dbcScriptDatab
aseInitializer; 
SearchStrategy: all) did 
not find any beans 
(OnBeanCondition)

   DataSourcePoolMetadataPr
ovidersConfiguration.Hikari
PoolDataSourceMetadataProvi
derConfiguration matched:
      - 
@ConditionalOnClass found 
required class 'com.zaxxer.
hikari.HikariDataSource' 
(OnClassCondition)

   DataSourceTransactionMan
agerAutoConfiguration 
matched:
      - 
@ConditionalOnClass found 
required classes 
'javax.sql.DataSource', 'or
g.springframework.jdbc.core
.JdbcTemplate', 'org.spring
framework.transaction.Trans
actionManager' 
(OnClassCondition)

   DataSourceTransactionMan
agerAutoConfiguration.JdbcT
ransactionManagerConfigurat
ion matched:
      - @ConditionalOnSingl
eCandidate (types: 
javax.sql.DataSource; 
SearchStrategy: all) found 
a single bean 'dataSource' 
(OnBeanCondition)

   DispatcherServletAutoCon
figuration matched:
      - 
@ConditionalOnClass found 
required class 'org.springf
ramework.web.servlet.Dispat
cherServlet' 
(OnClassCondition)
      - found 'session' 
scope 
(OnWebApplicationCondition)

   DispatcherServletAutoCon
figuration.DispatcherServle
tConfiguration matched:
      - 
@ConditionalOnClass found 
required class 'jakarta.ser
vlet.ServletRegistration' 
(OnClassCondition)
      - Default 
DispatcherServlet did not 
find dispatcher servlet 
beans (DispatcherServletAut
oConfiguration.DefaultDispa
tcherServletCondition)

   DispatcherServletAutoCon
figuration.DispatcherServle
tRegistrationConfiguration 
matched:
      - 
@ConditionalOnClass found 
required class 'jakarta.ser
vlet.ServletRegistration' 
(OnClassCondition)
      - DispatcherServlet 
Registration did not find 
servlet registration bean (
DispatcherServletAutoConfig
uration.DispatcherServletRe
gistrationCondition)

   DispatcherServletAutoCon
figuration.DispatcherServle
tRegistrationConfiguration#
dispatcherServletRegistrati
on matched:
      - @ConditionalOnBean 
(names: dispatcherServlet 
types: org.springframework.
web.servlet.DispatcherServl
et; SearchStrategy: all) 
found bean 
'dispatcherServlet' 
(OnBeanCondition)

   
ErrorMvcAutoConfiguration 
matched:
      - 
@ConditionalOnClass found 
required classes 
'jakarta.servlet.Servlet', 
'org.springframework.web.se
rvlet.DispatcherServlet' 
(OnClassCondition)
      - found 'session' 
scope 
(OnWebApplicationCondition)

   ErrorMvcAutoConfiguratio
n#basicErrorController 
matched:
      - 
@ConditionalOnMissingBean 
(types: org.springframework
.boot.web.servlet.error.Err
orController; 
SearchStrategy: current) 
did not find any beans 
(OnBeanCondition)

   ErrorMvcAutoConfiguratio
n#errorAttributes matched:
      - 
@ConditionalOnMissingBean 
(types: org.springframework
.boot.web.servlet.error.Err
orAttributes; 
SearchStrategy: current) 
did not find any beans 
(OnBeanCondition)

   ErrorMvcAutoConfiguratio
n.DefaultErrorViewResolverC
onfiguration#conventionErro
rViewResolver matched:
      - @ConditionalOnBean 
(types: org.springframework
.web.servlet.DispatcherServ
let; SearchStrategy: all) 
found bean 
'dispatcherServlet'; 
@ConditionalOnMissingBean 
(types: org.springframework
.boot.autoconfigure.web.ser
vlet.error.ErrorViewResolve
r; SearchStrategy: all) 
did not find any beans 
(OnBeanCondition)

   ErrorMvcAutoConfiguratio
n.WhitelabelErrorViewConfig
uration matched:
      - 
@ConditionalOnProperty (ser
ver.error.whitelabel.enable
d) matched 
(OnPropertyCondition)
      - ErrorTemplate 
Missing did not find error 
template view (ErrorMvcAuto
Configuration.ErrorTemplate
MissingCondition)

   ErrorMvcAutoConfiguratio
n.WhitelabelErrorViewConfig
uration#beanNameViewResolve
r matched:
      - 
@ConditionalOnMissingBean 
(types: org.springframework
.web.servlet.view.BeanNameV
iewResolver; 
SearchStrategy: all) did 
not find any beans 
(OnBeanCondition)

   ErrorMvcAutoConfiguratio
n.WhitelabelErrorViewConfig
uration#defaultErrorView 
matched:
      - 
@ConditionalOnMissingBean 
(names: error; 
SearchStrategy: all) did 
not find any beans 
(OnBeanCondition)

   
GenericCacheConfiguration 
matched:
      - Cache org.springfra
mework.boot.autoconfigure.c
ache.GenericCacheConfigurat
ion automatic cache type 
(CacheCondition)

   HibernateJpaAutoConfigur
ation matched:
      - 
@ConditionalOnClass found 
required classes 'org.sprin
gframework.orm.jpa.LocalCon
tainerEntityManagerFactoryB
ean', 'jakarta.persistence.
EntityManager', 'org.hibern
ate.engine.spi.SessionImple
mentor' (OnClassCondition)

   
HibernateJpaConfiguration 
matched:
      - @ConditionalOnSingl
eCandidate (types: 
javax.sql.DataSource; 
SearchStrategy: all) found 
a single bean 'dataSource' 
(OnBeanCondition)

   HttpEncodingAutoConfigur
ation matched:
      - 
@ConditionalOnClass found 
required class 'org.springf
ramework.web.filter.Charact
erEncodingFilter' 
(OnClassCondition)
      - found 'session' 
scope 
(OnWebApplicationCondition)
      - 
@ConditionalOnProperty (ser
ver.servlet.encoding.enable
d) matched 
(OnPropertyCondition)

   HttpEncodingAutoConfigur
ation#characterEncodingFilt
er matched:
      - 
@ConditionalOnMissingBean 
(types: org.springframework
.web.filter.CharacterEncodi
ngFilter; SearchStrategy: 
all) did not find any 
beans (OnBeanCondition)

   HttpMessageConvertersAut
oConfiguration matched:
      - 
@ConditionalOnClass found 
required class 'org.springf
ramework.http.converter.Htt
pMessageConverter' 
(OnClassCondition)
      - 
NoneNestedConditions 0 
matched 1 did not; 
NestedCondition on HttpMess
ageConvertersAutoConfigurat
ion.NotReactiveWebApplicati
onCondition.ReactiveWebAppl
ication did not find 
reactive web application 
classes (HttpMessageConvert
ersAutoConfiguration.NotRea
ctiveWebApplicationConditio
n)

   HttpMessageConvertersAut
oConfiguration#messageConve
rters matched:
      - 
@ConditionalOnMissingBean 
(types: org.springframework
.boot.autoconfigure.http.Ht
tpMessageConverters; 
SearchStrategy: all) did 
not find any beans 
(OnBeanCondition)

   HttpMessageConvertersAut
oConfiguration.StringHttpMe
ssageConverterConfiguration
 matched:
      - 
@ConditionalOnClass found 
required class 'org.springf
ramework.http.converter.Str
ingHttpMessageConverter' 
(OnClassCondition)

   HttpMessageConvertersAut
oConfiguration.StringHttpMe
ssageConverterConfiguration
#stringHttpMessageConverter
 matched:
      - 
@ConditionalOnMissingBean 
(types: org.springframework
.http.converter.StringHttpM
essageConverter; 
SearchStrategy: all) did 
not find any beans 
(OnBeanCondition)

   
JacksonAutoConfiguration 
matched:
      - 
@ConditionalOnClass found 
required class 'com.fasterx
ml.jackson.databind.ObjectM
apper' (OnClassCondition)

   JacksonAutoConfiguration
.Jackson2ObjectMapperBuilde
rCustomizerConfiguration 
matched:
      - 
@ConditionalOnClass found 
required class 'org.springf
ramework.http.converter.jso
n.Jackson2ObjectMapperBuild
er' (OnClassCondition)

   JacksonAutoConfiguration
.JacksonObjectMapperBuilder
Configuration matched:
      - 
@ConditionalOnClass found 
required class 'org.springf
ramework.http.converter.jso
n.Jackson2ObjectMapperBuild
er' (OnClassCondition)

   JacksonAutoConfiguration
.JacksonObjectMapperBuilder
Configuration#jacksonObject
MapperBuilder matched:
      - 
@ConditionalOnMissingBean 
(types: org.springframework
.http.converter.json.Jackso
n2ObjectMapperBuilder; 
SearchStrategy: all) did 
not find any beans 
(OnBeanCondition)

   JacksonAutoConfiguration
.JacksonObjectMapperConfigu
ration matched:
      - 
@ConditionalOnClass found 
required class 'org.springf
ramework.http.converter.jso
n.Jackson2ObjectMapperBuild
er' (OnClassCondition)

   JacksonAutoConfiguration
.JacksonObjectMapperConfigu
ration#jacksonObjectMapper 
matched:
      - 
@ConditionalOnMissingBean 
(types: com.fasterxml.jacks
on.databind.ObjectMapper; 
SearchStrategy: all) did 
not find any beans 
(OnBeanCondition)

   JacksonAutoConfiguration
.ParameterNamesModuleConfig
uration matched:
      - 
@ConditionalOnClass found 
required class 'com.fasterx
ml.jackson.module.paramname
s.ParameterNamesModule' 
(OnClassCondition)

   JacksonAutoConfiguration
.ParameterNamesModuleConfig
uration#parameterNamesModul
e matched:
      - 
@ConditionalOnMissingBean 
(types: com.fasterxml.jacks
on.module.paramnames.Parame
terNamesModule; 
SearchStrategy: all) did 
not find any beans 
(OnBeanCondition)

   JacksonHttpMessageConver
tersConfiguration.MappingJa
ckson2HttpMessageConverterC
onfiguration matched:
      - 
@ConditionalOnClass found 
required class 'com.fasterx
ml.jackson.databind.ObjectM
apper' (OnClassCondition)
      - 
@ConditionalOnProperty (spr
ing.mvc.converters.preferre
d-json-mapper=jackson) 
matched 
(OnPropertyCondition)
      - @ConditionalOnBean 
(types: com.fasterxml.jacks
on.databind.ObjectMapper; 
SearchStrategy: all) found 
bean 'jacksonObjectMapper' 
(OnBeanCondition)

   JacksonHttpMessageConver
tersConfiguration.MappingJa
ckson2HttpMessageConverterC
onfiguration#mappingJackson
2HttpMessageConverter 
matched:
      - 
@ConditionalOnMissingBean 
(types: org.springframework
.http.converter.json.Mappin
gJackson2HttpMessageConvert
er ignored: org.springframe
work.hateoas.server.mvc.Typ
eConstrainedMappingJackson2
HttpMessageConverter,org.sp
ringframework.data.rest.web
mvc.alps.AlpsJsonHttpMessag
eConverter; 
SearchStrategy: all) did 
not find any beans 
(OnBeanCondition)

   JdbcClientAutoConfigurat
ion matched:
      - @ConditionalOnSingl
eCandidate (types: org.spri
ngframework.jdbc.core.named
param.NamedParameterJdbcTem
plate; SearchStrategy: 
all) found a single bean 'n
amedParameterJdbcTemplate';
 @ConditionalOnMissingBean 
(types: org.springframework
.jdbc.core.simple.JdbcClien
t; SearchStrategy: all) 
did not find any beans 
(OnBeanCondition)

   JdbcTemplateAutoConfigur
ation matched:
      - 
@ConditionalOnClass found 
required classes 
'javax.sql.DataSource', 'or
g.springframework.jdbc.core
.JdbcTemplate' 
(OnClassCondition)
      - @ConditionalOnSingl
eCandidate (types: 
javax.sql.DataSource; 
SearchStrategy: all) found 
a single bean 'dataSource' 
(OnBeanCondition)

   
JdbcTemplateConfiguration 
matched:
      - 
@ConditionalOnMissingBean 
(types: org.springframework
.jdbc.core.JdbcOperations; 
SearchStrategy: all) did 
not find any beans 
(OnBeanCondition)

   JpaBaseConfiguration#ent
ityManagerFactory matched:
      - 
@ConditionalOnMissingBean 
(types: org.springframework
.orm.jpa.LocalContainerEnti
tyManagerFactoryBean,jakart
a.persistence.EntityManager
Factory; SearchStrategy: 
all) did not find any 
beans (OnBeanCondition)

   JpaBaseConfiguration#ent
ityManagerFactoryBuilder 
matched:
      - 
@ConditionalOnMissingBean 
(types: org.springframework
.boot.orm.jpa.EntityManager
FactoryBuilder; 
SearchStrategy: all) did 
not find any beans 
(OnBeanCondition)

   JpaBaseConfiguration#jpa
VendorAdapter matched:
      - 
@ConditionalOnMissingBean 
(types: org.springframework
.orm.jpa.JpaVendorAdapter; 
SearchStrategy: all) did 
not find any beans 
(OnBeanCondition)

   JpaBaseConfiguration#tra
nsactionManager matched:
      - 
@ConditionalOnMissingBean 
(types: org.springframework
.transaction.TransactionMan
ager; SearchStrategy: all) 
did not find any beans 
(OnBeanCondition)

   JpaBaseConfiguration.Jpa
WebConfiguration matched:
      - 
@ConditionalOnClass found 
required class 'org.springf
ramework.web.servlet.config
.annotation.WebMvcConfigure
r' (OnClassCondition)
      - found 'session' 
scope 
(OnWebApplicationCondition)
      - 
@ConditionalOnProperty (spr
ing.jpa.open-in-view=true) 
matched 
(OnPropertyCondition)
      - 
@ConditionalOnMissingBean 
(types: org.springframework
.orm.jpa.support.OpenEntity
ManagerInViewInterceptor,or
g.springframework.orm.jpa.s
upport.OpenEntityManagerInV
iewFilter; SearchStrategy: 
all) did not find any 
beans (OnBeanCondition)

   JpaBaseConfiguration.Per
sistenceManagedTypesConfigu
ration matched:
      - 
@ConditionalOnMissingBean 
(types: org.springframework
.orm.jpa.LocalContainerEnti
tyManagerFactoryBean,jakart
a.persistence.EntityManager
Factory; SearchStrategy: 
all) did not find any 
beans (OnBeanCondition)

   JpaBaseConfiguration.Per
sistenceManagedTypesConfigu
ration#persistenceManagedTy
pes matched:
      - 
@ConditionalOnMissingBean 
(types: org.springframework
.orm.jpa.persistenceunit.Pe
rsistenceManagedTypes; 
SearchStrategy: all) did 
not find any beans 
(OnBeanCondition)

   JpaRepositoriesAutoConfi
guration matched:
      - 
@ConditionalOnClass found 
required class 'org.springf
ramework.data.jpa.repositor
y.JpaRepository' 
(OnClassCondition)
      - 
@ConditionalOnProperty (spr
ing.data.jpa.repositories.e
nabled=true) matched 
(OnPropertyCondition)
      - @ConditionalOnBean 
(types: 
javax.sql.DataSource; 
SearchStrategy: all) found 
bean 'dataSource'; 
@ConditionalOnMissingBean 
(types: org.springframework
.data.jpa.repository.suppor
t.JpaRepositoryFactoryBean,
org.springframework.data.jp
a.repository.config.JpaRepo
sitoryConfigExtension; 
SearchStrategy: all) did 
not find any beans 
(OnBeanCondition)

   JtaAutoConfiguration 
matched:
      - 
@ConditionalOnClass found 
required class 'jakarta.tra
nsaction.Transaction' 
(OnClassCondition)
      - 
@ConditionalOnProperty 
(spring.jta.enabled) 
matched 
(OnPropertyCondition)

   LifecycleAutoConfigurati
on#defaultLifecycleProcesso
r matched:
      - 
@ConditionalOnMissingBean 
(names: 
lifecycleProcessor; 
SearchStrategy: current) 
did not find any beans 
(OnBeanCondition)

   
MultipartAutoConfiguration 
matched:
      - 
@ConditionalOnClass found 
required classes 
'jakarta.servlet.Servlet', 
'org.springframework.web.mu
ltipart.support.StandardSer
vletMultipartResolver', 'ja
karta.servlet.MultipartConf
igElement' 
(OnClassCondition)
      - found 'session' 
scope 
(OnWebApplicationCondition)
      - 
@ConditionalOnProperty (spr
ing.servlet.multipart.enabl
ed) matched 
(OnPropertyCondition)

   MultipartAutoConfigurati
on#multipartConfigElement 
matched:
      - 
@ConditionalOnMissingBean 
(types: jakarta.servlet.Mul
tipartConfigElement; 
SearchStrategy: all) did 
not find any beans 
(OnBeanCondition)

   MultipartAutoConfigurati
on#multipartResolver 
matched:
      - 
@ConditionalOnMissingBean 
(types: org.springframework
.web.multipart.MultipartRes
olver; SearchStrategy: 
all) did not find any 
beans (OnBeanCondition)

   NamedParameterJdbcTempla
teConfiguration matched:
      - @ConditionalOnSingl
eCandidate (types: org.spri
ngframework.jdbc.core.JdbcT
emplate; SearchStrategy: 
all) found a single bean 
'jdbcTemplate'; 
@ConditionalOnMissingBean 
(types: org.springframework
.jdbc.core.namedparam.Named
ParameterJdbcOperations; 
SearchStrategy: all) did 
not find any beans 
(OnBeanCondition)

   NoOpCacheConfiguration 
matched:
      - Cache org.springfra
mework.boot.autoconfigure.c
ache.NoOpCacheConfiguration
 automatic cache type 
(CacheCondition)

   PersistenceExceptionTran
slationAutoConfiguration 
matched:
      - 
@ConditionalOnClass found 
required class 'org.springf
ramework.dao.annotation.Per
sistenceExceptionTranslatio
nPostProcessor' 
(OnClassCondition)

   PersistenceExceptionTran
slationAutoConfiguration#pe
rsistenceExceptionTranslati
onPostProcessor matched:
      - 
@ConditionalOnProperty (spr
ing.dao.exceptiontranslatio
n.enabled) matched 
(OnPropertyCondition)
      - 
@ConditionalOnMissingBean 
(types: org.springframework
.dao.annotation.Persistence
ExceptionTranslationPostPro
cessor; SearchStrategy: 
all) did not find any 
beans (OnBeanCondition)

   PropertyPlaceholderAutoC
onfiguration#propertySource
sPlaceholderConfigurer 
matched:
      - 
@ConditionalOnMissingBean 
(types: org.springframework
.context.support.PropertySo
urcesPlaceholderConfigurer;
 SearchStrategy: current) 
did not find any beans 
(OnBeanCondition)

   RestClientAutoConfigurat
ion matched:
      - 
@ConditionalOnClass found 
required class 'org.springf
ramework.web.client.RestCli
ent' (OnClassCondition)
      - 
NoneNestedConditions 0 
matched 1 did not; 
NestedCondition on NotReact
iveWebApplicationCondition.
ReactiveWebApplication did 
not find reactive web 
application classes (NotRea
ctiveWebApplicationConditio
n)

   RestClientAutoConfigurat
ion#httpMessageConvertersRe
stClientCustomizer matched:
      - 
@ConditionalOnMissingBean 
(types: org.springframework
.boot.autoconfigure.web.cli
ent.HttpMessageConvertersRe
stClientCustomizer; 
SearchStrategy: all) did 
not find any beans 
(OnBeanCondition)

   RestClientAutoConfigurat
ion#restClientBuilder 
matched:
      - 
@ConditionalOnMissingBean 
(types: org.springframework
.web.client.RestClient$Buil
der; SearchStrategy: all) 
did not find any beans 
(OnBeanCondition)

   RestClientAutoConfigurat
ion#restClientBuilderConfig
urer matched:
      - 
@ConditionalOnMissingBean 
(types: org.springframework
.boot.autoconfigure.web.cli
ent.RestClientBuilderConfig
urer; SearchStrategy: all) 
did not find any beans 
(OnBeanCondition)

   RestClientAutoConfigurat
ion#restClientSsl matched:
      - @ConditionalOnBean 
(types: org.springframework
.boot.ssl.SslBundles; 
SearchStrategy: all) found 
bean 'sslBundleRegistry'; 
@ConditionalOnMissingBean 
(types: org.springframework
.boot.autoconfigure.web.cli
ent.RestClientSsl; 
SearchStrategy: all) did 
not find any beans 
(OnBeanCondition)

   RestTemplateAutoConfigur
ation matched:
      - 
@ConditionalOnClass found 
required class 'org.springf
ramework.web.client.RestTem
plate' (OnClassCondition)
      - 
NoneNestedConditions 0 
matched 1 did not; 
NestedCondition on NotReact
iveWebApplicationCondition.
ReactiveWebApplication did 
not find reactive web 
application classes (NotRea
ctiveWebApplicationConditio
n)

   RestTemplateAutoConfigur
ation#restTemplateBuilder 
matched:
      - 
@ConditionalOnMissingBean 
(types: org.springframework
.boot.web.client.RestTempla
teBuilder; SearchStrategy: 
all) did not find any 
beans (OnBeanCondition)

   
SecurityAutoConfiguration 
matched:
      - 
@ConditionalOnClass found 
required class 'org.springf
ramework.security.authentic
ation.DefaultAuthentication
EventPublisher' 
(OnClassCondition)

   SecurityAutoConfiguratio
n#authenticationEventPublis
her matched:
      - 
@ConditionalOnMissingBean 
(types: org.springframework
.security.authentication.Au
thenticationEventPublisher;
 SearchStrategy: all) did 
not find any beans 
(OnBeanCondition)

   SecurityFilterAutoConfig
uration matched:
      - 
@ConditionalOnClass found 
required classes 'org.sprin
gframework.security.web.con
text.AbstractSecurityWebApp
licationInitializer', 'org.
springframework.security.co
nfig.http.SessionCreationPo
licy' (OnClassCondition)
      - found 'session' 
scope 
(OnWebApplicationCondition)

   SecurityFilterAutoConfig
uration#securityFilterChain
Registration matched:
      - @ConditionalOnBean 
(names: 
springSecurityFilterChain; 
SearchStrategy: all) found 
bean 'springSecurityFilterC
hain' (OnBeanCondition)

   ServletWebServerFactoryA
utoConfiguration matched:
      - 
@ConditionalOnClass found 
required class 'jakarta.ser
vlet.ServletRequest' 
(OnClassCondition)
      - found 'session' 
scope 
(OnWebApplicationCondition)

   ServletWebServerFactoryA
utoConfiguration#tomcatServ
letWebServerFactoryCustomiz
er matched:
      - 
@ConditionalOnClass found 
required class 'org.apache.
catalina.startup.Tomcat' 
(OnClassCondition)

   ServletWebServerFactoryC
onfiguration.EmbeddedTomcat
 matched:
      - 
@ConditionalOnClass found 
required classes 
'jakarta.servlet.Servlet', 
'org.apache.catalina.startu
p.Tomcat', 'org.apache.coyo
te.UpgradeProtocol' 
(OnClassCondition)
      - 
@ConditionalOnMissingBean 
(types: org.springframework
.boot.web.servlet.server.Se
rvletWebServerFactory; 
SearchStrategy: current) 
did not find any beans 
(OnBeanCondition)

   
SimpleCacheConfiguration 
matched:
      - Cache org.springfra
mework.boot.autoconfigure.c
ache.SimpleCacheConfigurati
on automatic cache type 
(CacheCondition)

   SpringBootWebSecurityCon
figuration matched:
      - found 'session' 
scope 
(OnWebApplicationCondition)

   SpringBootWebSecurityCon
figuration.WebSecurityEnabl
erConfiguration matched:
      - 
@ConditionalOnClass found 
required class 'org.springf
ramework.security.config.an
notation.web.configuration.
EnableWebSecurity' 
(OnClassCondition)
      - 
@ConditionalOnMissingBean 
(names: 
springSecurityFilterChain; 
SearchStrategy: all) did 
not find any beans 
(OnBeanCondition)

   SpringDataWebAutoConfigu
ration matched:
      - 
@ConditionalOnClass found 
required classes 'org.sprin
gframework.data.web.Pageabl
eHandlerMethodArgumentResol
ver', 'org.springframework.
web.servlet.config.annotati
on.WebMvcConfigurer' 
(OnClassCondition)
      - found 'session' 
scope 
(OnWebApplicationCondition)
      - 
@ConditionalOnMissingBean 
(types: org.springframework
.data.web.PageableHandlerMe
thodArgumentResolver; 
SearchStrategy: all) did 
not find any beans 
(OnBeanCondition)

   SpringDataWebAutoConfigu
ration#pageableCustomizer 
matched:
      - 
@ConditionalOnMissingBean 
(types: org.springframework
.data.web.config.PageableHa
ndlerMethodArgumentResolver
Customizer; 
SearchStrategy: all) did 
not find any beans 
(OnBeanCondition)

   SpringDataWebAutoConfigu
ration#sortCustomizer 
matched:
      - 
@ConditionalOnMissingBean 
(types: org.springframework
.data.web.config.SortHandle
rMethodArgumentResolverCust
omizer; SearchStrategy: 
all) did not find any 
beans (OnBeanCondition)

   SqlInitializationAutoCon
figuration matched:
      - 
@ConditionalOnProperty 
(spring.sql.init.enabled) 
matched 
(OnPropertyCondition)
      - 
NoneNestedConditions 0 
matched 1 did not; 
NestedCondition on SqlIniti
alizationAutoConfiguration.
SqlInitializationModeCondit
ion.ModeIsNever 
@ConditionalOnProperty (spr
ing.sql.init.mode=never) 
did not find property 
'mode' (SqlInitializationAu
toConfiguration.SqlInitiali
zationModeCondition)

   SslAutoConfiguration#ssl
BundleRegistry matched:
      - 
@ConditionalOnMissingBean 
(types: org.springframework
.boot.ssl.SslBundleRegistry
,org.springframework.boot.s
sl.SslBundles; 
SearchStrategy: all) did 
not find any beans 
(OnBeanCondition)

   TaskExecutionAutoConfigu
ration matched:
      - 
@ConditionalOnClass found 
required class 'org.springf
ramework.scheduling.concurr
ent.ThreadPoolTaskExecutor'
 (OnClassCondition)

   TaskExecutorConfiguratio
ns.SimpleAsyncTaskExecutorB
uilderConfiguration#simpleA
syncTaskExecutorBuilder 
matched:
      - 
@ConditionalOnMissingBean 
(types: org.springframework
.boot.task.SimpleAsyncTaskE
xecutorBuilder; 
SearchStrategy: all) did 
not find any beans 
(OnBeanCondition)
      - 
@ConditionalOnThreading 
found PLATFORM 
(OnThreadingCondition)

   TaskExecutorConfiguratio
ns.TaskExecutorBuilderConfi
guration#taskExecutorBuilde
r matched:
      - 
@ConditionalOnMissingBean 
(types: org.springframework
.boot.task.TaskExecutorBuil
der; SearchStrategy: all) 
did not find any beans 
(OnBeanCondition)

   TaskExecutorConfiguratio
ns.TaskExecutorConfiguratio
n matched:
      - 
@ConditionalOnMissingBean 
(types: java.util.concurren
t.Executor; 
SearchStrategy: all) did 
not find any beans 
(OnBeanCondition)

   TaskExecutorConfiguratio
ns.TaskExecutorConfiguratio
n#applicationTaskExecutor 
matched:
      - 
@ConditionalOnThreading 
found PLATFORM 
(OnThreadingCondition)

   TaskExecutorConfiguratio
ns.ThreadPoolTaskExecutorBu
ilderConfiguration#threadPo
olTaskExecutorBuilder 
matched:
      - 
@ConditionalOnMissingBean 
(types: org.springframework
.boot.task.TaskExecutorBuil
der,org.springframework.boo
t.task.ThreadPoolTaskExecut
orBuilder; SearchStrategy: 
all) did not find any 
beans (OnBeanCondition)

   TaskSchedulingAutoConfig
uration matched:
      - 
@ConditionalOnClass found 
required class 'org.springf
ramework.scheduling.concurr
ent.ThreadPoolTaskScheduler
' (OnClassCondition)

   TaskSchedulingConfigurat
ions.SimpleAsyncTaskSchedul
erBuilderConfiguration#simp
leAsyncTaskSchedulerBuilder
 matched:
      - 
@ConditionalOnMissingBean 
(types: org.springframework
.boot.task.SimpleAsyncTaskS
chedulerBuilder; 
SearchStrategy: all) did 
not find any beans 
(OnBeanCondition)
      - 
@ConditionalOnThreading 
found PLATFORM 
(OnThreadingCondition)

   TaskSchedulingConfigurat
ions.TaskSchedulerBuilderCo
nfiguration#taskSchedulerBu
ilder matched:
      - 
@ConditionalOnMissingBean 
(types: org.springframework
.boot.task.TaskSchedulerBui
lder; SearchStrategy: all) 
did not find any beans 
(OnBeanCondition)

   TaskSchedulingConfigurat
ions.ThreadPoolTaskSchedule
rBuilderConfiguration#threa
dPoolTaskSchedulerBuilder 
matched:
      - 
@ConditionalOnMissingBean 
(types: org.springframework
.boot.task.TaskSchedulerBui
lder,org.springframework.bo
ot.task.ThreadPoolTaskSched
ulerBuilder; 
SearchStrategy: all) did 
not find any beans 
(OnBeanCondition)

   TransactionAutoConfigura
tion matched:
      - 
@ConditionalOnClass found 
required class 'org.springf
ramework.transaction.Platfo
rmTransactionManager' 
(OnClassCondition)

   TransactionAutoConfigura
tion.EnableTransactionManag
ementConfiguration matched:
      - @ConditionalOnBean 
(types: org.springframework
.transaction.TransactionMan
ager; SearchStrategy: all) 
found bean 
'transactionManager'; 
@ConditionalOnMissingBean 
(types: org.springframework
.transaction.annotation.Abs
tractTransactionManagementC
onfiguration; 
SearchStrategy: all) did 
not find any beans 
(OnBeanCondition)

   TransactionAutoConfigura
tion.EnableTransactionManag
ementConfiguration.CglibAut
oProxyConfiguration 
matched:
      - 
@ConditionalOnProperty (spr
ing.aop.proxy-target-class=
true) matched 
(OnPropertyCondition)

   TransactionAutoConfigura
tion.TransactionTemplateCon
figuration matched:
      - @ConditionalOnSingl
eCandidate (types: org.spri
ngframework.transaction.Pla
tformTransactionManager; 
SearchStrategy: all) found 
a single bean 
'transactionManager' 
(OnBeanCondition)

   TransactionAutoConfigura
tion.TransactionTemplateCon
figuration#transactionTempl
ate matched:
      - 
@ConditionalOnMissingBean 
(types: org.springframework
.transaction.support.Transa
ctionOperations; 
SearchStrategy: all) did 
not find any beans 
(OnBeanCondition)

   TransactionManagerCustom
izationAutoConfiguration 
matched:
      - 
@ConditionalOnClass found 
required class 'org.springf
ramework.transaction.Platfo
rmTransactionManager' 
(OnClassCondition)

   TransactionManagerCustom
izationAutoConfiguration#pl
atformTransactionManagerCus
tomizers matched:
      - 
@ConditionalOnMissingBean 
(types: org.springframework
.boot.autoconfigure.transac
tion.TransactionManagerCust
omizers; SearchStrategy: 
all) did not find any 
beans (OnBeanCondition)

   ValidationAutoConfigurat
ion matched:
      - 
@ConditionalOnClass found 
required class 'jakarta.val
idation.executable.Executab
leValidator' 
(OnClassCondition)
      - 
@ConditionalOnResource 
found location classpath:ME
TA-INF/services/jakarta.val
idation.spi.ValidationProvi
der (OnResourceCondition)

   ValidationAutoConfigurat
ion#defaultValidator 
matched:
      - 
@ConditionalOnMissingBean 
(types: jakarta.validation.
Validator; SearchStrategy: 
all) did not find any 
beans (OnBeanCondition)

   ValidationAutoConfigurat
ion#methodValidationPostPro
cessor matched:
      - 
@ConditionalOnMissingBean 
(types: org.springframework
.validation.beanvalidation.
MethodValidationPostProcess
or; SearchStrategy: 
current) did not find any 
beans (OnBeanCondition)

   WebMvcAutoConfiguration 
matched:
      - 
@ConditionalOnClass found 
required classes 
'jakarta.servlet.Servlet', 
'org.springframework.web.se
rvlet.DispatcherServlet', '
org.springframework.web.ser
vlet.config.annotation.WebM
vcConfigurer' 
(OnClassCondition)
      - found 'session' 
scope 
(OnWebApplicationCondition)
      - 
@ConditionalOnMissingBean 
(types: org.springframework
.web.servlet.config.annotat
ion.WebMvcConfigurationSupp
ort; SearchStrategy: all) 
did not find any beans 
(OnBeanCondition)

   WebMvcAutoConfiguration#
formContentFilter matched:
      - 
@ConditionalOnProperty (spr
ing.mvc.formcontent.filter.
enabled) matched 
(OnPropertyCondition)
      - 
@ConditionalOnMissingBean 
(types: org.springframework
.web.filter.FormContentFilt
er; SearchStrategy: all) 
did not find any beans 
(OnBeanCondition)

   WebMvcAutoConfiguration.
EnableWebMvcConfiguration#f
lashMapManager matched:
      - 
@ConditionalOnMissingBean 
(names: flashMapManager; 
SearchStrategy: all) did 
not find any beans 
(OnBeanCondition)

   WebMvcAutoConfiguration.
EnableWebMvcConfiguration#l
ocaleResolver matched:
      - 
@ConditionalOnMissingBean 
(names: localeResolver; 
SearchStrategy: all) did 
not find any beans 
(OnBeanCondition)

   WebMvcAutoConfiguration.
EnableWebMvcConfiguration#t
hemeResolver matched:
      - 
@ConditionalOnMissingBean 
(names: themeResolver; 
SearchStrategy: all) did 
not find any beans 
(OnBeanCondition)

   WebMvcAutoConfiguration.
WebMvcAutoConfigurationAdap
ter#defaultViewResolver 
matched:
      - 
@ConditionalOnMissingBean 
(types: org.springframework
.web.servlet.view.InternalR
esourceViewResolver; 
SearchStrategy: all) did 
not find any beans 
(OnBeanCondition)

   WebMvcAutoConfiguration.
WebMvcAutoConfigurationAdap
ter#requestContextFilter 
matched:
      - 
@ConditionalOnMissingBean 
(types: org.springframework
.web.context.request.Reques
tContextListener,org.spring
framework.web.filter.Reques
tContextFilter; 
SearchStrategy: all) did 
not find any beans 
(OnBeanCondition)

   WebMvcAutoConfiguration.
WebMvcAutoConfigurationAdap
ter#viewResolver matched:
      - @ConditionalOnBean 
(types: org.springframework
.web.servlet.ViewResolver; 
SearchStrategy: all) found 
beans 
'defaultViewResolver', 
'beanNameViewResolver', 
'mvcViewResolver'; 
@ConditionalOnMissingBean 
(names: viewResolver 
types: org.springframework.
web.servlet.view.ContentNeg
otiatingViewResolver; 
SearchStrategy: all) did 
not find any beans 
(OnBeanCondition)

   WebSocketServletAutoConf
iguration matched:
      - 
@ConditionalOnClass found 
required classes 
'jakarta.servlet.Servlet', 
'jakarta.websocket.server.S
erverContainer' 
(OnClassCondition)
      - found 'session' 
scope 
(OnWebApplicationCondition)

   WebSocketServletAutoConf
iguration.TomcatWebSocketCo
nfiguration matched:
      - 
@ConditionalOnClass found 
required classes 'org.apach
e.catalina.startup.Tomcat',
 'org.apache.tomcat.websock
et.server.WsSci' 
(OnClassCondition)

   WebSocketServletAutoConf
iguration.TomcatWebSocketCo
nfiguration#websocketServle
tWebServerCustomizer 
matched:
      - 
@ConditionalOnMissingBean 
(names: websocketServletWeb
ServerCustomizer; 
SearchStrategy: all) did 
not find any beans 
(OnBeanCondition)


Negative matches:
-----------------

   
ActiveMQAutoConfiguration:
      Did not match:
         - 
@ConditionalOnClass did 
not find required class 'ja
karta.jms.ConnectionFactory
' (OnClassCondition)

   AopAutoConfiguration.Asp
ectJAutoProxyingConfigurati
on.JdkDynamicAutoProxyConfi
guration:
      Did not match:
         - 
@ConditionalOnProperty (spr
ing.aop.proxy-target-class=
false) did not find 
property 
'proxy-target-class' 
(OnPropertyCondition)

   AopAutoConfiguration.Cla
ssProxyingConfiguration:
      Did not match:
         - 
@ConditionalOnMissingClass 
found unwanted class 'org.a
spectj.weaver.Advice' 
(OnClassCondition)

   
ArtemisAutoConfiguration:
      Did not match:
         - 
@ConditionalOnClass did 
not find required class 'ja
karta.jms.ConnectionFactory
' (OnClassCondition)

   BatchAutoConfiguration:
      Did not match:
         - 
@ConditionalOnClass did 
not find required class 'or
g.springframework.batch.cor
e.launch.JobLauncher' 
(OnClassCondition)

   
Cache2kCacheConfiguration:
      Did not match:
         - 
@ConditionalOnClass did 
not find required class 'or
g.cache2k.Cache2kBuilder' 
(OnClassCondition)

   CacheAutoConfiguration:
      Did not match:
         - 
@ConditionalOnBean (types: 
org.springframework.cache.i
nterceptor.CacheAspectSuppo
rt; SearchStrategy: all) 
did not find any beans of 
type org.springframework.ca
che.interceptor.CacheAspect
Support (OnBeanCondition)
      Matched:
         - 
@ConditionalOnClass found 
required class 'org.springf
ramework.cache.CacheManager
' (OnClassCondition)

   CacheAutoConfiguration.C
acheManagerEntityManagerFac
toryDependsOnPostProcessor:
      Did not match:
         - Ancestor org.spr
ingframework.boot.autoconfi
gure.cache.CacheAutoConfigu
ration did not match (Condi
tionEvaluationReport.Ancest
orsMatchedCondition)
      Matched:
         - 
@ConditionalOnClass found 
required class 'org.springf
ramework.orm.jpa.LocalConta
inerEntityManagerFactoryBea
n' (OnClassCondition)

   
CaffeineCacheConfiguration:
      Did not match:
         - 
@ConditionalOnClass did 
not find required class 'co
m.github.benmanes.caffeine.
cache.Caffeine' 
(OnClassCondition)

   
CassandraAutoConfiguration:
      Did not match:
         - 
@ConditionalOnClass did 
not find required class 'co
m.datastax.oss.driver.api.c
ore.CqlSession' 
(OnClassCondition)

   CassandraDataAutoConfigu
ration:
      Did not match:
         - 
@ConditionalOnClass did 
not find required class 'co
m.datastax.oss.driver.api.c
ore.CqlSession' 
(OnClassCondition)

   CassandraReactiveDataAut
oConfiguration:
      Did not match:
         - 
@ConditionalOnClass did 
not find required class 'co
m.datastax.oss.driver.api.c
ore.CqlSession' 
(OnClassCondition)

   CassandraReactiveReposit
oriesAutoConfiguration:
      Did not match:
         - 
@ConditionalOnClass did 
not find required class 'or
g.springframework.data.cass
andra.ReactiveSession' 
(OnClassCondition)

   CassandraRepositoriesAut
oConfiguration:
      Did not match:
         - 
@ConditionalOnClass did 
not find required class 'co
m.datastax.oss.driver.api.c
ore.CqlSession' 
(OnClassCondition)

   ClientHttpConnectorAutoC
onfiguration:
      Did not match:
         - 
@ConditionalOnClass did 
not find required class 'or
g.springframework.web.react
ive.function.client.WebClie
nt' (OnClassCondition)

   CodecsAutoConfiguration:
      Did not match:
         - 
@ConditionalOnClass did 
not find required class 'or
g.springframework.web.react
ive.function.client.WebClie
nt' (OnClassCondition)

   
CouchbaseAutoConfiguration:
      Did not match:
         - 
@ConditionalOnClass did 
not find required class 'co
m.couchbase.client.java.Clu
ster' (OnClassCondition)

   CouchbaseCacheConfigurat
ion:
      Did not match:
         - 
@ConditionalOnClass did 
not find required class 'co
m.couchbase.client.java.Clu
ster' (OnClassCondition)

   CouchbaseDataAutoConfigu
ration:
      Did not match:
         - 
@ConditionalOnClass did 
not find required class 'co
m.couchbase.client.java.Buc
ket' (OnClassCondition)

   CouchbaseReactiveDataAut
oConfiguration:
      Did not match:
         - 
@ConditionalOnClass did 
not find required class 'co
m.couchbase.client.java.Clu
ster' (OnClassCondition)

   CouchbaseReactiveReposit
oriesAutoConfiguration:
      Did not match:
         - 
@ConditionalOnClass did 
not find required class 'co
m.couchbase.client.java.Clu
ster' (OnClassCondition)

   CouchbaseRepositoriesAut
oConfiguration:
      Did not match:
         - 
@ConditionalOnClass did 
not find required class 'co
m.couchbase.client.java.Buc
ket' (OnClassCondition)

   DataSourceAutoConfigurat
ion.EmbeddedDatabaseConfigu
ration:
      Did not match:
         - 
EmbeddedDataSource 
spring.datasource.url is 
set (DataSourceAutoConfigur
ation.EmbeddedDatabaseCondi
tion)

   DataSourceCheckpointRest
oreConfiguration:
      Did not match:
         - 
@ConditionalOnClass did 
not find required class 
'org.crac.Resource' 
(OnClassCondition)

   DataSourceConfiguration.
Dbcp2:
      Did not match:
         - 
@ConditionalOnClass did 
not find required class 'or
g.apache.commons.dbcp2.Basi
cDataSource' 
(OnClassCondition)

   DataSourceConfiguration.
Generic:
      Did not match:
         - 
@ConditionalOnProperty 
(spring.datasource.type) 
did not find property 
'spring.datasource.type' 
(OnPropertyCondition)

   DataSourceConfiguration.
OracleUcp:
      Did not match:
         - 
@ConditionalOnClass did 
not find required classes '
oracle.ucp.jdbc.PoolDataSou
rceImpl', 'oracle.jdbc.Orac
leConnection' 
(OnClassCondition)

   DataSourceConfiguration.
Tomcat:
      Did not match:
         - 
@ConditionalOnClass did 
not find required class 'or
g.apache.tomcat.jdbc.pool.D
ataSource' 
(OnClassCondition)

   
DataSourceJmxConfiguration:
      Did not match:
         - 
@ConditionalOnProperty 
(spring.jmx.enabled=true) 
found different value in 
property 'enabled' 
(OnPropertyCondition)

   DataSourcePoolMetadataPr
ovidersConfiguration.Common
sDbcp2PoolDataSourceMetadat
aProviderConfiguration:
      Did not match:
         - 
@ConditionalOnClass did 
not find required class 'or
g.apache.commons.dbcp2.Basi
cDataSource' 
(OnClassCondition)

   DataSourcePoolMetadataPr
ovidersConfiguration.Oracle
UcpPoolDataSourceMetadataPr
oviderConfiguration:
      Did not match:
         - 
@ConditionalOnClass did 
not find required classes '
oracle.ucp.jdbc.PoolDataSou
rce', 'oracle.jdbc.OracleCo
nnection' 
(OnClassCondition)

   DataSourcePoolMetadataPr
ovidersConfiguration.Tomcat
DataSourcePoolMetadataProvi
derConfiguration:
      Did not match:
         - 
@ConditionalOnClass did 
not find required class 'or
g.apache.tomcat.jdbc.pool.D
ataSource' 
(OnClassCondition)

   DataSourceTransactionMan
agerAutoConfiguration.JdbcT
ransactionManagerConfigurat
ion#transactionManager:
      Did not match:
         - 
@ConditionalOnMissingBean 
(types: org.springframework
.transaction.TransactionMan
ager; SearchStrategy: all) 
found beans of type 'org.sp
ringframework.transaction.T
ransactionManager' 
transactionManager 
(OnBeanCondition)

   DispatcherServletAutoCon
figuration.DispatcherServle
tConfiguration#multipartRes
olver:
      Did not match:
         - 
@ConditionalOnBean (types: 
org.springframework.web.mul
tipart.MultipartResolver; 
SearchStrategy: all) did 
not find any beans of type 
org.springframework.web.mul
tipart.MultipartResolver 
(OnBeanCondition)

   ElasticsearchClientAutoC
onfiguration:
      Did not match:
         - 
@ConditionalOnClass did 
not find required class 'co
.elastic.clients.elasticsea
rch.ElasticsearchClient' 
(OnClassCondition)

   ElasticsearchDataAutoCon
figuration:
      Did not match:
         - 
@ConditionalOnClass did 
not find required class 'or
g.springframework.data.elas
ticsearch.client.elc.Elasti
csearchTemplate' 
(OnClassCondition)

   ElasticsearchRepositorie
sAutoConfiguration:
      Did not match:
         - 
@ConditionalOnClass did 
not find required class 'or
g.springframework.data.elas
ticsearch.repository.Elasti
csearchRepository' 
(OnClassCondition)

   ElasticsearchRestClientA
utoConfiguration:
      Did not match:
         - 
@ConditionalOnClass did 
not find required class 'or
g.elasticsearch.client.Rest
ClientBuilder' 
(OnClassCondition)

   EmbeddedLdapAutoConfigur
ation:
      Did not match:
         - 
@ConditionalOnClass did 
not find required class 'co
m.unboundid.ldap.listener.I
nMemoryDirectoryServer' 
(OnClassCondition)

   EmbeddedWebServerFactory
CustomizerAutoConfiguration
:
      Did not match:
         - Application is 
deployed as a WAR file. 
(OnWarDeploymentCondition)
      Matched:
         - @ConditionalOnWe
bApplication (required) 
found 'session' scope 
(OnWebApplicationCondition)

   ErrorWebFluxAutoConfigur
ation:
      Did not match:
         - 
@ConditionalOnClass did 
not find required class 'or
g.springframework.web.react
ive.config.WebFluxConfigure
r' (OnClassCondition)

   FlywayAutoConfiguration:
      Did not match:
         - 
@ConditionalOnClass did 
not find required class 
'org.flywaydb.core.Flyway' 
(OnClassCondition)

   FreeMarkerAutoConfigurat
ion:
      Did not match:
         - 
@ConditionalOnClass did 
not find required class 'fr
eemarker.template.Configura
tion' (OnClassCondition)

   
GraphQlAutoConfiguration:
      Did not match:
         - 
@ConditionalOnClass did 
not find required class 
'graphql.GraphQL' 
(OnClassCondition)

   GraphQlQueryByExampleAut
oConfiguration:
      Did not match:
         - 
@ConditionalOnClass did 
not find required class 
'graphql.GraphQL' 
(OnClassCondition)

   GraphQlQuerydslAutoConfi
guration:
      Did not match:
         - 
@ConditionalOnClass did 
not find required class 
'com.querydsl.core.Query' 
(OnClassCondition)

   GraphQlRSocketAutoConfig
uration:
      Did not match:
         - 
@ConditionalOnClass did 
not find required class 
'graphql.GraphQL' 
(OnClassCondition)

   GraphQlReactiveQueryByEx
ampleAutoConfiguration:
      Did not match:
         - 
@ConditionalOnClass did 
not find required class 
'graphql.GraphQL' 
(OnClassCondition)

   GraphQlReactiveQuerydslA
utoConfiguration:
      Did not match:
         - 
@ConditionalOnClass did 
not find required class 
'com.querydsl.core.Query' 
(OnClassCondition)

   GraphQlWebFluxAutoConfig
uration:
      Did not match:
         - 
@ConditionalOnClass did 
not find required class 
'graphql.GraphQL' 
(OnClassCondition)

   GraphQlWebFluxSecurityAu
toConfiguration:
      Did not match:
         - 
@ConditionalOnClass did 
not find required class 
'graphql.GraphQL' 
(OnClassCondition)

   GraphQlWebMvcAutoConfigu
ration:
      Did not match:
         - 
@ConditionalOnClass did 
not find required class 
'graphql.GraphQL' 
(OnClassCondition)

   GraphQlWebMvcSecurityAut
oConfiguration:
      Did not match:
         - 
@ConditionalOnClass did 
not find required class 
'graphql.GraphQL' 
(OnClassCondition)

   GroovyTemplateAutoConfig
uration:
      Did not match:
         - 
@ConditionalOnClass did 
not find required class 'gr
oovy.text.markup.MarkupTemp
lateEngine' 
(OnClassCondition)

   GsonAutoConfiguration:
      Did not match:
         - 
@ConditionalOnClass did 
not find required class 
'com.google.gson.Gson' 
(OnClassCondition)

   GsonHttpMessageConverter
sConfiguration:
      Did not match:
         - 
@ConditionalOnClass did 
not find required class 
'com.google.gson.Gson' 
(OnClassCondition)

   
H2ConsoleAutoConfiguration:
      Did not match:
         - 
@ConditionalOnClass did 
not find required class 'or
g.h2.server.web.JakartaWebS
ervlet' (OnClassCondition)

   
HazelcastAutoConfiguration:
      Did not match:
         - 
@ConditionalOnClass did 
not find required class 'co
m.hazelcast.core.HazelcastI
nstance' (OnClassCondition)

   HazelcastCacheConfigurat
ion:
      Did not match:
         - 
@ConditionalOnClass did 
not find required class 'co
m.hazelcast.core.HazelcastI
nstance' (OnClassCondition)

   HazelcastJpaDependencyAu
toConfiguration:
      Did not match:
         - 
@ConditionalOnClass did 
not find required class 'co
m.hazelcast.core.HazelcastI
nstance' (OnClassCondition)

   HttpHandlerAutoConfigura
tion:
      Did not match:
         - 
@ConditionalOnClass did 
not find required class 'or
g.springframework.web.react
ive.DispatcherHandler' 
(OnClassCondition)

   HypermediaAutoConfigurat
ion:
      Did not match:
         - 
@ConditionalOnClass did 
not find required class 'or
g.springframework.hateoas.E
ntityModel' 
(OnClassCondition)

   InfinispanCacheConfigura
tion:
      Did not match:
         - 
@ConditionalOnClass did 
not find required class 'or
g.infinispan.spring.embedde
d.provider.SpringEmbeddedCa
cheManager' 
(OnClassCondition)

   
InfluxDbAutoConfiguration:
      Did not match:
         - 
@ConditionalOnClass did 
not find required class 
'org.influxdb.InfluxDB' 
(OnClassCondition)

   IntegrationAutoConfigura
tion:
      Did not match:
         - 
@ConditionalOnClass did 
not find required class 'or
g.springframework.integrati
on.config.EnableIntegration
' (OnClassCondition)

   
JCacheCacheConfiguration:
      Did not match:
         - 
@ConditionalOnClass did 
not find required class 
'javax.cache.Caching' 
(OnClassCondition)

   JacksonHttpMessageConver
tersConfiguration.MappingJa
ckson2XmlHttpMessageConvert
erConfiguration:
      Did not match:
         - 
@ConditionalOnClass did 
not find required class 'co
m.fasterxml.jackson.datafor
mat.xml.XmlMapper' 
(OnClassCondition)

   JdbcRepositoriesAutoConf
iguration:
      Did not match:
         - 
@ConditionalOnClass did 
not find required class 'or
g.springframework.data.jdbc
.repository.config.Abstract
JdbcConfiguration' 
(OnClassCondition)

   JerseyAutoConfiguration:
      Did not match:
         - 
@ConditionalOnClass did 
not find required class 'or
g.glassfish.jersey.server.s
pring.SpringComponentProvid
er' (OnClassCondition)

   JmsAutoConfiguration:
      Did not match:
         - 
@ConditionalOnClass did 
not find required class 
'jakarta.jms.Message' 
(OnClassCondition)

   JmxAutoConfiguration:
      Did not match:
         - 
@ConditionalOnProperty 
(spring.jmx.enabled=true) 
found different value in 
property 'enabled' 
(OnPropertyCondition)
      Matched:
         - 
@ConditionalOnClass found 
required class 'org.springf
ramework.jmx.export.MBeanEx
porter' (OnClassCondition)

   JndiConnectionFactoryAut
oConfiguration:
      Did not match:
         - 
@ConditionalOnClass did 
not find required class 'or
g.springframework.jms.core.
JmsTemplate' 
(OnClassCondition)

   JndiDataSourceAutoConfig
uration:
      Did not match:
         - 
@ConditionalOnProperty (spr
ing.datasource.jndi-name) 
did not find property 
'jndi-name' 
(OnPropertyCondition)
      Matched:
         - 
@ConditionalOnClass found 
required classes 
'javax.sql.DataSource', 'or
g.springframework.jdbc.data
source.embedded.EmbeddedDat
abaseType' 
(OnClassCondition)

   JndiJtaConfiguration:
      Did not match:
         - 
@ConditionalOnJndi JNDI 
environment is not 
available (OnJndiCondition)
      Matched:
         - 
@ConditionalOnClass found 
required class 'org.springf
ramework.transaction.jta.Jt
aTransactionManager' 
(OnClassCondition)

   JooqAutoConfiguration:
      Did not match:
         - 
@ConditionalOnClass did 
not find required class 
'org.jooq.DSLContext' 
(OnClassCondition)

   JpaRepositoriesAutoConfi
guration#entityManagerFacto
ryBootstrapExecutorCustomiz
er:
      Did not match:
         - 
AnyNestedCondition 0 
matched 2 did not; 
NestedCondition on JpaRepos
itoriesAutoConfiguration.Bo
otstrapExecutorCondition.La
zyBootstrapMode 
@ConditionalOnProperty (spr
ing.data.jpa.repositories.b
ootstrap-mode=lazy) did 
not find property 
'bootstrap-mode'; 
NestedCondition on JpaRepos
itoriesAutoConfiguration.Bo
otstrapExecutorCondition.De
ferredBootstrapMode 
@ConditionalOnProperty (spr
ing.data.jpa.repositories.b
ootstrap-mode=deferred) 
did not find property 
'bootstrap-mode' (JpaReposi
toriesAutoConfiguration.Boo
tstrapExecutorCondition)

   JsonbAutoConfiguration:
      Did not match:
         - 
@ConditionalOnClass did 
not find required class 
'jakarta.json.bind.Jsonb' 
(OnClassCondition)

   JsonbHttpMessageConverte
rsConfiguration:
      Did not match:
         - 
@ConditionalOnClass did 
not find required class 
'jakarta.json.bind.Jsonb' 
(OnClassCondition)

   KafkaAutoConfiguration:
      Did not match:
         - 
@ConditionalOnClass did 
not find required class 'or
g.springframework.kafka.cor
e.KafkaTemplate' 
(OnClassCondition)

   LdapAutoConfiguration:
      Did not match:
         - 
@ConditionalOnClass did 
not find required class 'or
g.springframework.ldap.core
.ContextSource' 
(OnClassCondition)

   LdapRepositoriesAutoConf
iguration:
      Did not match:
         - 
@ConditionalOnClass did 
not find required class 'or
g.springframework.data.ldap
.repository.LdapRepository'
 (OnClassCondition)

   
LiquibaseAutoConfiguration:
      Did not match:
         - 
@ConditionalOnClass did 
not find required class 'li
quibase.change.DatabaseChan
ge' (OnClassCondition)

   MailSenderAutoConfigurat
ion:
      Did not match:
         - 
@ConditionalOnClass did 
not find required class 'ja
karta.mail.internet.MimeMes
sage' (OnClassCondition)

   MailSenderValidatorAutoC
onfiguration:
      Did not match:
         - @ConditionalOnSi
ngleCandidate did not find 
required type 'org.springfr
amework.mail.javamail.JavaM
ailSenderImpl' 
(OnBeanCondition)

   MessageSourceAutoConfigu
ration:
      Did not match:
         - ResourceBundle 
did not find bundle with 
basename messages (MessageS
ourceAutoConfiguration.Reso
urceBundleCondition)

   MongoAutoConfiguration:
      Did not match:
         - 
@ConditionalOnClass did 
not find required class 'co
m.mongodb.client.MongoClien
t' (OnClassCondition)

   
MongoDataAutoConfiguration:
      Did not match:
         - 
@ConditionalOnClass did 
not find required class 'co
m.mongodb.client.MongoClien
t' (OnClassCondition)

   MongoReactiveAutoConfigu
ration:
      Did not match:
         - 
@ConditionalOnClass did 
not find required class 'co
m.mongodb.reactivestreams.c
lient.MongoClient' 
(OnClassCondition)

   MongoReactiveDataAutoCon
figuration:
      Did not match:
         - 
@ConditionalOnClass did 
not find required class 'co
m.mongodb.reactivestreams.c
lient.MongoClient' 
(OnClassCondition)

   MongoReactiveRepositorie
sAutoConfiguration:
      Did not match:
         - 
@ConditionalOnClass did 
not find required class 'co
m.mongodb.reactivestreams.c
lient.MongoClient' 
(OnClassCondition)

   MongoRepositoriesAutoCon
figuration:
      Did not match:
         - 
@ConditionalOnClass did 
not find required class 'co
m.mongodb.client.MongoClien
t' (OnClassCondition)

   
MustacheAutoConfiguration:
      Did not match:
         - 
@ConditionalOnClass did 
not find required class 'co
m.samskivert.mustache.Musta
che' (OnClassCondition)

   Neo4jAutoConfiguration:
      Did not match:
         - 
@ConditionalOnClass did 
not find required class 
'org.neo4j.driver.Driver' 
(OnClassCondition)

   
Neo4jDataAutoConfiguration:
      Did not match:
         - 
@ConditionalOnClass did 
not find required class 
'org.neo4j.driver.Driver' 
(OnClassCondition)

   Neo4jReactiveDataAutoCon
figuration:
      Did not match:
         - 
@ConditionalOnClass did 
not find required class 
'org.neo4j.driver.Driver' 
(OnClassCondition)

   Neo4jReactiveRepositorie
sAutoConfiguration:
      Did not match:
         - 
@ConditionalOnClass did 
not find required class 
'org.neo4j.driver.Driver' 
(OnClassCondition)

   Neo4jRepositoriesAutoCon
figuration:
      Did not match:
         - 
@ConditionalOnClass did 
not find required class 
'org.neo4j.driver.Driver' 
(OnClassCondition)

   NettyAutoConfiguration:
      Did not match:
         - 
@ConditionalOnClass did 
not find required class 'io
.netty.util.NettyRuntime' 
(OnClassCondition)

   OAuth2AuthorizationServe
rAutoConfiguration:
      Did not match:
         - 
@ConditionalOnClass did 
not find required class 'or
g.springframework.security.
oauth2.server.authorization
.OAuth2Authorization' 
(OnClassCondition)

   OAuth2AuthorizationServe
rJwtAutoConfiguration:
      Did not match:
         - 
@ConditionalOnClass did 
not find required class 'or
g.springframework.security.
oauth2.server.authorization
.OAuth2Authorization' 
(OnClassCondition)

   OAuth2ClientAutoConfigur
ation:
      Did not match:
         - 
@ConditionalOnClass did 
not find required class 'or
g.springframework.security.
oauth2.client.registration.
ClientRegistration' 
(OnClassCondition)

   OAuth2ResourceServerAuto
Configuration:
      Did not match:
         - 
@ConditionalOnClass did 
not find required class 'or
g.springframework.security.
oauth2.server.resource.auth
entication.BearerTokenAuthe
nticationToken' 
(OnClassCondition)

   ProjectInfoAutoConfigura
tion#buildProperties:
      Did not match:
         - 
@ConditionalOnResource did 
not find resource '${spring
.info.build.location:classp
ath:META-INF/build-info.pro
perties}' 
(OnResourceCondition)

   ProjectInfoAutoConfigura
tion#gitProperties:
      Did not match:
         - GitResource did 
not find git info at 
classpath:git.properties (P
rojectInfoAutoConfiguration
.GitResourceAvailableCondit
ion)

   PulsarAutoConfiguration:
      Did not match:
         - 
@ConditionalOnClass did 
not find required class 'or
g.apache.pulsar.client.api.
PulsarClient' 
(OnClassCondition)

   PulsarReactiveAutoConfig
uration:
      Did not match:
         - 
@ConditionalOnClass did 
not find required class 'or
g.apache.pulsar.client.api.
PulsarClient' 
(OnClassCondition)

   QuartzAutoConfiguration:
      Did not match:
         - 
@ConditionalOnClass did 
not find required class 
'org.quartz.Scheduler' 
(OnClassCondition)

   R2dbcAutoConfiguration:
      Did not match:
         - 
@ConditionalOnClass did 
not find required class 'io
.r2dbc.spi.ConnectionFactor
y' (OnClassCondition)

   
R2dbcDataAutoConfiguration:
      Did not match:
         - 
@ConditionalOnClass did 
not find required class 'or
g.springframework.data.r2db
c.core.R2dbcEntityTemplate'
 (OnClassCondition)

   R2dbcInitializationConfi
guration:
      Did not match:
         - 
@ConditionalOnClass did 
not find required classes '
io.r2dbc.spi.ConnectionFact
ory', 'org.springframework.
r2dbc.connection.init.Datab
asePopulator' 
(OnClassCondition)

   R2dbcRepositoriesAutoCon
figuration:
      Did not match:
         - 
@ConditionalOnClass did 
not find required class 'io
.r2dbc.spi.ConnectionFactor
y' (OnClassCondition)

   R2dbcTransactionManagerA
utoConfiguration:
      Did not match:
         - 
@ConditionalOnClass did 
not find required class 'or
g.springframework.r2dbc.con
nection.R2dbcTransactionMan
ager' (OnClassCondition)

   RSocketGraphQlClientAuto
Configuration:
      Did not match:
         - 
@ConditionalOnClass did 
not find required class 
'graphql.GraphQL' 
(OnClassCondition)

   RSocketMessagingAutoConf
iguration:
      Did not match:
         - 
@ConditionalOnClass did 
not find required class 
'io.rsocket.RSocket' 
(OnClassCondition)

   RSocketRequesterAutoConf
iguration:
      Did not match:
         - 
@ConditionalOnClass did 
not find required class 
'io.rsocket.RSocket' 
(OnClassCondition)

   RSocketSecurityAutoConfi
guration:
      Did not match:
         - 
@ConditionalOnClass did 
not find required class 'or
g.springframework.security.
rsocket.core.SecuritySocket
AcceptorInterceptor' 
(OnClassCondition)

   RSocketServerAutoConfigu
ration:
      Did not match:
         - 
@ConditionalOnClass did 
not find required class 'io
.rsocket.core.RSocketServer
' (OnClassCondition)

   RSocketStrategiesAutoCon
figuration:
      Did not match:
         - 
@ConditionalOnClass did 
not find required class 'io
.netty.buffer.PooledByteBuf
Allocator' 
(OnClassCondition)

   RabbitAutoConfiguration:
      Did not match:
         - 
@ConditionalOnClass did 
not find required class 'co
m.rabbitmq.client.Channel' 
(OnClassCondition)

   ReactiveElasticsearchCli
entAutoConfiguration:
      Did not match:
         - 
@ConditionalOnClass did 
not find required class 'co
.elastic.clients.transport.
ElasticsearchTransport' 
(OnClassCondition)

   ReactiveElasticsearchRep
ositoriesAutoConfiguration:
      Did not match:
         - 
@ConditionalOnClass did 
not find required class 're
actor.core.publisher.Mono' 
(OnClassCondition)

   ReactiveMultipartAutoCon
figuration:
      Did not match:
         - 
@ConditionalOnClass did 
not find required class 'or
g.springframework.web.react
ive.config.WebFluxConfigure
r' (OnClassCondition)

   ReactiveOAuth2ClientAuto
Configuration:
      Did not match:
         - 
@ConditionalOnClass did 
not find required class 're
actor.core.publisher.Flux' 
(OnClassCondition)

   ReactiveOAuth2ResourceSe
rverAutoConfiguration:
      Did not match:
         - @ConditionalOnWe
bApplication did not find 
reactive web application 
classes 
(OnWebApplicationCondition)

   ReactiveSecurityAutoConf
iguration:
      Did not match:
         - 
@ConditionalOnClass did 
not find required class 're
actor.core.publisher.Flux' 
(OnClassCondition)

   ReactiveUserDetailsServi
ceAutoConfiguration:
      Did not match:
         - 
AnyNestedCondition 0 
matched 2 did not; 
NestedCondition on Reactive
UserDetailsServiceAutoConfi
guration.RSocketEnabledOrRe
activeWebApplication.Reacti
veWebApplicationCondition 
did not find reactive web 
application classes; 
NestedCondition on Reactive
UserDetailsServiceAutoConfi
guration.RSocketEnabledOrRe
activeWebApplication.RSocke
tSecurityEnabledCondition 
@ConditionalOnBean (types: 
org.springframework.messagi
ng.rsocket.annotation.suppo
rt.RSocketMessageHandler; 
SearchStrategy: all) did 
not find any beans of type 
org.springframework.messagi
ng.rsocket.annotation.suppo
rt.RSocketMessageHandler (R
eactiveUserDetailsServiceAu
toConfiguration.RSocketEnab
ledOrReactiveWebApplication
)
      Matched:
         - 
@ConditionalOnClass found 
required class 'org.springf
ramework.security.authentic
ation.ReactiveAuthenticatio
nManager' 
(OnClassCondition)
         - 
AnyNestedCondition 1 
matched 2 did not; 
NestedCondition on Reactive
UserDetailsServiceAutoConfi
guration.MissingAlternative
OrUserPropertiesConfigured.
PasswordConfigured 
@ConditionalOnProperty (spr
ing.security.user.password)
 did not find property 
'password'; 
NestedCondition on Reactive
UserDetailsServiceAutoConfi
guration.MissingAlternative
OrUserPropertiesConfigured.
NameConfigured 
@ConditionalOnProperty (spr
ing.security.user.name) 
did not find property 
'name'; NestedCondition on 
ReactiveUserDetailsServiceA
utoConfiguration.MissingAlt
ernativeOrUserPropertiesCon
figured.MissingAlternative 
@ConditionalOnMissingClass 
did not find unwanted 
classes 'org.springframewor
k.security.oauth2.client.re
gistration.ClientRegistrati
onRepository', 'org.springf
ramework.security.oauth2.se
rver.resource.introspection
.ReactiveOpaqueTokenIntrosp
ector' (ReactiveUserDetails
ServiceAutoConfiguration.Mi
ssingAlternativeOrUserPrope
rtiesConfigured)

   ReactiveWebServerFactory
AutoConfiguration:
      Did not match:
         - @ConditionalOnWe
bApplication did not find 
reactive web application 
classes 
(OnWebApplicationCondition)

   
ReactorAutoConfiguration:
      Did not match:
         - 
@ConditionalOnClass did 
not find required class 're
actor.core.publisher.Hooks'
 (OnClassCondition)

   RedisAutoConfiguration:
      Did not match:
         - 
@ConditionalOnClass did 
not find required class 'or
g.springframework.data.redi
s.core.RedisOperations' 
(OnClassCondition)

   RedisCacheConfiguration:
      Did not match:
         - 
@ConditionalOnClass did 
not find required class 'or
g.springframework.data.redi
s.connection.RedisConnectio
nFactory' 
(OnClassCondition)

   RedisReactiveAutoConfigu
ration:
      Did not match:
         - 
@ConditionalOnClass did 
not find required class 're
actor.core.publisher.Flux' 
(OnClassCondition)

   RedisRepositoriesAutoCon
figuration:
      Did not match:
         - 
@ConditionalOnClass did 
not find required class 'or
g.springframework.data.redi
s.repository.configuration.
EnableRedisRepositories' 
(OnClassCondition)

   RepositoryRestMvcAutoCon
figuration:
      Did not match:
         - 
@ConditionalOnClass did 
not find required class 'or
g.springframework.data.rest
.webmvc.config.RepositoryRe
stMvcConfiguration' 
(OnClassCondition)

   Saml2RelyingPartyAutoCon
figuration:
      Did not match:
         - 
@ConditionalOnClass did 
not find required class 'or
g.springframework.security.
saml2.provider.service.regi
stration.RelyingPartyRegist
rationRepository' 
(OnClassCondition)

   
SecurityDataConfiguration:
      Did not match:
         - 
@ConditionalOnClass did 
not find required class 'or
g.springframework.security.
data.repository.query.Secur
ityEvaluationContextExtensi
on' (OnClassCondition)

   
SendGridAutoConfiguration:
      Did not match:
         - 
@ConditionalOnClass did 
not find required class 
'com.sendgrid.SendGrid' 
(OnClassCondition)

   ServletWebServerFactoryA
utoConfiguration.ForwardedH
eaderFilterConfiguration:
      Did not match:
         - 
@ConditionalOnProperty (ser
ver.forward-headers-strateg
y=framework) did not find 
property 'server.forward-he
aders-strategy' 
(OnPropertyCondition)

   ServletWebServerFactoryC
onfiguration.EmbeddedJetty:
      Did not match:
         - 
@ConditionalOnClass did 
not find required classes '
org.eclipse.jetty.server.Se
rver', 'org.eclipse.jetty.u
til.Loader', 'org.eclipse.j
etty.ee10.webapp.WebAppCont
ext' (OnClassCondition)

   ServletWebServerFactoryC
onfiguration.EmbeddedUndert
ow:
      Did not match:
         - 
@ConditionalOnClass did 
not find required classes 
'io.undertow.Undertow', 'or
g.xnio.SslClientAuthMode' 
(OnClassCondition)

   
SessionAutoConfiguration:
      Did not match:
         - 
@ConditionalOnClass did 
not find required class 'or
g.springframework.session.S
ession' (OnClassCondition)

   SpringApplicationAdminJm
xAutoConfiguration:
      Did not match:
         - 
@ConditionalOnProperty (spr
ing.application.admin.enabl
ed=true) did not find 
property 'enabled' 
(OnPropertyCondition)

   SpringBootWebSecurityCon
figuration.SecurityFilterCh
ainConfiguration:
      Did not match:
         - 
AllNestedConditions 1 
matched 1 did not; 
NestedCondition on DefaultW
ebSecurityCondition.Beans 
@ConditionalOnMissingBean 
(types: org.springframework
.security.web.SecurityFilte
rChain; SearchStrategy: 
all) found beans of type 'o
rg.springframework.security
.web.SecurityFilterChain' 
filterChain; 
NestedCondition on DefaultW
ebSecurityCondition.Classes
 @ConditionalOnClass found 
required classes 'org.sprin
gframework.security.web.Sec
urityFilterChain', 'org.spr
ingframework.security.confi
g.annotation.web.builders.H
ttpSecurity' (DefaultWebSec
urityCondition)

   TaskExecutorConfiguratio
ns.SimpleAsyncTaskExecutorB
uilderConfiguration#simpleA
syncTaskExecutorBuilderVirt
ualThreads:
      Did not match:
         - 
@ConditionalOnMissingBean 
(types: org.springframework
.boot.task.SimpleAsyncTaskE
xecutorBuilder; 
SearchStrategy: all) found 
beans of type 'org.springfr
amework.boot.task.SimpleAsy
ncTaskExecutorBuilder' simp
leAsyncTaskExecutorBuilder 
(OnBeanCondition)

   TaskExecutorConfiguratio
ns.TaskExecutorConfiguratio
n#applicationTaskExecutorVi
rtualThreads:
      Did not match:
         - 
@ConditionalOnThreading 
did not find VIRTUAL 
(OnThreadingCondition)

   TaskSchedulingAutoConfig
uration#scheduledBeanLazyIn
itializationExcludeFilter:
      Did not match:
         - 
@ConditionalOnBean (names: 
org.springframework.context
.annotation.internalSchedul
edAnnotationProcessor; 
SearchStrategy: all) did 
not find any beans named or
g.springframework.context.a
nnotation.internalScheduled
AnnotationProcessor 
(OnBeanCondition)

   TaskSchedulingConfigurat
ions.SimpleAsyncTaskSchedul
erBuilderConfiguration#simp
leAsyncTaskSchedulerBuilder
VirtualThreads:
      Did not match:
         - 
@ConditionalOnMissingBean 
(types: org.springframework
.boot.task.SimpleAsyncTaskS
chedulerBuilder; 
SearchStrategy: all) found 
beans of type 'org.springfr
amework.boot.task.SimpleAsy
ncTaskSchedulerBuilder' sim
pleAsyncTaskSchedulerBuilde
r (OnBeanCondition)

   TaskSchedulingConfigurat
ions.TaskSchedulerConfigura
tion:
      Did not match:
         - 
@ConditionalOnBean (names: 
org.springframework.context
.annotation.internalSchedul
edAnnotationProcessor; 
SearchStrategy: all) did 
not find any beans named or
g.springframework.context.a
nnotation.internalScheduled
AnnotationProcessor 
(OnBeanCondition)

   
ThymeleafAutoConfiguration:
      Did not match:
         - 
@ConditionalOnClass did 
not find required class 'or
g.thymeleaf.spring6.SpringT
emplateEngine' 
(OnClassCondition)

   TransactionAutoConfigura
tion#transactionalOperator:
      Did not match:
         - @ConditionalOnSi
ngleCandidate (types: org.s
pringframework.transaction.
ReactiveTransactionManager;
 SearchStrategy: all) did 
not find any beans 
(OnBeanCondition)

   TransactionAutoConfigura
tion.AspectJTransactionMana
gementConfiguration:
      Did not match:
         - 
@ConditionalOnBean (types: 
org.springframework.transac
tion.aspectj.AbstractTransa
ctionAspect; 
SearchStrategy: all) did 
not find any beans of type 
org.springframework.transac
tion.aspectj.AbstractTransa
ctionAspect 
(OnBeanCondition)

   TransactionAutoConfigura
tion.EnableTransactionManag
ementConfiguration.JdkDynam
icAutoProxyConfiguration:
      Did not match:
         - 
@ConditionalOnProperty (spr
ing.aop.proxy-target-class=
false) did not find 
property 
'proxy-target-class' 
(OnPropertyCondition)

   UserDetailsServiceAutoCo
nfiguration:
      Did not match:
         - 
@ConditionalOnMissingBean 
(types: org.springframework
.security.authentication.Au
thenticationManager,org.spr
ingframework.security.authe
ntication.AuthenticationPro
vider,org.springframework.s
ecurity.core.userdetails.Us
erDetailsService,org.spring
framework.security.authenti
cation.AuthenticationManage
rResolver,org.springframewo
rk.security.oauth2.jwt.JwtD
ecoder; SearchStrategy: 
all) found beans of type 'o
rg.springframework.security
.authentication.Authenticat
ionManager' 
authenticationManager and 
found beans of type 'org.sp
ringframework.security.core
.userdetails.UserDetailsSer
vice' 
userDetailsServiceImpl and 
found beans of type 'org.sp
ringframework.security.auth
entication.AuthenticationPr
ovider' 
authenticationProvider 
(OnBeanCondition)
      Matched:
         - 
@ConditionalOnClass found 
required class 'org.springf
ramework.security.authentic
ation.AuthenticationManager
' (OnClassCondition)
         - 
AnyNestedCondition 1 
matched 2 did not; 
NestedCondition on UserDeta
ilsServiceAutoConfiguration
.MissingAlternativeOrUserPr
opertiesConfigured.Password
Configured 
@ConditionalOnProperty (spr
ing.security.user.password)
 did not find property 
'password'; 
NestedCondition on UserDeta
ilsServiceAutoConfiguration
.MissingAlternativeOrUserPr
opertiesConfigured.NameConf
igured 
@ConditionalOnProperty (spr
ing.security.user.name) 
did not find property 
'name'; NestedCondition on 
UserDetailsServiceAutoConfi
guration.MissingAlternative
OrUserPropertiesConfigured.
MissingAlternative 
@ConditionalOnMissingClass 
did not find unwanted 
classes 'org.springframewor
k.security.oauth2.client.re
gistration.ClientRegistrati
onRepository', 'org.springf
ramework.security.oauth2.se
rver.resource.introspection
.OpaqueTokenIntrospector', 
'org.springframework.securi
ty.saml2.provider.service.r
egistration.RelyingPartyReg
istrationRepository' (UserD
etailsServiceAutoConfigurat
ion.MissingAlternativeOrUse
rPropertiesConfigured)

   
WebClientAutoConfiguration:
      Did not match:
         - 
@ConditionalOnClass did 
not find required class 'or
g.springframework.web.react
ive.function.client.WebClie
nt' (OnClassCondition)

   
WebFluxAutoConfiguration:
      Did not match:
         - 
@ConditionalOnClass did 
not find required class 'or
g.springframework.web.react
ive.config.WebFluxConfigure
r' (OnClassCondition)

   WebMvcAutoConfiguration#
hiddenHttpMethodFilter:
      Did not match:
         - 
@ConditionalOnProperty (spr
ing.mvc.hiddenmethod.filter
.enabled) did not find 
property 'enabled' 
(OnPropertyCondition)

   WebMvcAutoConfiguration.
ProblemDetailsErrorHandling
Configuration:
      Did not match:
         - 
@ConditionalOnProperty (spr
ing.mvc.problemdetails.enab
led=true) did not find 
property 'enabled' 
(OnPropertyCondition)

   WebMvcAutoConfiguration.
ResourceChainCustomizerConf
iguration:
      Did not match:
         - @ConditionalOnEn
abledResourceChain did not 
find class org.webjars.WebJ
arAssetLocator (OnEnabledRe
sourceChainCondition)

   WebMvcAutoConfiguration.
WebMvcAutoConfigurationAdap
ter#beanNameViewResolver:
      Did not match:
         - 
@ConditionalOnMissingBean 
(types: org.springframework
.web.servlet.view.BeanNameV
iewResolver; 
SearchStrategy: all) found 
beans of type 'org.springfr
amework.web.servlet.view.Be
anNameViewResolver' 
beanNameViewResolver 
(OnBeanCondition)

   WebServiceTemplateAutoCo
nfiguration:
      Did not match:
         - 
@ConditionalOnClass did 
not find required class 'or
g.springframework.oxm.Marsh
aller' (OnClassCondition)

   WebServicesAutoConfigura
tion:
      Did not match:
         - 
@ConditionalOnClass did 
not find required class 'or
g.springframework.ws.transp
ort.http.MessageDispatcherS
ervlet' (OnClassCondition)

   WebSessionIdResolverAuto
Configuration:
      Did not match:
         - 
@ConditionalOnClass did 
not find required class 're
actor.core.publisher.Mono' 
(OnClassCondition)

   WebSocketMessagingAutoCo
nfiguration:
      Did not match:
         - 
@ConditionalOnClass did 
not find required class 'or
g.springframework.web.socke
t.config.annotation.WebSock
etMessageBrokerConfigurer' 
(OnClassCondition)

   WebSocketReactiveAutoCon
figuration:
      Did not match:
         - @ConditionalOnWe
bApplication did not find 
reactive web application 
classes 
(OnWebApplicationCondition)

   WebSocketServletAutoConf
iguration.JettyWebSocketCon
figuration:
      Did not match:
         - 
@ConditionalOnClass did 
not find required class 'or
g.eclipse.jetty.ee10.websoc
ket.jakarta.server.config.J
akartaWebSocketServletConta
inerInitializer' 
(OnClassCondition)

   WebSocketServletAutoConf
iguration.UndertowWebSocket
Configuration:
      Did not match:
         - 
@ConditionalOnClass did 
not find required class 'io
.undertow.websockets.jsr.Bo
otstrap' (OnClassCondition)

   XADataSourceAutoConfigur
ation:
      Did not match:
         - 
@ConditionalOnBean (types: 
org.springframework.boot.jd
bc.XADataSourceWrapper; 
SearchStrategy: all) did 
not find any beans of type 
org.springframework.boot.jd
bc.XADataSourceWrapper 
(OnBeanCondition)
      Matched:
         - 
@ConditionalOnClass found 
required classes 
'javax.sql.DataSource', 'ja
karta.transaction.Transacti
onManager', 'org.springfram
ework.jdbc.datasource.embed
ded.EmbeddedDatabaseType' 
(OnClassCondition)


Exclusions:
-----------

    None


Unconditional classes:
----------------------

    org.springframework.boo
t.autoconfigure.context.Con
figurationPropertiesAutoCon
figuration

    org.springframework.boo
t.autoconfigure.ssl.SslAuto
Configuration

2026-03-30T20:09:42.794+05:30  INFO 12784 --- [           main] .s.b.a.l.ConditionEvaluationReportLogger : 

Error starting ApplicationContext. To display the condition evaluation report re-run your application with 'debug' enabled.
2026-03-30T20:09:42.799+05:30 ERROR 12784 --- [           main] o.s.boot.SpringApplication               : Application run failed

org.springframework.beans.factory.BeanCreationException: Error creating bean with name 'entityManagerFactory' defined in class path resource [org/springframework/boot/autoconfigure/orm/jpa/HibernateJpaConfiguration.class]: Unable to create requested service [org.hibernate.engine.jdbc.env.spi.JdbcEnvironment] due to: Unable to determine Dialect without JDBC metadata (please set 'jakarta.persistence.jdbc.url' for common cases or 'hibernate.dialect' when a custom Dialect implementation must be provided)
	at org.springframework.beans.factory.support.AbstractAutowireCapableBeanFactory.initializeBean(AbstractAutowireCapableBeanFactory.java:1806) ~[spring-beans-6.1.14.jar:6.1.14]
	at org.springframework.beans.factory.support.AbstractAutowireCapableBeanFactory.doCreateBean(AbstractAutowireCapableBeanFactory.java:600) ~[spring-beans-6.1.14.jar:6.1.14]
	at org.springframework.beans.factory.support.AbstractAutowireCapableBeanFactory.createBean(AbstractAutowireCapableBeanFactory.java:522) ~[spring-beans-6.1.14.jar:6.1.14]
	at org.springframework.beans.factory.support.AbstractBeanFactory.lambda$doGetBean$0(AbstractBeanFactory.java:337) ~[spring-beans-6.1.14.jar:6.1.14]
	at org.springframework.beans.factory.support.DefaultSingletonBeanRegistry.getSingleton(DefaultSingletonBeanRegistry.java:234) ~[spring-beans-6.1.14.jar:6.1.14]
	at org.springframework.beans.factory.support.AbstractBeanFactory.doGetBean(AbstractBeanFactory.java:335) ~[spring-beans-6.1.14.jar:6.1.14]
	at org.springframework.beans.factory.support.AbstractBeanFactory.getBean(AbstractBeanFactory.java:205) ~[spring-beans-6.1.14.jar:6.1.14]
	at org.springframework.context.support.AbstractApplicationContext.finishBeanFactoryInitialization(AbstractApplicationContext.java:954) ~[spring-context-6.1.14.jar:6.1.14]
	at org.springframework.context.support.AbstractApplicationContext.refresh(AbstractApplicationContext.java:625) ~[spring-context-6.1.14.jar:6.1.14]
	at org.springframework.boot.SpringApplication.refresh(SpringApplication.java:754) ~[spring-boot-3.3.5.jar:3.3.5]
	at org.springframework.boot.SpringApplication.refreshContext(SpringApplication.java:456) ~[spring-boot-3.3.5.jar:3.3.5]
	at org.springframework.boot.SpringApplication.run(SpringApplication.java:335) ~[spring-boot-3.3.5.jar:3.3.5]
	at org.springframework.boot.test.context.SpringBootContextLoader.lambda$loadContext$3(SpringBootContextLoader.java:137) ~[spring-boot-test-3.3.5.jar:3.3.5]
	at org.springframework.util.function.ThrowingSupplier.get(ThrowingSupplier.java:58) ~[spring-core-6.1.14.jar:6.1.14]
	at org.springframework.util.function.ThrowingSupplier.get(ThrowingSupplier.java:46) ~[spring-core-6.1.14.jar:6.1.14]
	at org.springframework.boot.SpringApplication.withHook(SpringApplication.java:1463) ~[spring-boot-3.3.5.jar:3.3.5]
	at org.springframework.boot.test.context.SpringBootContextLoader$ContextLoaderHook.run(SpringBootContextLoader.java:553) ~[spring-boot-test-3.3.5.jar:3.3.5]
	at org.springframework.boot.test.context.SpringBootContextLoader.loadContext(SpringBootContextLoader.java:137) ~[spring-boot-test-3.3.5.jar:3.3.5]
	at org.springframework.boot.test.context.SpringBootContextLoader.loadContext(SpringBootContextLoader.java:108) ~[spring-boot-test-3.3.5.jar:3.3.5]
	at org.springframework.test.context.cache.DefaultCacheAwareContextLoaderDelegate.loadContextInternal(DefaultCacheAwareContextLoaderDelegate.java:225) ~[spring-test-6.1.14.jar:6.1.14]
	at org.springframework.test.context.cache.DefaultCacheAwareContextLoaderDelegate.loadContext(DefaultCacheAwareContextLoaderDelegate.java:152) ~[spring-test-6.1.14.jar:6.1.14]
	at org.springframework.test.context.support.DefaultTestContext.getApplicationContext(DefaultTestContext.java:130) ~[spring-test-6.1.14.jar:6.1.14]
	at org.springframework.test.context.web.ServletTestExecutionListener.setUpRequestContextIfNecessary(ServletTestExecutionListener.java:191) ~[spring-test-6.1.14.jar:6.1.14]
	at org.springframework.test.context.web.ServletTestExecutionListener.prepareTestInstance(ServletTestExecutionListener.java:130) ~[spring-test-6.1.14.jar:6.1.14]
	at org.springframework.test.context.TestContextManager.prepareTestInstance(TestContextManager.java:260) ~[spring-test-6.1.14.jar:6.1.14]
	at org.springframework.test.context.junit.jupiter.SpringExtension.postProcessTestInstance(SpringExtension.java:163) ~[spring-test-6.1.14.jar:6.1.14]
	at org.junit.jupiter.engine.descriptor.ClassBasedTestDescriptor.lambda$invokeTestInstancePostProcessors$10(ClassBasedTestDescriptor.java:378) ~[junit-jupiter-engine-5.10.5.jar:5.10.5]
	at org.junit.jupiter.engine.descriptor.ClassBasedTestDescriptor.executeAndMaskThrowable(ClassBasedTestDescriptor.java:383) ~[junit-jupiter-engine-5.10.5.jar:5.10.5]
	at org.junit.jupiter.engine.descriptor.ClassBasedTestDescriptor.lambda$invokeTestInstancePostProcessors$11(ClassBasedTestDescriptor.java:378) ~[junit-jupiter-engine-5.10.5.jar:5.10.5]
	at java.base/java.util.stream.ReferencePipeline$3$1.accept(ReferencePipeline.java:197) ~[na:na]
	at java.base/java.util.stream.ReferencePipeline$2$1.accept(ReferencePipeline.java:179) ~[na:na]
	at java.base/java.util.ArrayList$ArrayListSpliterator.forEachRemaining(ArrayList.java:1625) ~[na:na]
	at java.base/java.util.stream.AbstractPipeline.copyInto(AbstractPipeline.java:509) ~[na:na]
	at java.base/java.util.stream.AbstractPipeline.wrapAndCopyInto(AbstractPipeline.java:499) ~[na:na]
	at java.base/java.util.stream.StreamSpliterators$WrappingSpliterator.forEachRemaining(StreamSpliterators.java:310) ~[na:na]
	at java.base/java.util.stream.Streams$ConcatSpliterator.forEachRemaining(Streams.java:735) ~[na:na]
	at java.base/java.util.stream.Streams$ConcatSpliterator.forEachRemaining(Streams.java:734) ~[na:na]
	at java.base/java.util.stream.ReferencePipeline$Head.forEach(ReferencePipeline.java:762) ~[na:na]
	at org.junit.jupiter.engine.descriptor.ClassBasedTestDescriptor.invokeTestInstancePostProcessors(ClassBasedTestDescriptor.java:377) ~[junit-jupiter-engine-5.10.5.jar:5.10.5]
	at org.junit.jupiter.engine.descriptor.ClassBasedTestDescriptor.lambda$instantiateAndPostProcessTestInstance$6(ClassBasedTestDescriptor.java:290) ~[junit-jupiter-engine-5.10.5.jar:5.10.5]
	at org.junit.platform.engine.support.hierarchical.ThrowableCollector.execute(ThrowableCollector.java:73) ~[junit-platform-engine-1.10.5.jar:1.10.5]
	at org.junit.jupiter.engine.descriptor.ClassBasedTestDescriptor.instantiateAndPostProcessTestInstance(ClassBasedTestDescriptor.java:289) ~[junit-jupiter-engine-5.10.5.jar:5.10.5]
	at org.junit.jupiter.engine.descriptor.ClassBasedTestDescriptor.lambda$testInstancesProvider$4(ClassBasedTestDescriptor.java:279) ~[junit-jupiter-engine-5.10.5.jar:5.10.5]
	at java.base/java.util.Optional.orElseGet(Optional.java:364) ~[na:na]
	at org.junit.jupiter.engine.descriptor.ClassBasedTestDescriptor.lambda$testInstancesProvider$5(ClassBasedTestDescriptor.java:278) ~[junit-jupiter-engine-5.10.5.jar:5.10.5]
	at org.junit.jupiter.engine.execution.TestInstancesProvider.getTestInstances(TestInstancesProvider.java:31) ~[junit-jupiter-engine-5.10.5.jar:5.10.5]
	at org.junit.jupiter.engine.descriptor.TestMethodTestDescriptor.lambda$prepare$0(TestMethodTestDescriptor.java:106) ~[junit-jupiter-engine-5.10.5.jar:5.10.5]
	at org.junit.platform.engine.support.hierarchical.ThrowableCollector.execute(ThrowableCollector.java:73) ~[junit-platform-engine-1.10.5.jar:1.10.5]
	at org.junit.jupiter.engine.descriptor.TestMethodTestDescriptor.prepare(TestMethodTestDescriptor.java:105) ~[junit-jupiter-engine-5.10.5.jar:5.10.5]
	at org.junit.jupiter.engine.descriptor.TestMethodTestDescriptor.prepare(TestMethodTestDescriptor.java:69) ~[junit-jupiter-engine-5.10.5.jar:5.10.5]
	at org.junit.platform.engine.support.hierarchical.NodeTestTask.lambda$prepare$2(NodeTestTask.java:128) ~[junit-platform-engine-1.10.5.jar:1.10.5]
	at org.junit.platform.engine.support.hierarchical.ThrowableCollector.execute(ThrowableCollector.java:73) ~[junit-platform-engine-1.10.5.jar:1.10.5]
	at org.junit.platform.engine.support.hierarchical.NodeTestTask.prepare(NodeTestTask.java:128) ~[junit-platform-engine-1.10.5.jar:1.10.5]
	at org.junit.platform.engine.support.hierarchical.NodeTestTask.execute(NodeTestTask.java:95) ~[junit-platform-engine-1.10.5.jar:1.10.5]
	at java.base/java.util.ArrayList.forEach(ArrayList.java:1511) ~[na:na]
	at org.junit.platform.engine.support.hierarchical.SameThreadHierarchicalTestExecutorService.invokeAll(SameThreadHierarchicalTestExecutorService.java:41) ~[junit-platform-engine-1.10.5.jar:1.10.5]
	at org.junit.platform.engine.support.hierarchical.NodeTestTask.lambda$executeRecursively$6(NodeTestTask.java:160) ~[junit-platform-engine-1.10.5.jar:1.10.5]
	at org.junit.platform.engine.support.hierarchical.ThrowableCollector.execute(ThrowableCollector.java:73) ~[junit-platform-engine-1.10.5.jar:1.10.5]
	at org.junit.platform.engine.support.hierarchical.NodeTestTask.lambda$executeRecursively$8(NodeTestTask.java:146) ~[junit-platform-engine-1.10.5.jar:1.10.5]
	at org.junit.platform.engine.support.hierarchical.Node.around(Node.java:137) ~[junit-platform-engine-1.10.5.jar:1.10.5]
	at org.junit.platform.engine.support.hierarchical.NodeTestTask.lambda$executeRecursively$9(NodeTestTask.java:144) ~[junit-platform-engine-1.10.5.jar:1.10.5]
	at org.junit.platform.engine.support.hierarchical.ThrowableCollector.execute(ThrowableCollector.java:73) ~[junit-platform-engine-1.10.5.jar:1.10.5]
	at org.junit.platform.engine.support.hierarchical.NodeTestTask.executeRecursively(NodeTestTask.java:143) ~[junit-platform-engine-1.10.5.jar:1.10.5]
	at org.junit.platform.engine.support.hierarchical.NodeTestTask.execute(NodeTestTask.java:100) ~[junit-platform-engine-1.10.5.jar:1.10.5]
    org.springframework.boo
t.autoconfigure.context.Lif
ecycleAutoConfiguration

    org.springframework.boo
t.autoconfigure.context.Pro
pertyPlaceholderAutoConfigu
ration

    org.springframework.boo
t.autoconfigure.availabilit
y.ApplicationAvailabilityAu
toConfiguration

    org.springframework.boo
t.autoconfigure.info.Projec
tInfoAutoConfiguration



	at java.base/java.util.ArrayList.forEach(ArrayList.java:1511) ~[na:na]
	at org.junit.platform.engine.support.hierarchical.SameThreadHierarchicalTestExecutorService.invokeAll(SameThreadHierarchicalTestExecutorService.java:41) ~[junit-platform-engine-1.10.5.jar:1.10.5]
	at org.junit.platform.engine.support.hierarchical.NodeTestTask.lambda$executeRecursively$6(NodeTestTask.java:160) ~[junit-platform-engine-1.10.5.jar:1.10.5]
	at org.junit.platform.engine.support.hierarchical.ThrowableCollector.execute(ThrowableCollector.java:73) ~[junit-platform-engine-1.10.5.jar:1.10.5]
	at org.junit.platform.engine.support.hierarchical.NodeTestTask.lambda$executeRecursively$8(NodeTestTask.java:146) ~[junit-platform-engine-1.10.5.jar:1.10.5]
	at org.junit.platform.engine.support.hierarchical.Node.around(Node.java:137) ~[junit-platform-engine-1.10.5.jar:1.10.5]
	at org.junit.platform.engine.support.hierarchical.NodeTestTask.lambda$executeRecursively$9(NodeTestTask.java:144) ~[junit-platform-engine-1.10.5.jar:1.10.5]
	at org.junit.platform.engine.support.hierarchical.ThrowableCollector.execute(ThrowableCollector.java:73) ~[junit-platform-engine-1.10.5.jar:1.10.5]
	at org.junit.platform.engine.support.hierarchical.NodeTestTask.executeRecursively(NodeTestTask.java:143) ~[junit-platform-engine-1.10.5.jar:1.10.5]
	at org.junit.platform.engine.support.hierarchical.NodeTestTask.execute(NodeTestTask.java:100) ~[junit-platform-engine-1.10.5.jar:1.10.5]
	at org.junit.platform.engine.support.hierarchical.SameThreadHierarchicalTestExecutorService.submit(SameThreadHierarchicalTestExecutorService.java:35) ~[junit-platform-engine-1.10.5.jar:1.10.5]
	at org.junit.platform.engine.support.hierarchical.HierarchicalTestExecutor.execute(HierarchicalTestExecutor.java:57) ~[junit-platform-engine-1.10.5.jar:1.10.5]
	at org.junit.platform.engine.support.hierarchical.HierarchicalTestEngine.execute(HierarchicalTestEngine.java:54) ~[junit-platform-engine-1.10.5.jar:1.10.5]
	at org.junit.platform.launcher.core.EngineExecutionOrchestrator.execute(EngineExecutionOrchestrator.java:198) ~[junit-platform-launcher-1.10.5.jar:1.10.5]
	at org.junit.platform.launcher.core.EngineExecutionOrchestrator.execute(EngineExecutionOrchestrator.java:169) ~[junit-platform-launcher-1.10.5.jar:1.10.5]
	at org.junit.platform.launcher.core.EngineExecutionOrchestrator.execute(EngineExecutionOrchestrator.java:93) ~[junit-platform-launcher-1.10.5.jar:1.10.5]
	at org.junit.platform.launcher.core.EngineExecutionOrchestrator.lambda$execute$0(EngineExecutionOrchestrator.java:58) ~[junit-platform-launcher-1.10.5.jar:1.10.5]
	at org.junit.platform.launcher.core.EngineExecutionOrchestrator.withInterceptedStreams(EngineExecutionOrchestrator.java:141) ~[junit-platform-launcher-1.10.5.jar:1.10.5]
	at org.junit.platform.launcher.core.EngineExecutionOrchestrator.execute(EngineExecutionOrchestrator.java:57) ~[junit-platform-launcher-1.10.5.jar:1.10.5]
	at org.junit.platform.launcher.core.DefaultLauncher.execute(DefaultLauncher.java:103) ~[junit-platform-launcher-1.10.5.jar:1.10.5]
	at org.junit.platform.launcher.core.DefaultLauncher.execute(DefaultLauncher.java:85) ~[junit-platform-launcher-1.10.5.jar:1.10.5]
	at org.junit.platform.launcher.core.DelegatingLauncher.execute(DelegatingLauncher.java:47) ~[junit-platform-launcher-1.10.5.jar:1.10.5]
	at org.apache.maven.surefire.junitplatform.LazyLauncher.execute(LazyLauncher.java:56) ~[surefire-junit-platform-3.2.5.jar:3.2.5]
	at org.apache.maven.surefire.junitplatform.JUnitPlatformProvider.execute(JUnitPlatformProvider.java:184) ~[surefire-junit-platform-3.2.5.jar:3.2.5]
	at org.apache.maven.surefire.junitplatform.JUnitPlatformProvider.invokeAllTests(JUnitPlatformProvider.java:148) ~[surefire-junit-platform-3.2.5.jar:3.2.5]
	at org.apache.maven.surefire.junitplatform.JUnitPlatformProvider.invoke(JUnitPlatformProvider.java:122) ~[surefire-junit-platform-3.2.5.jar:3.2.5]
	at org.apache.maven.surefire.booter.ForkedBooter.runSuitesInProcess(ForkedBooter.java:385) ~[surefire-booter-3.2.5.jar:3.2.5]
	at org.apache.maven.surefire.booter.ForkedBooter.execute(ForkedBooter.java:162) ~[surefire-booter-3.2.5.jar:3.2.5]
	at org.apache.maven.surefire.booter.ForkedBooter.run(ForkedBooter.java:507) ~[surefire-booter-3.2.5.jar:3.2.5]
	at org.apache.maven.surefire.booter.ForkedBooter.main(ForkedBooter.java:495) ~[surefire-booter-3.2.5.jar:3.2.5]
Caused by: org.hibernate.service.spi.ServiceException: Unable to create requested service [org.hibernate.engine.jdbc.env.spi.JdbcEnvironment] due to: Unable to determine Dialect without JDBC metadata (please set 'jakarta.persistence.jdbc.url' for common cases or 'hibernate.dialect' when a custom Dialect implementation must be provided)
	at org.hibernate.service.internal.AbstractServiceRegistryImpl.createService(AbstractServiceRegistryImpl.java:276) ~[hibernate-core-6.5.3.Final.jar:6.5.3.Final]
	at org.hibernate.service.internal.AbstractServiceRegistryImpl.initializeService(AbstractServiceRegistryImpl.java:238) ~[hibernate-core-6.5.3.Final.jar:6.5.3.Final]
	at org.hibernate.service.internal.AbstractServiceRegistryImpl.getService(AbstractServiceRegistryImpl.java:215) ~[hibernate-core-6.5.3.Final.jar:6.5.3.Final]
	at org.hibernate.boot.model.relational.Database.<init>(Database.java:45) ~[hibernate-core-6.5.3.Final.jar:6.5.3.Final]
	at org.hibernate.boot.internal.InFlightMetadataCollectorImpl.getDatabase(InFlightMetadataCollectorImpl.java:221) ~[hibernate-core-6.5.3.Final.jar:6.5.3.Final]
	at org.hibernate.boot.internal.InFlightMetadataCollectorImpl.<init>(InFlightMetadataCollectorImpl.java:189) ~[hibernate-core-6.5.3.Final.jar:6.5.3.Final]
	at org.hibernate.boot.model.process.spi.MetadataBuildingProcess.complete(MetadataBuildingProcess.java:171) ~[hibernate-core-6.5.3.Final.jar:6.5.3.Final]
	at org.hibernate.jpa.boot.internal.EntityManagerFactoryBuilderImpl.metadata(EntityManagerFactoryBuilderImpl.java:1431) ~[hibernate-core-6.5.3.Final.jar:6.5.3.Final]
	at org.hibernate.jpa.boot.internal.EntityManagerFactoryBuilderImpl.build(EntityManagerFactoryBuilderImpl.java:1502) ~[hibernate-core-6.5.3.Final.jar:6.5.3.Final]
	at org.springframework.orm.jpa.vendor.SpringHibernateJpaPersistenceProvider.createContainerEntityManagerFactory(SpringHibernateJpaPersistenceProvider.java:75) ~[spring-orm-6.1.14.jar:6.1.14]
	at org.springframework.orm.jpa.LocalContainerEntityManagerFactoryBean.createNativeEntityManagerFactory(LocalContainerEntityManagerFactoryBean.java:390) ~[spring-orm-6.1.14.jar:6.1.14]
	at org.springframework.orm.jpa.AbstractEntityManagerFactoryBean.buildNativeEntityManagerFactory(AbstractEntityManagerFactoryBean.java:409) ~[spring-orm-6.1.14.jar:6.1.14]
	at org.springframework.orm.jpa.AbstractEntityManagerFactoryBean.afterPropertiesSet(AbstractEntityManagerFactoryBean.java:396) ~[spring-orm-6.1.14.jar:6.1.14]
	at org.springframework.orm.jpa.LocalContainerEntityManagerFactoryBean.afterPropertiesSet(LocalContainerEntityManagerFactoryBean.java:366) ~[spring-orm-6.1.14.jar:6.1.14]
	at org.springframework.beans.factory.support.AbstractAutowireCapableBeanFactory.invokeInitMethods(AbstractAutowireCapableBeanFactory.java:1853) ~[spring-beans-6.1.14.jar:6.1.14]
	at org.springframework.beans.factory.support.AbstractAutowireCapableBeanFactory.initializeBean(AbstractAutowireCapableBeanFactory.java:1802) ~[spring-beans-6.1.14.jar:6.1.14]
	... 93 common frames omitted
Caused by: org.hibernate.HibernateException: Unable to determine Dialect without JDBC metadata (please set 'jakarta.persistence.jdbc.url' for common cases or 'hibernate.dialect' when a custom Dialect implementation must be provided)
	at org.hibernate.engine.jdbc.dialect.internal.DialectFactoryImpl.determineDialect(DialectFactoryImpl.java:191) ~[hibernate-core-6.5.3.Final.jar:6.5.3.Final]
	at org.hibernate.engine.jdbc.dialect.internal.DialectFactoryImpl.buildDialect(DialectFactoryImpl.java:87) ~[hibernate-core-6.5.3.Final.jar:6.5.3.Final]
	at org.hibernate.engine.jdbc.env.internal.JdbcEnvironmentInitiator.getJdbcEnvironmentWithDefaults(JdbcEnvironmentInitiator.java:153) ~[hibernate-core-6.5.3.Final.jar:6.5.3.Final]
	at org.hibernate.engine.jdbc.env.internal.JdbcEnvironmentInitiator.getJdbcEnvironmentUsingJdbcMetadata(JdbcEnvironmentInitiator.java:364) ~[hibernate-core-6.5.3.Final.jar:6.5.3.Final]
	at org.hibernate.engine.jdbc.env.internal.JdbcEnvironmentInitiator.initiateService(JdbcEnvironmentInitiator.java:124) ~[hibernate-core-6.5.3.Final.jar:6.5.3.Final]
	at org.hibernate.engine.jdbc.env.internal.JdbcEnvironmentInitiator.initiateService(JdbcEnvironmentInitiator.java:78) ~[hibernate-core-6.5.3.Final.jar:6.5.3.Final]
	at org.hibernate.boot.registry.internal.StandardServiceRegistryImpl.initiateService(StandardServiceRegistryImpl.java:130) ~[hibernate-core-6.5.3.Final.jar:6.5.3.Final]
	at org.hibernate.service.internal.AbstractServiceRegistryImpl.createService(AbstractServiceRegistryImpl.java:263) ~[hibernate-core-6.5.3.Final.jar:6.5.3.Final]
	... 108 common frames omitted

2026-03-30T20:09:42.809+05:30  WARN 12784 --- [           main] o.s.test.context.TestContextManager      : Caught exception while allowing TestExecutionListener [org.springframework.test.context.web.ServletTestExecutionListener] to prepare test instance [com.mangala.showroom.ShowroomApplicationTests@630febd7]

java.lang.IllegalStateException: Failed to load ApplicationContext for [WebMergedContextConfiguration@49b180c8 testClass = com.mangala.showroom.ShowroomApplicationTests, locations = [], classes = [com.mangala.showroom.ShowroomApplication], contextInitializerClasses = [], activeProfiles = [], propertySourceDescriptors = [], propertySourceProperties = ["org.springframework.boot.test.context.SpringBootTestContextBootstrapper=true"], contextCustomizers = [org.springframework.boot.test.context.filter.ExcludeFilterContextCustomizer@3336e6b6, org.springframework.boot.test.json.DuplicateJsonObjectContextCustomizerFactory$DuplicateJsonObjectContextCustomizer@6f3187b0, org.springframework.boot.test.mock.mockito.MockitoContextCustomizer@0, org.springframework.boot.test.web.client.TestRestTemplateContextCustomizer@4dd6fd0a, org.springframework.boot.test.web.reactor.netty.DisableReactorResourceFactoryGlobalResourcesContextCustomizerFactory$DisableReactorResourceFactoryGlobalResourcesContextCustomizerCustomizer@479cbee5, org.springframework.boot.test.autoconfigure.OnFailureConditionReportContextCustomizerFactory$OnFailureConditionReportContextCustomizer@7f8a9499, org.springframework.boot.test.autoconfigure.actuate.observability.ObservabilityContextCustomizerFactory$DisableObservabilityContextCustomizer@1f, org.springframework.boot.test.autoconfigure.properties.PropertyMappingContextCustomizer@0, org.springframework.boot.test.autoconfigure.web.servlet.WebDriverContextCustomizer@2d9caaeb, org.springframework.boot.test.context.SpringBootTestAnnotation@365993b4], resourceBasePath = "src/main/webapp", contextLoader = org.springframework.boot.test.context.SpringBootContextLoader, parent = null]
	at org.springframework.test.context.cache.DefaultCacheAwareContextLoaderDelegate.loadContext(DefaultCacheAwareContextLoaderDelegate.java:180) ~[spring-test-6.1.14.jar:6.1.14]
	at org.springframework.test.context.support.DefaultTestContext.getApplicationContext(DefaultTestContext.java:130) ~[spring-test-6.1.14.jar:6.1.14]
	at org.springframework.test.context.web.ServletTestExecutionListener.setUpRequestContextIfNecessary(ServletTestExecutionListener.java:191) ~[spring-test-6.1.14.jar:6.1.14]
	at org.springframework.test.context.web.ServletTestExecutionListener.prepareTestInstance(ServletTestExecutionListener.java:130) ~[spring-test-6.1.14.jar:6.1.14]
	at org.springframework.test.context.TestContextManager.prepareTestInstance(TestContextManager.java:260) ~[spring-test-6.1.14.jar:6.1.14]
	at org.springframework.test.context.junit.jupiter.SpringExtension.postProcessTestInstance(SpringExtension.java:163) ~[spring-test-6.1.14.jar:6.1.14]
	at org.junit.jupiter.engine.descriptor.ClassBasedTestDescriptor.lambda$invokeTestInstancePostProcessors$10(ClassBasedTestDescriptor.java:378) ~[junit-jupiter-engine-5.10.5.jar:5.10.5]
	at org.junit.jupiter.engine.descriptor.ClassBasedTestDescriptor.executeAndMaskThrowable(ClassBasedTestDescriptor.java:383) ~[junit-jupiter-engine-5.10.5.jar:5.10.5]
	at org.junit.jupiter.engine.descriptor.ClassBasedTestDescriptor.lambda$invokeTestInstancePostProcessors$11(ClassBasedTestDescriptor.java:378) ~[junit-jupiter-engine-5.10.5.jar:5.10.5]
	at java.base/java.util.stream.ReferencePipeline$3$1.accept(ReferencePipeline.java:197) ~[na:na]
	at java.base/java.util.stream.ReferencePipeline$2$1.accept(ReferencePipeline.java:179) ~[na:na]
	at java.base/java.util.ArrayList$ArrayListSpliterator.forEachRemaining(ArrayList.java:1625) ~[na:na]
	at java.base/java.util.stream.AbstractPipeline.copyInto(AbstractPipeline.java:509) ~[na:na]
	at java.base/java.util.stream.AbstractPipeline.wrapAndCopyInto(AbstractPipeline.java:499) ~[na:na]
	at java.base/java.util.stream.StreamSpliterators$WrappingSpliterator.forEachRemaining(StreamSpliterators.java:310) ~[na:na]
	at java.base/java.util.stream.Streams$ConcatSpliterator.forEachRemaining(Streams.java:735) ~[na:na]
	at java.base/java.util.stream.Streams$ConcatSpliterator.forEachRemaining(Streams.java:734) ~[na:na]
	at java.base/java.util.stream.ReferencePipeline$Head.forEach(ReferencePipeline.java:762) ~[na:na]
	at org.junit.jupiter.engine.descriptor.ClassBasedTestDescriptor.invokeTestInstancePostProcessors(ClassBasedTestDescriptor.java:377) ~[junit-jupiter-engine-5.10.5.jar:5.10.5]
	at org.junit.jupiter.engine.descriptor.ClassBasedTestDescriptor.lambda$instantiateAndPostProcessTestInstance$6(ClassBasedTestDescriptor.java:290) ~[junit-jupiter-engine-5.10.5.jar:5.10.5]
	at org.junit.platform.engine.support.hierarchical.ThrowableCollector.execute(ThrowableCollector.java:73) ~[junit-platform-engine-1.10.5.jar:1.10.5]
	at org.junit.jupiter.engine.descriptor.ClassBasedTestDescriptor.instantiateAndPostProcessTestInstance(ClassBasedTestDescriptor.java:289) ~[junit-jupiter-engine-5.10.5.jar:5.10.5]
	at org.junit.jupiter.engine.descriptor.ClassBasedTestDescriptor.lambda$testInstancesProvider$4(ClassBasedTestDescriptor.java:279) ~[junit-jupiter-engine-5.10.5.jar:5.10.5]
	at java.base/java.util.Optional.orElseGet(Optional.java:364) ~[na:na]
	at org.junit.jupiter.engine.descriptor.ClassBasedTestDescriptor.lambda$testInstancesProvider$5(ClassBasedTestDescriptor.java:278) ~[junit-jupiter-engine-5.10.5.jar:5.10.5]
	at org.junit.jupiter.engine.execution.TestInstancesProvider.getTestInstances(TestInstancesProvider.java:31) ~[junit-jupiter-engine-5.10.5.jar:5.10.5]
	at org.junit.jupiter.engine.descriptor.TestMethodTestDescriptor.lambda$prepare$0(TestMethodTestDescriptor.java:106) ~[junit-jupiter-engine-5.10.5.jar:5.10.5]
	at org.junit.platform.engine.support.hierarchical.ThrowableCollector.execute(ThrowableCollector.java:73) ~[junit-platform-engine-1.10.5.jar:1.10.5]
	at org.junit.jupiter.engine.descriptor.TestMethodTestDescriptor.prepare(TestMethodTestDescriptor.java:105) ~[junit-jupiter-engine-5.10.5.jar:5.10.5]
	at org.junit.jupiter.engine.descriptor.TestMethodTestDescriptor.prepare(TestMethodTestDescriptor.java:69) ~[junit-jupiter-engine-5.10.5.jar:5.10.5]
	at org.junit.platform.engine.support.hierarchical.NodeTestTask.lambda$prepare$2(NodeTestTask.java:128) ~[junit-platform-engine-1.10.5.jar:1.10.5]
	at org.junit.platform.engine.support.hierarchical.ThrowableCollector.execute(ThrowableCollector.java:73) ~[junit-platform-engine-1.10.5.jar:1.10.5]
	at org.junit.platform.engine.support.hierarchical.NodeTestTask.prepare(NodeTestTask.java:128) ~[junit-platform-engine-1.10.5.jar:1.10.5]
	at org.junit.platform.engine.support.hierarchical.NodeTestTask.execute(NodeTestTask.java:95) ~[junit-platform-engine-1.10.5.jar:1.10.5]
	at java.base/java.util.ArrayList.forEach(ArrayList.java:1511) ~[na:na]
	at org.junit.platform.engine.support.hierarchical.SameThreadHierarchicalTestExecutorService.invokeAll(SameThreadHierarchicalTestExecutorService.java:41) ~[junit-platform-engine-1.10.5.jar:1.10.5]
	at org.junit.platform.engine.support.hierarchical.NodeTestTask.lambda$executeRecursively$6(NodeTestTask.java:160) ~[junit-platform-engine-1.10.5.jar:1.10.5]
	at org.junit.platform.engine.support.hierarchical.ThrowableCollector.execute(ThrowableCollector.java:73) ~[junit-platform-engine-1.10.5.jar:1.10.5]
	at org.junit.platform.engine.support.hierarchical.NodeTestTask.lambda$executeRecursively$8(NodeTestTask.java:146) ~[junit-platform-engine-1.10.5.jar:1.10.5]
	at org.junit.platform.engine.support.hierarchical.Node.around(Node.java:137) ~[junit-platform-engine-1.10.5.jar:1.10.5]
	at org.junit.platform.engine.support.hierarchical.NodeTestTask.lambda$executeRecursively$9(NodeTestTask.java:144) ~[junit-platform-engine-1.10.5.jar:1.10.5]
	at org.junit.platform.engine.support.hierarchical.ThrowableCollector.execute(ThrowableCollector.java:73) ~[junit-platform-engine-1.10.5.jar:1.10.5]
	at org.junit.platform.engine.support.hierarchical.NodeTestTask.executeRecursively(NodeTestTask.java:143) ~[junit-platform-engine-1.10.5.jar:1.10.5]
	at org.junit.platform.engine.support.hierarchical.NodeTestTask.execute(NodeTestTask.java:100) ~[junit-platform-engine-1.10.5.jar:1.10.5]
	at java.base/java.util.ArrayList.forEach(ArrayList.java:1511) ~[na:na]
	at org.junit.platform.engine.support.hierarchical.SameThreadHierarchicalTestExecutorService.invokeAll(SameThreadHierarchicalTestExecutorService.java:41) ~[junit-platform-engine-1.10.5.jar:1.10.5]
	at org.junit.platform.engine.support.hierarchical.NodeTestTask.lambda$executeRecursively$6(NodeTestTask.java:160) ~[junit-platform-engine-1.10.5.jar:1.10.5]
	at org.junit.platform.engine.support.hierarchical.ThrowableCollector.execute(ThrowableCollector.java:73) ~[junit-platform-engine-1.10.5.jar:1.10.5]
	at org.junit.platform.engine.support.hierarchical.NodeTestTask.lambda$executeRecursively$8(NodeTestTask.java:146) ~[junit-platform-engine-1.10.5.jar:1.10.5]
	at org.junit.platform.engine.support.hierarchical.Node.around(Node.java:137) ~[junit-platform-engine-1.10.5.jar:1.10.5]
	at org.junit.platform.engine.support.hierarchical.NodeTestTask.lambda$executeRecursively$9(NodeTestTask.java:144) ~[junit-platform-engine-1.10.5.jar:1.10.5]
	at org.junit.platform.engine.support.hierarchical.ThrowableCollector.execute(ThrowableCollector.java:73) ~[junit-platform-engine-1.10.5.jar:1.10.5]
	at org.junit.platform.engine.support.hierarchical.NodeTestTask.executeRecursively(NodeTestTask.java:143) ~[junit-platform-engine-1.10.5.jar:1.10.5]
	at org.junit.platform.engine.support.hierarchical.NodeTestTask.execute(NodeTestTask.java:100) ~[junit-platform-engine-1.10.5.jar:1.10.5]
	at org.junit.platform.engine.support.hierarchical.SameThreadHierarchicalTestExecutorService.submit(SameThreadHierarchicalTestExecutorService.java:35) ~[junit-platform-engine-1.10.5.jar:1.10.5]
	at org.junit.platform.engine.support.hierarchical.HierarchicalTestExecutor.execute(HierarchicalTestExecutor.java:57) ~[junit-platform-engine-1.10.5.jar:1.10.5]
	at org.junit.platform.engine.support.hierarchical.HierarchicalTestEngine.execute(HierarchicalTestEngine.java:54) ~[junit-platform-engine-1.10.5.jar:1.10.5]
	at org.junit.platform.launcher.core.EngineExecutionOrchestrator.execute(EngineExecutionOrchestrator.java:198) ~[junit-platform-launcher-1.10.5.jar:1.10.5]
	at org.junit.platform.launcher.core.EngineExecutionOrchestrator.execute(EngineExecutionOrchestrator.java:169) ~[junit-platform-launcher-1.10.5.jar:1.10.5]
	at org.junit.platform.launcher.core.EngineExecutionOrchestrator.execute(EngineExecutionOrchestrator.java:93) ~[junit-platform-launcher-1.10.5.jar:1.10.5]
	at org.junit.platform.launcher.core.EngineExecutionOrchestrator.lambda$execute$0(EngineExecutionOrchestrator.java:58) ~[junit-platform-launcher-1.10.5.jar:1.10.5]
	at org.junit.platform.launcher.core.EngineExecutionOrchestrator.withInterceptedStreams(EngineExecutionOrchestrator.java:141) ~[junit-platform-launcher-1.10.5.jar:1.10.5]
	at org.junit.platform.launcher.core.EngineExecutionOrchestrator.execute(EngineExecutionOrchestrator.java:57) ~[junit-platform-launcher-1.10.5.jar:1.10.5]
	at org.junit.platform.launcher.core.DefaultLauncher.execute(DefaultLauncher.java:103) ~[junit-platform-launcher-1.10.5.jar:1.10.5]
	at org.junit.platform.launcher.core.DefaultLauncher.execute(DefaultLauncher.java:85) ~[junit-platform-launcher-1.10.5.jar:1.10.5]
	at org.junit.platform.launcher.core.DelegatingLauncher.execute(DelegatingLauncher.java:47) ~[junit-platform-launcher-1.10.5.jar:1.10.5]
	at org.apache.maven.surefire.junitplatform.LazyLauncher.execute(LazyLauncher.java:56) ~[surefire-junit-platform-3.2.5.jar:3.2.5]
	at org.apache.maven.surefire.junitplatform.JUnitPlatformProvider.execute(JUnitPlatformProvider.java:184) ~[surefire-junit-platform-3.2.5.jar:3.2.5]
	at org.apache.maven.surefire.junitplatform.JUnitPlatformProvider.invokeAllTests(JUnitPlatformProvider.java:148) ~[surefire-junit-platform-3.2.5.jar:3.2.5]
	at org.apache.maven.surefire.junitplatform.JUnitPlatformProvider.invoke(JUnitPlatformProvider.java:122) ~[surefire-junit-platform-3.2.5.jar:3.2.5]
	at org.apache.maven.surefire.booter.ForkedBooter.runSuitesInProcess(ForkedBooter.java:385) ~[surefire-booter-3.2.5.jar:3.2.5]
	at org.apache.maven.surefire.booter.ForkedBooter.execute(ForkedBooter.java:162) ~[surefire-booter-3.2.5.jar:3.2.5]
	at org.apache.maven.surefire.booter.ForkedBooter.run(ForkedBooter.java:507) ~[surefire-booter-3.2.5.jar:3.2.5]
	at org.apache.maven.surefire.booter.ForkedBooter.main(ForkedBooter.java:495) ~[surefire-booter-3.2.5.jar:3.2.5]
Caused by: org.springframework.beans.factory.BeanCreationException: Error creating bean with name 'entityManagerFactory' defined in class path resource [org/springframework/boot/autoconfigure/orm/jpa/HibernateJpaConfiguration.class]: Unable to create requested service [org.hibernate.engine.jdbc.env.spi.JdbcEnvironment] due to: Unable to determine Dialect without JDBC metadata (please set 'jakarta.persistence.jdbc.url' for common cases or 'hibernate.dialect' when a custom Dialect implementation must be provided)
	at org.springframework.beans.factory.support.AbstractAutowireCapableBeanFactory.initializeBean(AbstractAutowireCapableBeanFactory.java:1806) ~[spring-beans-6.1.14.jar:6.1.14]
	at org.springframework.beans.factory.support.AbstractAutowireCapableBeanFactory.doCreateBean(AbstractAutowireCapableBeanFactory.java:600) ~[spring-beans-6.1.14.jar:6.1.14]
	at org.springframework.beans.factory.support.AbstractAutowireCapableBeanFactory.createBean(AbstractAutowireCapableBeanFactory.java:522) ~[spring-beans-6.1.14.jar:6.1.14]
	at org.springframework.beans.factory.support.AbstractBeanFactory.lambda$doGetBean$0(AbstractBeanFactory.java:337) ~[spring-beans-6.1.14.jar:6.1.14]
	at org.springframework.beans.factory.support.DefaultSingletonBeanRegistry.getSingleton(DefaultSingletonBeanRegistry.java:234) ~[spring-beans-6.1.14.jar:6.1.14]
	at org.springframework.beans.factory.support.AbstractBeanFactory.doGetBean(AbstractBeanFactory.java:335) ~[spring-beans-6.1.14.jar:6.1.14]
	at org.springframework.beans.factory.support.AbstractBeanFactory.getBean(AbstractBeanFactory.java:205) ~[spring-beans-6.1.14.jar:6.1.14]
	at org.springframework.context.support.AbstractApplicationContext.finishBeanFactoryInitialization(AbstractApplicationContext.java:954) ~[spring-context-6.1.14.jar:6.1.14]
	at org.springframework.context.support.AbstractApplicationContext.refresh(AbstractApplicationContext.java:625) ~[spring-context-6.1.14.jar:6.1.14]
	at org.springframework.boot.SpringApplication.refresh(SpringApplication.java:754) ~[spring-boot-3.3.5.jar:3.3.5]
	at org.springframework.boot.SpringApplication.refreshContext(SpringApplication.java:456) ~[spring-boot-3.3.5.jar:3.3.5]
	at org.springframework.boot.SpringApplication.run(SpringApplication.java:335) ~[spring-boot-3.3.5.jar:3.3.5]
	at org.springframework.boot.test.context.SpringBootContextLoader.lambda$loadContext$3(SpringBootContextLoader.java:137) ~[spring-boot-test-3.3.5.jar:3.3.5]
	at org.springframework.util.function.ThrowingSupplier.get(ThrowingSupplier.java:58) ~[spring-core-6.1.14.jar:6.1.14]
	at org.springframework.util.function.ThrowingSupplier.get(ThrowingSupplier.java:46) ~[spring-core-6.1.14.jar:6.1.14]
	at org.springframework.boot.SpringApplication.withHook(SpringApplication.java:1463) ~[spring-boot-3.3.5.jar:3.3.5]
	at org.springframework.boot.test.context.SpringBootContextLoader$ContextLoaderHook.run(SpringBootContextLoader.java:553) ~[spring-boot-test-3.3.5.jar:3.3.5]
	at org.springframework.boot.test.context.SpringBootContextLoader.loadContext(SpringBootContextLoader.java:137) ~[spring-boot-test-3.3.5.jar:3.3.5]
	at org.springframework.boot.test.context.SpringBootContextLoader.loadContext(SpringBootContextLoader.java:108) ~[spring-boot-test-3.3.5.jar:3.3.5]
	at org.springframework.test.context.cache.DefaultCacheAwareContextLoaderDelegate.loadContextInternal(DefaultCacheAwareContextLoaderDelegate.java:225) ~[spring-test-6.1.14.jar:6.1.14]
	at org.springframework.test.context.cache.DefaultCacheAwareContextLoaderDelegate.loadContext(DefaultCacheAwareContextLoaderDelegate.java:152) ~[spring-test-6.1.14.jar:6.1.14]
	... 73 common frames omitted
Caused by: org.hibernate.service.spi.ServiceException: Unable to create requested service [org.hibernate.engine.jdbc.env.spi.JdbcEnvironment] due to: Unable to determine Dialect without JDBC metadata (please set 'jakarta.persistence.jdbc.url' for common cases or 'hibernate.dialect' when a custom Dialect implementation must be provided)
	at org.hibernate.service.internal.AbstractServiceRegistryImpl.createService(AbstractServiceRegistryImpl.java:276) ~[hibernate-core-6.5.3.Final.jar:6.5.3.Final]
	at org.hibernate.service.internal.AbstractServiceRegistryImpl.initializeService(AbstractServiceRegistryImpl.java:238) ~[hibernate-core-6.5.3.Final.jar:6.5.3.Final]
	at org.hibernate.service.internal.AbstractServiceRegistryImpl.getService(AbstractServiceRegistryImpl.java:215) ~[hibernate-core-6.5.3.Final.jar:6.5.3.Final]
	at org.hibernate.boot.model.relational.Database.<init>(Database.java:45) ~[hibernate-core-6.5.3.Final.jar:6.5.3.Final]
	at org.hibernate.boot.internal.InFlightMetadataCollectorImpl.getDatabase(InFlightMetadataCollectorImpl.java:221) ~[hibernate-core-6.5.3.Final.jar:6.5.3.Final]
	at org.hibernate.boot.internal.InFlightMetadataCollectorImpl.<init>(InFlightMetadataCollectorImpl.java:189) ~[hibernate-core-6.5.3.Final.jar:6.5.3.Final]
	at org.hibernate.boot.model.process.spi.MetadataBuildingProcess.complete(MetadataBuildingProcess.java:171) ~[hibernate-core-6.5.3.Final.jar:6.5.3.Final]
	at org.hibernate.jpa.boot.internal.EntityManagerFactoryBuilderImpl.metadata(EntityManagerFactoryBuilderImpl.java:1431) ~[hibernate-core-6.5.3.Final.jar:6.5.3.Final]
	at org.hibernate.jpa.boot.internal.EntityManagerFactoryBuilderImpl.build(EntityManagerFactoryBuilderImpl.java:1502) ~[hibernate-core-6.5.3.Final.jar:6.5.3.Final]
	at org.springframework.orm.jpa.vendor.SpringHibernateJpaPersistenceProvider.createContainerEntityManagerFactory(SpringHibernateJpaPersistenceProvider.java:75) ~[spring-orm-6.1.14.jar:6.1.14]
	at org.springframework.orm.jpa.LocalContainerEntityManagerFactoryBean.createNativeEntityManagerFactory(LocalContainerEntityManagerFactoryBean.java:390) ~[spring-orm-6.1.14.jar:6.1.14]
	at org.springframework.orm.jpa.AbstractEntityManagerFactoryBean.buildNativeEntityManagerFactory(AbstractEntityManagerFactoryBean.java:409) ~[spring-orm-6.1.14.jar:6.1.14]
	at org.springframework.orm.jpa.AbstractEntityManagerFactoryBean.afterPropertiesSet(AbstractEntityManagerFactoryBean.java:396) ~[spring-orm-6.1.14.jar:6.1.14]
	at org.springframework.orm.jpa.LocalContainerEntityManagerFactoryBean.afterPropertiesSet(LocalContainerEntityManagerFactoryBean.java:366) ~[spring-orm-6.1.14.jar:6.1.14]
	at org.springframework.beans.factory.support.AbstractAutowireCapableBeanFactory.invokeInitMethods(AbstractAutowireCapableBeanFactory.java:1853) ~[spring-beans-6.1.14.jar:6.1.14]
	at org.springframework.beans.factory.support.AbstractAutowireCapableBeanFactory.initializeBean(AbstractAutowireCapableBeanFactory.java:1802) ~[spring-beans-6.1.14.jar:6.1.14]
	... 93 common frames omitted
Caused by: org.hibernate.HibernateException: Unable to determine Dialect without JDBC metadata (please set 'jakarta.persistence.jdbc.url' for common cases or 'hibernate.dialect' when a custom Dialect implementation must be provided)
	at org.hibernate.engine.jdbc.dialect.internal.DialectFactoryImpl.determineDialect(DialectFactoryImpl.java:191) ~[hibernate-core-6.5.3.Final.jar:6.5.3.Final]
	at org.hibernate.engine.jdbc.dialect.internal.DialectFactoryImpl.buildDialect(DialectFactoryImpl.java:87) ~[hibernate-core-6.5.3.Final.jar:6.5.3.Final]
	at org.hibernate.engine.jdbc.env.internal.JdbcEnvironmentInitiator.getJdbcEnvironmentWithDefaults(JdbcEnvironmentInitiator.java:153) ~[hibernate-core-6.5.3.Final.jar:6.5.3.Final]
	at org.hibernate.engine.jdbc.env.internal.JdbcEnvironmentInitiator.getJdbcEnvironmentUsingJdbcMetadata(JdbcEnvironmentInitiator.java:364) ~[hibernate-core-6.5.3.Final.jar:6.5.3.Final]
	at org.hibernate.engine.jdbc.env.internal.JdbcEnvironmentInitiator.initiateService(JdbcEnvironmentInitiator.java:124) ~[hibernate-core-6.5.3.Final.jar:6.5.3.Final]
	at org.hibernate.engine.jdbc.env.internal.JdbcEnvironmentInitiator.initiateService(JdbcEnvironmentInitiator.java:78) ~[hibernate-core-6.5.3.Final.jar:6.5.3.Final]
	at org.hibernate.boot.registry.internal.StandardServiceRegistryImpl.initiateService(StandardServiceRegistryImpl.java:130) ~[hibernate-core-6.5.3.Final.jar:6.5.3.Final]
	at org.hibernate.service.internal.AbstractServiceRegistryImpl.createService(AbstractServiceRegistryImpl.java:263) ~[hibernate-core-6.5.3.Final.jar:6.5.3.Final]
	... 108 common frames omitted

[ERROR] Tests run: 1, Failures: 0, Errors: 1, Skipped: 0, Time elapsed: 2.633 s <<< FAILURE! -- in com.mangala.showroom.ShowroomApplicationTests
[ERROR] com.mangala.showroom.ShowroomApplicationTests.contextLoads -- Time elapsed: 0.002 s <<< ERROR!
java.lang.IllegalStateException: Failed to load ApplicationContext for [WebMergedContextConfiguration@49b180c8 testClass = com.mangala.showroom.ShowroomApplicationTests, locations = [], classes = [com.mangala.showroom.ShowroomApplication], contextInitializerClasses = [], activeProfiles = [], propertySourceDescriptors = [], propertySourceProperties = ["org.springframework.boot.test.context.SpringBootTestContextBootstrapper=true"], contextCustomizers = [org.springframework.boot.test.context.filter.ExcludeFilterContextCustomizer@3336e6b6, org.springframework.boot.test.json.DuplicateJsonObjectContextCustomizerFactory$DuplicateJsonObjectContextCustomizer@6f3187b0, org.springframework.boot.test.mock.mockito.MockitoContextCustomizer@0, org.springframework.boot.test.web.client.TestRestTemplateContextCustomizer@4dd6fd0a, org.springframework.boot.test.web.reactor.netty.DisableReactorResourceFactoryGlobalResourcesContextCustomizerFactory$DisableReactorResourceFactoryGlobalResourcesContextCustomizerCustomizer@479cbee5, org.springframework.boot.test.autoconfigure.OnFailureConditionReportContextCustomizerFactory$OnFailureConditionReportContextCustomizer@7f8a9499, org.springframework.boot.test.autoconfigure.actuate.observability.ObservabilityContextCustomizerFactory$DisableObservabilityContextCustomizer@1f, org.springframework.boot.test.autoconfigure.properties.PropertyMappingContextCustomizer@0, org.springframework.boot.test.autoconfigure.web.servlet.WebDriverContextCustomizer@2d9caaeb, org.springframework.boot.test.context.SpringBootTestAnnotation@365993b4], resourceBasePath = "src/main/webapp", contextLoader = org.springframework.boot.test.context.SpringBootContextLoader, parent = null]
	at org.springframework.test.context.cache.DefaultCacheAwareContextLoaderDelegate.loadContext(DefaultCacheAwareContextLoaderDelegate.java:180)
	at org.springframework.test.context.support.DefaultTestContext.getApplicationContext(DefaultTestContext.java:130)
	at org.springframework.test.context.web.ServletTestExecutionListener.setUpRequestContextIfNecessary(ServletTestExecutionListener.java:191)
	at org.springframework.test.context.web.ServletTestExecutionListener.prepareTestInstance(ServletTestExecutionListener.java:130)
	at org.springframework.test.context.TestContextManager.prepareTestInstance(TestContextManager.java:260)
	at org.springframework.test.context.junit.jupiter.SpringExtension.postProcessTestInstance(SpringExtension.java:163)
	at java.base/java.util.stream.ReferencePipeline$3$1.accept(ReferencePipeline.java:197)
	at java.base/java.util.stream.ReferencePipeline$2$1.accept(ReferencePipeline.java:179)
	at java.base/java.util.ArrayList$ArrayListSpliterator.forEachRemaining(ArrayList.java:1625)
	at java.base/java.util.stream.AbstractPipeline.copyInto(AbstractPipeline.java:509)
	at java.base/java.util.stream.AbstractPipeline.wrapAndCopyInto(AbstractPipeline.java:499)
	at java.base/java.util.stream.StreamSpliterators$WrappingSpliterator.forEachRemaining(StreamSpliterators.java:310)
	at java.base/java.util.stream.Streams$ConcatSpliterator.forEachRemaining(Streams.java:735)
	at java.base/java.util.stream.Streams$ConcatSpliterator.forEachRemaining(Streams.java:734)
	at java.base/java.util.stream.ReferencePipeline$Head.forEach(ReferencePipeline.java:762)
	at java.base/java.util.Optional.orElseGet(Optional.java:364)
	at java.base/java.util.ArrayList.forEach(ArrayList.java:1511)
	at java.base/java.util.ArrayList.forEach(ArrayList.java:1511)
Caused by: org.springframework.beans.factory.BeanCreationException: Error creating bean with name 'entityManagerFactory' defined in class path resource [org/springframework/boot/autoconfigure/orm/jpa/HibernateJpaConfiguration.class]: Unable to create requested service [org.hibernate.engine.jdbc.env.spi.JdbcEnvironment] due to: Unable to determine Dialect without JDBC metadata (please set 'jakarta.persistence.jdbc.url' for common cases or 'hibernate.dialect' when a custom Dialect implementation must be provided)
	at org.springframework.beans.factory.support.AbstractAutowireCapableBeanFactory.initializeBean(AbstractAutowireCapableBeanFactory.java:1806)
	at org.springframework.beans.factory.support.AbstractAutowireCapableBeanFactory.doCreateBean(AbstractAutowireCapableBeanFactory.java:600)
	at org.springframework.beans.factory.support.AbstractAutowireCapableBeanFactory.createBean(AbstractAutowireCapableBeanFactory.java:522)
	at org.springframework.beans.factory.support.AbstractBeanFactory.lambda$doGetBean$0(AbstractBeanFactory.java:337)
	at org.springframework.beans.factory.support.DefaultSingletonBeanRegistry.getSingleton(DefaultSingletonBeanRegistry.java:234)
	at org.springframework.beans.factory.support.AbstractBeanFactory.doGetBean(AbstractBeanFactory.java:335)
	at org.springframework.beans.factory.support.AbstractBeanFactory.getBean(AbstractBeanFactory.java:205)
	at org.springframework.context.support.AbstractApplicationContext.finishBeanFactoryInitialization(AbstractApplicationContext.java:954)
	at org.springframework.context.support.AbstractApplicationContext.refresh(AbstractApplicationContext.java:625)
	at org.springframework.boot.SpringApplication.refresh(SpringApplication.java:754)
	at org.springframework.boot.SpringApplication.refreshContext(SpringApplication.java:456)
	at org.springframework.boot.SpringApplication.run(SpringApplication.java:335)
	at org.springframework.boot.test.context.SpringBootContextLoader.lambda$loadContext$3(SpringBootContextLoader.java:137)
	at org.springframework.util.function.ThrowingSupplier.get(ThrowingSupplier.java:58)
	at org.springframework.util.function.ThrowingSupplier.get(ThrowingSupplier.java:46)
	at org.springframework.boot.SpringApplication.withHook(SpringApplication.java:1463)
	at org.springframework.boot.test.context.SpringBootContextLoader$ContextLoaderHook.run(SpringBootContextLoader.java:553)
	at org.springframework.boot.test.context.SpringBootContextLoader.loadContext(SpringBootContextLoader.java:137)
	at org.springframework.boot.test.context.SpringBootContextLoader.loadContext(SpringBootContextLoader.java:108)
	at org.springframework.test.context.cache.DefaultCacheAwareContextLoaderDelegate.loadContextInternal(DefaultCacheAwareContextLoaderDelegate.java:225)
	at org.springframework.test.context.cache.DefaultCacheAwareContextLoaderDelegate.loadContext(DefaultCacheAwareContextLoaderDelegate.java:152)
	... 17 more
Caused by: org.hibernate.service.spi.ServiceException: Unable to create requested service [org.hibernate.engine.jdbc.env.spi.JdbcEnvironment] due to: Unable to determine Dialect without JDBC metadata (please set 'jakarta.persistence.jdbc.url' for common cases or 'hibernate.dialect' when a custom Dialect implementation must be provided)
	at org.hibernate.service.internal.AbstractServiceRegistryImpl.createService(AbstractServiceRegistryImpl.java:276)
	at org.hibernate.service.internal.AbstractServiceRegistryImpl.initializeService(AbstractServiceRegistryImpl.java:238)
	at org.hibernate.service.internal.AbstractServiceRegistryImpl.getService(AbstractServiceRegistryImpl.java:215)
	at org.hibernate.boot.model.relational.Database.<init>(Database.java:45)
	at org.hibernate.boot.internal.InFlightMetadataCollectorImpl.getDatabase(InFlightMetadataCollectorImpl.java:221)
	at org.hibernate.boot.internal.InFlightMetadataCollectorImpl.<init>(InFlightMetadataCollectorImpl.java:189)
	at org.hibernate.boot.model.process.spi.MetadataBuildingProcess.complete(MetadataBuildingProcess.java:171)
	at org.hibernate.jpa.boot.internal.EntityManagerFactoryBuilderImpl.metadata(EntityManagerFactoryBuilderImpl.java:1431)
	at org.hibernate.jpa.boot.internal.EntityManagerFactoryBuilderImpl.build(EntityManagerFactoryBuilderImpl.java:1502)
	at org.springframework.orm.jpa.vendor.SpringHibernateJpaPersistenceProvider.createContainerEntityManagerFactory(SpringHibernateJpaPersistenceProvider.java:75)
	at org.springframework.orm.jpa.LocalContainerEntityManagerFactoryBean.createNativeEntityManagerFactory(LocalContainerEntityManagerFactoryBean.java:390)
	at org.springframework.orm.jpa.AbstractEntityManagerFactoryBean.buildNativeEntityManagerFactory(AbstractEntityManagerFactoryBean.java:409)
	at org.springframework.orm.jpa.AbstractEntityManagerFactoryBean.afterPropertiesSet(AbstractEntityManagerFactoryBean.java:396)
	at org.springframework.orm.jpa.LocalContainerEntityManagerFactoryBean.afterPropertiesSet(LocalContainerEntityManagerFactoryBean.java:366)
	at org.springframework.beans.factory.support.AbstractAutowireCapableBeanFactory.invokeInitMethods(AbstractAutowireCapableBeanFactory.java:1853)
	at org.springframework.beans.factory.support.AbstractAutowireCapableBeanFactory.initializeBean(AbstractAutowireCapableBeanFactory.java:1802)
	... 37 more
Caused by: org.hibernate.HibernateException: Unable to determine Dialect without JDBC metadata (please set 'jakarta.persistence.jdbc.url' for common cases or 'hibernate.dialect' when a custom Dialect implementation must be provided)
	at org.hibernate.engine.jdbc.dialect.internal.DialectFactoryImpl.determineDialect(DialectFactoryImpl.java:191)
	at org.hibernate.engine.jdbc.dialect.internal.DialectFactoryImpl.buildDialect(DialectFactoryImpl.java:87)
	at org.hibernate.engine.jdbc.env.internal.JdbcEnvironmentInitiator.getJdbcEnvironmentWithDefaults(JdbcEnvironmentInitiator.java:153)
	at org.hibernate.engine.jdbc.env.internal.JdbcEnvironmentInitiator.getJdbcEnvironmentUsingJdbcMetadata(JdbcEnvironmentInitiator.java:364)
	at org.hibernate.engine.jdbc.env.internal.JdbcEnvironmentInitiator.initiateService(JdbcEnvironmentInitiator.java:124)
	at org.hibernate.engine.jdbc.env.internal.JdbcEnvironmentInitiator.initiateService(JdbcEnvironmentInitiator.java:78)
	at org.hibernate.boot.registry.internal.StandardServiceRegistryImpl.initiateService(StandardServiceRegistryImpl.java:130)
	at org.hibernate.service.internal.AbstractServiceRegistryImpl.createService(AbstractServiceRegistryImpl.java:263)
	... 52 more

[INFO] 
[INFO] Results:
[INFO] 
[ERROR] Errors: 
[ERROR]   ShowroomApplicationTests.contextLoads ╗ IllegalState Failed to load ApplicationContext for [WebMergedContextConfiguration@49b180c8 testClass = com.mangala.showroom.ShowroomApplicationTests, locations = [], classes = [com.mangala.showroom.ShowroomApplication], contextInitializerClasses = [], activeProfiles = [], propertySourceDescriptors = [], propertySourceProperties = ["org.springframework.boot.test.context.SpringBootTestContextBootstrapper=true"], contextCustomizers = [org.springframework.boot.test.context.filter.ExcludeFilterContextCustomizer@3336e6b6, org.springframework.boot.test.json.DuplicateJsonObjectContextCustomizerFactory$DuplicateJsonObjectContextCustomizer@6f3187b0, org.springframework.boot.test.mock.mockito.MockitoContextCustomizer@0, org.springframework.boot.test.web.client.TestRestTemplateContextCustomizer@4dd6fd0a, org.springframework.boot.test.web.reactor.netty.DisableReactorResourceFactoryGlobalResourcesContextCustomizerFactory$DisableReactorResourceFactoryGlobalResourcesContextCustomizerCustomizer@479cbee5, org.springframework.boot.test.autoconfigure.OnFailureConditionReportContextCustomizerFactory$OnFailureConditionReportContextCustomizer@7f8a9499, org.springframework.boot.test.autoconfigure.actuate.observability.ObservabilityContextCustomizerFactory$DisableObservabilityContextCustomizer@1f, org.springframework.boot.test.autoconfigure.properties.PropertyMappingContextCustomizer@0, org.springframework.boot.test.autoconfigure.web.servlet.WebDriverContextCustomizer@2d9caaeb, org.springframework.boot.test.context.SpringBootTestAnnotation@365993b4], resourceBasePath = "src/main/webapp", contextLoader = org.springframework.boot.test.context.SpringBootContextLoader, parent = null]
[ERROR]   AuthControllerTest.shouldRegisterUserSuccessfully ╗ IllegalState Failed to load ApplicationContext for [WebMergedContextConfiguration@31dbf5bb testClass = com.mangala.showroom.controller.AuthControllerTest, locations = [], classes = [com.mangala.showroom.ShowroomApplication], contextInitializerClasses = [], activeProfiles = [], propertySourceDescriptors = [], propertySourceProperties = ["org.springframework.boot.test.context.SpringBootTestContextBootstrapper=true"], contextCustomizers = [[ImportsContextCustomizer@1f19d423 key = [org.springframework.boot.test.autoconfigure.web.servlet.MockMvcWebDriverAutoConfiguration, org.springframework.boot.test.autoconfigure.web.servlet.MockMvcAutoConfiguration, org.springframework.boot.autoconfigure.security.oauth2.client.servlet.OAuth2ClientAutoConfiguration, org.springframework.boot.autoconfigure.security.servlet.SecurityAutoConfiguration, org.springframework.boot.autoconfigure.security.servlet.SecurityFilterAutoConfiguration, org.springframework.boot.autoconfigure.security.servlet.UserDetailsServiceAutoConfiguration, org.springframework.boot.autoconfigure.security.oauth2.resource.servlet.OAuth2ResourceServerAutoConfiguration, org.springframework.boot.test.autoconfigure.web.servlet.MockMvcSecurityConfiguration, org.springframework.boot.test.autoconfigure.web.servlet.MockMvcWebClientAutoConfiguration, org.springframework.boot.test.autoconfigure.web.reactive.WebTestClientAutoConfiguration]], org.springframework.boot.test.context.filter.ExcludeFilterContextCustomizer@3336e6b6, org.springframework.boot.test.json.DuplicateJsonObjectContextCustomizerFactory$DuplicateJsonObjectContextCustomizer@6f3187b0, org.springframework.boot.test.mock.mockito.MockitoContextCustomizer@8efa882, org.springframework.boot.test.web.client.TestRestTemplateContextCustomizer@4dd6fd0a, org.springframework.boot.test.web.reactor.netty.DisableReactorResourceFactoryGlobalResourcesContextCustomizerFactory$DisableReactorResourceFactoryGlobalResourcesContextCustomizerCustomizer@479cbee5, org.springframework.boot.test.autoconfigure.OnFailureConditionReportContextCustomizerFactory$OnFailureConditionReportContextCustomizer@7f8a9499, org.springframework.boot.test.autoconfigure.actuate.observability.ObservabilityContextCustomizerFactory$DisableObservabilityContextCustomizer@1f, org.springframework.boot.test.autoconfigure.properties.PropertyMappingContextCustomizer@4b3fa0b3, org.springframework.boot.test.autoconfigure.web.servlet.WebDriverContextCustomizer@2d9caaeb, org.springframework.boot.test.context.SpringBootTestAnnotation@365993b4], resourceBasePath = "src/main/webapp", contextLoader = org.springframework.boot.test.context.SpringBootContextLoader, parent = null]
[ERROR]   AuthControllerTest.shouldReturnErrorWhenEmailExists ╗ IllegalState ApplicationContext failure threshold (1) exceeded: skipping repeated attempt to load context for [WebMergedContextConfiguration@31dbf5bb testClass = com.mangala.showroom.controller.AuthControllerTest, locations = [], classes = [com.mangala.showroom.ShowroomApplication], contextInitializerClasses = [], activeProfiles = [], propertySourceDescriptors = [], propertySourceProperties = ["org.springframework.boot.test.context.SpringBootTestContextBootstrapper=true"], contextCustomizers = [[ImportsContextCustomizer@1f19d423 key = [org.springframework.boot.test.autoconfigure.web.servlet.MockMvcWebDriverAutoConfiguration, org.springframework.boot.test.autoconfigure.web.servlet.MockMvcAutoConfiguration, org.springframework.boot.autoconfigure.security.oauth2.client.servlet.OAuth2ClientAutoConfiguration, org.springframework.boot.autoconfigure.security.servlet.SecurityAutoConfiguration, org.springframework.boot.autoconfigure.security.servlet.SecurityFilterAutoConfiguration, org.springframework.boot.autoconfigure.security.servlet.UserDetailsServiceAutoConfiguration, org.springframework.boot.autoconfigure.security.oauth2.resource.servlet.OAuth2ResourceServerAutoConfiguration, org.springframework.boot.test.autoconfigure.web.servlet.MockMvcSecurityConfiguration, org.springframework.boot.test.autoconfigure.web.servlet.MockMvcWebClientAutoConfiguration, org.springframework.boot.test.autoconfigure.web.reactive.WebTestClientAutoConfiguration]], org.springframework.boot.test.context.filter.ExcludeFilterContextCustomizer@3336e6b6, org.springframework.boot.test.json.DuplicateJsonObjectContextCustomizerFactory$DuplicateJsonObjectContextCustomizer@6f3187b0, org.springframework.boot.test.mock.mockito.MockitoContextCustomizer@8efa882, org.springframework.boot.test.web.client.TestRestTemplateContextCustomizer@4dd6fd0a, org.springframework.boot.test.web.reactor.netty.DisableReactorResourceFactoryGlobalResourcesContextCustomizerFactory$DisableReactorResourceFactoryGlobalResourcesContextCustomizerCustomizer@479cbee5, org.springframework.boot.test.autoconfigure.OnFailureConditionReportContextCustomizerFactory$OnFailureConditionReportContextCustomizer@7f8a9499, org.springframework.boot.test.autoconfigure.actuate.observability.ObservabilityContextCustomizerFactory$DisableObservabilityContextCustomizer@1f, org.springframework.boot.test.autoconfigure.properties.PropertyMappingContextCustomizer@4b3fa0b3, org.springframework.boot.test.autoconfigure.web.servlet.WebDriverContextCustomizer@2d9caaeb, org.springframework.boot.test.context.SpringBootTestAnnotation@365993b4], resourceBasePath = "src/main/webapp", contextLoader = org.springframework.boot.test.context.SpringBootContextLoader, parent = null]
[ERROR]   ProductControllerTest.shouldCreateProduct ╗ IllegalState Failed to load ApplicationContext for [WebMergedContextConfiguration@5af4328e testClass = com.mangala.showroom.controller.ProductControllerTest, locations = [], classes = [com.mangala.showroom.ShowroomApplication], contextInitializerClasses = [], activeProfiles = [], propertySourceDescriptors = [], propertySourceProperties = ["org.springframework.boot.test.context.SpringBootTestContextBootstrapper=true"], contextCustomizers = [[ImportsContextCustomizer@5535e9 key = [org.springframework.boot.test.autoconfigure.web.servlet.MockMvcWebDriverAutoConfiguration, org.springframework.boot.test.autoconfigure.web.servlet.MockMvcAutoConfiguration, org.springframework.boot.autoconfigure.security.oauth2.client.servlet.OAuth2ClientAutoConfiguration, org.springframework.boot.autoconfigure.security.servlet.SecurityAutoConfiguration, org.springframework.boot.autoconfigure.security.servlet.SecurityFilterAutoConfiguration, org.springframework.boot.autoconfigure.security.servlet.UserDetailsServiceAutoConfiguration, org.springframework.boot.autoconfigure.security.oauth2.resource.servlet.OAuth2ResourceServerAutoConfiguration, org.springframework.boot.test.autoconfigure.web.servlet.MockMvcSecurityConfiguration, org.springframework.boot.test.autoconfigure.web.servlet.MockMvcWebClientAutoConfiguration, org.springframework.boot.test.autoconfigure.web.reactive.WebTestClientAutoConfiguration]], org.springframework.boot.test.context.filter.ExcludeFilterContextCustomizer@3336e6b6, org.springframework.boot.test.json.DuplicateJsonObjectContextCustomizerFactory$DuplicateJsonObjectContextCustomizer@6f3187b0, org.springframework.boot.test.mock.mockito.MockitoContextCustomizer@a0de6d01, org.springframework.boot.test.web.client.TestRestTemplateContextCustomizer@4dd6fd0a, org.springframework.boot.test.web.reactor.netty.DisableReactorResourceFactoryGlobalResourcesContextCustomizerFactory$DisableReactorResourceFactoryGlobalResourcesContextCustomizerCustomizer@479cbee5, org.springframework.boot.test.autoconfigure.OnFailureConditionReportContextCustomizerFactory$OnFailureConditionReportContextCustomizer@7f8a9499, org.springframework.boot.test.autoconfigure.actuate.observability.ObservabilityContextCustomizerFactory$DisableObservabilityContextCustomizer@1f, org.springframework.boot.test.autoconfigure.properties.PropertyMappingContextCustomizer@4b3fa0b3, org.springframework.boot.test.autoconfigure.web.servlet.WebDriverContextCustomizer@2d9caaeb, org.springframework.boot.test.context.SpringBootTestAnnotation@365993b4], resourceBasePath = "src/main/webapp", contextLoader = org.springframework.boot.test.context.SpringBootContextLoader, parent = null]
[ERROR]   ProductControllerTest.shouldGetAllProducts ╗ IllegalState ApplicationContext failure threshold (1) exceeded: skipping repeated attempt to load context for [WebMergedContextConfiguration@5af4328e testClass = com.mangala.showroom.controller.ProductControllerTest, locations = [], classes = [com.mangala.showroom.ShowroomApplication], contextInitializerClasses = [], activeProfiles = [], propertySourceDescriptors = [], propertySourceProperties = ["org.springframework.boot.test.context.SpringBootTestContextBootstrapper=true"], contextCustomizers = [[ImportsContextCustomizer@5535e9 key = [org.springframework.boot.test.autoconfigure.web.servlet.MockMvcWebDriverAutoConfiguration, org.springframework.boot.test.autoconfigure.web.servlet.MockMvcAutoConfiguration, org.springframework.boot.autoconfigure.security.oauth2.client.servlet.OAuth2ClientAutoConfiguration, org.springframework.boot.autoconfigure.security.servlet.SecurityAutoConfiguration, org.springframework.boot.autoconfigure.security.servlet.SecurityFilterAutoConfiguration, org.springframework.boot.autoconfigure.security.servlet.UserDetailsServiceAutoConfiguration, org.springframework.boot.autoconfigure.security.oauth2.resource.servlet.OAuth2ResourceServerAutoConfiguration, org.springframework.boot.test.autoconfigure.web.servlet.MockMvcSecurityConfiguration, org.springframework.boot.test.autoconfigure.web.servlet.MockMvcWebClientAutoConfiguration, org.springframework.boot.test.autoconfigure.web.reactive.WebTestClientAutoConfiguration]], org.springframework.boot.test.context.filter.ExcludeFilterContextCustomizer@3336e6b6, org.springframework.boot.test.json.DuplicateJsonObjectContextCustomizerFactory$DuplicateJsonObjectContextCustomizer@6f3187b0, org.springframework.boot.test.mock.mockito.MockitoContextCustomizer@a0de6d01, org.springframework.boot.test.web.client.TestRestTemplateContextCustomizer@4dd6fd0a, org.springframework.boot.test.web.reactor.netty.DisableReactorResourceFactoryGlobalResourcesContextCustomizerFactory$DisableReactorResourceFactoryGlobalResourcesContextCustomizerCustomizer@479cbee5, org.springframework.boot.test.autoconfigure.OnFailureConditionReportContextCustomizerFactory$OnFailureConditionReportContextCustomizer@7f8a9499, org.springframework.boot.test.autoconfigure.actuate.observability.ObservabilityContextCustomizerFactory$DisableObservabilityContextCustomizer@1f, org.springframework.boot.test.autoconfigure.properties.PropertyMappingContextCustomizer@4b3fa0b3, org.springframework.boot.test.autoconfigure.web.servlet.WebDriverContextCustomizer@2d9caaeb, org.springframework.boot.test.context.SpringBootTestAnnotation@365993b4], resourceBasePath = "src/main/webapp", contextLoader = org.springframework.boot.test.context.SpringBootContextLoader, parent = null]
[ERROR]   ProductControllerTest.shouldGetProductById ╗ IllegalState ApplicationContext failure threshold (1) exceeded: skipping repeated attempt to load context for [WebMergedContextConfiguration@5af4328e testClass = com.mangala.showroom.controller.ProductControllerTest, locations = [], classes = [com.mangala.showroom.ShowroomApplication], contextInitializerClasses = [], activeProfiles = [], propertySourceDescriptors = [], propertySourceProperties = ["org.springframework.boot.test.context.SpringBootTestContextBootstrapper=true"], contextCustomizers = [[ImportsContextCustomizer@5535e9 key = [org.springframework.boot.test.autoconfigure.web.servlet.MockMvcWebDriverAutoConfiguration, org.springframework.boot.test.autoconfigure.web.servlet.MockMvcAutoConfiguration, org.springframework.boot.autoconfigure.security.oauth2.client.servlet.OAuth2ClientAutoConfiguration, org.springframework.boot.autoconfigure.security.servlet.SecurityAutoConfiguration, org.springframework.boot.autoconfigure.security.servlet.SecurityFilterAutoConfiguration, org.springframework.boot.autoconfigure.security.servlet.UserDetailsServiceAutoConfiguration, org.springframework.boot.autoconfigure.security.oauth2.resource.servlet.OAuth2ResourceServerAutoConfiguration, org.springframework.boot.test.autoconfigure.web.servlet.MockMvcSecurityConfiguration, org.springframework.boot.test.autoconfigure.web.servlet.MockMvcWebClientAutoConfiguration, org.springframework.boot.test.autoconfigure.web.reactive.WebTestClientAutoConfiguration]], org.springframework.boot.test.context.filter.ExcludeFilterContextCustomizer@3336e6b6, org.springframework.boot.test.json.DuplicateJsonObjectContextCustomizerFactory$DuplicateJsonObjectContextCustomizer@6f3187b0, org.springframework.boot.test.mock.mockito.MockitoContextCustomizer@a0de6d01, org.springframework.boot.test.web.client.TestRestTemplateContextCustomizer@4dd6fd0a, org.springframework.boot.test.web.reactor.netty.DisableReactorResourceFactoryGlobalResourcesContextCustomizerFactory$DisableReactorResourceFactoryGlobalResourcesContextCustomizerCustomizer@479cbee5, org.springframework.boot.test.autoconfigure.OnFailureConditionReportContextCustomizerFactory$OnFailureConditionReportContextCustomizer@7f8a9499, org.springframework.boot.test.autoconfigure.actuate.observability.ObservabilityContextCustomizerFactory$DisableObservabilityContextCustomizer@1f, org.springframework.boot.test.autoconfigure.properties.PropertyMappingContextCustomizer@4b3fa0b3, org.springframework.boot.test.autoconfigure.web.servlet.WebDriverContextCustomizer@2d9caaeb, org.springframework.boot.test.context.SpringBootTestAnnotation@365993b4], resourceBasePath = "src/main/webapp", contextLoader = org.springframework.boot.test.context.SpringBootContextLoader, parent = null]
[ERROR]   ProductControllerTest.shouldReturn404WhenProductNotFound ╗ IllegalState ApplicationContext failure threshold (1) exceeded: skipping repeated attempt to load context for [WebMergedContextConfiguration@5af4328e testClass = com.mangala.showroom.controller.ProductControllerTest, locations = [], classes = [com.mangala.showroom.ShowroomApplication], contextInitializerClasses = [], activeProfiles = [], propertySourceDescriptors = [], propertySourceProperties = ["org.springframework.boot.test.context.SpringBootTestContextBootstrapper=true"], contextCustomizers = [[ImportsContextCustomizer@5535e9 key = [org.springframework.boot.test.autoconfigure.web.servlet.MockMvcWebDriverAutoConfiguration, org.springframework.boot.test.autoconfigure.web.servlet.MockMvcAutoConfiguration, org.springframework.boot.autoconfigure.security.oauth2.client.servlet.OAuth2ClientAutoConfiguration, org.springframework.boot.autoconfigure.security.servlet.SecurityAutoConfiguration, org.springframework.boot.autoconfigure.security.servlet.SecurityFilterAutoConfiguration, org.springframework.boot.autoconfigure.security.servlet.UserDetailsServiceAutoConfiguration, org.springframework.boot.autoconfigure.security.oauth2.resource.servlet.OAuth2ResourceServerAutoConfiguration, org.springframework.boot.test.autoconfigure.web.servlet.MockMvcSecurityConfiguration, org.springframework.boot.test.autoconfigure.web.servlet.MockMvcWebClientAutoConfiguration, org.springframework.boot.test.autoconfigure.web.reactive.WebTestClientAutoConfiguration]], org.springframework.boot.test.context.filter.ExcludeFilterContextCustomizer@3336e6b6, org.springframework.boot.test.json.DuplicateJsonObjectContextCustomizerFactory$DuplicateJsonObjectContextCustomizer@6f3187b0, org.springframework.boot.test.mock.mockito.MockitoContextCustomizer@a0de6d01, org.springframework.boot.test.web.client.TestRestTemplateContextCustomizer@4dd6fd0a, org.springframework.boot.test.web.reactor.netty.DisableReactorResourceFactoryGlobalResourcesContextCustomizerFactory$DisableReactorResourceFactoryGlobalResourcesContextCustomizerCustomizer@479cbee5, org.springframework.boot.test.autoconfigure.OnFailureConditionReportContextCustomizerFactory$OnFailureConditionReportContextCustomizer@7f8a9499, org.springframework.boot.test.autoconfigure.actuate.observability.ObservabilityContextCustomizerFactory$DisableObservabilityContextCustomizer@1f, org.springframework.boot.test.autoconfigure.properties.PropertyMappingContextCustomizer@4b3fa0b3, org.springframework.boot.test.autoconfigure.web.servlet.WebDriverContextCustomizer@2d9caaeb, org.springframework.boot.test.context.SpringBootTestAnnotation@365993b4], resourceBasePath = "src/main/webapp", contextLoader = org.springframework.boot.test.context.SpringBootContextLoader, parent = null]
[INFO] 
[ERROR] Tests run: 7, Failures: 0, Errors: 7, Skipped: 0
[INFO] 
[INFO] ------------------------------------------------------------------------
[INFO] BUILD FAILURE
[INFO] ------------------------------------------------------------------------
[INFO] Total time:  34.533 s
[INFO] Finished at: 2026-03-30T20:09:43+05:30
[INFO] ------------------------------------------------------------------------
[ERROR] Failed to execute goal org.apache.maven.plugins:maven-surefire-plugin:3.2.5:test (default-test) on project showroom: 
[ERROR] 
[ERROR] Please refer to C:\Users\asus\Desktop\stitch\backend\target\surefire-reports for the individual test results.
[ERROR] Please refer to dump files (if any exist) [date].dump, [date]-jvmRun[N].dump and [date].dumpstream.
[ERROR] -> [Help 1]
[ERROR] 
[ERROR] To see the full stack trace of the errors, re-run Maven with the -e switch.
[ERROR] Re-run Maven using the -X switch to enable full debug logging.
[ERROR] 
[ERROR] For more information about the errors and possible solutions, please read the following articles:
[ERROR] [Help 1] http://cwiki.apache.org/confluence/display/MAVEN/MojoFailureException
